<html>
<body>
<pre>
<h1>µVision Build Log</h1>
<h2>Tool Versions:</h2>
IDE-Version: £gVision V5.28.0.0
Copyright (C) 2019 ARM Ltd and ARM Germany GmbH. All rights reserved.
License Information: sean chang, holtek, LIC=----
 
Tool Versions:
Toolchain:       MDK-Lite  Version: 5.28.0.0
Toolchain Path:  C:\Keil_v5\ARM\ARMCC\Bin
C Compiler:      Armcc.exe V5.06 update 6 (build 750)
Assembler:       Armasm.exe V5.06 update 6 (build 750)
Linker/Locator:  ArmLink.exe V5.06 update 6 (build 750)
Library Manager: ArmAr.exe V5.06 update 6 (build 750)
Hex Converter:   FromElf.exe V5.06 update 6 (build 750)
CPU DLL:         SARMCM3.DLL V5.28.0.0
Dialog DLL:      DARMCM1.DLL V1.19.2.0
Target DLL:      CMSIS_AGDI.dll V1.31.18.0
Dialog DLL:      TARMCM1.DLL V1.14.1.0
 
<h2>Project:</h2>
D:\code\gitCode\1656_5603with12366_nrf24\ht32f52352\nrf24L01\1spi_¹ï´ú5603\221104(enaa=1,dpl=1,Âù¦V)\MDK_ARM\Project_52352.uvproj
Project File Date:  10/31/2023

<h2>Output:</h2>
*** Using Compiler 'V5.06 update 6 (build 750)', folder: 'C:\Keil_v5\ARM\ARMCC\Bin'
Build target 'HT32'
compiling nrf2401_host.c...
..\nrf2401_host.c(46): warning:  #177-D: variable "count_fail"  was declared but never referenced
  static unsigned int count_fail ;
..\nrf2401_host.c(84): warning:  #177-D: function "GPIO_IRQ_IS_SET"  was declared but never referenced
  static bool GPIO_IRQ_IS_SET(void)
..\nrf2401_host.c: 2 warnings, 0 errors
compiling main.c...
compiling softspi.c...
linking...
Program Size: Code=7034 RO-data=62 RW-data=128 ZI-data=1840  
FromELF: creating hex file...
After Build - User command #1: fromelf --bin -o ".\HT32\52352\Obj\HT32.axf.bin" ".\HT32\52352\Obj\HT32.axf"
".\HT32\52352\Obj\HT32.axf" - 0 Error(s), 2 Warning(s).
Build Time Elapsed:  00:00:02
</pre>
</body>
</html>
