<html>
<body>
<pre>
<h1>猩ision Build Log</h1>
<h2>Tool Versions:</h2>
IDE-Version: μVision V5.12.0.0
Copyright (C) 2014 ARM Ltd and ARM Germany GmbH. All rights reserved.
License Information: FHX PCADMIN, ZHZH, LIC=----
 
Tool Versions:
Toolchain:       MDK-Lite  Version: 5.12.0.0
Toolchain Path:  C:\BLE\Keil_v5\ARM\ARMCC\Bin
C Compiler:      Armcc.exe V5.05 (build 41)
Assembler:       Armasm.exe V5.05 (build 41)
Linker/Locator:  ArmLink.exe V5.05 (build 41)
Library Manager: ArmAr.exe V5.05 (build 41)
Hex Converter:   FromElf.exe V5.05 (build 41)
CPU DLL:         SARMCM3.DLL V5.12.0.0
Dialog DLL:      DARMCM1.DLL V1.11.00.0
Target DLL:      CMSIS_AGDI.dll V1.19.0.0
Dialog DLL:      TARMCM1.DLL V1.08.00.0
 
<h2>Project:</h2>
D:\nRF24L01+(Transceiver)\code\ht32f52352\nrf24L01\1spi_對測5603\221104(enaa=1,dpl=0,定長)\MDK_ARM\Project_52352.uvproj
Project File Date:  07/28/2022

<h2>Output:</h2>
Rebuild target 'HT32'
compiling main.c...
compiling ht32f5xxxx_01_it.c...
compiling nrf2401_host.c...
..\nrf2401_host.c(386): warning:  #177-D: variable "rrr_pipe" was declared but never referenced
              static unsigned char rrr_pipe=0;
..\nrf2401_host.c: 1 warning, 0 errors
compiling softspi.c...
compiling tmr50us.c...
compiling usart.c...
assembling ht32_op.s...
compiling system_ht32f5xxxx_01.c...
assembling startup_ht32f5xxxx_01.s...
compiling ht32_usbd_core.c...
compiling ht32_cm0plus_misc.c...
compiling ht32f5xxxx_adc.c...
compiling ht32f5xxxx_bftm.c...
compiling ht32f5xxxx_ckcu.c...
compiling ht32f5xxxx_cmp.c...
compiling ht32f5xxxx_crc.c...
compiling ht32f5xxxx_ebi.c...
compiling ht32f5xxxx_exti.c...
compiling ht32f5xxxx_flash.c...
compiling ht32f5xxxx_gpio.c...
compiling ht32f5xxxx_i2c.c...
compiling ht32f5xxxx_i2s.c...
compiling ht32f5xxxx_mctm.c...
compiling ht32f5xxxx_pdma.c...
compiling ht32f5xxxx_pwrcu.c...
compiling ht32f5xxxx_rstcu.c...
compiling ht32f5xxxx_rtc.c...
compiling ht32f5xxxx_sci.c...
compiling ht32f5xxxx_spi.c...
compiling ht32f5xxxx_tm.c...
compiling ht32f5xxxx_usart.c...
compiling ht32f5xxxx_usbd.c...
compiling ht32f5xxxx_wdt.c...
compiling ht32_retarget.c...
compiling ht32_serial.c...
compiling ht32_board.c...
compiling i2c_eeprom.c...
compiling spi_flash.c...
compiling ebi_lcd.c...
linking...
Program Size: Code=5658 RO-data=62 RW-data=96 ZI-data=1328  
FromELF: creating hex file...
After Build - User command #1: fromelf --bin -o ".\HT32\52352\Obj\HT32.axf.bin" ".\HT32\52352\Obj\HT32.axf"
".\HT32\52352\Obj\HT32.axf" - 0 Error(s), 1 Warning(s).
Load "D:\\nRF24L01+(Transceiver)\\code\\ht32f52352\\nrf24L01\\1spi_對測5603\\221104(enaa=1,dpl=0,定長)\\MDK_ARM\\HT32\\52352\\Obj\\HT32.axf" 
Erase Done.
Programming Done.
Verify OK.
Application running ...
</pre>
</body>
</html>
