<!doctype html public "-//w3c//dtd html 4.0 transitional//en">
<html><head>
<title>Static Call Graph - [.\HT32\52352\Obj\HT32.axf]</title></head>
<body><HR>
<H1>Static Call Graph for image .\HT32\52352\Obj\HT32.axf</H1><HR>
<BR><P>#&#060CALLGRAPH&#062# ARM Linker, 5050041: Last Updated: Fri Jun 30 16:01:35 2023
<BR><P>
<H3>Maximum Stack Usage =        176 bytes + Unknown(Cycles, Untraceable Function Pointers)</H3><H3>
Call chain for Maximum Stack Depth:</H3>
main &rArr; host24L01_process &rArr; DueMain_main &rArr; rf_Init &rArr; rf_SetRetryDelay &rArr; rf_SendCmdMasked &rArr; rf_SendCmd_2 &rArr; spi_Write
<P>
<H3>
Mutually Recursive functions
</H3> <LI><a href="#[e]">ADC_IRQHandler</a>&nbsp;&nbsp;&nbsp;&rArr;&nbsp;&nbsp;&nbsp;<a href="#[e]">ADC_IRQHandler</a><BR>
</UL>
<P>
<H3>
Function Pointers
</H3><UL>
 <LI><a href="#[e]">ADC_IRQHandler</a> from startup_ht32f5xxxx_01.o(RESET) referenced from startup_ht32f5xxxx_01.o(RESET)
 <LI><a href="#[14]">BFTM0_IRQHandler</a> from ht32f5xxxx_01_it.o(i.BFTM0_IRQHandler) referenced from startup_ht32f5xxxx_01.o(RESET)
 <LI><a href="#[15]">BFTM1_IRQHandler</a> from startup_ht32f5xxxx_01.o(RESET) referenced from startup_ht32f5xxxx_01.o(RESET)
 <LI><a href="#[23]">BootProcess</a> from startup_ht32f5xxxx_01.o(RESET) referenced from startup_ht32f5xxxx_01.o(RESET)
 <LI><a href="#[d]">COMP_IRQHandler</a> from startup_ht32f5xxxx_01.o(RESET) referenced from startup_ht32f5xxxx_01.o(RESET)
 <LI><a href="#[9]">EVWUP_IRQHandler</a> from startup_ht32f5xxxx_01.o(RESET) referenced from startup_ht32f5xxxx_01.o(RESET)
 <LI><a href="#[a]">EXTI0_1_IRQHandler</a> from startup_ht32f5xxxx_01.o(RESET) referenced from startup_ht32f5xxxx_01.o(RESET)
 <LI><a href="#[b]">EXTI2_3_IRQHandler</a> from startup_ht32f5xxxx_01.o(RESET) referenced from startup_ht32f5xxxx_01.o(RESET)
 <LI><a href="#[c]">EXTI4_15_IRQHandler</a> from startup_ht32f5xxxx_01.o(RESET) referenced from startup_ht32f5xxxx_01.o(RESET)
 <LI><a href="#[8]">FLASH_IRQHandler</a> from startup_ht32f5xxxx_01.o(RESET) referenced from startup_ht32f5xxxx_01.o(RESET)
 <LI><a href="#[11]">GPTM0_IRQHandler</a> from startup_ht32f5xxxx_01.o(RESET) referenced from startup_ht32f5xxxx_01.o(RESET)
 <LI><a href="#[10]">GPTM1_IRQHandler</a> from startup_ht32f5xxxx_01.o(RESET) referenced from startup_ht32f5xxxx_01.o(RESET)
 <LI><a href="#[2]">HardFault_Handler</a> from ht32f5xxxx_01_it.o(i.HardFault_Handler) referenced from startup_ht32f5xxxx_01.o(RESET)
 <LI><a href="#[16]">I2C0_IRQHandler</a> from startup_ht32f5xxxx_01.o(RESET) referenced from startup_ht32f5xxxx_01.o(RESET)
 <LI><a href="#[17]">I2C1_IRQHandler</a> from startup_ht32f5xxxx_01.o(RESET) referenced from startup_ht32f5xxxx_01.o(RESET)
 <LI><a href="#[1f]">I2S_IRQHandler</a> from startup_ht32f5xxxx_01.o(RESET) referenced from startup_ht32f5xxxx_01.o(RESET)
 <LI><a href="#[6]">LVD_BOD_IRQHandler</a> from startup_ht32f5xxxx_01.o(RESET) referenced from startup_ht32f5xxxx_01.o(RESET)
 <LI><a href="#[f]">MCTM0_IRQHandler</a> from startup_ht32f5xxxx_01.o(RESET) referenced from startup_ht32f5xxxx_01.o(RESET)
 <LI><a href="#[1]">NMI_Handler</a> from ht32f5xxxx_01_it.o(i.NMI_Handler) referenced from startup_ht32f5xxxx_01.o(RESET)
 <LI><a href="#[21]">PDMA_CH0_1_IRQHandler</a> from startup_ht32f5xxxx_01.o(RESET) referenced from startup_ht32f5xxxx_01.o(RESET)
 <LI><a href="#[22]">PDMA_CH2_5_IRQHandler</a> from startup_ht32f5xxxx_01.o(RESET) referenced from startup_ht32f5xxxx_01.o(RESET)
 <LI><a href="#[4]">PendSV_Handler</a> from ht32f5xxxx_01_it.o(i.PendSV_Handler) referenced from startup_ht32f5xxxx_01.o(RESET)
 <LI><a href="#[7]">RTC_IRQHandler</a> from startup_ht32f5xxxx_01.o(RESET) referenced from startup_ht32f5xxxx_01.o(RESET)
 <LI><a href="#[27]">Reset_Handler</a> from startup_ht32f5xxxx_01.o(RESET) referenced from startup_ht32f5xxxx_01.o(RESET)
 <LI><a href="#[1e]">SCI_IRQHandler</a> from startup_ht32f5xxxx_01.o(RESET) referenced from startup_ht32f5xxxx_01.o(RESET)
 <LI><a href="#[12]">SCTM0_IRQHandler</a> from startup_ht32f5xxxx_01.o(RESET) referenced from startup_ht32f5xxxx_01.o(RESET)
 <LI><a href="#[13]">SCTM1_IRQHandler</a> from startup_ht32f5xxxx_01.o(RESET) referenced from startup_ht32f5xxxx_01.o(RESET)
 <LI><a href="#[18]">SPI0_IRQHandler</a> from startup_ht32f5xxxx_01.o(RESET) referenced from startup_ht32f5xxxx_01.o(RESET)
 <LI><a href="#[19]">SPI1_IRQHandler</a> from startup_ht32f5xxxx_01.o(RESET) referenced from startup_ht32f5xxxx_01.o(RESET)
 <LI><a href="#[3]">SVC_Handler</a> from ht32f5xxxx_01_it.o(i.SVC_Handler) referenced from startup_ht32f5xxxx_01.o(RESET)
 <LI><a href="#[5]">SysTick_Handler</a> from ht32f5xxxx_01_it.o(i.SysTick_Handler) referenced from startup_ht32f5xxxx_01.o(RESET)
 <LI><a href="#[24]">SystemInit</a> from system_ht32f5xxxx_01.o(i.SystemInit) referenced from startup_ht32f5xxxx_01.o(RESET)
 <LI><a href="#[1c]">UART0_IRQHandler</a> from startup_ht32f5xxxx_01.o(RESET) referenced from startup_ht32f5xxxx_01.o(RESET)
 <LI><a href="#[1d]">UART1_IRQHandler</a> from startup_ht32f5xxxx_01.o(RESET) referenced from startup_ht32f5xxxx_01.o(RESET)
 <LI><a href="#[1a]">USART0_IRQHandler</a> from startup_ht32f5xxxx_01.o(RESET) referenced from startup_ht32f5xxxx_01.o(RESET)
 <LI><a href="#[1b]">USART1_IRQHandler</a> from ht32f5xxxx_01_it.o(i.USART1_IRQHandler) referenced from startup_ht32f5xxxx_01.o(RESET)
 <LI><a href="#[20]">USB_IRQHandler</a> from startup_ht32f5xxxx_01.o(RESET) referenced from startup_ht32f5xxxx_01.o(RESET)
 <LI><a href="#[25]">__main</a> from entry.o(.ARM.Collect$$$$00000000) referenced from startup_ht32f5xxxx_01.o(RESET)
 <LI><a href="#[26]">main</a> from main.o(i.main) referenced from entry9a.o(.ARM.Collect$$$$0000000B)
</UL>
<P>
<H3>
Global Symbols
</H3>
<P><STRONG><a name="[27]"></a>Reset_Handler</STRONG> (Thumb, 12 bytes, Stack size 0 bytes, startup_ht32f5xxxx_01.o(RESET))

<P><STRONG><a name="[e]"></a>ADC_IRQHandler</STRONG> (Thumb, 0 bytes, Stack size 0 bytes, startup_ht32f5xxxx_01.o(RESET))
<BR><BR>[Calls]<UL><LI><a href="#[e]">&gt;&gt;</a>&nbsp;&nbsp;&nbsp;ADC_IRQHandler
</UL>
<BR>[Called By]<UL><LI><a href="#[e]">&gt;&gt;</a>&nbsp;&nbsp;&nbsp;ADC_IRQHandler
</UL>
<BR>[Address Reference Count : 1]<UL><LI> startup_ht32f5xxxx_01.o(RESET)
</UL>
<P><STRONG><a name="[28]"></a>AES_IRQHandler</STRONG> (Thumb, 0 bytes, Stack size 0 bytes, startup_ht32f5xxxx_01.o(RESET), UNUSED, KEPT)

<P><STRONG><a name="[15]"></a>BFTM1_IRQHandler</STRONG> (Thumb, 0 bytes, Stack size 0 bytes, startup_ht32f5xxxx_01.o(RESET))
<BR>[Address Reference Count : 1]<UL><LI> startup_ht32f5xxxx_01.o(RESET)
</UL>
<P><STRONG><a name="[d]"></a>COMP_IRQHandler</STRONG> (Thumb, 0 bytes, Stack size 0 bytes, startup_ht32f5xxxx_01.o(RESET))
<BR>[Address Reference Count : 1]<UL><LI> startup_ht32f5xxxx_01.o(RESET)
</UL>
<P><STRONG><a name="[9]"></a>EVWUP_IRQHandler</STRONG> (Thumb, 0 bytes, Stack size 0 bytes, startup_ht32f5xxxx_01.o(RESET))
<BR>[Address Reference Count : 1]<UL><LI> startup_ht32f5xxxx_01.o(RESET)
</UL>
<P><STRONG><a name="[a]"></a>EXTI0_1_IRQHandler</STRONG> (Thumb, 0 bytes, Stack size 0 bytes, startup_ht32f5xxxx_01.o(RESET))
<BR>[Address Reference Count : 1]<UL><LI> startup_ht32f5xxxx_01.o(RESET)
</UL>
<P><STRONG><a name="[b]"></a>EXTI2_3_IRQHandler</STRONG> (Thumb, 0 bytes, Stack size 0 bytes, startup_ht32f5xxxx_01.o(RESET))
<BR>[Address Reference Count : 1]<UL><LI> startup_ht32f5xxxx_01.o(RESET)
</UL>
<P><STRONG><a name="[c]"></a>EXTI4_15_IRQHandler</STRONG> (Thumb, 0 bytes, Stack size 0 bytes, startup_ht32f5xxxx_01.o(RESET))
<BR>[Address Reference Count : 1]<UL><LI> startup_ht32f5xxxx_01.o(RESET)
</UL>
<P><STRONG><a name="[8]"></a>FLASH_IRQHandler</STRONG> (Thumb, 0 bytes, Stack size 0 bytes, startup_ht32f5xxxx_01.o(RESET))
<BR>[Address Reference Count : 1]<UL><LI> startup_ht32f5xxxx_01.o(RESET)
</UL>
<P><STRONG><a name="[11]"></a>GPTM0_IRQHandler</STRONG> (Thumb, 0 bytes, Stack size 0 bytes, startup_ht32f5xxxx_01.o(RESET))
<BR>[Address Reference Count : 1]<UL><LI> startup_ht32f5xxxx_01.o(RESET)
</UL>
<P><STRONG><a name="[10]"></a>GPTM1_IRQHandler</STRONG> (Thumb, 0 bytes, Stack size 0 bytes, startup_ht32f5xxxx_01.o(RESET))
<BR>[Address Reference Count : 1]<UL><LI> startup_ht32f5xxxx_01.o(RESET)
</UL>
<P><STRONG><a name="[16]"></a>I2C0_IRQHandler</STRONG> (Thumb, 0 bytes, Stack size 0 bytes, startup_ht32f5xxxx_01.o(RESET))
<BR>[Address Reference Count : 1]<UL><LI> startup_ht32f5xxxx_01.o(RESET)
</UL>
<P><STRONG><a name="[17]"></a>I2C1_IRQHandler</STRONG> (Thumb, 0 bytes, Stack size 0 bytes, startup_ht32f5xxxx_01.o(RESET))
<BR>[Address Reference Count : 1]<UL><LI> startup_ht32f5xxxx_01.o(RESET)
</UL>
<P><STRONG><a name="[29]"></a>I2C2_IRQHandler</STRONG> (Thumb, 0 bytes, Stack size 0 bytes, startup_ht32f5xxxx_01.o(RESET), UNUSED, KEPT)

<P><STRONG><a name="[1f]"></a>I2S_IRQHandler</STRONG> (Thumb, 0 bytes, Stack size 0 bytes, startup_ht32f5xxxx_01.o(RESET))
<BR>[Address Reference Count : 1]<UL><LI> startup_ht32f5xxxx_01.o(RESET)
</UL>
<P><STRONG><a name="[6]"></a>LVD_BOD_IRQHandler</STRONG> (Thumb, 0 bytes, Stack size 0 bytes, startup_ht32f5xxxx_01.o(RESET))
<BR>[Address Reference Count : 1]<UL><LI> startup_ht32f5xxxx_01.o(RESET)
</UL>
<P><STRONG><a name="[f]"></a>MCTM0_IRQHandler</STRONG> (Thumb, 0 bytes, Stack size 0 bytes, startup_ht32f5xxxx_01.o(RESET))
<BR>[Address Reference Count : 1]<UL><LI> startup_ht32f5xxxx_01.o(RESET)
</UL>
<P><STRONG><a name="[2a]"></a>MIDI_IRQHandler</STRONG> (Thumb, 0 bytes, Stack size 0 bytes, startup_ht32f5xxxx_01.o(RESET), UNUSED, KEPT)

<P><STRONG><a name="[21]"></a>PDMA_CH0_1_IRQHandler</STRONG> (Thumb, 0 bytes, Stack size 0 bytes, startup_ht32f5xxxx_01.o(RESET))
<BR>[Address Reference Count : 1]<UL><LI> startup_ht32f5xxxx_01.o(RESET)
</UL>
<P><STRONG><a name="[22]"></a>PDMA_CH2_5_IRQHandler</STRONG> (Thumb, 0 bytes, Stack size 0 bytes, startup_ht32f5xxxx_01.o(RESET))
<BR>[Address Reference Count : 1]<UL><LI> startup_ht32f5xxxx_01.o(RESET)
</UL>
<P><STRONG><a name="[2b]"></a>PWM0_IRQHandler</STRONG> (Thumb, 0 bytes, Stack size 0 bytes, startup_ht32f5xxxx_01.o(RESET), UNUSED, KEPT)

<P><STRONG><a name="[2c]"></a>PWM1_IRQHandler</STRONG> (Thumb, 0 bytes, Stack size 0 bytes, startup_ht32f5xxxx_01.o(RESET), UNUSED, KEPT)

<P><STRONG><a name="[2d]"></a>QSPI_IRQHandler</STRONG> (Thumb, 0 bytes, Stack size 0 bytes, startup_ht32f5xxxx_01.o(RESET), UNUSED, KEPT)

<P><STRONG><a name="[7]"></a>RTC_IRQHandler</STRONG> (Thumb, 0 bytes, Stack size 0 bytes, startup_ht32f5xxxx_01.o(RESET))
<BR>[Address Reference Count : 1]<UL><LI> startup_ht32f5xxxx_01.o(RESET)
</UL>
<P><STRONG><a name="[1e]"></a>SCI_IRQHandler</STRONG> (Thumb, 0 bytes, Stack size 0 bytes, startup_ht32f5xxxx_01.o(RESET))
<BR>[Address Reference Count : 1]<UL><LI> startup_ht32f5xxxx_01.o(RESET)
</UL>
<P><STRONG><a name="[12]"></a>SCTM0_IRQHandler</STRONG> (Thumb, 0 bytes, Stack size 0 bytes, startup_ht32f5xxxx_01.o(RESET))
<BR>[Address Reference Count : 1]<UL><LI> startup_ht32f5xxxx_01.o(RESET)
</UL>
<P><STRONG><a name="[13]"></a>SCTM1_IRQHandler</STRONG> (Thumb, 0 bytes, Stack size 0 bytes, startup_ht32f5xxxx_01.o(RESET))
<BR>[Address Reference Count : 1]<UL><LI> startup_ht32f5xxxx_01.o(RESET)
</UL>
<P><STRONG><a name="[2e]"></a>SCTM2_IRQHandler</STRONG> (Thumb, 0 bytes, Stack size 0 bytes, startup_ht32f5xxxx_01.o(RESET), UNUSED, KEPT)

<P><STRONG><a name="[2f]"></a>SCTM3_IRQHandler</STRONG> (Thumb, 0 bytes, Stack size 0 bytes, startup_ht32f5xxxx_01.o(RESET), UNUSED, KEPT)

<P><STRONG><a name="[18]"></a>SPI0_IRQHandler</STRONG> (Thumb, 0 bytes, Stack size 0 bytes, startup_ht32f5xxxx_01.o(RESET))
<BR>[Address Reference Count : 1]<UL><LI> startup_ht32f5xxxx_01.o(RESET)
</UL>
<P><STRONG><a name="[19]"></a>SPI1_IRQHandler</STRONG> (Thumb, 0 bytes, Stack size 0 bytes, startup_ht32f5xxxx_01.o(RESET))
<BR>[Address Reference Count : 1]<UL><LI> startup_ht32f5xxxx_01.o(RESET)
</UL>
<P><STRONG><a name="[1c]"></a>UART0_IRQHandler</STRONG> (Thumb, 0 bytes, Stack size 0 bytes, startup_ht32f5xxxx_01.o(RESET))
<BR>[Address Reference Count : 1]<UL><LI> startup_ht32f5xxxx_01.o(RESET)
</UL>
<P><STRONG><a name="[1d]"></a>UART1_IRQHandler</STRONG> (Thumb, 0 bytes, Stack size 0 bytes, startup_ht32f5xxxx_01.o(RESET))
<BR>[Address Reference Count : 1]<UL><LI> startup_ht32f5xxxx_01.o(RESET)
</UL>
<P><STRONG><a name="[30]"></a>UART2_IRQHandler</STRONG> (Thumb, 0 bytes, Stack size 0 bytes, startup_ht32f5xxxx_01.o(RESET), UNUSED, KEPT)

<P><STRONG><a name="[31]"></a>UART3_IRQHandler</STRONG> (Thumb, 0 bytes, Stack size 0 bytes, startup_ht32f5xxxx_01.o(RESET), UNUSED, KEPT)

<P><STRONG><a name="[1a]"></a>USART0_IRQHandler</STRONG> (Thumb, 0 bytes, Stack size 0 bytes, startup_ht32f5xxxx_01.o(RESET))
<BR>[Address Reference Count : 1]<UL><LI> startup_ht32f5xxxx_01.o(RESET)
</UL>
<P><STRONG><a name="[20]"></a>USB_IRQHandler</STRONG> (Thumb, 0 bytes, Stack size 0 bytes, startup_ht32f5xxxx_01.o(RESET))
<BR>[Address Reference Count : 1]<UL><LI> startup_ht32f5xxxx_01.o(RESET)
</UL>
<P><STRONG><a name="[25]"></a>__main</STRONG> (Thumb, 0 bytes, Stack size unknown bytes, entry.o(.ARM.Collect$$$$00000000))
<BR>[Address Reference Count : 1]<UL><LI> startup_ht32f5xxxx_01.o(RESET)
</UL>
<P><STRONG><a name="[7d]"></a>_main_stk</STRONG> (Thumb, 0 bytes, Stack size unknown bytes, entry2.o(.ARM.Collect$$$$00000001))

<P><STRONG><a name="[32]"></a>_main_scatterload</STRONG> (Thumb, 0 bytes, Stack size unknown bytes, entry5.o(.ARM.Collect$$$$00000004))
<BR><BR>[Calls]<UL><LI><a href="#[33]">&gt;&gt;</a>&nbsp;&nbsp;&nbsp;__scatterload
</UL>

<P><STRONG><a name="[34]"></a>__main_after_scatterload</STRONG> (Thumb, 0 bytes, Stack size unknown bytes, entry5.o(.ARM.Collect$$$$00000004))
<BR><BR>[Called By]<UL><LI><a href="#[33]">&gt;&gt;</a>&nbsp;&nbsp;&nbsp;__scatterload
</UL>

<P><STRONG><a name="[7e]"></a>_main_clock</STRONG> (Thumb, 0 bytes, Stack size unknown bytes, entry7b.o(.ARM.Collect$$$$00000008))

<P><STRONG><a name="[7f]"></a>_main_cpp_init</STRONG> (Thumb, 0 bytes, Stack size unknown bytes, entry8b.o(.ARM.Collect$$$$0000000A))

<P><STRONG><a name="[80]"></a>_main_init</STRONG> (Thumb, 0 bytes, Stack size unknown bytes, entry9a.o(.ARM.Collect$$$$0000000B))

<P><STRONG><a name="[81]"></a>__rt_final_cpp</STRONG> (Thumb, 0 bytes, Stack size unknown bytes, entry10a.o(.ARM.Collect$$$$0000000D))

<P><STRONG><a name="[82]"></a>__rt_final_exit</STRONG> (Thumb, 0 bytes, Stack size unknown bytes, entry11a.o(.ARM.Collect$$$$0000000F))

<P><STRONG><a name="[83]"></a>__aeabi_uidiv</STRONG> (Thumb, 0 bytes, Stack size 12 bytes, uidiv.o(.text), UNUSED)

<P><STRONG><a name="[39]"></a>__aeabi_uidivmod</STRONG> (Thumb, 44 bytes, Stack size 12 bytes, uidiv.o(.text))
<BR><BR>[Stack]<UL><LI>Max Depth = 12<LI>Call Chain = __aeabi_uidivmod
</UL>
<BR>[Called By]<UL><LI><a href="#[54]">&gt;&gt;</a>&nbsp;&nbsp;&nbsp;USART_Init
<LI><a href="#[26]">&gt;&gt;</a>&nbsp;&nbsp;&nbsp;main
<LI><a href="#[36]">&gt;&gt;</a>&nbsp;&nbsp;&nbsp;CKCU_GetClocksFrequency
</UL>

<P><STRONG><a name="[33]"></a>__scatterload</STRONG> (Thumb, 28 bytes, Stack size 0 bytes, init.o(.text))
<BR><BR>[Calls]<UL><LI><a href="#[34]">&gt;&gt;</a>&nbsp;&nbsp;&nbsp;__main_after_scatterload
</UL>
<BR>[Called By]<UL><LI><a href="#[32]">&gt;&gt;</a>&nbsp;&nbsp;&nbsp;_main_scatterload
</UL>

<P><STRONG><a name="[84]"></a>__scatterload_rt2</STRONG> (Thumb, 0 bytes, Stack size 0 bytes, init.o(.text), UNUSED)

<P><STRONG><a name="[5d]"></a>AFIO_GPxConfig</STRONG> (Thumb, 82 bytes, Stack size 20 bytes, ht32f5xxxx_gpio.o(i.AFIO_GPxConfig))
<BR><BR>[Stack]<UL><LI>Max Depth = 20<LI>Call Chain = AFIO_GPxConfig
</UL>
<BR>[Called By]<UL><LI><a href="#[5c]">&gt;&gt;</a>&nbsp;&nbsp;&nbsp;init_softspi
<LI><a href="#[5b]">&gt;&gt;</a>&nbsp;&nbsp;&nbsp;host24L01_process
<LI><a href="#[26]">&gt;&gt;</a>&nbsp;&nbsp;&nbsp;main
</UL>

<P><STRONG><a name="[14]"></a>BFTM0_IRQHandler</STRONG> (Thumb, 18 bytes, Stack size 8 bytes, ht32f5xxxx_01_it.o(i.BFTM0_IRQHandler))
<BR><BR>[Stack]<UL><LI>Max Depth = 8<LI>Call Chain = BFTM0_IRQHandler
</UL>
<BR>[Calls]<UL><LI><a href="#[35]">&gt;&gt;</a>&nbsp;&nbsp;&nbsp;BFTM_ClearFlag
</UL>
<BR>[Address Reference Count : 1]<UL><LI> startup_ht32f5xxxx_01.o(RESET)
</UL>
<P><STRONG><a name="[35]"></a>BFTM_ClearFlag</STRONG> (Thumb, 14 bytes, Stack size 0 bytes, ht32f5xxxx_bftm.o(i.BFTM_ClearFlag))
<BR><BR>[Called By]<UL><LI><a href="#[14]">&gt;&gt;</a>&nbsp;&nbsp;&nbsp;BFTM0_IRQHandler
</UL>

<P><STRONG><a name="[69]"></a>BFTM_EnaCmd</STRONG> (Thumb, 18 bytes, Stack size 0 bytes, ht32f5xxxx_bftm.o(i.BFTM_EnaCmd))
<BR><BR>[Called By]<UL><LI><a href="#[26]">&gt;&gt;</a>&nbsp;&nbsp;&nbsp;main
</UL>

<P><STRONG><a name="[68]"></a>BFTM_IntConfig</STRONG> (Thumb, 20 bytes, Stack size 0 bytes, ht32f5xxxx_bftm.o(i.BFTM_IntConfig))
<BR><BR>[Called By]<UL><LI><a href="#[26]">&gt;&gt;</a>&nbsp;&nbsp;&nbsp;main
</UL>

<P><STRONG><a name="[66]"></a>BFTM_SetCompare</STRONG> (Thumb, 4 bytes, Stack size 0 bytes, ht32f5xxxx_bftm.o(i.BFTM_SetCompare))
<BR><BR>[Called By]<UL><LI><a href="#[26]">&gt;&gt;</a>&nbsp;&nbsp;&nbsp;main
</UL>

<P><STRONG><a name="[67]"></a>BFTM_SetCounter</STRONG> (Thumb, 4 bytes, Stack size 0 bytes, ht32f5xxxx_bftm.o(i.BFTM_SetCounter))
<BR><BR>[Called By]<UL><LI><a href="#[26]">&gt;&gt;</a>&nbsp;&nbsp;&nbsp;main
</UL>

<P><STRONG><a name="[36]"></a>CKCU_GetClocksFrequency</STRONG> (Thumb, 98 bytes, Stack size 16 bytes, ht32f5xxxx_ckcu.o(i.CKCU_GetClocksFrequency))
<BR><BR>[Stack]<UL><LI>Max Depth = 28<LI>Call Chain = CKCU_GetClocksFrequency &rArr; __aeabi_uidivmod
</UL>
<BR>[Calls]<UL><LI><a href="#[38]">&gt;&gt;</a>&nbsp;&nbsp;&nbsp;__ARM_common_switch8
<LI><a href="#[37]">&gt;&gt;</a>&nbsp;&nbsp;&nbsp;CKCU_GetPLLFrequency
<LI><a href="#[39]">&gt;&gt;</a>&nbsp;&nbsp;&nbsp;__aeabi_uidivmod
</UL>
<BR>[Called By]<UL><LI><a href="#[3a]">&gt;&gt;</a>&nbsp;&nbsp;&nbsp;CKCU_GetPeripFrequency
</UL>

<P><STRONG><a name="[37]"></a>CKCU_GetPLLFrequency</STRONG> (Thumb, 50 bytes, Stack size 0 bytes, ht32f5xxxx_ckcu.o(i.CKCU_GetPLLFrequency))
<BR><BR>[Called By]<UL><LI><a href="#[36]">&gt;&gt;</a>&nbsp;&nbsp;&nbsp;CKCU_GetClocksFrequency
</UL>

<P><STRONG><a name="[3a]"></a>CKCU_GetPeripFrequency</STRONG> (Thumb, 48 bytes, Stack size 24 bytes, ht32f5xxxx_ckcu.o(i.CKCU_GetPeripFrequency))
<BR><BR>[Stack]<UL><LI>Max Depth = 52<LI>Call Chain = CKCU_GetPeripFrequency &rArr; CKCU_GetClocksFrequency &rArr; __aeabi_uidivmod
</UL>
<BR>[Calls]<UL><LI><a href="#[36]">&gt;&gt;</a>&nbsp;&nbsp;&nbsp;CKCU_GetClocksFrequency
</UL>
<BR>[Called By]<UL><LI><a href="#[54]">&gt;&gt;</a>&nbsp;&nbsp;&nbsp;USART_Init
</UL>

<P><STRONG><a name="[64]"></a>CKCU_PeripClockConfig</STRONG> (Thumb, 34 bytes, Stack size 20 bytes, ht32f5xxxx_ckcu.o(i.CKCU_PeripClockConfig))
<BR><BR>[Stack]<UL><LI>Max Depth = 20<LI>Call Chain = CKCU_PeripClockConfig
</UL>
<BR>[Called By]<UL><LI><a href="#[26]">&gt;&gt;</a>&nbsp;&nbsp;&nbsp;main
</UL>

<P><STRONG><a name="[3b]"></a>DueMain_main</STRONG> (Thumb, 700 bytes, Stack size 24 bytes, nrf2401_host.o(i.DueMain_main))
<BR><BR>[Stack]<UL><LI>Max Depth = 112<LI>Call Chain = DueMain_main &rArr; rf_Init &rArr; rf_SetRetryDelay &rArr; rf_SendCmdMasked &rArr; rf_SendCmd_2 &rArr; spi_Write
</UL>
<BR>[Calls]<UL><LI><a href="#[3e]">&gt;&gt;</a>&nbsp;&nbsp;&nbsp;uart_putu8
<LI><a href="#[3d]">&gt;&gt;</a>&nbsp;&nbsp;&nbsp;uart_puts
<LI><a href="#[3c]">&gt;&gt;</a>&nbsp;&nbsp;&nbsp;uart_putchar_n
<LI><a href="#[45]">&gt;&gt;</a>&nbsp;&nbsp;&nbsp;spi_SetCEState
<LI><a href="#[44]">&gt;&gt;</a>&nbsp;&nbsp;&nbsp;rf_SendData
<LI><a href="#[47]">&gt;&gt;</a>&nbsp;&nbsp;&nbsp;rf_SendCmd_2
<LI><a href="#[41]">&gt;&gt;</a>&nbsp;&nbsp;&nbsp;rf_ResetStatus
<LI><a href="#[4c]">&gt;&gt;</a>&nbsp;&nbsp;&nbsp;rf_ReceiveData
<LI><a href="#[49]">&gt;&gt;</a>&nbsp;&nbsp;&nbsp;rf_ReadRegister
<LI><a href="#[43]">&gt;&gt;</a>&nbsp;&nbsp;&nbsp;rf_PowerUp
<LI><a href="#[4a]">&gt;&gt;</a>&nbsp;&nbsp;&nbsp;rf_IsDataAvailable
<LI><a href="#[3f]">&gt;&gt;</a>&nbsp;&nbsp;&nbsp;rf_Init
<LI><a href="#[46]">&gt;&gt;</a>&nbsp;&nbsp;&nbsp;rf_GetStatus
<LI><a href="#[42]">&gt;&gt;</a>&nbsp;&nbsp;&nbsp;rf_FlushBuffer
<LI><a href="#[40]">&gt;&gt;</a>&nbsp;&nbsp;&nbsp;rf_ConfigurePipe
<LI><a href="#[4e]">&gt;&gt;</a>&nbsp;&nbsp;&nbsp;delay_unit_50us
<LI><a href="#[4b]">&gt;&gt;</a>&nbsp;&nbsp;&nbsp;rewrite_syncID
<LI><a href="#[48]">&gt;&gt;</a>&nbsp;&nbsp;&nbsp;foo_ptx_print_count_send
<LI><a href="#[4d]">&gt;&gt;</a>&nbsp;&nbsp;&nbsp;debug_rxpackets_from_prx_not_consecutive
</UL>
<BR>[Called By]<UL><LI><a href="#[5b]">&gt;&gt;</a>&nbsp;&nbsp;&nbsp;host24L01_process
</UL>

<P><STRONG><a name="[5e]"></a>GPIO_DirectionConfig</STRONG> (Thumb, 16 bytes, Stack size 0 bytes, ht32f5xxxx_gpio.o(i.GPIO_DirectionConfig))
<BR><BR>[Called By]<UL><LI><a href="#[5c]">&gt;&gt;</a>&nbsp;&nbsp;&nbsp;init_softspi
<LI><a href="#[5b]">&gt;&gt;</a>&nbsp;&nbsp;&nbsp;host24L01_process
<LI><a href="#[26]">&gt;&gt;</a>&nbsp;&nbsp;&nbsp;main
</UL>

<P><STRONG><a name="[60]"></a>GPIO_InputConfig</STRONG> (Thumb, 16 bytes, Stack size 0 bytes, ht32f5xxxx_gpio.o(i.GPIO_InputConfig))
<BR><BR>[Called By]<UL><LI><a href="#[5b]">&gt;&gt;</a>&nbsp;&nbsp;&nbsp;host24L01_process
<LI><a href="#[26]">&gt;&gt;</a>&nbsp;&nbsp;&nbsp;main
</UL>

<P><STRONG><a name="[5f]"></a>GPIO_PullResistorConfig</STRONG> (Thumb, 42 bytes, Stack size 0 bytes, ht32f5xxxx_gpio.o(i.GPIO_PullResistorConfig))
<BR><BR>[Called By]<UL><LI><a href="#[5b]">&gt;&gt;</a>&nbsp;&nbsp;&nbsp;host24L01_process
<LI><a href="#[26]">&gt;&gt;</a>&nbsp;&nbsp;&nbsp;main
</UL>

<P><STRONG><a name="[61]"></a>GPIO_WriteOutBits</STRONG> (Thumb, 12 bytes, Stack size 0 bytes, ht32f5xxxx_gpio.o(i.GPIO_WriteOutBits))
<BR><BR>[Called By]<UL><LI><a href="#[7a]">&gt;&gt;</a>&nbsp;&nbsp;&nbsp;spi_Write
<LI><a href="#[7b]">&gt;&gt;</a>&nbsp;&nbsp;&nbsp;spi_Read
<LI><a href="#[45]">&gt;&gt;</a>&nbsp;&nbsp;&nbsp;spi_SetCEState
<LI><a href="#[5c]">&gt;&gt;</a>&nbsp;&nbsp;&nbsp;init_softspi
</UL>

<P><STRONG><a name="[2]"></a>HardFault_Handler</STRONG> (Thumb, 10 bytes, Stack size 0 bytes, ht32f5xxxx_01_it.o(i.HardFault_Handler))
<BR>[Address Reference Count : 1]<UL><LI> startup_ht32f5xxxx_01.o(RESET)
</UL>
<P><STRONG><a name="[1]"></a>NMI_Handler</STRONG> (Thumb, 2 bytes, Stack size 0 bytes, ht32f5xxxx_01_it.o(i.NMI_Handler))
<BR>[Address Reference Count : 1]<UL><LI> startup_ht32f5xxxx_01.o(RESET)
</UL>
<P><STRONG><a name="[65]"></a>PWRCU_CheckReadyAccessed</STRONG> (Thumb, 30 bytes, Stack size 0 bytes, ht32f5xxxx_pwrcu.o(i.PWRCU_CheckReadyAccessed))
<BR><BR>[Called By]<UL><LI><a href="#[26]">&gt;&gt;</a>&nbsp;&nbsp;&nbsp;main
</UL>

<P><STRONG><a name="[4]"></a>PendSV_Handler</STRONG> (Thumb, 2 bytes, Stack size 0 bytes, ht32f5xxxx_01_it.o(i.PendSV_Handler))
<BR>[Address Reference Count : 1]<UL><LI> startup_ht32f5xxxx_01.o(RESET)
</UL>
<P><STRONG><a name="[6c]"></a>SPI_Cmd</STRONG> (Thumb, 20 bytes, Stack size 0 bytes, ht32f5xxxx_spi.o(i.SPI_Cmd))
<BR><BR>[Called By]<UL><LI><a href="#[26]">&gt;&gt;</a>&nbsp;&nbsp;&nbsp;main
</UL>

<P><STRONG><a name="[6a]"></a>SPI_Init</STRONG> (Thumb, 72 bytes, Stack size 12 bytes, ht32f5xxxx_spi.o(i.SPI_Init))
<BR><BR>[Stack]<UL><LI>Max Depth = 12<LI>Call Chain = SPI_Init
</UL>
<BR>[Called By]<UL><LI><a href="#[26]">&gt;&gt;</a>&nbsp;&nbsp;&nbsp;main
</UL>

<P><STRONG><a name="[6b]"></a>SPI_SELOutputCmd</STRONG> (Thumb, 18 bytes, Stack size 0 bytes, ht32f5xxxx_spi.o(i.SPI_SELOutputCmd))
<BR><BR>[Called By]<UL><LI><a href="#[26]">&gt;&gt;</a>&nbsp;&nbsp;&nbsp;main
</UL>

<P><STRONG><a name="[3]"></a>SVC_Handler</STRONG> (Thumb, 2 bytes, Stack size 0 bytes, ht32f5xxxx_01_it.o(i.SVC_Handler))
<BR>[Address Reference Count : 1]<UL><LI> startup_ht32f5xxxx_01.o(RESET)
</UL>
<P><STRONG><a name="[5]"></a>SysTick_Handler</STRONG> (Thumb, 2 bytes, Stack size 0 bytes, ht32f5xxxx_01_it.o(i.SysTick_Handler))
<BR>[Address Reference Count : 1]<UL><LI> startup_ht32f5xxxx_01.o(RESET)
</UL>
<P><STRONG><a name="[24]"></a>SystemInit</STRONG> (Thumb, 210 bytes, Stack size 20 bytes, system_ht32f5xxxx_01.o(i.SystemInit))
<BR><BR>[Stack]<UL><LI>Max Depth = 20<LI>Call Chain = SystemInit
</UL>
<BR>[Address Reference Count : 1]<UL><LI> startup_ht32f5xxxx_01.o(RESET)
</UL>
<P><STRONG><a name="[1b]"></a>USART1_IRQHandler</STRONG> (Thumb, 214 bytes, Stack size 24 bytes, ht32f5xxxx_01_it.o(i.USART1_IRQHandler))
<BR><BR>[Stack]<UL><LI>Max Depth = 24<LI>Call Chain = USART1_IRQHandler
</UL>
<BR>[Calls]<UL><LI><a href="#[51]">&gt;&gt;</a>&nbsp;&nbsp;&nbsp;USART_SendData
<LI><a href="#[53]">&gt;&gt;</a>&nbsp;&nbsp;&nbsp;USART_ReceiveData
<LI><a href="#[4f]">&gt;&gt;</a>&nbsp;&nbsp;&nbsp;USART_GetFlagStatus
<LI><a href="#[52]">&gt;&gt;</a>&nbsp;&nbsp;&nbsp;USART_ClearFlag
<LI><a href="#[50]">&gt;&gt;</a>&nbsp;&nbsp;&nbsp;USART_IntConfig
</UL>
<BR>[Address Reference Count : 1]<UL><LI> startup_ht32f5xxxx_01.o(RESET)
</UL>
<P><STRONG><a name="[52]"></a>USART_ClearFlag</STRONG> (Thumb, 8 bytes, Stack size 0 bytes, ht32f5xxxx_usart.o(i.USART_ClearFlag))
<BR><BR>[Called By]<UL><LI><a href="#[1b]">&gt;&gt;</a>&nbsp;&nbsp;&nbsp;USART1_IRQHandler
</UL>

<P><STRONG><a name="[6d]"></a>USART_FIFOReset</STRONG> (Thumb, 8 bytes, Stack size 0 bytes, ht32f5xxxx_usart.o(i.USART_FIFOReset))
<BR><BR>[Called By]<UL><LI><a href="#[26]">&gt;&gt;</a>&nbsp;&nbsp;&nbsp;main
</UL>

<P><STRONG><a name="[4f]"></a>USART_GetFlagStatus</STRONG> (Thumb, 10 bytes, Stack size 0 bytes, ht32f5xxxx_usart.o(i.USART_GetFlagStatus))
<BR><BR>[Called By]<UL><LI><a href="#[1b]">&gt;&gt;</a>&nbsp;&nbsp;&nbsp;USART1_IRQHandler
</UL>

<P><STRONG><a name="[54]"></a>USART_Init</STRONG> (Thumb, 114 bytes, Stack size 16 bytes, ht32f5xxxx_usart.o(i.USART_Init))
<BR><BR>[Stack]<UL><LI>Max Depth = 68<LI>Call Chain = USART_Init &rArr; CKCU_GetPeripFrequency &rArr; CKCU_GetClocksFrequency &rArr; __aeabi_uidivmod
</UL>
<BR>[Calls]<UL><LI><a href="#[3a]">&gt;&gt;</a>&nbsp;&nbsp;&nbsp;CKCU_GetPeripFrequency
<LI><a href="#[39]">&gt;&gt;</a>&nbsp;&nbsp;&nbsp;__aeabi_uidivmod
</UL>
<BR>[Called By]<UL><LI><a href="#[26]">&gt;&gt;</a>&nbsp;&nbsp;&nbsp;main
</UL>

<P><STRONG><a name="[50]"></a>USART_IntConfig</STRONG> (Thumb, 16 bytes, Stack size 0 bytes, ht32f5xxxx_usart.o(i.USART_IntConfig))
<BR><BR>[Called By]<UL><LI><a href="#[63]">&gt;&gt;</a>&nbsp;&nbsp;&nbsp;uart_putchar
<LI><a href="#[1b]">&gt;&gt;</a>&nbsp;&nbsp;&nbsp;USART1_IRQHandler
<LI><a href="#[26]">&gt;&gt;</a>&nbsp;&nbsp;&nbsp;main
</UL>

<P><STRONG><a name="[53]"></a>USART_ReceiveData</STRONG> (Thumb, 6 bytes, Stack size 0 bytes, ht32f5xxxx_usart.o(i.USART_ReceiveData))
<BR><BR>[Called By]<UL><LI><a href="#[1b]">&gt;&gt;</a>&nbsp;&nbsp;&nbsp;USART1_IRQHandler
</UL>

<P><STRONG><a name="[51]"></a>USART_SendData</STRONG> (Thumb, 4 bytes, Stack size 0 bytes, ht32f5xxxx_usart.o(i.USART_SendData))
<BR><BR>[Called By]<UL><LI><a href="#[1b]">&gt;&gt;</a>&nbsp;&nbsp;&nbsp;USART1_IRQHandler
</UL>

<P><STRONG><a name="[6f]"></a>USART_SetTimeOutValue</STRONG> (Thumb, 16 bytes, Stack size 0 bytes, ht32f5xxxx_usart.o(i.USART_SetTimeOutValue))
<BR><BR>[Called By]<UL><LI><a href="#[26]">&gt;&gt;</a>&nbsp;&nbsp;&nbsp;main
</UL>

<P><STRONG><a name="[6e]"></a>USART_TXRXTLConfig</STRONG> (Thumb, 20 bytes, Stack size 8 bytes, ht32f5xxxx_usart.o(i.USART_TXRXTLConfig))
<BR><BR>[Stack]<UL><LI>Max Depth = 8<LI>Call Chain = USART_TXRXTLConfig
</UL>
<BR>[Called By]<UL><LI><a href="#[26]">&gt;&gt;</a>&nbsp;&nbsp;&nbsp;main
</UL>

<P><STRONG><a name="[70]"></a>USART_TxRxCmd</STRONG> (Thumb, 20 bytes, Stack size 0 bytes, ht32f5xxxx_usart.o(i.USART_TxRxCmd))
<BR><BR>[Called By]<UL><LI><a href="#[26]">&gt;&gt;</a>&nbsp;&nbsp;&nbsp;main
</UL>

<P><STRONG><a name="[55]"></a>UnoClient_main</STRONG> (Thumb, 298 bytes, Stack size 8 bytes, nrf2401_host.o(i.UnoClient_main))
<BR><BR>[Stack]<UL><LI>Max Depth = 96<LI>Call Chain = UnoClient_main &rArr; rf_Init &rArr; rf_SetRetryDelay &rArr; rf_SendCmdMasked &rArr; rf_SendCmd_2 &rArr; spi_Write
</UL>
<BR>[Calls]<UL><LI><a href="#[3e]">&gt;&gt;</a>&nbsp;&nbsp;&nbsp;uart_putu8
<LI><a href="#[58]">&gt;&gt;</a>&nbsp;&nbsp;&nbsp;uart_putu16
<LI><a href="#[3d]">&gt;&gt;</a>&nbsp;&nbsp;&nbsp;uart_puts
<LI><a href="#[3c]">&gt;&gt;</a>&nbsp;&nbsp;&nbsp;uart_putchar_n
<LI><a href="#[47]">&gt;&gt;</a>&nbsp;&nbsp;&nbsp;rf_SendCmd_2
<LI><a href="#[41]">&gt;&gt;</a>&nbsp;&nbsp;&nbsp;rf_ResetStatus
<LI><a href="#[4c]">&gt;&gt;</a>&nbsp;&nbsp;&nbsp;rf_ReceiveData
<LI><a href="#[43]">&gt;&gt;</a>&nbsp;&nbsp;&nbsp;rf_PowerUp
<LI><a href="#[56]">&gt;&gt;</a>&nbsp;&nbsp;&nbsp;rf_Listen
<LI><a href="#[4a]">&gt;&gt;</a>&nbsp;&nbsp;&nbsp;rf_IsDataAvailable
<LI><a href="#[3f]">&gt;&gt;</a>&nbsp;&nbsp;&nbsp;rf_Init
<LI><a href="#[46]">&gt;&gt;</a>&nbsp;&nbsp;&nbsp;rf_GetStatus
<LI><a href="#[59]">&gt;&gt;</a>&nbsp;&nbsp;&nbsp;rf_GetFifoStatus
<LI><a href="#[42]">&gt;&gt;</a>&nbsp;&nbsp;&nbsp;rf_FlushBuffer
<LI><a href="#[40]">&gt;&gt;</a>&nbsp;&nbsp;&nbsp;rf_ConfigurePipe
<LI><a href="#[57]">&gt;&gt;</a>&nbsp;&nbsp;&nbsp;debug_rxpackets_from_ptx_not_consecutive
</UL>
<BR>[Called By]<UL><LI><a href="#[5b]">&gt;&gt;</a>&nbsp;&nbsp;&nbsp;host24L01_process
</UL>

<P><STRONG><a name="[38]"></a>__ARM_common_switch8</STRONG> (Thumb, 26 bytes, Stack size 8 bytes, ht32f5xxxx_ckcu.o(i.__ARM_common_switch8))
<BR><BR>[Stack]<UL><LI>Max Depth = 8<LI>Call Chain = __ARM_common_switch8
</UL>
<BR>[Called By]<UL><LI><a href="#[36]">&gt;&gt;</a>&nbsp;&nbsp;&nbsp;CKCU_GetClocksFrequency
</UL>

<P><STRONG><a name="[85]"></a>__scatterload_copy</STRONG> (Thumb, 14 bytes, Stack size unknown bytes, handlers.o(i.__scatterload_copy), UNUSED)

<P><STRONG><a name="[86]"></a>__scatterload_null</STRONG> (Thumb, 2 bytes, Stack size unknown bytes, handlers.o(i.__scatterload_null), UNUSED)

<P><STRONG><a name="[87]"></a>__scatterload_zeroinit</STRONG> (Thumb, 14 bytes, Stack size unknown bytes, handlers.o(i.__scatterload_zeroinit), UNUSED)

<P><STRONG><a name="[4e]"></a>delay_unit_50us</STRONG> (Thumb, 24 bytes, Stack size 8 bytes, tmr50us.o(i.delay_unit_50us))
<BR><BR>[Stack]<UL><LI>Max Depth = 8<LI>Call Chain = delay_unit_50us
</UL>
<BR>[Calls]<UL><LI><a href="#[5a]">&gt;&gt;</a>&nbsp;&nbsp;&nbsp;tmr50usIsExpired
</UL>
<BR>[Called By]<UL><LI><a href="#[3b]">&gt;&gt;</a>&nbsp;&nbsp;&nbsp;DueMain_main
</UL>

<P><STRONG><a name="[5b]"></a>host24L01_process</STRONG> (Thumb, 76 bytes, Stack size 0 bytes, nrf2401_host.o(i.host24L01_process))
<BR><BR>[Stack]<UL><LI>Max Depth = 112<LI>Call Chain = host24L01_process &rArr; DueMain_main &rArr; rf_Init &rArr; rf_SetRetryDelay &rArr; rf_SendCmdMasked &rArr; rf_SendCmd_2 &rArr; spi_Write
</UL>
<BR>[Calls]<UL><LI><a href="#[5c]">&gt;&gt;</a>&nbsp;&nbsp;&nbsp;init_softspi
<LI><a href="#[55]">&gt;&gt;</a>&nbsp;&nbsp;&nbsp;UnoClient_main
<LI><a href="#[3b]">&gt;&gt;</a>&nbsp;&nbsp;&nbsp;DueMain_main
<LI><a href="#[5f]">&gt;&gt;</a>&nbsp;&nbsp;&nbsp;GPIO_PullResistorConfig
<LI><a href="#[60]">&gt;&gt;</a>&nbsp;&nbsp;&nbsp;GPIO_InputConfig
<LI><a href="#[5e]">&gt;&gt;</a>&nbsp;&nbsp;&nbsp;GPIO_DirectionConfig
<LI><a href="#[5d]">&gt;&gt;</a>&nbsp;&nbsp;&nbsp;AFIO_GPxConfig
</UL>
<BR>[Called By]<UL><LI><a href="#[26]">&gt;&gt;</a>&nbsp;&nbsp;&nbsp;main
</UL>

<P><STRONG><a name="[5c]"></a>init_softspi</STRONG> (Thumb, 66 bytes, Stack size 8 bytes, softspi.o(i.init_softspi))
<BR><BR>[Stack]<UL><LI>Max Depth = 28<LI>Call Chain = init_softspi &rArr; AFIO_GPxConfig
</UL>
<BR>[Calls]<UL><LI><a href="#[61]">&gt;&gt;</a>&nbsp;&nbsp;&nbsp;GPIO_WriteOutBits
<LI><a href="#[5e]">&gt;&gt;</a>&nbsp;&nbsp;&nbsp;GPIO_DirectionConfig
<LI><a href="#[5d]">&gt;&gt;</a>&nbsp;&nbsp;&nbsp;AFIO_GPxConfig
</UL>
<BR>[Called By]<UL><LI><a href="#[5b]">&gt;&gt;</a>&nbsp;&nbsp;&nbsp;host24L01_process
</UL>

<P><STRONG><a name="[26]"></a>main</STRONG> (Thumb, 390 bytes, Stack size 64 bytes, main.o(i.main))
<BR><BR>[Stack]<UL><LI>Max Depth = 176<LI>Call Chain = main &rArr; host24L01_process &rArr; DueMain_main &rArr; rf_Init &rArr; rf_SetRetryDelay &rArr; rf_SendCmdMasked &rArr; rf_SendCmd_2 &rArr; spi_Write
</UL>
<BR>[Calls]<UL><LI><a href="#[5b]">&gt;&gt;</a>&nbsp;&nbsp;&nbsp;host24L01_process
<LI><a href="#[70]">&gt;&gt;</a>&nbsp;&nbsp;&nbsp;USART_TxRxCmd
<LI><a href="#[6e]">&gt;&gt;</a>&nbsp;&nbsp;&nbsp;USART_TXRXTLConfig
<LI><a href="#[6f]">&gt;&gt;</a>&nbsp;&nbsp;&nbsp;USART_SetTimeOutValue
<LI><a href="#[50]">&gt;&gt;</a>&nbsp;&nbsp;&nbsp;USART_IntConfig
<LI><a href="#[54]">&gt;&gt;</a>&nbsp;&nbsp;&nbsp;USART_Init
<LI><a href="#[6d]">&gt;&gt;</a>&nbsp;&nbsp;&nbsp;USART_FIFOReset
<LI><a href="#[6b]">&gt;&gt;</a>&nbsp;&nbsp;&nbsp;SPI_SELOutputCmd
<LI><a href="#[6a]">&gt;&gt;</a>&nbsp;&nbsp;&nbsp;SPI_Init
<LI><a href="#[6c]">&gt;&gt;</a>&nbsp;&nbsp;&nbsp;SPI_Cmd
<LI><a href="#[65]">&gt;&gt;</a>&nbsp;&nbsp;&nbsp;PWRCU_CheckReadyAccessed
<LI><a href="#[5f]">&gt;&gt;</a>&nbsp;&nbsp;&nbsp;GPIO_PullResistorConfig
<LI><a href="#[60]">&gt;&gt;</a>&nbsp;&nbsp;&nbsp;GPIO_InputConfig
<LI><a href="#[5e]">&gt;&gt;</a>&nbsp;&nbsp;&nbsp;GPIO_DirectionConfig
<LI><a href="#[64]">&gt;&gt;</a>&nbsp;&nbsp;&nbsp;CKCU_PeripClockConfig
<LI><a href="#[67]">&gt;&gt;</a>&nbsp;&nbsp;&nbsp;BFTM_SetCounter
<LI><a href="#[66]">&gt;&gt;</a>&nbsp;&nbsp;&nbsp;BFTM_SetCompare
<LI><a href="#[68]">&gt;&gt;</a>&nbsp;&nbsp;&nbsp;BFTM_IntConfig
<LI><a href="#[69]">&gt;&gt;</a>&nbsp;&nbsp;&nbsp;BFTM_EnaCmd
<LI><a href="#[5d]">&gt;&gt;</a>&nbsp;&nbsp;&nbsp;AFIO_GPxConfig
<LI><a href="#[39]">&gt;&gt;</a>&nbsp;&nbsp;&nbsp;__aeabi_uidivmod
</UL>
<BR>[Address Reference Count : 1]<UL><LI> entry9a.o(.ARM.Collect$$$$0000000B)
</UL>
<P><STRONG><a name="[40]"></a>rf_ConfigurePipe</STRONG> (Thumb, 104 bytes, Stack size 24 bytes, softspi.o(i.rf_ConfigurePipe))
<BR><BR>[Stack]<UL><LI>Max Depth = 88<LI>Call Chain = rf_ConfigurePipe &rArr; rf_SetAddressWidth &rArr; rf_SendCmdMasked &rArr; rf_SendCmd_2 &rArr; spi_Write
</UL>
<BR>[Calls]<UL><LI><a href="#[72]">&gt;&gt;</a>&nbsp;&nbsp;&nbsp;rf_SetAddressWidth
<LI><a href="#[73]">&gt;&gt;</a>&nbsp;&nbsp;&nbsp;rf_SendCmdMasked
<LI><a href="#[71]">&gt;&gt;</a>&nbsp;&nbsp;&nbsp;rf_SetPipeAddress
<LI><a href="#[47]">&gt;&gt;</a>&nbsp;&nbsp;&nbsp;rf_SendCmd_2
</UL>
<BR>[Called By]<UL><LI><a href="#[55]">&gt;&gt;</a>&nbsp;&nbsp;&nbsp;UnoClient_main
<LI><a href="#[3b]">&gt;&gt;</a>&nbsp;&nbsp;&nbsp;DueMain_main
</UL>

<P><STRONG><a name="[42]"></a>rf_FlushBuffer</STRONG> (Thumb, 32 bytes, Stack size 8 bytes, softspi.o(i.rf_FlushBuffer))
<BR><BR>[Stack]<UL><LI>Max Depth = 40<LI>Call Chain = rf_FlushBuffer &rArr; rf_SendCmd_1 &rArr; spi_Write
</UL>
<BR>[Calls]<UL><LI><a href="#[74]">&gt;&gt;</a>&nbsp;&nbsp;&nbsp;rf_SendCmd_1
</UL>
<BR>[Called By]<UL><LI><a href="#[55]">&gt;&gt;</a>&nbsp;&nbsp;&nbsp;UnoClient_main
<LI><a href="#[3b]">&gt;&gt;</a>&nbsp;&nbsp;&nbsp;DueMain_main
</UL>

<P><STRONG><a name="[59]"></a>rf_GetFifoStatus</STRONG> (Thumb, 10 bytes, Stack size 8 bytes, softspi.o(i.rf_GetFifoStatus))
<BR><BR>[Stack]<UL><LI>Max Depth = 40<LI>Call Chain = rf_GetFifoStatus &rArr; rf_ReadRegister &rArr; spi_Write
</UL>
<BR>[Calls]<UL><LI><a href="#[49]">&gt;&gt;</a>&nbsp;&nbsp;&nbsp;rf_ReadRegister
</UL>
<BR>[Called By]<UL><LI><a href="#[4a]">&gt;&gt;</a>&nbsp;&nbsp;&nbsp;rf_IsDataAvailable
<LI><a href="#[55]">&gt;&gt;</a>&nbsp;&nbsp;&nbsp;UnoClient_main
</UL>

<P><STRONG><a name="[46]"></a>rf_GetStatus</STRONG> (Thumb, 10 bytes, Stack size 8 bytes, softspi.o(i.rf_GetStatus))
<BR><BR>[Stack]<UL><LI>Max Depth = 40<LI>Call Chain = rf_GetStatus &rArr; rf_SendCmd_1 &rArr; spi_Write
</UL>
<BR>[Calls]<UL><LI><a href="#[74]">&gt;&gt;</a>&nbsp;&nbsp;&nbsp;rf_SendCmd_1
</UL>
<BR>[Called By]<UL><LI><a href="#[4a]">&gt;&gt;</a>&nbsp;&nbsp;&nbsp;rf_IsDataAvailable
<LI><a href="#[55]">&gt;&gt;</a>&nbsp;&nbsp;&nbsp;UnoClient_main
<LI><a href="#[3b]">&gt;&gt;</a>&nbsp;&nbsp;&nbsp;DueMain_main
</UL>

<P><STRONG><a name="[3f]"></a>rf_Init</STRONG> (Thumb, 98 bytes, Stack size 24 bytes, softspi.o(i.rf_Init))
<BR><BR>[Stack]<UL><LI>Max Depth = 88<LI>Call Chain = rf_Init &rArr; rf_SetRetryDelay &rArr; rf_SendCmdMasked &rArr; rf_SendCmd_2 &rArr; spi_Write
</UL>
<BR>[Calls]<UL><LI><a href="#[76]">&gt;&gt;</a>&nbsp;&nbsp;&nbsp;rf_SetRetryDelay
<LI><a href="#[75]">&gt;&gt;</a>&nbsp;&nbsp;&nbsp;rf_SetRetryCount
<LI><a href="#[77]">&gt;&gt;</a>&nbsp;&nbsp;&nbsp;rf_SetDataRate
<LI><a href="#[78]">&gt;&gt;</a>&nbsp;&nbsp;&nbsp;rf_SetCRC
<LI><a href="#[73]">&gt;&gt;</a>&nbsp;&nbsp;&nbsp;rf_SendCmdMasked
<LI><a href="#[47]">&gt;&gt;</a>&nbsp;&nbsp;&nbsp;rf_SendCmd_2
</UL>
<BR>[Called By]<UL><LI><a href="#[55]">&gt;&gt;</a>&nbsp;&nbsp;&nbsp;UnoClient_main
<LI><a href="#[3b]">&gt;&gt;</a>&nbsp;&nbsp;&nbsp;DueMain_main
</UL>

<P><STRONG><a name="[4a]"></a>rf_IsDataAvailable</STRONG> (Thumb, 132 bytes, Stack size 16 bytes, softspi.o(i.rf_IsDataAvailable))
<BR><BR>[Stack]<UL><LI>Max Depth = 56<LI>Call Chain = rf_IsDataAvailable &rArr; rf_GetStatus &rArr; rf_SendCmd_1 &rArr; spi_Write
</UL>
<BR>[Calls]<UL><LI><a href="#[49]">&gt;&gt;</a>&nbsp;&nbsp;&nbsp;rf_ReadRegister
<LI><a href="#[46]">&gt;&gt;</a>&nbsp;&nbsp;&nbsp;rf_GetStatus
<LI><a href="#[59]">&gt;&gt;</a>&nbsp;&nbsp;&nbsp;rf_GetFifoStatus
</UL>
<BR>[Called By]<UL><LI><a href="#[55]">&gt;&gt;</a>&nbsp;&nbsp;&nbsp;UnoClient_main
<LI><a href="#[3b]">&gt;&gt;</a>&nbsp;&nbsp;&nbsp;DueMain_main
</UL>

<P><STRONG><a name="[56]"></a>rf_Listen</STRONG> (Thumb, 32 bytes, Stack size 8 bytes, softspi.o(i.rf_Listen))
<BR><BR>[Stack]<UL><LI>Max Depth = 56<LI>Call Chain = rf_Listen &rArr; rf_SendCmdBuffer &rArr; spi_Write
</UL>
<BR>[Calls]<UL><LI><a href="#[79]">&gt;&gt;</a>&nbsp;&nbsp;&nbsp;rf_SendCmdBuffer
<LI><a href="#[45]">&gt;&gt;</a>&nbsp;&nbsp;&nbsp;spi_SetCEState
</UL>
<BR>[Called By]<UL><LI><a href="#[55]">&gt;&gt;</a>&nbsp;&nbsp;&nbsp;UnoClient_main
</UL>

<P><STRONG><a name="[43]"></a>rf_PowerUp</STRONG> (Thumb, 26 bytes, Stack size 8 bytes, softspi.o(i.rf_PowerUp))
<BR><BR>[Stack]<UL><LI>Max Depth = 64<LI>Call Chain = rf_PowerUp &rArr; rf_SendCmdMasked &rArr; rf_SendCmd_2 &rArr; spi_Write
</UL>
<BR>[Calls]<UL><LI><a href="#[73]">&gt;&gt;</a>&nbsp;&nbsp;&nbsp;rf_SendCmdMasked
</UL>
<BR>[Called By]<UL><LI><a href="#[55]">&gt;&gt;</a>&nbsp;&nbsp;&nbsp;UnoClient_main
<LI><a href="#[3b]">&gt;&gt;</a>&nbsp;&nbsp;&nbsp;DueMain_main
</UL>

<P><STRONG><a name="[49]"></a>rf_ReadRegister</STRONG> (Thumb, 16 bytes, Stack size 8 bytes, softspi.o(i.rf_ReadRegister))
<BR><BR>[Stack]<UL><LI>Max Depth = 32<LI>Call Chain = rf_ReadRegister &rArr; spi_Write
</UL>
<BR>[Calls]<UL><LI><a href="#[7a]">&gt;&gt;</a>&nbsp;&nbsp;&nbsp;spi_Write
<LI><a href="#[7b]">&gt;&gt;</a>&nbsp;&nbsp;&nbsp;spi_Read
</UL>
<BR>[Called By]<UL><LI><a href="#[73]">&gt;&gt;</a>&nbsp;&nbsp;&nbsp;rf_SendCmdMasked
<LI><a href="#[4a]">&gt;&gt;</a>&nbsp;&nbsp;&nbsp;rf_IsDataAvailable
<LI><a href="#[59]">&gt;&gt;</a>&nbsp;&nbsp;&nbsp;rf_GetFifoStatus
<LI><a href="#[3b]">&gt;&gt;</a>&nbsp;&nbsp;&nbsp;DueMain_main
</UL>

<P><STRONG><a name="[4c]"></a>rf_ReceiveData</STRONG> (Thumb, 52 bytes, Stack size 24 bytes, softspi.o(i.rf_ReceiveData))
<BR><BR>[Stack]<UL><LI>Max Depth = 48<LI>Call Chain = rf_ReceiveData &rArr; spi_Write
</UL>
<BR>[Calls]<UL><LI><a href="#[7a]">&gt;&gt;</a>&nbsp;&nbsp;&nbsp;spi_Write
</UL>
<BR>[Called By]<UL><LI><a href="#[55]">&gt;&gt;</a>&nbsp;&nbsp;&nbsp;UnoClient_main
<LI><a href="#[3b]">&gt;&gt;</a>&nbsp;&nbsp;&nbsp;DueMain_main
</UL>

<P><STRONG><a name="[41]"></a>rf_ResetStatus</STRONG> (Thumb, 42 bytes, Stack size 8 bytes, softspi.o(i.rf_ResetStatus))
<BR><BR>[Stack]<UL><LI>Max Depth = 64<LI>Call Chain = rf_ResetStatus &rArr; rf_SendCmdMasked &rArr; rf_SendCmd_2 &rArr; spi_Write
</UL>
<BR>[Calls]<UL><LI><a href="#[73]">&gt;&gt;</a>&nbsp;&nbsp;&nbsp;rf_SendCmdMasked
</UL>
<BR>[Called By]<UL><LI><a href="#[55]">&gt;&gt;</a>&nbsp;&nbsp;&nbsp;UnoClient_main
<LI><a href="#[3b]">&gt;&gt;</a>&nbsp;&nbsp;&nbsp;DueMain_main
</UL>

<P><STRONG><a name="[79]"></a>rf_SendCmdBuffer</STRONG> (Thumb, 58 bytes, Stack size 24 bytes, softspi.o(i.rf_SendCmdBuffer))
<BR><BR>[Stack]<UL><LI>Max Depth = 48<LI>Call Chain = rf_SendCmdBuffer &rArr; spi_Write
</UL>
<BR>[Calls]<UL><LI><a href="#[7a]">&gt;&gt;</a>&nbsp;&nbsp;&nbsp;spi_Write
</UL>
<BR>[Called By]<UL><LI><a href="#[71]">&gt;&gt;</a>&nbsp;&nbsp;&nbsp;rf_SetPipeAddress
<LI><a href="#[44]">&gt;&gt;</a>&nbsp;&nbsp;&nbsp;rf_SendData
<LI><a href="#[56]">&gt;&gt;</a>&nbsp;&nbsp;&nbsp;rf_Listen
</UL>

<P><STRONG><a name="[73]"></a>rf_SendCmdMasked</STRONG> (Thumb, 26 bytes, Stack size 16 bytes, softspi.o(i.rf_SendCmdMasked))
<BR><BR>[Stack]<UL><LI>Max Depth = 56<LI>Call Chain = rf_SendCmdMasked &rArr; rf_SendCmd_2 &rArr; spi_Write
</UL>
<BR>[Calls]<UL><LI><a href="#[47]">&gt;&gt;</a>&nbsp;&nbsp;&nbsp;rf_SendCmd_2
<LI><a href="#[49]">&gt;&gt;</a>&nbsp;&nbsp;&nbsp;rf_ReadRegister
</UL>
<BR>[Called By]<UL><LI><a href="#[76]">&gt;&gt;</a>&nbsp;&nbsp;&nbsp;rf_SetRetryDelay
<LI><a href="#[75]">&gt;&gt;</a>&nbsp;&nbsp;&nbsp;rf_SetRetryCount
<LI><a href="#[77]">&gt;&gt;</a>&nbsp;&nbsp;&nbsp;rf_SetDataRate
<LI><a href="#[78]">&gt;&gt;</a>&nbsp;&nbsp;&nbsp;rf_SetCRC
<LI><a href="#[72]">&gt;&gt;</a>&nbsp;&nbsp;&nbsp;rf_SetAddressWidth
<LI><a href="#[41]">&gt;&gt;</a>&nbsp;&nbsp;&nbsp;rf_ResetStatus
<LI><a href="#[43]">&gt;&gt;</a>&nbsp;&nbsp;&nbsp;rf_PowerUp
<LI><a href="#[3f]">&gt;&gt;</a>&nbsp;&nbsp;&nbsp;rf_Init
<LI><a href="#[40]">&gt;&gt;</a>&nbsp;&nbsp;&nbsp;rf_ConfigurePipe
</UL>

<P><STRONG><a name="[74]"></a>rf_SendCmd_1</STRONG> (Thumb, 14 bytes, Stack size 8 bytes, softspi.o(i.rf_SendCmd_1))
<BR><BR>[Stack]<UL><LI>Max Depth = 32<LI>Call Chain = rf_SendCmd_1 &rArr; spi_Write
</UL>
<BR>[Calls]<UL><LI><a href="#[7a]">&gt;&gt;</a>&nbsp;&nbsp;&nbsp;spi_Write
</UL>
<BR>[Called By]<UL><LI><a href="#[46]">&gt;&gt;</a>&nbsp;&nbsp;&nbsp;rf_GetStatus
<LI><a href="#[42]">&gt;&gt;</a>&nbsp;&nbsp;&nbsp;rf_FlushBuffer
</UL>

<P><STRONG><a name="[47]"></a>rf_SendCmd_2</STRONG> (Thumb, 28 bytes, Stack size 16 bytes, softspi.o(i.rf_SendCmd_2))
<BR><BR>[Stack]<UL><LI>Max Depth = 40<LI>Call Chain = rf_SendCmd_2 &rArr; spi_Write
</UL>
<BR>[Calls]<UL><LI><a href="#[7a]">&gt;&gt;</a>&nbsp;&nbsp;&nbsp;spi_Write
</UL>
<BR>[Called By]<UL><LI><a href="#[73]">&gt;&gt;</a>&nbsp;&nbsp;&nbsp;rf_SendCmdMasked
<LI><a href="#[3f]">&gt;&gt;</a>&nbsp;&nbsp;&nbsp;rf_Init
<LI><a href="#[40]">&gt;&gt;</a>&nbsp;&nbsp;&nbsp;rf_ConfigurePipe
<LI><a href="#[55]">&gt;&gt;</a>&nbsp;&nbsp;&nbsp;UnoClient_main
<LI><a href="#[3b]">&gt;&gt;</a>&nbsp;&nbsp;&nbsp;DueMain_main
</UL>

<P><STRONG><a name="[44]"></a>rf_SendData</STRONG> (Thumb, 126 bytes, Stack size 32 bytes, softspi.o(i.rf_SendData))
<BR><BR>[Stack]<UL><LI>Max Depth = 80<LI>Call Chain = rf_SendData &rArr; rf_SendCmdBuffer &rArr; spi_Write
</UL>
<BR>[Calls]<UL><LI><a href="#[7a]">&gt;&gt;</a>&nbsp;&nbsp;&nbsp;spi_Write
<LI><a href="#[79]">&gt;&gt;</a>&nbsp;&nbsp;&nbsp;rf_SendCmdBuffer
</UL>
<BR>[Called By]<UL><LI><a href="#[3b]">&gt;&gt;</a>&nbsp;&nbsp;&nbsp;DueMain_main
</UL>

<P><STRONG><a name="[72]"></a>rf_SetAddressWidth</STRONG> (Thumb, 30 bytes, Stack size 8 bytes, softspi.o(i.rf_SetAddressWidth))
<BR><BR>[Stack]<UL><LI>Max Depth = 64<LI>Call Chain = rf_SetAddressWidth &rArr; rf_SendCmdMasked &rArr; rf_SendCmd_2 &rArr; spi_Write
</UL>
<BR>[Calls]<UL><LI><a href="#[73]">&gt;&gt;</a>&nbsp;&nbsp;&nbsp;rf_SendCmdMasked
</UL>
<BR>[Called By]<UL><LI><a href="#[40]">&gt;&gt;</a>&nbsp;&nbsp;&nbsp;rf_ConfigurePipe
</UL>

<P><STRONG><a name="[78]"></a>rf_SetCRC</STRONG> (Thumb, 28 bytes, Stack size 8 bytes, softspi.o(i.rf_SetCRC))
<BR><BR>[Stack]<UL><LI>Max Depth = 64<LI>Call Chain = rf_SetCRC &rArr; rf_SendCmdMasked &rArr; rf_SendCmd_2 &rArr; spi_Write
</UL>
<BR>[Calls]<UL><LI><a href="#[73]">&gt;&gt;</a>&nbsp;&nbsp;&nbsp;rf_SendCmdMasked
</UL>
<BR>[Called By]<UL><LI><a href="#[3f]">&gt;&gt;</a>&nbsp;&nbsp;&nbsp;rf_Init
</UL>

<P><STRONG><a name="[77]"></a>rf_SetDataRate</STRONG> (Thumb, 34 bytes, Stack size 8 bytes, softspi.o(i.rf_SetDataRate))
<BR><BR>[Stack]<UL><LI>Max Depth = 64<LI>Call Chain = rf_SetDataRate &rArr; rf_SendCmdMasked &rArr; rf_SendCmd_2 &rArr; spi_Write
</UL>
<BR>[Calls]<UL><LI><a href="#[73]">&gt;&gt;</a>&nbsp;&nbsp;&nbsp;rf_SendCmdMasked
</UL>
<BR>[Called By]<UL><LI><a href="#[3f]">&gt;&gt;</a>&nbsp;&nbsp;&nbsp;rf_Init
</UL>

<P><STRONG><a name="[71]"></a>rf_SetPipeAddress</STRONG> (Thumb, 62 bytes, Stack size 16 bytes, softspi.o(i.rf_SetPipeAddress))
<BR><BR>[Stack]<UL><LI>Max Depth = 64<LI>Call Chain = rf_SetPipeAddress &rArr; rf_SendCmdBuffer &rArr; spi_Write
</UL>
<BR>[Calls]<UL><LI><a href="#[79]">&gt;&gt;</a>&nbsp;&nbsp;&nbsp;rf_SendCmdBuffer
</UL>
<BR>[Called By]<UL><LI><a href="#[40]">&gt;&gt;</a>&nbsp;&nbsp;&nbsp;rf_ConfigurePipe
<LI><a href="#[4b]">&gt;&gt;</a>&nbsp;&nbsp;&nbsp;rewrite_syncID
</UL>

<P><STRONG><a name="[75]"></a>rf_SetRetryCount</STRONG> (Thumb, 14 bytes, Stack size 8 bytes, softspi.o(i.rf_SetRetryCount))
<BR><BR>[Stack]<UL><LI>Max Depth = 64<LI>Call Chain = rf_SetRetryCount &rArr; rf_SendCmdMasked &rArr; rf_SendCmd_2 &rArr; spi_Write
</UL>
<BR>[Calls]<UL><LI><a href="#[73]">&gt;&gt;</a>&nbsp;&nbsp;&nbsp;rf_SendCmdMasked
</UL>
<BR>[Called By]<UL><LI><a href="#[3f]">&gt;&gt;</a>&nbsp;&nbsp;&nbsp;rf_Init
</UL>

<P><STRONG><a name="[76]"></a>rf_SetRetryDelay</STRONG> (Thumb, 16 bytes, Stack size 8 bytes, softspi.o(i.rf_SetRetryDelay))
<BR><BR>[Stack]<UL><LI>Max Depth = 64<LI>Call Chain = rf_SetRetryDelay &rArr; rf_SendCmdMasked &rArr; rf_SendCmd_2 &rArr; spi_Write
</UL>
<BR>[Calls]<UL><LI><a href="#[73]">&gt;&gt;</a>&nbsp;&nbsp;&nbsp;rf_SendCmdMasked
</UL>
<BR>[Called By]<UL><LI><a href="#[3f]">&gt;&gt;</a>&nbsp;&nbsp;&nbsp;rf_Init
</UL>

<P><STRONG><a name="[7b]"></a>spi_Read</STRONG> (Thumb, 58 bytes, Stack size 16 bytes, softspi.o(i.spi_Read))
<BR><BR>[Stack]<UL><LI>Max Depth = 16<LI>Call Chain = spi_Read
</UL>
<BR>[Calls]<UL><LI><a href="#[61]">&gt;&gt;</a>&nbsp;&nbsp;&nbsp;GPIO_WriteOutBits
<LI><a href="#[7c]">&gt;&gt;</a>&nbsp;&nbsp;&nbsp;spi_TransferData
</UL>
<BR>[Called By]<UL><LI><a href="#[49]">&gt;&gt;</a>&nbsp;&nbsp;&nbsp;rf_ReadRegister
</UL>

<P><STRONG><a name="[45]"></a>spi_SetCEState</STRONG> (Thumb, 24 bytes, Stack size 8 bytes, softspi.o(i.spi_SetCEState))
<BR><BR>[Stack]<UL><LI>Max Depth = 8<LI>Call Chain = spi_SetCEState
</UL>
<BR>[Calls]<UL><LI><a href="#[61]">&gt;&gt;</a>&nbsp;&nbsp;&nbsp;GPIO_WriteOutBits
</UL>
<BR>[Called By]<UL><LI><a href="#[56]">&gt;&gt;</a>&nbsp;&nbsp;&nbsp;rf_Listen
<LI><a href="#[3b]">&gt;&gt;</a>&nbsp;&nbsp;&nbsp;DueMain_main
</UL>

<P><STRONG><a name="[7c]"></a>spi_TransferData</STRONG> (Thumb, 16 bytes, Stack size 0 bytes, softspi.o(i.spi_TransferData))
<BR><BR>[Called By]<UL><LI><a href="#[7a]">&gt;&gt;</a>&nbsp;&nbsp;&nbsp;spi_Write
<LI><a href="#[7b]">&gt;&gt;</a>&nbsp;&nbsp;&nbsp;spi_Read
</UL>

<P><STRONG><a name="[7a]"></a>spi_Write</STRONG> (Thumb, 60 bytes, Stack size 24 bytes, softspi.o(i.spi_Write))
<BR><BR>[Stack]<UL><LI>Max Depth = 24<LI>Call Chain = spi_Write
</UL>
<BR>[Calls]<UL><LI><a href="#[61]">&gt;&gt;</a>&nbsp;&nbsp;&nbsp;GPIO_WriteOutBits
<LI><a href="#[7c]">&gt;&gt;</a>&nbsp;&nbsp;&nbsp;spi_TransferData
</UL>
<BR>[Called By]<UL><LI><a href="#[74]">&gt;&gt;</a>&nbsp;&nbsp;&nbsp;rf_SendCmd_1
<LI><a href="#[79]">&gt;&gt;</a>&nbsp;&nbsp;&nbsp;rf_SendCmdBuffer
<LI><a href="#[44]">&gt;&gt;</a>&nbsp;&nbsp;&nbsp;rf_SendData
<LI><a href="#[47]">&gt;&gt;</a>&nbsp;&nbsp;&nbsp;rf_SendCmd_2
<LI><a href="#[4c]">&gt;&gt;</a>&nbsp;&nbsp;&nbsp;rf_ReceiveData
<LI><a href="#[49]">&gt;&gt;</a>&nbsp;&nbsp;&nbsp;rf_ReadRegister
</UL>

<P><STRONG><a name="[5a]"></a>tmr50usIsExpired</STRONG> (Thumb, 20 bytes, Stack size 0 bytes, tmr50us.o(i.tmr50usIsExpired))
<BR><BR>[Called By]<UL><LI><a href="#[4e]">&gt;&gt;</a>&nbsp;&nbsp;&nbsp;delay_unit_50us
</UL>

<P><STRONG><a name="[63]"></a>uart_putchar</STRONG> (Thumb, 58 bytes, Stack size 16 bytes, usart.o(i.uart_putchar))
<BR><BR>[Stack]<UL><LI>Max Depth = 16<LI>Call Chain = uart_putchar
</UL>
<BR>[Calls]<UL><LI><a href="#[50]">&gt;&gt;</a>&nbsp;&nbsp;&nbsp;USART_IntConfig
</UL>
<BR>[Called By]<UL><LI><a href="#[62]">&gt;&gt;</a>&nbsp;&nbsp;&nbsp;lownibble_to_ascii
<LI><a href="#[3d]">&gt;&gt;</a>&nbsp;&nbsp;&nbsp;uart_puts
<LI><a href="#[3c]">&gt;&gt;</a>&nbsp;&nbsp;&nbsp;uart_putchar_n
</UL>

<P><STRONG><a name="[3c]"></a>uart_putchar_n</STRONG> (Thumb, 20 bytes, Stack size 8 bytes, usart.o(i.uart_putchar_n))
<BR><BR>[Stack]<UL><LI>Max Depth = 24<LI>Call Chain = uart_putchar_n &rArr; uart_putchar
</UL>
<BR>[Calls]<UL><LI><a href="#[63]">&gt;&gt;</a>&nbsp;&nbsp;&nbsp;uart_putchar
</UL>
<BR>[Called By]<UL><LI><a href="#[55]">&gt;&gt;</a>&nbsp;&nbsp;&nbsp;UnoClient_main
<LI><a href="#[3b]">&gt;&gt;</a>&nbsp;&nbsp;&nbsp;DueMain_main
<LI><a href="#[57]">&gt;&gt;</a>&nbsp;&nbsp;&nbsp;debug_rxpackets_from_ptx_not_consecutive
<LI><a href="#[4d]">&gt;&gt;</a>&nbsp;&nbsp;&nbsp;debug_rxpackets_from_prx_not_consecutive
</UL>

<P><STRONG><a name="[3d]"></a>uart_puts</STRONG> (Thumb, 20 bytes, Stack size 8 bytes, usart.o(i.uart_puts))
<BR><BR>[Stack]<UL><LI>Max Depth = 24<LI>Call Chain = uart_puts &rArr; uart_putchar
</UL>
<BR>[Calls]<UL><LI><a href="#[63]">&gt;&gt;</a>&nbsp;&nbsp;&nbsp;uart_putchar
</UL>
<BR>[Called By]<UL><LI><a href="#[55]">&gt;&gt;</a>&nbsp;&nbsp;&nbsp;UnoClient_main
<LI><a href="#[3b]">&gt;&gt;</a>&nbsp;&nbsp;&nbsp;DueMain_main
<LI><a href="#[48]">&gt;&gt;</a>&nbsp;&nbsp;&nbsp;foo_ptx_print_count_send
<LI><a href="#[57]">&gt;&gt;</a>&nbsp;&nbsp;&nbsp;debug_rxpackets_from_ptx_not_consecutive
<LI><a href="#[4d]">&gt;&gt;</a>&nbsp;&nbsp;&nbsp;debug_rxpackets_from_prx_not_consecutive
</UL>

<P><STRONG><a name="[58]"></a>uart_putu16</STRONG> (Thumb, 32 bytes, Stack size 8 bytes, usart.o(i.uart_putu16))
<BR><BR>[Stack]<UL><LI>Max Depth = 32<LI>Call Chain = uart_putu16 &rArr; lownibble_to_ascii &rArr; uart_putchar
</UL>
<BR>[Calls]<UL><LI><a href="#[62]">&gt;&gt;</a>&nbsp;&nbsp;&nbsp;lownibble_to_ascii
</UL>
<BR>[Called By]<UL><LI><a href="#[55]">&gt;&gt;</a>&nbsp;&nbsp;&nbsp;UnoClient_main
<LI><a href="#[48]">&gt;&gt;</a>&nbsp;&nbsp;&nbsp;foo_ptx_print_count_send
</UL>

<P><STRONG><a name="[3e]"></a>uart_putu8</STRONG> (Thumb, 18 bytes, Stack size 8 bytes, usart.o(i.uart_putu8))
<BR><BR>[Stack]<UL><LI>Max Depth = 32<LI>Call Chain = uart_putu8 &rArr; lownibble_to_ascii &rArr; uart_putchar
</UL>
<BR>[Calls]<UL><LI><a href="#[62]">&gt;&gt;</a>&nbsp;&nbsp;&nbsp;lownibble_to_ascii
</UL>
<BR>[Called By]<UL><LI><a href="#[55]">&gt;&gt;</a>&nbsp;&nbsp;&nbsp;UnoClient_main
<LI><a href="#[3b]">&gt;&gt;</a>&nbsp;&nbsp;&nbsp;DueMain_main
</UL>
<P>
<H3>
Local Symbols
</H3>
<P><STRONG><a name="[4d]"></a>debug_rxpackets_from_prx_not_consecutive</STRONG> (Thumb, 86 bytes, Stack size 24 bytes, nrf2401_host.o(i.debug_rxpackets_from_prx_not_consecutive))
<BR><BR>[Stack]<UL><LI>Max Depth = 48<LI>Call Chain = debug_rxpackets_from_prx_not_consecutive &rArr; uart_puts &rArr; uart_putchar
</UL>
<BR>[Calls]<UL><LI><a href="#[3d]">&gt;&gt;</a>&nbsp;&nbsp;&nbsp;uart_puts
<LI><a href="#[3c]">&gt;&gt;</a>&nbsp;&nbsp;&nbsp;uart_putchar_n
</UL>
<BR>[Called By]<UL><LI><a href="#[3b]">&gt;&gt;</a>&nbsp;&nbsp;&nbsp;DueMain_main
</UL>

<P><STRONG><a name="[57]"></a>debug_rxpackets_from_ptx_not_consecutive</STRONG> (Thumb, 86 bytes, Stack size 24 bytes, nrf2401_host.o(i.debug_rxpackets_from_ptx_not_consecutive))
<BR><BR>[Stack]<UL><LI>Max Depth = 48<LI>Call Chain = debug_rxpackets_from_ptx_not_consecutive &rArr; uart_puts &rArr; uart_putchar
</UL>
<BR>[Calls]<UL><LI><a href="#[3d]">&gt;&gt;</a>&nbsp;&nbsp;&nbsp;uart_puts
<LI><a href="#[3c]">&gt;&gt;</a>&nbsp;&nbsp;&nbsp;uart_putchar_n
</UL>
<BR>[Called By]<UL><LI><a href="#[55]">&gt;&gt;</a>&nbsp;&nbsp;&nbsp;UnoClient_main
</UL>

<P><STRONG><a name="[48]"></a>foo_ptx_print_count_send</STRONG> (Thumb, 78 bytes, Stack size 8 bytes, nrf2401_host.o(i.foo_ptx_print_count_send))
<BR><BR>[Stack]<UL><LI>Max Depth = 40<LI>Call Chain = foo_ptx_print_count_send &rArr; uart_putu16 &rArr; lownibble_to_ascii &rArr; uart_putchar
</UL>
<BR>[Calls]<UL><LI><a href="#[58]">&gt;&gt;</a>&nbsp;&nbsp;&nbsp;uart_putu16
<LI><a href="#[3d]">&gt;&gt;</a>&nbsp;&nbsp;&nbsp;uart_puts
</UL>
<BR>[Called By]<UL><LI><a href="#[3b]">&gt;&gt;</a>&nbsp;&nbsp;&nbsp;DueMain_main
</UL>

<P><STRONG><a name="[4b]"></a>rewrite_syncID</STRONG> (Thumb, 86 bytes, Stack size 8 bytes, nrf2401_host.o(i.rewrite_syncID))
<BR><BR>[Stack]<UL><LI>Max Depth = 72<LI>Call Chain = rewrite_syncID &rArr; rf_SetPipeAddress &rArr; rf_SendCmdBuffer &rArr; spi_Write
</UL>
<BR>[Calls]<UL><LI><a href="#[71]">&gt;&gt;</a>&nbsp;&nbsp;&nbsp;rf_SetPipeAddress
</UL>
<BR>[Called By]<UL><LI><a href="#[3b]">&gt;&gt;</a>&nbsp;&nbsp;&nbsp;DueMain_main
</UL>

<P><STRONG><a name="[62]"></a>lownibble_to_ascii</STRONG> (Thumb, 22 bytes, Stack size 8 bytes, usart.o(i.lownibble_to_ascii))
<BR><BR>[Stack]<UL><LI>Max Depth = 24<LI>Call Chain = lownibble_to_ascii &rArr; uart_putchar
</UL>
<BR>[Calls]<UL><LI><a href="#[63]">&gt;&gt;</a>&nbsp;&nbsp;&nbsp;uart_putchar
</UL>
<BR>[Called By]<UL><LI><a href="#[3e]">&gt;&gt;</a>&nbsp;&nbsp;&nbsp;uart_putu8
<LI><a href="#[58]">&gt;&gt;</a>&nbsp;&nbsp;&nbsp;uart_putu16
</UL>

<P><STRONG><a name="[23]"></a>BootProcess</STRONG> (Thumb, 94 bytes, Stack size 0 bytes, startup_ht32f5xxxx_01.o(RESET))
<BR>[Address Reference Count : 1]<UL><LI> startup_ht32f5xxxx_01.o(RESET)
</UL><P>
<H3>
Undefined Global Symbols
</H3><HR></body></html>
