<html>
<body>
<pre>
<h1>µVision Build Log</h1>
<h2>Tool Versions:</h2>
IDE-Version: £gVision V5.28.0.0
Copyright (C) 2019 ARM Ltd and ARM Germany GmbH. All rights reserved.
License Information: sean chang, holtek, LIC=----
 
Tool Versions:
Toolchain:       MDK-Lite  Version: 5.28.0.0
Toolchain Path:  C:\Keil_v5\ARM\ARMCC\Bin
C Compiler:      Armcc.exe V5.06 update 6 (build 750)
Assembler:       Armasm.exe V5.06 update 6 (build 750)
Linker/Locator:  ArmLink.exe V5.06 update 6 (build 750)
Library Manager: ArmAr.exe V5.06 update 6 (build 750)
Hex Converter:   FromElf.exe V5.06 update 6 (build 750)
CPU DLL:         SARMCM3.DLL V5.28.0.0
Dialog DLL:      DLM.DLL V1.26.0.0
Target DLL:      CMSIS_AGDI.dll V1.31.18.0
Dialog DLL:      TLM.DLL V1.24.0.0
 
<h2>Project:</h2>
D:\code\gitCode\1656_5603with12366_nrf24\ht32f12366\5603\5603_Pierce\231018_nrf24(enaa=1,dpl=1,Âù¦V)_1000pakcets\MDK_ARMv5\Project_12366.uvprojx
Project File Date:  12/10/2021

<h2>Output:</h2>
*** Using Compiler 'V5.06 update 6 (build 750)', folder: 'C:\Keil_v5\ARM\ARMCC\Bin'
Build target 'HT32'
compiling main.c...
compiling softspi.c...
compiling bc5602_host2.c...
compiling bc5602_host.c...
..\bc5602_host.c(490): warning:  #177-D: variable "addr"  was declared but never referenced
      unsigned char addr, value;
..\bc5602_host.c(490): warning:  #177-D: variable "value"  was declared but never referenced
      unsigned char addr, value;
..\bc5602_host.c(675): warning:  #177-D: variable "i"  was declared but never referenced
  		int i;
..\bc5602_host.c(1589): warning:  #550-D: variable "rt1"  was set but never used
      unsigned char rt1, rt2;
..\bc5602_host.c(1589): warning:  #550-D: variable "rt2"  was set but never used
      unsigned char rt1, rt2;
..\bc5602_host.c(1674): warning:  #177-D: variable "r_irq2"  was declared but never referenced
      unsigned char r_irq1, r_irq2;
..\bc5602_host.c(1975): warning:  #550-D: variable "r_irq2"  was set but never used
      unsigned char r_irq1, r_irq2;
..\bc5602_host.c(1994): warning:  #550-D: variable "r_irq2"  was set but never used
      unsigned char r_irq1, r_irq2;
..\bc5602_host.c(1995): warning:  #177-D: variable "aaaaaa"  was declared but never referenced
      static unsigned char  aaaaaa;
..\bc5602_host.c(396): warning:  #177-D: function "__read_fpga_all_ctrl_registers"  was declared but never referenced
  static void __read_fpga_all_ctrl_registers(void)
..\bc5602_host.c(488): warning:  #177-D: function "__check_v1_all_ctrl_registers"  was declared but never referenced
  static void __check_v1_all_ctrl_registers(void)
..\bc5602_host.c(595): warning:  #177-D: function "test_read_chip_version"  was declared but never referenced
  static void test_read_chip_version(void)
..\bc5602_host.c(1587): warning:  #177-D: function "read_rt2_upon_txds"  was declared but never referenced
  static void read_rt2_upon_txds(void)
..\bc5602_host.c(1595): warning:  #177-D: function "read_rt2_upon_maxrt"  was declared but never referenced
  static void read_rt2_upon_maxrt(void)
..\bc5602_host.c(1641): warning:  #177-D: function "change_amble2"  was declared but never referenced
   static void change_amble2(void)  //preamble length 1 or 2 bytes
..\bc5602_host.c: 15 warnings, 0 errors
linking...
Program Size: Code=7804 RO-data=32 RW-data=112 ZI-data=2664  
FromELF: creating hex file...
After Build - User command #1: fromelf --bin -o ".\HT32\12366\Obj\HT32.axf.bin" ".\HT32\12366\Obj\HT32.axf"
".\HT32\12366\Obj\HT32.axf" - 0 Error(s), 15 Warning(s).

<h2>Software Packages used:</h2>

Package Vendor: Holtek
                http://mcu.holtek.com.tw/pack/Holtek.HT32_DFP.1.0.18.pack
                Holtek.HT32_DFP.1.0.18
                Holtek HT32 Family Support

<h2>Collection of Component include folders:</h2>
  .\RTE\_HT32
  C:\Keil_v5\ARM\PACK\Holtek\HT32_DFP\1.0.18\ARM\INC\Holtek\HT32F1xxxx

<h2>Collection of Component Files used:</h2>
Build Time Elapsed:  00:00:02
</pre>
</body>
</html>
