Component: ARM Compiler 5.06 update 6 (build 750) Tool: armlink [4d35ed]

==============================================================================

Section Cross References

    main.o(i.main) refers to ht32f1xxxx_ckcu.o(i.CKCU_PeripClockConfig) for CKCU_PeripClockConfig
    main.o(i.main) refers to ht32f1xxxx_pwrcu.o(i.PWRCU_CheckReadyAccessed) for PWRCU_CheckReadyAccessed
    main.o(i.main) refers to ht32f1xxxx_bftm.o(i.BFTM_SetCompare) for BFTM_SetCompare
    main.o(i.main) refers to ht32f1xxxx_bftm.o(i.BFTM_SetCounter) for BFTM_SetCounter
    main.o(i.main) refers to ht32f1xxxx_bftm.o(i.BFTM_IntConfig) for BFTM_IntConfig
    main.o(i.main) refers to ht32f1xxxx_bftm.o(i.BFTM_EnaCmd) for BFTM_EnaCmd
    main.o(i.main) refers to main.o(i.NVIC_EnableIRQ) for NVIC_EnableIRQ
    main.o(i.main) refers to ht32f1xxxx_gpio.o(i.GPIO_PullResistorConfig) for GPIO_PullResistorConfig
    main.o(i.main) refers to ht32f1xxxx_gpio.o(i.AFIO_GPxConfig) for AFIO_GPxConfig
    main.o(i.main) refers to ht32f1xxxx_spi.o(i.SPI_Init) for SPI_Init
    main.o(i.main) refers to ht32f1xxxx_spi.o(i.SPI_SELOutputCmd) for SPI_SELOutputCmd
    main.o(i.main) refers to ht32f1xxxx_spi.o(i.SPI_Cmd) for SPI_Cmd
    main.o(i.main) refers to ht32f1xxxx_usart.o(i.USART_Init) for USART_Init
    main.o(i.main) refers to ht32f1xxxx_usart.o(i.USART_FIFOReset) for USART_FIFOReset
    main.o(i.main) refers to ht32f1xxxx_usart.o(i.USART_IntConfig) for USART_IntConfig
    main.o(i.main) refers to ht32f1xxxx_usart.o(i.USART_TxRxCmd) for USART_TxRxCmd
    main.o(i.main) refers to ht32f1xxxx_gpio.o(i.GPIO_DirectionConfig) for GPIO_DirectionConfig
    main.o(i.main) refers to nrf2401_host.o(i.host24L01_process) for host24L01_process
    main.o(i.main) refers to system_ht32f1xxxx_02.o(.data) for SystemCoreClock
    ht32f1xxxx_01_it.o(i.BFTM0_IRQHandler) refers to ht32f1xxxx_bftm.o(i.BFTM_ClearFlag) for BFTM_ClearFlag
    ht32f1xxxx_01_it.o(i.BFTM0_IRQHandler) refers to tmr50us.o(.data) for tmr50us_current_ticks
    ht32f1xxxx_01_it.o(i.HardFault_Handler) refers to ht32f1xxxx_01_it.o(.data) for .data
    ht32f1xxxx_01_it.o(i.USART0_IRQHandler) refers to ht32f1xxxx_usart.o(i.USART_GetFlagStatus) for USART_GetFlagStatus
    ht32f1xxxx_01_it.o(i.USART0_IRQHandler) refers to ht32f1xxxx_usart.o(i.USART_IntConfig) for USART_IntConfig
    ht32f1xxxx_01_it.o(i.USART0_IRQHandler) refers to ht32f1xxxx_usart.o(i.USART_SendData) for USART_SendData
    ht32f1xxxx_01_it.o(i.USART0_IRQHandler) refers to ht32f1xxxx_usart.o(i.USART_ReceiveData) for USART_ReceiveData
    ht32f1xxxx_01_it.o(i.USART0_IRQHandler) refers to usart.o(.data) for UR0TxWriteIndex
    ht32f1xxxx_01_it.o(i.USART0_IRQHandler) refers to usart.o(.bss) for UR0TxBuf
    ht32f1xxxx_01_it.o(i.USART0_IRQHandler) refers to usart.o(.data) for UR0RxWriteIndex
    ht32f1xxxx_01_it.o(i.USART0_IRQHandler) refers to usart.o(.data) for UR0RxReadIndex
    ht32f1xxxx_01_it.o(i.USART0_IRQHandler) refers to usart.o(.bss) for UR0RxBuf
    nrf2401_host.o(i.DueMain_main) refers to softspi.o(i.rf_Init) for rf_Init
    nrf2401_host.o(i.DueMain_main) refers to softspi.o(i.rf_ConfigurePipe) for rf_ConfigurePipe
    nrf2401_host.o(i.DueMain_main) refers to softspi.o(i.rf_ResetStatus) for rf_ResetStatus
    nrf2401_host.o(i.DueMain_main) refers to softspi.o(i.rf_FlushBuffer) for rf_FlushBuffer
    nrf2401_host.o(i.DueMain_main) refers to softspi.o(i.rf_PowerUp) for rf_PowerUp
    nrf2401_host.o(i.DueMain_main) refers to softspi.o(i.rf_SendData) for rf_SendData
    nrf2401_host.o(i.DueMain_main) refers to softspi.o(i.spi_SetCEState) for spi_SetCEState
    nrf2401_host.o(i.DueMain_main) refers to softspi.o(i.rf_GetStatus) for rf_GetStatus
    nrf2401_host.o(i.DueMain_main) refers to softspi.o(i.rf_SendCmd_2) for rf_SendCmd_2
    nrf2401_host.o(i.DueMain_main) refers to usart.o(i.uart_puts) for uart_puts
    nrf2401_host.o(i.DueMain_main) refers to usart.o(i.uart_putu16) for uart_putu16
    nrf2401_host.o(i.DueMain_main) refers to usart.o(i.uart_putchar_n) for uart_putchar_n
    nrf2401_host.o(i.DueMain_main) refers to softspi.o(i.rf_SendCmd_1) for rf_SendCmd_1
    nrf2401_host.o(i.DueMain_main) refers to nrf2401_host.o(i.rewrite_syncID) for rewrite_syncID
    nrf2401_host.o(i.DueMain_main) refers to softspi.o(i.rf_IsDataAvailable) for rf_IsDataAvailable
    nrf2401_host.o(i.DueMain_main) refers to softspi.o(i.rf_ReceiveData) for rf_ReceiveData
    nrf2401_host.o(i.DueMain_main) refers to nrf2401_host.o(i.debug_rxpackets_from_prx_not_consecutive) for debug_rxpackets_from_prx_not_consecutive
    nrf2401_host.o(i.DueMain_main) refers to usart.o(i.uart_putu8) for uart_putu8
    nrf2401_host.o(i.DueMain_main) refers to tmr50us.o(i.delay_unit_50us) for delay_unit_50us
    nrf2401_host.o(i.DueMain_main) refers to nrf2401_host.o(.bss) for .bss
    nrf2401_host.o(i.DueMain_main) refers to nrf2401_host.o(.constdata) for .constdata
[...]
    Removing ht32f1xxxx_exti.o(i.EXTI_DeInit), (48 bytes).
    Removing ht32f1xxxx_exti.o(i.EXTI_GetEdgeFlag), (24 bytes).
    Removing ht32f1xxxx_exti.o(i.EXTI_GetEdgeStatus), (40 bytes).
    Removing ht32f1xxxx_exti.o(i.EXTI_GetSWCmdStatus), (24 bytes).
    Removing ht32f1xxxx_exti.o(i.EXTI_GetWakeupFlagStatus), (24 bytes).
    Removing ht32f1xxxx_exti.o(i.EXTI_Init), (28 bytes).
    Removing ht32f1xxxx_exti.o(i.EXTI_IntConfig), (28 bytes).
    Removing ht32f1xxxx_exti.o(i.EXTI_SWIntCmd), (28 bytes).
    Removing ht32f1xxxx_exti.o(i.EXTI_WakeupEventConfig), (44 bytes).
    Removing ht32f1xxxx_exti.o(i.EXTI_WakeupEventIntConfig), (28 bytes).
    Removing ht32f1xxxx_flash.o(.rev16_text), (4 bytes).
    Removing ht32f1xxxx_flash.o(.revsh_text), (4 bytes).
    Removing ht32f1xxxx_flash.o(.rrx_text), (6 bytes).
    Removing ht32f1xxxx_flash.o(i.FLASH_BranchCacheCmd), (32 bytes).
    Removing ht32f1xxxx_flash.o(i.FLASH_ClearIntFlag), (12 bytes).
    Removing ht32f1xxxx_flash.o(i.FLASH_DcodeCacheCmd), (32 bytes).
    Removing ht32f1xxxx_flash.o(i.FLASH_EraseOptionByte), (12 bytes).
    Removing ht32f1xxxx_flash.o(i.FLASH_ErasePage), (16 bytes).
    Removing ht32f1xxxx_flash.o(i.FLASH_GetIntStatus), (20 bytes).
    Removing ht32f1xxxx_flash.o(i.FLASH_GetOptionByteStatus), (48 bytes).
    Removing ht32f1xxxx_flash.o(i.FLASH_IntConfig), (24 bytes).
    Removing ht32f1xxxx_flash.o(i.FLASH_MassErase), (16 bytes).
    Removing ht32f1xxxx_flash.o(i.FLASH_PrefetchBufferCmd), (32 bytes).
    Removing ht32f1xxxx_flash.o(i.FLASH_ProgramOptionByte), (80 bytes).
    Removing ht32f1xxxx_flash.o(i.FLASH_ProgramWordData), (28 bytes).
    Removing ht32f1xxxx_flash.o(i.FLASH_SetRemappingMode), (12 bytes).
    Removing ht32f1xxxx_flash.o(i.FLASH_SetWaitState), (24 bytes).
    Removing ht32f1xxxx_flash.o(i.FLASH_WaitForOperationEnd), (76 bytes).
    Removing ht32f1xxxx_gpio.o(.rev16_text), (4 bytes).
    Removing ht32f1xxxx_gpio.o(.revsh_text), (4 bytes).
    Removing ht32f1xxxx_gpio.o(.rrx_text), (6 bytes).
    Removing ht32f1xxxx_gpio.o(i.AFIO_DeInit), (14 bytes).
    Removing ht32f1xxxx_gpio.o(i.AFIO_EXTISourceConfig), (44 bytes).
    Removing ht32f1xxxx_gpio.o(i.GPIO_ClearOutBits), (4 bytes).
    Removing ht32f1xxxx_gpio.o(i.GPIO_DeInit), (92 bytes).
    Removing ht32f1xxxx_gpio.o(i.GPIO_DisableDebugPort), (60 bytes).
    Removing ht32f1xxxx_gpio.o(i.GPIO_DriveConfig), (54 bytes).
    Removing ht32f1xxxx_gpio.o(i.GPIO_IsPinLocked), (10 bytes).
    Removing ht32f1xxxx_gpio.o(i.GPIO_IsPortLocked), (10 bytes).
    Removing ht32f1xxxx_gpio.o(i.GPIO_OpenDrainConfig), (16 bytes).
    Removing ht32f1xxxx_gpio.o(i.GPIO_PinLock), (12 bytes).
    Removing ht32f1xxxx_gpio.o(i.GPIO_ReadInData), (6 bytes).
    Removing ht32f1xxxx_gpio.o(i.GPIO_ReadOutData), (6 bytes).
    Removing ht32f1xxxx_gpio.o(i.GPIO_SetOutBits), (4 bytes).
    Removing ht32f1xxxx_gpio.o(i.GPIO_WriteOutData), (4 bytes).
    Removing ht32f1xxxx_gpio.o(i._AFIO_ClockControl), (40 bytes).
    Removing ht32f1xxxx_gpio.o(i._GPIO_ClockControl), (52 bytes).
    Removing ht32f1xxxx_i2c.o(.rev16_text), (4 bytes).
    Removing ht32f1xxxx_i2c.o(.revsh_text), (4 bytes).
    Removing ht32f1xxxx_i2c.o(.rrx_text), (6 bytes).
    Removing ht32f1xxxx_i2c.o(i.I2C_AckCmd), (20 bytes).
    Removing ht32f1xxxx_i2c.o(i.I2C_AddressMaskConfig), (4 bytes).
    Removing ht32f1xxxx_i2c.o(i.I2C_CheckStatus), (14 bytes).
    Removing ht32f1xxxx_i2c.o(i.I2C_ClearFlag), (4 bytes).
    Removing ht32f1xxxx_i2c.o(i.I2C_Cmd), (20 bytes).
    Removing ht32f1xxxx_i2c.o(i.I2C_CombFilterCmd), (20 bytes).
    Removing ht32f1xxxx_i2c.o(i.I2C_DeInit), (44 bytes).
    Removing ht32f1xxxx_i2c.o(i.I2C_GeneralCallCmd), (20 bytes).
    Removing ht32f1xxxx_i2c.o(i.I2C_GenerateSTOP), (10 bytes).
    Removing ht32f1xxxx_i2c.o(i.I2C_GetAddressBuffer), (6 bytes).
    Removing ht32f1xxxx_i2c.o(i.I2C_GetFlagStatus), (10 bytes).
    Removing ht32f1xxxx_i2c.o(i.I2C_Init), (164 bytes).
    Removing ht32f1xxxx_i2c.o(i.I2C_IntConfig), (16 bytes).
    Removing ht32f1xxxx_i2c.o(i.I2C_PDMACmd), (16 bytes).
    Removing ht32f1xxxx_i2c.o(i.I2C_PDMANACKCmd), (20 bytes).
    Removing ht32f1xxxx_i2c.o(i.I2C_ReadRegister), (10 bytes).
    Removing ht32f1xxxx_i2c.o(i.I2C_ReceiveData), (6 bytes).
    Removing ht32f1xxxx_i2c.o(i.I2C_SendData), (4 bytes).
    Removing ht32f1xxxx_i2c.o(i.I2C_SequentialFilterConfig), (112 bytes).
    Removing ht32f1xxxx_i2c.o(i.I2C_SetOwnAddress), (4 bytes).
    Removing ht32f1xxxx_i2c.o(i.I2C_SetSCLHighPeriod), (4 bytes).
    Removing ht32f1xxxx_i2c.o(i.I2C_SetSCLLowPeriod), (4 bytes).
    Removing ht32f1xxxx_i2c.o(i.I2C_SetTimeOutPrescaler), (10 bytes).
    Removing ht32f1xxxx_i2c.o(i.I2C_SetTimeOutValue), (12 bytes).
    Removing ht32f1xxxx_i2c.o(i.I2C_StructInit), (24 bytes).
    Removing ht32f1xxxx_i2c.o(i.I2C_TargetAddressConfig), (16 bytes).
    Removing ht32f1xxxx_i2c.o(i.I2C_TimeOutCmd), (20 bytes).
    Removing ht32f1xxxx_i2s.o(.rev16_text), (4 bytes).
    Removing ht32f1xxxx_i2s.o(.revsh_text), (4 bytes).
    Removing ht32f1xxxx_i2s.o(.rrx_text), (6 bytes).
    Removing ht32f1xxxx_i2s.o(i.I2S_ClearFlag), (12 bytes).
    Removing ht32f1xxxx_i2s.o(i.I2S_Cmd), (28 bytes).
    Removing ht32f1xxxx_i2s.o(i.I2S_DeInit), (14 bytes).
    Removing ht32f1xxxx_i2s.o(i.I2S_FIFOReset), (16 bytes).
    Removing ht32f1xxxx_i2s.o(i.I2S_FIFOTrigLevelConfig), (40 bytes).
    Removing ht32f1xxxx_i2s.o(i.I2S_GetFIFOStatus), (24 bytes).
    Removing ht32f1xxxx_i2s.o(i.I2S_GetFlagStatus), (20 bytes).
    Removing ht32f1xxxx_i2s.o(i.I2S_Init), (112 bytes).
    Removing ht32f1xxxx_i2s.o(i.I2S_IntConfig), (24 bytes).
    Removing ht32f1xxxx_i2s.o(i.I2S_PDMACmd), (24 bytes).
    Removing ht32f1xxxx_i2s.o(i.I2S_TxMuteCmd), (28 bytes).
    Removing ht32f1xxxx_mctm.o(.rev16_text), (4 bytes).
    Removing ht32f1xxxx_mctm.o(.revsh_text), (4 bytes).
    Removing ht32f1xxxx_mctm.o(.rrx_text), (6 bytes).
    Removing ht32f1xxxx_mctm.o(i.MCTM_CHBRKCTRConfig), (54 bytes).
    Removing ht32f1xxxx_mctm.o(i.MCTM_CHBRKCTRStructInit), (28 bytes).
    Removing ht32f1xxxx_mctm.o(i.MCTM_CHMOECmd), (20 bytes).
    Removing ht32f1xxxx_mctm.o(i.MCTM_COMPRECmd), (20 bytes).
    Removing ht32f1xxxx_mctm.o(i.MCTM_COMUSConfig), (20 bytes).
    Removing ht32f1xxxx_mctm.o(i.MCTM_ChNPolarityConfig), (22 bytes).
    Removing ht32f1xxxx_mctm.o(i.MCTM_ChannelNConfig), (26 bytes).
    Removing ht32f1xxxx_pdma.o(.rev16_text), (4 bytes).
    Removing ht32f1xxxx_pdma.o(.revsh_text), (4 bytes).
    Removing ht32f1xxxx_pdma.o(.rrx_text), (6 bytes).
    Removing ht32f1xxxx_pdma.o(i.PDMA_ClearFlag), (44 bytes).
    Removing ht32f1xxxx_pdma.o(i.PDMA_Config), (48 bytes).
    Removing ht32f1xxxx_pdma.o(i.PDMA_EnaCmd), (40 bytes).
    Removing ht32f1xxxx_pdma.o(i.PDMA_GetFlagStatus), (52 bytes).
    Removing ht32f1xxxx_pdma.o(i.PDMA_IntConfig), (80 bytes).
    Removing ht32f1xxxx_pdma.o(i.PDMA_SwTrigCmd), (40 bytes).
    Removing ht32f1xxxx_pdma.o(i.PDMA_TranSizeConfig), (24 bytes).
    Removing ht32f1xxxx_pwrcu.o(.rev16_text), (4 bytes).
    Removing ht32f1xxxx_pwrcu.o(.revsh_text), (4 bytes).
    Removing ht32f1xxxx_pwrcu.o(.rrx_text), (6 bytes).
    Removing ht32f1xxxx_pwrcu.o(i.PWRCU_BODCmd), (12 bytes).
    Removing ht32f1xxxx_pwrcu.o(i.PWRCU_BODRISConfig), (12 bytes).
    Removing ht32f1xxxx_pwrcu.o(i.PWRCU_DMOSCmd), (24 bytes).
    Removing ht32f1xxxx_pwrcu.o(i.PWRCU_DeInit), (32 bytes).
    Removing ht32f1xxxx_pwrcu.o(i.PWRCU_DeepSleep1), (68 bytes).
    Removing ht32f1xxxx_pwrcu.o(i.PWRCU_DeepSleep2), (80 bytes).
    Removing ht32f1xxxx_pwrcu.o(i.PWRCU_GetBODFlagStatus), (16 bytes).
    Removing ht32f1xxxx_pwrcu.o(i.PWRCU_GetDMOSStatus), (36 bytes).
    Removing ht32f1xxxx_pwrcu.o(i.PWRCU_GetFlagStatus), (28 bytes).
    Removing ht32f1xxxx_pwrcu.o(i.PWRCU_GetLVDFlagStatus), (16 bytes).
    Removing ht32f1xxxx_pwrcu.o(i.PWRCU_HSIReadyCounterBitLengthConfig), (12 bytes).
    Removing ht32f1xxxx_pwrcu.o(i.PWRCU_LDOConfig), (16 bytes).
    Removing ht32f1xxxx_pwrcu.o(i.PWRCU_LVDCmd), (12 bytes).
    Removing ht32f1xxxx_pwrcu.o(i.PWRCU_LVDEventWakeupConfig), (12 bytes).
    Removing ht32f1xxxx_pwrcu.o(i.PWRCU_LVDIntWakeupConfig), (12 bytes).
    Removing ht32f1xxxx_pwrcu.o(i.PWRCU_PowerDown), (120 bytes).
    Removing ht32f1xxxx_pwrcu.o(i.PWRCU_ReadBackupRegister), (16 bytes).
    Removing ht32f1xxxx_pwrcu.o(i.PWRCU_SetLDOFTRM), (24 bytes).
    Removing ht32f1xxxx_pwrcu.o(i.PWRCU_SetLVDS), (24 bytes).
    Removing ht32f1xxxx_pwrcu.o(i.PWRCU_Sleep), (24 bytes).
    Removing ht32f1xxxx_pwrcu.o(i.PWRCU_VRDYSourceConfig), (12 bytes).
    Removing ht32f1xxxx_pwrcu.o(i.PWRCU_WakeupPinCmd), (28 bytes).
    Removing ht32f1xxxx_pwrcu.o(i.PWRCU_WakeupPinIntConfig), (12 bytes).
    Removing ht32f1xxxx_pwrcu.o(i.PWRCU_WriteBackupRegister), (16 bytes).
    Removing ht32f1xxxx_pwrcu.o(.data), (1 bytes).
    Removing ht32f1xxxx_rstcu.o(.rev16_text), (4 bytes).
    Removing ht32f1xxxx_rstcu.o(.revsh_text), (4 bytes).
    Removing ht32f1xxxx_rstcu.o(.rrx_text), (6 bytes).
    Removing ht32f1xxxx_rstcu.o(i.RSTCU_ClearAllResetFlag), (16 bytes).
    Removing ht32f1xxxx_rstcu.o(i.RSTCU_ClearResetFlag), (16 bytes).
    Removing ht32f1xxxx_rstcu.o(i.RSTCU_GetResetFlagStatus), (28 bytes).
    Removing ht32f1xxxx_rstcu.o(i.RSTCU_PeripReset), (48 bytes).
    Removing ht32f1xxxx_rtc.o(.rev16_text), (4 bytes).
    Removing ht32f1xxxx_rtc.o(.revsh_text), (4 bytes).
    Removing ht32f1xxxx_rtc.o(.rrx_text), (6 bytes).
    Removing ht32f1xxxx_rtc.o(i.RTC_CMPCLRCmd), (12 bytes).
    Removing ht32f1xxxx_rtc.o(i.RTC_ClockSourceConfig), (12 bytes).
    Removing ht32f1xxxx_rtc.o(i.RTC_Cmd), (12 bytes).
    Removing ht32f1xxxx_rtc.o(i.RTC_DeInit), (40 bytes).
    Removing ht32f1xxxx_rtc.o(i.RTC_GetCompare), (12 bytes).
    Removing ht32f1xxxx_rtc.o(i.RTC_GetCounter), (12 bytes).
    Removing ht32f1xxxx_rtc.o(i.RTC_GetFlagStatus), (12 bytes).
    Removing ht32f1xxxx_rtc.o(i.RTC_GetOutStatus), (16 bytes).
    Removing ht32f1xxxx_rtc.o(i.RTC_GetPrescaler), (20 bytes).
    Removing ht32f1xxxx_rtc.o(i.RTC_IntConfig), (24 bytes).
    Removing ht32f1xxxx_rtc.o(i.RTC_LSECmd), (44 bytes).
    Removing ht32f1xxxx_rtc.o(i.RTC_LSESMConfig), (12 bytes).
    Removing ht32f1xxxx_rtc.o(i.RTC_LSILoadTrimData), (44 bytes).
    Removing ht32f1xxxx_rtc.o(i.RTC_OutCmd), (12 bytes).
    Removing ht32f1xxxx_rtc.o(i.RTC_OutConfig), (28 bytes).
    Removing ht32f1xxxx_rtc.o(i.RTC_SetCompare), (12 bytes).
    Removing ht32f1xxxx_rtc.o(i.RTC_SetPrescaler), (20 bytes).
    Removing ht32f1xxxx_rtc.o(i.RTC_WakeupConfig), (24 bytes).
    Removing ht32f1xxxx_sci.o(.rev16_text), (4 bytes).
    Removing ht32f1xxxx_sci.o(.revsh_text), (4 bytes).
    Removing ht32f1xxxx_sci.o(.rrx_text), (6 bytes).
    Removing ht32f1xxxx_sci.o(i.SCI_ClearFlag), (30 bytes).
    Removing ht32f1xxxx_sci.o(i.SCI_ClockModeConfig), (20 bytes).
    Removing ht32f1xxxx_sci.o(i.SCI_Cmd), (20 bytes).
    Removing ht32f1xxxx_sci.o(i.SCI_DeInit), (32 bytes).
    Removing ht32f1xxxx_sci.o(i.SCI_ETUConfig), (6 bytes).
    Removing ht32f1xxxx_sci.o(i.SCI_GetFlagStatus), (14 bytes).
    Removing ht32f1xxxx_sci.o(i.SCI_Init), (32 bytes).
    Removing ht32f1xxxx_sci.o(i.SCI_IntConfig), (16 bytes).
    Removing ht32f1xxxx_sci.o(i.SCI_OutputDIO), (20 bytes).
    Removing ht32f1xxxx_sci.o(i.SCI_PDMACmd), (16 bytes).
    Removing ht32f1xxxx_sci.o(i.SCI_ReceiveData), (6 bytes).
    Removing ht32f1xxxx_sci.o(i.SCI_SendData), (4 bytes).
    Removing ht32f1xxxx_sci.o(i.SCI_SetGuardTimeValue), (4 bytes).
    Removing ht32f1xxxx_sci.o(i.SCI_SetWaitingTimeValue), (4 bytes).
    Removing ht32f1xxxx_sci.o(i.SCI_SoftwareClockCmd), (20 bytes).
    Removing ht32f1xxxx_sci.o(i.SCI_StructInit), (14 bytes).
    Removing ht32f1xxxx_sci.o(i.SCI_WaitingTimeCounterCmd), (20 bytes).
    Removing ht32f1xxxx_sdio.o(.rev16_text), (4 bytes).
    Removing ht32f1xxxx_sdio.o(.revsh_text), (4 bytes).
    Removing ht32f1xxxx_sdio.o(.rrx_text), (6 bytes).
    Removing ht32f1xxxx_sdio.o(i.SDIO_ClearFlag), (12 bytes).
    Removing ht32f1xxxx_sdio.o(i.SDIO_ClockCmd), (12 bytes).
    Removing ht32f1xxxx_sdio.o(i.SDIO_DataConfig), (44 bytes).
    Removing ht32f1xxxx_sdio.o(i.SDIO_DeInit), (14 bytes).
    Removing ht32f1xxxx_sdio.o(i.SDIO_FlagConfig), (24 bytes).
    Removing ht32f1xxxx_sdio.o(i.SDIO_GetFIFOCount), (12 bytes).
    Removing ht32f1xxxx_sdio.o(i.SDIO_GetFlagStatus), (20 bytes).
    Removing ht32f1xxxx_sdio.o(i.SDIO_GetResponse), (12 bytes).
    Removing ht32f1xxxx_sdio.o(i.SDIO_Init), (64 bytes).
    Removing ht32f1xxxx_sdio.o(i.SDIO_IntConfig), (24 bytes).
    Removing ht32f1xxxx_sdio.o(i.SDIO_ReadData), (12 bytes).
    Removing ht32f1xxxx_sdio.o(i.SDIO_SendCommand), (36 bytes).
    Removing ht32f1xxxx_sdio.o(i.SDIO_WriteData), (12 bytes).
    Removing ht32f1xxxx_spi.o(.rev16_text), (4 bytes).
    Removing ht32f1xxxx_spi.o(.revsh_text), (4 bytes).
    Removing ht32f1xxxx_spi.o(.rrx_text), (6 bytes).
    Removing ht32f1xxxx_spi.o(i.SPI_ClearFlag), (4 bytes).
    Removing ht32f1xxxx_spi.o(i.SPI_DUALCmd), (20 bytes).
    Removing ht32f1xxxx_spi.o(i.SPI_DeInit), (40 bytes).
    Removing ht32f1xxxx_spi.o(i.SPI_FIFOCmd), (20 bytes).
    Removing ht32f1xxxx_spi.o(i.SPI_FIFOTriggerLevelConfig), (30 bytes).
    Removing ht32f1xxxx_spi.o(i.SPI_GUADTCmd), (20 bytes).
    Removing ht32f1xxxx_spi.o(i.SPI_GUADTSPI_GUADTConfig), (16 bytes).
    Removing ht32f1xxxx_spi.o(i.SPI_GetFIFOStatus), (20 bytes).
    Removing ht32f1xxxx_spi.o(i.SPI_GetFlagStatus), (14 bytes).
    Removing ht32f1xxxx_spi.o(i.SPI_IntConfig), (16 bytes).
    Removing ht32f1xxxx_spi.o(i.SPI_PDMACmd), (16 bytes).
    Removing ht32f1xxxx_spi.o(i.SPI_ReceiveData), (6 bytes).
    Removing ht32f1xxxx_spi.o(i.SPI_SELHTConfig), (10 bytes).
    Removing ht32f1xxxx_spi.o(i.SPI_SELModeConfig), (20 bytes).
    Removing ht32f1xxxx_spi.o(i.SPI_SendData), (4 bytes).
    Removing ht32f1xxxx_spi.o(i.SPI_SetDataLength), (16 bytes).
    Removing ht32f1xxxx_spi.o(i.SPI_SetTimeOutValue), (4 bytes).
    Removing ht32f1xxxx_spi.o(i.SPI_SoftwareSELCmd), (20 bytes).
    Removing ht32f1xxxx_spi.o(i.SPI_StructInit), (28 bytes).
    Removing ht32f1xxxx_tm.o(.rev16_text), (4 bytes).
    Removing ht32f1xxxx_tm.o(.revsh_text), (4 bytes).
    Removing ht32f1xxxx_tm.o(.rrx_text), (6 bytes).
    Removing ht32f1xxxx_tm.o(i.TM_CHCCDSConfig), (20 bytes).
    Removing ht32f1xxxx_tm.o(i.TM_CHCCRPreloadConfig), (24 bytes).
    Removing ht32f1xxxx_tm.o(i.TM_CHPSCConfig), (20 bytes).
    Removing ht32f1xxxx_tm.o(i.TM_CKDIVConfig), (16 bytes).
    Removing ht32f1xxxx_tm.o(i.TM_CRRPreloadCmd), (20 bytes).
    Removing ht32f1xxxx_tm.o(i.TM_CaptureInit), (36 bytes).
    Removing ht32f1xxxx_tm.o(i.TM_CaptureStructInit), (18 bytes).
    Removing ht32f1xxxx_tm.o(i.TM_ChExternalClockConfig), (48 bytes).
    Removing ht32f1xxxx_tm.o(i.TM_ChPolarityConfig), (20 bytes).
    Removing ht32f1xxxx_tm.o(i.TM_ChannelConfig), (24 bytes).
    Removing ht32f1xxxx_tm.o(i.TM_ClearFlag), (10 bytes).
    Removing ht32f1xxxx_tm.o(i.TM_ClearIntPendingBit), (10 bytes).
    Removing ht32f1xxxx_tm.o(i.TM_ClearOREFConfig), (24 bytes).
    Removing ht32f1xxxx_tm.o(i.TM_Cmd), (20 bytes).
    Removing ht32f1xxxx_tm.o(i.TM_CounterModeConfig), (24 bytes).
    Removing ht32f1xxxx_tm.o(i.TM_DeInit), (72 bytes).
    Removing ht32f1xxxx_tm.o(i.TM_DecoderConfig), (56 bytes).
    Removing ht32f1xxxx_tm.o(i.TM_EtiConfig), (24 bytes).
    Removing ht32f1xxxx_tm.o(i.TM_EtiExternalClockConfig), (18 bytes).
    Removing ht32f1xxxx_tm.o(i.TM_ForcedOREF), (18 bytes).
    Removing ht32f1xxxx_tm.o(i.TM_GenerateEvent), (4 bytes).
    Removing ht32f1xxxx_tm.o(i.TM_GetCaptureCompare), (10 bytes).
    Removing ht32f1xxxx_tm.o(i.TM_GetCounter), (6 bytes).
    Removing ht32f1xxxx_tm.o(i.TM_GetFlagStatus), (10 bytes).
    Removing ht32f1xxxx_tm.o(i.TM_GetIntStatus), (22 bytes).
    Removing ht32f1xxxx_tm.o(i.TM_GetPrescaler), (6 bytes).
    Removing ht32f1xxxx_tm.o(i.TM_HallInterfaceCmd), (20 bytes).
    Removing ht32f1xxxx_tm.o(i.TM_ImmActiveConfig), (24 bytes).
    Removing ht32f1xxxx_tm.o(i.TM_IntConfig), (16 bytes).
    Removing ht32f1xxxx_tm.o(i.TM_InternalClockConfig), (10 bytes).
    Removing ht32f1xxxx_tm.o(i.TM_ItiExternalClockConfig), (18 bytes).
    Removing ht32f1xxxx_tm.o(i.TM_MMSELConfig), (12 bytes).
    Removing ht32f1xxxx_tm.o(i.TM_OutputInit), (192 bytes).
    Removing ht32f1xxxx_tm.o(i.TM_OutputModeConfig), (32 bytes).
    Removing ht32f1xxxx_tm.o(i.TM_OutputStructInit), (24 bytes).
    Removing ht32f1xxxx_tm.o(i.TM_PDMAConfig), (16 bytes).
    Removing ht32f1xxxx_tm.o(i.TM_PrescalerConfig), (8 bytes).
    Removing ht32f1xxxx_tm.o(i.TM_PwmInputInit), (90 bytes).
    Removing ht32f1xxxx_tm.o(i.TM_SetAsymmetricCompare), (10 bytes).
    Removing ht32f1xxxx_tm.o(i.TM_SetCaptureCompare), (10 bytes).
    Removing ht32f1xxxx_tm.o(i.TM_SetCounter), (6 bytes).
    Removing ht32f1xxxx_tm.o(i.TM_SetCounterReload), (6 bytes).
    Removing ht32f1xxxx_tm.o(i.TM_SinglePulseModeCmd), (20 bytes).
    Removing ht32f1xxxx_tm.o(i.TM_SlaveModeConfig), (12 bytes).
    Removing ht32f1xxxx_tm.o(i.TM_StiConfig), (24 bytes).
    Removing ht32f1xxxx_tm.o(i.TM_TimSyncCmd), (20 bytes).
    Removing ht32f1xxxx_tm.o(i.TM_TimeBaseInit), (68 bytes).
    Removing ht32f1xxxx_tm.o(i.TM_TimeBaseStructInit), (22 bytes).
    Removing ht32f1xxxx_tm.o(i.TM_UEVG_IntConfig), (20 bytes).
    Removing ht32f1xxxx_tm.o(i.TM_UpdateCmd), (20 bytes).
    Removing ht32f1xxxx_tm.o(i.tm_CHx_Config), (64 bytes).
    Removing ht32f1xxxx_usart.o(.rev16_text), (4 bytes).
    Removing ht32f1xxxx_usart.o(.revsh_text), (4 bytes).
    Removing ht32f1xxxx_usart.o(.rrx_text), (6 bytes).
    Removing ht32f1xxxx_usart.o(i.USART_ClearFlag), (8 bytes).
    Removing ht32f1xxxx_usart.o(i.USART_DeInit), (68 bytes).
    Removing ht32f1xxxx_usart.o(i.USART_ForceBreakCmd), (20 bytes).
    Removing ht32f1xxxx_usart.o(i.USART_GetFIFOStatus), (18 bytes).
    Removing ht32f1xxxx_usart.o(i.USART_HardwareFlowControlCmd), (20 bytes).
    Removing ht32f1xxxx_usart.o(i.USART_IrDACmd), (20 bytes).
    Removing ht32f1xxxx_usart.o(i.USART_IrDAConfig), (20 bytes).
    Removing ht32f1xxxx_usart.o(i.USART_IrDADirectionConfig), (20 bytes).
    Removing ht32f1xxxx_usart.o(i.USART_IrDAInvtCmd), (18 bytes).
    Removing ht32f1xxxx_usart.o(i.USART_PDMACmd), (16 bytes).
    Removing ht32f1xxxx_usart.o(i.USART_RS485AADCmd), (20 bytes).
    Removing ht32f1xxxx_usart.o(i.USART_RS485NMMCmd), (20 bytes).
    Removing ht32f1xxxx_usart.o(i.USART_RS485TxEnablePolarityConfig), (20 bytes).
    Removing ht32f1xxxx_usart.o(i.USART_SetAddressMatchValue), (14 bytes).
    Removing ht32f1xxxx_usart.o(i.USART_SetGuardTime), (14 bytes).
    Removing ht32f1xxxx_usart.o(i.USART_SetIrDAPrescaler), (14 bytes).
    Removing ht32f1xxxx_usart.o(i.USART_SetTimeOutValue), (16 bytes).
    Removing ht32f1xxxx_usart.o(i.USART_StickParityCmd), (20 bytes).
    Removing ht32f1xxxx_usart.o(i.USART_StickParityConfig), (24 bytes).
    Removing ht32f1xxxx_usart.o(i.USART_StructInit), (22 bytes).
    Removing ht32f1xxxx_usart.o(i.USART_SynClockInit), (26 bytes).
    Removing ht32f1xxxx_usart.o(i.USART_SynClockStructInit), (12 bytes).
    Removing ht32f1xxxx_usart.o(i.USART_TXRXTLConfig), (20 bytes).
    Removing ht32f1xxxx_usbd.o(.rev16_text), (4 bytes).
    Removing ht32f1xxxx_usbd.o(.revsh_text), (4 bytes).
    Removing ht32f1xxxx_usbd.o(.rrx_text), (6 bytes).
    Removing ht32f1xxxx_usbd.o(i.USBD_ClearINT), (12 bytes).
    Removing ht32f1xxxx_usbd.o(i.USBD_DPWakeUpCmd), (28 bytes).
    Removing ht32f1xxxx_usbd.o(i.USBD_DPpullupCmd), (28 bytes).
    Removing ht32f1xxxx_usbd.o(i.USBD_DeInit), (12 bytes).
    Removing ht32f1xxxx_usbd.o(i.USBD_DisableDefaultPull), (12 bytes).
    Removing ht32f1xxxx_usbd.o(i.USBD_DisableINT), (16 bytes).
    Removing ht32f1xxxx_usbd.o(i.USBD_EPTClearDTG), (16 bytes).
    Removing ht32f1xxxx_usbd.o(i.USBD_EPTClearHalt), (16 bytes).
    Removing ht32f1xxxx_usbd.o(i.USBD_EPTClearINT), (12 bytes).
    Removing ht32f1xxxx_usbd.o(i.USBD_EPTEnableINT), (12 bytes).
    Removing ht32f1xxxx_usbd.o(i.USBD_EPTGetBuffer0Addr), (24 bytes).
    Removing ht32f1xxxx_usbd.o(i.USBD_EPTGetBuffer1Addr), (36 bytes).
    Removing ht32f1xxxx_usbd.o(i.USBD_EPTGetBufferLen), (14 bytes).
    Removing ht32f1xxxx_usbd.o(i.USBD_EPTGetHalt), (26 bytes).
    Removing ht32f1xxxx_usbd.o(i.USBD_EPTGetINT), (14 bytes).
    Removing ht32f1xxxx_usbd.o(i.USBD_EPTGetTransferCount), (18 bytes).
    Removing ht32f1xxxx_usbd.o(i.USBD_EPTInit), (38 bytes).
    Removing ht32f1xxxx_usbd.o(i.USBD_EPTReadMemory), (58 bytes).
    Removing ht32f1xxxx_usbd.o(i.USBD_EPTReadOUTData), (48 bytes).
    Removing ht32f1xxxx_usbd.o(i.USBD_EPTReset), (16 bytes).
    Removing ht32f1xxxx_usbd.o(i.USBD_EPTSendSTALL), (12 bytes).
    Removing ht32f1xxxx_usbd.o(i.USBD_EPTSetHalt), (20 bytes).
    Removing ht32f1xxxx_usbd.o(i.USBD_EPTWaitSTALLSent), (36 bytes).
    Removing ht32f1xxxx_usbd.o(i.USBD_EPTWriteINData), (72 bytes).
    Removing ht32f1xxxx_usbd.o(i.USBD_EnableINT), (16 bytes).
    Removing ht32f1xxxx_usbd.o(i.USBD_GetEPTnINTNumber), (32 bytes).
    Removing ht32f1xxxx_usbd.o(i.USBD_GetINT), (20 bytes).
    Removing ht32f1xxxx_usbd.o(i.USBD_Init), (4 bytes).
    Removing ht32f1xxxx_usbd.o(i.USBD_PowerOff), (16 bytes).
    Removing ht32f1xxxx_usbd.o(i.USBD_PowerOn), (24 bytes).
    Removing ht32f1xxxx_usbd.o(i.USBD_PowerUp), (116 bytes).
    Removing ht32f1xxxx_usbd.o(i.USBD_PreInit), (24 bytes).
    Removing ht32f1xxxx_usbd.o(i.USBD_ReadSETUPData), (16 bytes).
    Removing ht32f1xxxx_usbd.o(i.USBD_RemoteWakeup), (16 bytes).
    Removing ht32f1xxxx_usbd.o(i.USBD_SRAMResetConditionCmd), (28 bytes).
    Removing ht32f1xxxx_usbd.o(i.USBD_SetAddress), (20 bytes).
    Removing ht32f1xxxx_usbd.o(i._USBD_CopyMemory), (16 bytes).
    Removing ht32f1xxxx_usbd.o(i._USBD_GetEPTnAddr), (16 bytes).
    Removing ht32f1xxxx_usbd.o(.data), (4 bytes).
    Removing ht32f1xxxx_wdt.o(.rev16_text), (4 bytes).
    Removing ht32f1xxxx_wdt.o(.revsh_text), (4 bytes).
    Removing ht32f1xxxx_wdt.o(.rrx_text), (6 bytes).
    Removing ht32f1xxxx_wdt.o(i.WDT_Cmd), (28 bytes).
    Removing ht32f1xxxx_wdt.o(i.WDT_DeInit), (12 bytes).
    Removing ht32f1xxxx_wdt.o(i.WDT_GetDeltaValue), (16 bytes).
    Removing ht32f1xxxx_wdt.o(i.WDT_GetFlagStatus), (20 bytes).
    Removing ht32f1xxxx_wdt.o(i.WDT_GetPrescaler), (24 bytes).
    Removing ht32f1xxxx_wdt.o(i.WDT_GetReloadValue), (16 bytes).
    Removing ht32f1xxxx_wdt.o(i.WDT_HaltConfig), (24 bytes).
    Removing ht32f1xxxx_wdt.o(i.WDT_LockCmd), (32 bytes).
    Removing ht32f1xxxx_wdt.o(i.WDT_ProtectCmd), (24 bytes).
    Removing ht32f1xxxx_wdt.o(i.WDT_ResetCmd), (28 bytes).
    Removing ht32f1xxxx_wdt.o(i.WDT_Restart), (16 bytes).
    Removing ht32f1xxxx_wdt.o(i.WDT_SetDeltaValue), (20 bytes).
    Removing ht32f1xxxx_wdt.o(i.WDT_SetPrescaler), (20 bytes).
    Removing ht32f1xxxx_wdt.o(i.WDT_SetReloadValue), (20 bytes).
    Removing ht32f1xxxx_wdt.o(i.WDT_SourceConfig), (16 bytes).
    Removing ht32f2xxxx_csif.o(.rev16_text), (4 bytes).
    Removing ht32f2xxxx_csif.o(.revsh_text), (4 bytes).
    Removing ht32f2xxxx_csif.o(.rrx_text), (6 bytes).
    Removing ht32f2xxxx_csif.o(i.CSIF_BasicInit), (64 bytes).
    Removing ht32f2xxxx_csif.o(i.CSIF_BasicStructInit), (24 bytes).
    Removing ht32f2xxxx_csif.o(i.CSIF_ClearFlag), (12 bytes).
    Removing ht32f2xxxx_csif.o(i.CSIF_Cmd), (16 bytes).
    Removing ht32f2xxxx_csif.o(i.CSIF_DeInit), (12 bytes).
    Removing ht32f2xxxx_csif.o(i.CSIF_GetFlagStatus), (20 bytes).
    Removing ht32f2xxxx_csif.o(i.CSIF_IntConfig), (24 bytes).
    Removing ht32f2xxxx_csif.o(i.CSIF_MasterClockCmd), (28 bytes).
    Removing ht32f2xxxx_csif.o(i.CSIF_SetMasterClockPrescaler), (24 bytes).
    Removing ht32f2xxxx_csif.o(i.CSIF_SubSampleInit), (32 bytes).
    Removing ht32f2xxxx_csif.o(i.CSIF_SunSampleStructInit), (16 bytes).
    Removing ht32f2xxxx_csif.o(i.CSIF_WindowInit), (44 bytes).
    Removing ht32f2xxxx_csif.o(i.CSIF_WindowStructInit), (14 bytes).
    Removing ht32_retarget.o(.rev16_text), (4 bytes).
    Removing ht32_retarget.o(.revsh_text), (4 bytes).
    Removing ht32_retarget.o(.rrx_text), (6 bytes).
    Removing ht32_retarget.o(i.RETARGET_Configuration), (38 bytes).
    Removing ht32_retarget.o(i.__backspace), (4 bytes).
    Removing ht32_retarget.o(i._sys_exit), (2 bytes).
    Removing ht32_retarget.o(i._ttywrch), (4 bytes).
    Removing ht32_retarget.o(i.fgetc), (4 bytes).
    Removing ht32_retarget.o(i.fputc), (4 bytes).
    Removing ht32_retarget.o(.data), (4 bytes).
    Removing ht32_retarget.o(.data), (4 bytes).
    Removing ht32_serial.o(.rev16_text), (4 bytes).
    Removing ht32_serial.o(.revsh_text), (4 bytes).
    Removing ht32_serial.o(.rrx_text), (6 bytes).
    Removing ht32_serial.o(i.SERIAL_Flush), (2 bytes).
    Removing ht32_serial.o(i.SERIAL_GetChar), (28 bytes).
    Removing ht32_serial.o(i.SERIAL_PutChar), (34 bytes).
    Removing ht32_board.o(.rev16_text), (4 bytes).
    Removing ht32_board.o(.revsh_text), (4 bytes).
    Removing ht32_board.o(.rrx_text), (6 bytes).
    Removing ht32_board.o(i.HT32F_DVB_BuzzerFun), (284 bytes).
    Removing ht32_board.o(i.HT32F_DVB_BuzzerOutputCmd), (16 bytes).
    Removing ht32_board.o(i.HT32F_DVB_COMInit), (96 bytes).
    Removing ht32_board.o(i.HT32F_DVB_LEDInit), (88 bytes).
    Removing ht32_board.o(i.HT32F_DVB_LEDOff), (28 bytes).
    Removing ht32_board.o(i.HT32F_DVB_LEDOn), (28 bytes).
    Removing ht32_board.o(i.HT32F_DVB_LEDToggle), (32 bytes).
    Removing ht32_board.o(i.HT32F_DVB_PBGetState), (28 bytes).
    Removing ht32_board.o(i.HT32F_DVB_PBInit), (204 bytes).
    Removing ht32_board.o(i._HT32F_DVB_ClockConfig), (64 bytes).
    Removing ht32_board.o(.constdata), (80 bytes).
    Removing i2c_eeprom.o(.rev16_text), (4 bytes).
    Removing i2c_eeprom.o(.revsh_text), (4 bytes).
    Removing i2c_eeprom.o(.rrx_text), (6 bytes).
    Removing i2c_eeprom.o(i.I2C_EEPROM_BufferRead), (160 bytes).
    Removing i2c_eeprom.o(i.I2C_EEPROM_BufferWrite), (54 bytes).
    Removing i2c_eeprom.o(i.I2C_EEPROM_Init), (92 bytes).
    Removing i2c_eeprom.o(i.I2C_EEPROM_PageWrite), (96 bytes).
    Removing i2c_eeprom.o(i._I2C_EEPROM_AckPolling), (60 bytes).
    Removing spi_flash.o(.rev16_text), (4 bytes).
    Removing spi_flash.o(.revsh_text), (4 bytes).
    Removing spi_flash.o(.rrx_text), (6 bytes).
    Removing spi_flash.o(i.SPI_FLASH_BlockErase), (72 bytes).
    Removing spi_flash.o(i.SPI_FLASH_BufferDualRead), (112 bytes).
    Removing spi_flash.o(i.SPI_FLASH_BufferDualReadByDMA), (292 bytes).
    Removing spi_flash.o(i.SPI_FLASH_BufferRead), (84 bytes).
    Removing spi_flash.o(i.SPI_FLASH_BufferReadByDMA), (264 bytes).
    Removing spi_flash.o(i.SPI_FLASH_BufferWriteBy), (192 bytes).
    Removing spi_flash.o(i.SPI_FLASH_ChipErase), (48 bytes).
    Removing spi_flash.o(i.SPI_FLASH_Init), (148 bytes).
    Removing spi_flash.o(i.SPI_FLASH_PageWrite), (92 bytes).
    Removing spi_flash.o(i.SPI_FLASH_PageWriteByDMA), (268 bytes).
    Removing spi_flash.o(i.SPI_FLASH_ReadJEDECID), (76 bytes).
    Removing spi_flash.o(i.SPI_FLASH_SectorErase), (72 bytes).
    Removing spi_flash.o(i.SPI_FLASH_SendByte), (50 bytes).
    Removing spi_flash.o(i.SPI_FLASH_WaitForWriteEnd), (48 bytes).
    Removing spi_flash.o(i.SPI_FLASH_WriteDisable), (40 bytes).
    Removing spi_flash.o(i.SPI_FLASH_WriteEnable), (40 bytes).
    Removing spi_flash.o(i.SPI_FLASH_WriteStatus), (52 bytes).
    Removing ebi_lcd.o(.rev16_text), (4 bytes).
    Removing ebi_lcd.o(.revsh_text), (4 bytes).
    Removing ebi_lcd.o(.rrx_text), (6 bytes).
    Removing ebi_lcd.o(i.LCD_BackColorSet), (12 bytes).
    Removing ebi_lcd.o(i.LCD_CharDisplay), (20 bytes).
    Removing ebi_lcd.o(i.LCD_CharDraw), (96 bytes).
    Removing ebi_lcd.o(i.LCD_CircleDraw), (204 bytes).
    Removing ebi_lcd.o(i.LCD_Clear), (32 bytes).
    Removing ebi_lcd.o(i.LCD_Config), (636 bytes).
    Removing ebi_lcd.o(i.LCD_DisplayOff), (8 bytes).
    Removing ebi_lcd.o(i.LCD_DisplayOn), (8 bytes).
    Removing ebi_lcd.o(i.LCD_Init), (336 bytes).
    Removing ebi_lcd.o(i.LCD_LineDraw), (76 bytes).
    Removing ebi_lcd.o(i.LCD_PicDraw), (84 bytes).
    Removing ebi_lcd.o(i.LCD_ReadReg), (10 bytes).
    Removing ebi_lcd.o(i.LCD_RectDraw), (60 bytes).
    Removing ebi_lcd.o(i.LCD_SetDisplayArea), (84 bytes).
    Removing ebi_lcd.o(i.LCD_StarterSet), (46 bytes).
    Removing ebi_lcd.o(i.LCD_StringLineDisplay), (40 bytes).
    Removing ebi_lcd.o(i.LCD_TextColorSet), (12 bytes).
    Removing ebi_lcd.o(i.LCD_WriteRAM), (8 bytes).
    Removing ebi_lcd.o(i.LCD_WriteRAMPrior), (10 bytes).
    Removing ebi_lcd.o(i.LCD_WriteRAMWord), (12 bytes).
    Removing ebi_lcd.o(i.LCD_WriteReg), (10 bytes).
    Removing ebi_lcd.o(i._delay), (28 bytes).
    Removing ebi_lcd.o(.constdata), (4560 bytes).
    Removing ebi_lcd.o(.data), (4 bytes).

661 unused section(s) (total 23417 bytes) removed from the image.

==============================================================================

Image Symbol Table

    Local Symbols

    Symbol Name                              Value     Ov Type        Size  Object(Section)

    RESET                                    0x00000000   Section      512  startup_ht32f1xxxx_01.o(RESET)
    ../clib/microlib/init/entry.s            0x00000000   Number         0  entry.o ABSOLUTE
    ../clib/microlib/init/entry.s            0x00000000   Number         0  entry10a.o ABSOLUTE
    ../clib/microlib/init/entry.s            0x00000000   Number         0  entry9b.o ABSOLUTE
    ../clib/microlib/init/entry.s            0x00000000   Number         0  entry11a.o ABSOLUTE
    ../clib/microlib/init/entry.s            0x00000000   Number         0  entry10b.o ABSOLUTE
    ../clib/microlib/init/entry.s            0x00000000   Number         0  entry9a.o ABSOLUTE
    ../clib/microlib/init/entry.s            0x00000000   Number         0  entry8b.o ABSOLUTE
    ../clib/microlib/init/entry.s            0x00000000   Number         0  entry8a.o ABSOLUTE
    ../clib/microlib/init/entry.s            0x00000000   Number         0  entry7b.o ABSOLUTE
    ../clib/microlib/init/entry.s            0x00000000   Number         0  entry7a.o ABSOLUTE
    ../clib/microlib/init/entry.s            0x00000000   Number         0  entry5.o ABSOLUTE
    ../clib/microlib/init/entry.s            0x00000000   Number         0  entry11b.o ABSOLUTE
    ../clib/microlib/init/entry.s            0x00000000   Number         0  entry2.o ABSOLUTE
    ../clib/microlib/stubs.s                 0x00000000   Number         0  useno.o ABSOLUTE
    ..\..\..\..\library\HT32F1xxxx_Driver\src\ht32_cm3_misc.c 0x00000000   Number         0  ht32_cm3_misc.o ABSOLUTE
    ..\..\..\..\library\HT32F1xxxx_Driver\src\ht32_retarget.c 0x00000000   Number         0  ht32_retarget.o ABSOLUTE
    ..\..\..\..\library\HT32F1xxxx_Driver\src\ht32_serial.c 0x00000000   Number         0  ht32_serial.o ABSOLUTE
    ..\..\..\..\library\HT32F1xxxx_Driver\src\ht32f1xxxx_adc.c 0x00000000   Number         0  ht32f1xxxx_adc.o ABSOLUTE
    ..\..\..\..\library\HT32F1xxxx_Driver\src\ht32f1xxxx_aes.c 0x00000000   Number         0  ht32f1xxxx_aes.o ABSOLUTE
    ..\..\..\..\library\HT32F1xxxx_Driver\src\ht32f1xxxx_bftm.c 0x00000000   Number         0  ht32f1xxxx_bftm.o ABSOLUTE
    ..\..\..\..\library\HT32F1xxxx_Driver\src\ht32f1xxxx_ckcu.c 0x00000000   Number         0  ht32f1xxxx_ckcu.o ABSOLUTE
    ..\..\..\..\library\HT32F1xxxx_Driver\src\ht32f1xxxx_cmp.c 0x00000000   Number         0  ht32f1xxxx_cmp.o ABSOLUTE
    ..\..\..\..\library\HT32F1xxxx_Driver\src\ht32f1xxxx_crc.c 0x00000000   Number         0  ht32f1xxxx_crc.o ABSOLUTE
    ..\..\..\..\library\HT32F1xxxx_Driver\src\ht32f1xxxx_ebi.c 0x00000000   Number         0  ht32f1xxxx_ebi.o ABSOLUTE
    ..\..\..\..\library\HT32F1xxxx_Driver\src\ht32f1xxxx_exti.c 0x00000000   Number         0  ht32f1xxxx_exti.o ABSOLUTE
    ..\..\..\..\library\HT32F1xxxx_Driver\src\ht32f1xxxx_flash.c 0x00000000   Number         0  ht32f1xxxx_flash.o ABSOLUTE
    ..\..\..\..\library\HT32F1xxxx_Driver\src\ht32f1xxxx_gpio.c 0x00000000   Number         0  ht32f1xxxx_gpio.o ABSOLUTE
    ..\..\..\..\library\HT32F1xxxx_Driver\src\ht32f1xxxx_i2c.c 0x00000000   Number         0  ht32f1xxxx_i2c.o ABSOLUTE
    ..\..\..\..\library\HT32F1xxxx_Driver\src\ht32f1xxxx_i2s.c 0x00000000   Number         0  ht32f1xxxx_i2s.o ABSOLUTE
    ..\..\..\..\library\HT32F1xxxx_Driver\src\ht32f1xxxx_mctm.c 0x00000000   Number         0  ht32f1xxxx_mctm.o ABSOLUTE
    ..\..\..\..\library\HT32F1xxxx_Driver\src\ht32f1xxxx_pdma.c 0x00000000   Number         0  ht32f1xxxx_pdma.o ABSOLUTE
    ..\..\..\..\library\HT32F1xxxx_Driver\src\ht32f1xxxx_pwrcu.c 0x00000000   Number         0  ht32f1xxxx_pwrcu.o ABSOLUTE
    ..\..\..\..\library\HT32F1xxxx_Driver\src\ht32f1xxxx_rstcu.c 0x00000000   Number         0  ht32f1xxxx_rstcu.o ABSOLUTE
    ..\..\..\..\library\HT32F1xxxx_Driver\src\ht32f1xxxx_rtc.c 0x00000000   Number         0  ht32f1xxxx_rtc.o ABSOLUTE
    ..\..\..\..\library\HT32F1xxxx_Driver\src\ht32f1xxxx_sci.c 0x00000000   Number         0  ht32f1xxxx_sci.o ABSOLUTE
    ..\..\..\..\library\HT32F1xxxx_Driver\src\ht32f1xxxx_sdio.c 0x00000000   Number         0  ht32f1xxxx_sdio.o ABSOLUTE
    ..\..\..\..\library\HT32F1xxxx_Driver\src\ht32f1xxxx_spi.c 0x00000000   Number         0  ht32f1xxxx_spi.o ABSOLUTE
    ..\..\..\..\library\HT32F1xxxx_Driver\src\ht32f1xxxx_tm.c 0x00000000   Number         0  ht32f1xxxx_tm.o ABSOLUTE
    ..\..\..\..\library\HT32F1xxxx_Driver\src\ht32f1xxxx_usart.c 0x00000000   Number         0  ht32f1xxxx_usart.o ABSOLUTE
    ..\..\..\..\library\HT32F1xxxx_Driver\src\ht32f1xxxx_usbd.c 0x00000000   Number         0  ht32f1xxxx_usbd.o ABSOLUTE
    ..\..\..\..\library\HT32F1xxxx_Driver\src\ht32f1xxxx_wdt.c 0x00000000   Number         0  ht32f1xxxx_wdt.o ABSOLUTE
    ..\..\..\..\library\HT32F1xxxx_Driver\src\ht32f2xxxx_csif.c 0x00000000   Number         0  ht32f2xxxx_csif.o ABSOLUTE
    ..\..\..\..\library\HT32_USBD_Library\src\ht32_usbd_core.c 0x00000000   Number         0  ht32_usbd_core.o ABSOLUTE
    ..\..\..\..\utilities\common\ebi_lcd.c   0x00000000   Number         0  ebi_lcd.o ABSOLUTE
    ..\..\..\..\utilities\common\i2c_eeprom.c 0x00000000   Number         0  i2c_eeprom.o ABSOLUTE
    ..\..\..\..\utilities\common\spi_flash.c 0x00000000   Number         0  spi_flash.o ABSOLUTE
    ..\..\..\..\utilities\ht32_board.c       0x00000000   Number         0  ht32_board.o ABSOLUTE
    ..\\..\\..\\..\\library\\HT32F1xxxx_Driver\\src\\ht32_cm3_misc.c 0x00000000   Number         0  ht32_cm3_misc.o ABSOLUTE
    ..\\..\\..\\..\\library\\HT32F1xxxx_Driver\\src\\ht32_retarget.c 0x00000000   Number         0  ht32_retarget.o ABSOLUTE
    ..\\..\\..\\..\\library\\HT32F1xxxx_Driver\\src\\ht32_serial.c 0x00000000   Number         0  ht32_serial.o ABSOLUTE
    ..\\..\\..\\..\\library\\HT32F1xxxx_Driver\\src\\ht32f1xxxx_adc.c 0x00000000   Number         0  ht32f1xxxx_adc.o ABSOLUTE
    ..\\..\\..\\..\\library\\HT32F1xxxx_Driver\\src\\ht32f1xxxx_aes.c 0x00000000   Number         0  ht32f1xxxx_aes.o ABSOLUTE
    ..\\..\\..\\..\\library\\HT32F1xxxx_Driver\\src\\ht32f1xxxx_bftm.c 0x00000000   Number         0  ht32f1xxxx_bftm.o ABSOLUTE
    ..\\..\\..\\..\\library\\HT32F1xxxx_Driver\\src\\ht32f1xxxx_ckcu.c 0x00000000   Number         0  ht32f1xxxx_ckcu.o ABSOLUTE
    ..\\..\\..\\..\\library\\HT32F1xxxx_Driver\\src\\ht32f1xxxx_cmp.c 0x00000000   Number         0  ht32f1xxxx_cmp.o ABSOLUTE
    ..\\..\\..\\..\\library\\HT32F1xxxx_Driver\\src\\ht32f1xxxx_crc.c 0x00000000   Number         0  ht32f1xxxx_crc.o ABSOLUTE
    ..\\..\\..\\..\\library\\HT32F1xxxx_Driver\\src\\ht32f1xxxx_ebi.c 0x00000000   Number         0  ht32f1xxxx_ebi.o ABSOLUTE
    ..\\..\\..\\..\\library\\HT32F1xxxx_Driver\\src\\ht32f1xxxx_exti.c 0x00000000   Number         0  ht32f1xxxx_exti.o ABSOLUTE
    ..\\..\\..\\..\\library\\HT32F1xxxx_Driver\\src\\ht32f1xxxx_flash.c 0x00000000   Number         0  ht32f1xxxx_flash.o ABSOLUTE
    ..\\..\\..\\..\\library\\HT32F1xxxx_Driver\\src\\ht32f1xxxx_gpio.c 0x00000000   Number         0  ht32f1xxxx_gpio.o ABSOLUTE
    ..\\..\\..\\..\\library\\HT32F1xxxx_Driver\\src\\ht32f1xxxx_i2c.c 0x00000000   Number         0  ht32f1xxxx_i2c.o ABSOLUTE
    ..\\..\\..\\..\\library\\HT32F1xxxx_Driver\\src\\ht32f1xxxx_i2s.c 0x00000000   Number         0  ht32f1xxxx_i2s.o ABSOLUTE
    ..\\..\\..\\..\\library\\HT32F1xxxx_Driver\\src\\ht32f1xxxx_mctm.c 0x00000000   Number         0  ht32f1xxxx_mctm.o ABSOLUTE
    ..\\..\\..\\..\\library\\HT32F1xxxx_Driver\\src\\ht32f1xxxx_pdma.c 0x00000000   Number         0  ht32f1xxxx_pdma.o ABSOLUTE
    ..\\..\\..\\..\\library\\HT32F1xxxx_Driver\\src\\ht32f1xxxx_pwrcu.c 0x00000000   Number         0  ht32f1xxxx_pwrcu.o ABSOLUTE
    ..\\..\\..\\..\\library\\HT32F1xxxx_Driver\\src\\ht32f1xxxx_rstcu.c 0x00000000   Number         0  ht32f1xxxx_rstcu.o ABSOLUTE
    ..\\..\\..\\..\\library\\HT32F1xxxx_Driver\\src\\ht32f1xxxx_rtc.c 0x00000000   Number         0  ht32f1xxxx_rtc.o ABSOLUTE
    ..\\..\\..\\..\\library\\HT32F1xxxx_Driver\\src\\ht32f1xxxx_sci.c 0x00000000   Number         0  ht32f1xxxx_sci.o ABSOLUTE
    ..\\..\\..\\..\\library\\HT32F1xxxx_Driver\\src\\ht32f1xxxx_sdio.c 0x00000000   Number         0  ht32f1xxxx_sdio.o ABSOLUTE
    ..\\..\\..\\..\\library\\HT32F1xxxx_Driver\\src\\ht32f1xxxx_spi.c 0x00000000   Number         0  ht32f1xxxx_spi.o ABSOLUTE
    ..\\..\\..\\..\\library\\HT32F1xxxx_Driver\\src\\ht32f1xxxx_tm.c 0x00000000   Number         0  ht32f1xxxx_tm.o ABSOLUTE
    ..\\..\\..\\..\\library\\HT32F1xxxx_Driver\\src\\ht32f1xxxx_usart.c 0x00000000   Number         0  ht32f1xxxx_usart.o ABSOLUTE
    ..\\..\\..\\..\\library\\HT32F1xxxx_Driver\\src\\ht32f1xxxx_usbd.c 0x00000000   Number         0  ht32f1xxxx_usbd.o ABSOLUTE
    ..\\..\\..\\..\\library\\HT32F1xxxx_Driver\\src\\ht32f1xxxx_wdt.c 0x00000000   Number         0  ht32f1xxxx_wdt.o ABSOLUTE
    ..\\..\\..\\..\\library\\HT32F1xxxx_Driver\\src\\ht32f2xxxx_csif.c 0x00000000   Number         0  ht32f2xxxx_csif.o ABSOLUTE
    ..\\..\\..\\..\\library\\HT32_USBD_Library\\src\\ht32_usbd_core.c 0x00000000   Number         0  ht32_usbd_core.o ABSOLUTE
    ..\\..\\..\\..\\utilities\\common\\ebi_lcd.c 0x00000000   Number         0  ebi_lcd.o ABSOLUTE
    ..\\..\\..\\..\\utilities\\common\\i2c_eeprom.c 0x00000000   Number         0  i2c_eeprom.o ABSOLUTE
    ..\\..\\..\\..\\utilities\\common\\spi_flash.c 0x00000000   Number         0  spi_flash.o ABSOLUTE
    ..\\..\\..\\..\\utilities\\ht32_board.c  0x00000000   Number         0  ht32_board.o ABSOLUTE
    ..\\ht32f1xxxx_01_it.c                   0x00000000   Number         0  ht32f1xxxx_01_it.o ABSOLUTE
    ..\\main.c                               0x00000000   Number         0  main.o ABSOLUTE
    ..\\nrf2401_host.c                       0x00000000   Number         0  nrf2401_host.o ABSOLUTE
    ..\\softspi.c                            0x00000000   Number         0  softspi.o ABSOLUTE
    ..\\system_ht32f1xxxx_02.c               0x00000000   Number         0  system_ht32f1xxxx_02.o ABSOLUTE
    ..\\tmr50us.c                            0x00000000   Number         0  tmr50us.o ABSOLUTE
    ..\\usart.c                              0x00000000   Number         0  usart.o ABSOLUTE
    ..\ht32f1xxxx_01_it.c                    0x00000000   Number         0  ht32f1xxxx_01_it.o ABSOLUTE
    ..\main.c                                0x00000000   Number         0  main.o ABSOLUTE
    ..\nrf2401_host.c                        0x00000000   Number         0  nrf2401_host.o ABSOLUTE
    ..\softspi.c                             0x00000000   Number         0  softspi.o ABSOLUTE
    ..\system_ht32f1xxxx_02.c                0x00000000   Number         0  system_ht32f1xxxx_02.o ABSOLUTE
    ..\tmr50us.c                             0x00000000   Number         0  tmr50us.o ABSOLUTE
    ..\usart.c                               0x00000000   Number         0  usart.o ABSOLUTE
    dc.s                                     0x00000000   Number         0  dc.o ABSOLUTE
    handlers.s                               0x00000000   Number         0  handlers.o ABSOLUTE
    ht32_op.s                                0x00000000   Number         0  ht32_op.o ABSOLUTE
    init.s                                   0x00000000   Number         0  init.o ABSOLUTE
    startup_ht32f1xxxx_01.s                  0x00000000   Number         0  startup_ht32f1xxxx_01.o ABSOLUTE
    BootProcess                              0x00000165   Thumb Code   104  startup_ht32f1xxxx_01.o(RESET)
    .ARM.Collect$$$$00000000                 0x00000200   Section        0  entry.o(.ARM.Collect$$$$00000000)
    .ARM.Collect$$$$00000001                 0x00000200   Section        4  entry2.o(.ARM.Collect$$$$00000001)
    .ARM.Collect$$$$00000004                 0x00000204   Section        4  entry5.o(.ARM.Collect$$$$00000004)
    .ARM.Collect$$$$00000008                 0x00000208   Section        0  entry7b.o(.ARM.Collect$$$$00000008)
    .ARM.Collect$$$$0000000A                 0x00000208   Section        0  entry8b.o(.ARM.Collect$$$$0000000A)
    .ARM.Collect$$$$0000000B                 0x00000208   Section        8  entry9a.o(.ARM.Collect$$$$0000000B)
    .ARM.Collect$$$$0000000D                 0x00000210   Section        0  entry10a.o(.ARM.Collect$$$$0000000D)
    .ARM.Collect$$$$0000000F                 0x00000210   Section        0  entry11a.o(.ARM.Collect$$$$0000000F)
    .ARM.Collect$$$$00002712                 0x00000210   Section        4  entry2.o(.ARM.Collect$$$$00002712)
    __lit__00000000                          0x00000210   Data           4  entry2.o(.ARM.Collect$$$$00002712)
    .text                                    0x00000214   Section       36  init.o(.text)
    i.AFIO_GPxConfig                         0x00000238   Section        0  ht32f1xxxx_gpio.o(i.AFIO_GPxConfig)
    i.BFTM0_IRQHandler                       0x0000029c   Section        0  ht32f1xxxx_01_it.o(i.BFTM0_IRQHandler)
    i.BFTM_ClearFlag                         0x000002b4   Section        0  ht32f1xxxx_bftm.o(i.BFTM_ClearFlag)
    i.BFTM_EnaCmd                            0x000002c2   Section        0  ht32f1xxxx_bftm.o(i.BFTM_EnaCmd)
    i.BFTM_IntConfig                         0x000002d6   Section        0  ht32f1xxxx_bftm.o(i.BFTM_IntConfig)
    i.BFTM_SetCompare                        0x000002ea   Section        0  ht32f1xxxx_bftm.o(i.BFTM_SetCompare)
    i.BFTM_SetCounter                        0x000002ee   Section        0  ht32f1xxxx_bftm.o(i.BFTM_SetCounter)
    i.BusFault_Handler                       0x000002f2   Section        0  ht32f1xxxx_01_it.o(i.BusFault_Handler)
    i.CKCU_GetClocksFrequency                0x000002f4   Section        0  ht32f1xxxx_ckcu.o(i.CKCU_GetClocksFrequency)
    i.CKCU_GetPLLFrequency                   0x00000358   Section        0  ht32f1xxxx_ckcu.o(i.CKCU_GetPLLFrequency)
    i.CKCU_GetPeripFrequency                 0x00000398   Section        0  ht32f1xxxx_ckcu.o(i.CKCU_GetPeripFrequency)
    i.CKCU_PeripClockConfig                  0x000003cc   Section        0  ht32f1xxxx_ckcu.o(i.CKCU_PeripClockConfig)
    i.DebugMon_Handler                       0x000003f0   Section        0  ht32f1xxxx_01_it.o(i.DebugMon_Handler)
    i.DueMain_main                           0x000003f4   Section        0  nrf2401_host.o(i.DueMain_main)
    i.GPIO_DirectionConfig                   0x00000680   Section        0  ht32f1xxxx_gpio.o(i.GPIO_DirectionConfig)
    i.GPIO_InputConfig                       0x00000690   Section        0  ht32f1xxxx_gpio.o(i.GPIO_InputConfig)
    i.GPIO_PullResistorConfig                0x000006a0   Section        0  ht32f1xxxx_gpio.o(i.GPIO_PullResistorConfig)
    i.GPIO_ReadInBit                         0x000006c8   Section        0  ht32f1xxxx_gpio.o(i.GPIO_ReadInBit)
    i.GPIO_ReadOutBit                        0x000006d2   Section        0  ht32f1xxxx_gpio.o(i.GPIO_ReadOutBit)
    i.GPIO_ToggleOutBits                     0x000006dc   Section        0  nrf2401_host.o(i.GPIO_ToggleOutBits)
    i.GPIO_WriteOutBits                      0x000006f0   Section        0  ht32f1xxxx_gpio.o(i.GPIO_WriteOutBits)
    i.HardFault_Handler                      0x000006fc   Section        0  ht32f1xxxx_01_it.o(i.HardFault_Handler)
    i.MemManage_Handler                      0x0000070c   Section        0  ht32f1xxxx_01_it.o(i.MemManage_Handler)
    i.NMI_Handler                            0x0000070e   Section        0  ht32f1xxxx_01_it.o(i.NMI_Handler)
    i.NVIC_EnableIRQ                         0x00000710   Section        0  main.o(i.NVIC_EnableIRQ)
    NVIC_EnableIRQ                           0x00000711   Thumb Code    22  main.o(i.NVIC_EnableIRQ)
    i.PWRCU_CheckReadyAccessed               0x00000728   Section        0  ht32f1xxxx_pwrcu.o(i.PWRCU_CheckReadyAccessed)
    i.PendSV_Handler                         0x00000770   Section        0  ht32f1xxxx_01_it.o(i.PendSV_Handler)
    i.SPI_Cmd                                0x00000772   Section        0  ht32f1xxxx_spi.o(i.SPI_Cmd)
    i.SPI_Init                               0x00000786   Section        0  ht32f1xxxx_spi.o(i.SPI_Init)
    i.SPI_MISO_INPUT_MDOE                    0x000007d0   Section        0  softspi.o(i.SPI_MISO_INPUT_MDOE)
    i.SPI_SELOutputCmd                       0x00000804   Section        0  ht32f1xxxx_spi.o(i.SPI_SELOutputCmd)
    i.SVC_Handler                            0x00000818   Section        0  ht32f1xxxx_01_it.o(i.SVC_Handler)
    i.SysTick_Handler                        0x0000081a   Section        0  ht32f1xxxx_01_it.o(i.SysTick_Handler)
    i.SystemInit                             0x0000081c   Section        0  system_ht32f1xxxx_02.o(i.SystemInit)
    i.USART0_IRQHandler                      0x00000900   Section        0  ht32f1xxxx_01_it.o(i.USART0_IRQHandler)
    i.USART1_IRQHandler                      0x000009a0   Section        0  ht32f1xxxx_01_it.o(i.USART1_IRQHandler)
    i.USART_FIFOReset                        0x000009a2   Section        0  ht32f1xxxx_usart.o(i.USART_FIFOReset)
    i.USART_GetFlagStatus                    0x000009aa   Section        0  ht32f1xxxx_usart.o(i.USART_GetFlagStatus)
    i.USART_Init                             0x000009b4   Section        0  ht32f1xxxx_usart.o(i.USART_Init)
    i.USART_IntConfig                        0x00000a14   Section        0  ht32f1xxxx_usart.o(i.USART_IntConfig)
    i.USART_ReceiveData                      0x00000a24   Section        0  ht32f1xxxx_usart.o(i.USART_ReceiveData)
    i.USART_SendData                         0x00000a2a   Section        0  ht32f1xxxx_usart.o(i.USART_SendData)
    i.USART_TxRxCmd                          0x00000a2e   Section        0  ht32f1xxxx_usart.o(i.USART_TxRxCmd)
    i.UnoClient_main                         0x00000a40   Section        0  nrf2401_host.o(i.UnoClient_main)
    i.UsageFault_Handler                     0x00000c88   Section        0  ht32f1xxxx_01_it.o(i.UsageFault_Handler)
    i.__scatterload_copy                     0x00000c8a   Section       14  handlers.o(i.__scatterload_copy)
    i.__scatterload_null                     0x00000c98   Section        2  handlers.o(i.__scatterload_null)
    i.__scatterload_zeroinit                 0x00000c9a   Section       14  handlers.o(i.__scatterload_zeroinit)
    i.debug_rxpackets_from_prx_not_consecutive 0x00000ca8   Section        0  nrf2401_host.o(i.debug_rxpackets_from_prx_not_consecutive)
    debug_rxpackets_from_prx_not_consecutive 0x00000ca9   Thumb Code   116  nrf2401_host.o(i.debug_rxpackets_from_prx_not_consecutive)
    i.debug_rxpackets_from_ptx_not_consecutive 0x00000d28   Section        0  nrf2401_host.o(i.debug_rxpackets_from_ptx_not_consecutive)
    debug_rxpackets_from_ptx_not_consecutive 0x00000d29   Thumb Code   116  nrf2401_host.o(i.debug_rxpackets_from_ptx_not_consecutive)
    i.delay_unit_50us                        0x00000de4   Section        0  tmr50us.o(i.delay_unit_50us)
    i.host24L01_process                      0x00000e00   Section        0  nrf2401_host.o(i.host24L01_process)
    i.init_softspi                           0x00000e58   Section        0  softspi.o(i.init_softspi)
    i.lownibble_to_ascii                     0x00000e66   Section        0  usart.o(i.lownibble_to_ascii)
    lownibble_to_ascii                       0x00000e67   Thumb Code    18  usart.o(i.lownibble_to_ascii)
    i.main                                   0x00000e78   Section        0  main.o(i.main)
    i.pd012346_as_outputmode                 0x00000fd0   Section        0  softspi.o(i.pd012346_as_outputmode)
    pd012346_as_outputmode                   0x00000fd1   Thumb Code   128  softspi.o(i.pd012346_as_outputmode)
    i.rewrite_syncID                         0x00001054   Section        0  nrf2401_host.o(i.rewrite_syncID)
    rewrite_syncID                           0x00001055   Thumb Code    28  nrf2401_host.o(i.rewrite_syncID)
    i.rf_ConfigurePipe                       0x00001078   Section        0  softspi.o(i.rf_ConfigurePipe)
    i.rf_FlushBuffer                         0x00001110   Section        0  softspi.o(i.rf_FlushBuffer)
    i.rf_GetFifoStatus                       0x00001134   Section        0  softspi.o(i.rf_GetFifoStatus)
    i.rf_GetStatus                           0x0000113a   Section        0  softspi.o(i.rf_GetStatus)
    i.rf_Init                                0x00001140   Section        0  softspi.o(i.rf_Init)
    i.rf_IsDataAvailable                     0x000011a8   Section        0  softspi.o(i.rf_IsDataAvailable)
    i.rf_Listen                              0x00001208   Section        0  softspi.o(i.rf_Listen)
    i.rf_PowerUp                             0x0000122c   Section        0  softspi.o(i.rf_PowerUp)
    i.rf_ReadRegister                        0x00001248   Section        0  softspi.o(i.rf_ReadRegister)
    i.rf_ReceiveData                         0x0000125a   Section        0  softspi.o(i.rf_ReceiveData)
    i.rf_ResetStatus                         0x00001292   Section        0  softspi.o(i.rf_ResetStatus)
    i.rf_SendAckPayload                      0x000012c0   Section        0  softspi.o(i.rf_SendAckPayload)
    i.rf_SendCmdBuffer                       0x00001312   Section        0  softspi.o(i.rf_SendCmdBuffer)
    i.rf_SendCmdMasked                       0x0000134c   Section        0  softspi.o(i.rf_SendCmdMasked)
    i.rf_SendCmd_1                           0x00001368   Section        0  softspi.o(i.rf_SendCmd_1)
    i.rf_SendCmd_2                           0x00001372   Section        0  softspi.o(i.rf_SendCmd_2)
    i.rf_SendData                            0x00001390   Section        0  softspi.o(i.rf_SendData)
    i.rf_SetAddressWidth                     0x00001418   Section        0  softspi.o(i.rf_SetAddressWidth)
    i.rf_SetCRC                              0x00001432   Section        0  softspi.o(i.rf_SetCRC)
    i.rf_SetDataRate                         0x00001448   Section        0  softspi.o(i.rf_SetDataRate)
    i.rf_SetPipeAddress                      0x00001464   Section        0  softspi.o(i.rf_SetPipeAddress)
    i.rf_SetRetryCount                       0x000014ac   Section        0  softspi.o(i.rf_SetRetryCount)
    i.rf_SetRetryDelay                       0x000014b6   Section        0  softspi.o(i.rf_SetRetryDelay)
    i.set_PE_OUTPUT_MDOE                     0x000014c4   Section        0  nrf2401_host.o(i.set_PE_OUTPUT_MDOE)
    i.spi_Read                               0x000015c0   Section        0  softspi.o(i.spi_Read)
    i.spi_SetCEState                         0x00001600   Section        0  softspi.o(i.spi_SetCEState)
    i.spi_TransferData                       0x00001618   Section        0  softspi.o(i.spi_TransferData)
    i.spi_Write                              0x0000162c   Section        0  softspi.o(i.spi_Write)
    i.tmr50usIsExpired                       0x0000166c   Section        0  tmr50us.o(i.tmr50usIsExpired)
    i.uart_putchar                           0x00001684   Section        0  usart.o(i.uart_putchar)
    i.uart_putchar_n                         0x000016d0   Section        0  usart.o(i.uart_putchar_n)
    i.uart_puts                              0x000016e6   Section        0  usart.o(i.uart_puts)
    i.uart_putu16                            0x000016fa   Section        0  usart.o(i.uart_putu16)
    i.uart_putu8                             0x00001720   Section        0  usart.o(i.uart_putu8)
    .constdata                               0x00001734   Section       30  nrf2401_host.o(.constdata)
    .data                                    0x20000000   Section        4  ht32f1xxxx_01_it.o(.data)
    gIsContinue                              0x20000000   Data           4  ht32f1xxxx_01_it.o(.data)
    .data                                    0x20000004   Section       24  nrf2401_host.o(.data)
    zzz_pipe                                 0x20000004   Data           1  nrf2401_host.o(.data)
    expected_length_from_ptx                 0x20000005   Data           1  nrf2401_host.o(.data)
    expected_payload_0_from_ptx              0x20000006   Data           1  nrf2401_host.o(.data)
    expected_length_from_prx                 0x20000007   Data           1  nrf2401_host.o(.data)
    expected_payload_0_from_prx              0x20000008   Data           1  nrf2401_host.o(.data)
    cnt                                      0x20000009   Data           1  nrf2401_host.o(.data)
    ini_deta                                 0x2000000a   Data           1  nrf2401_host.o(.data)
    ini_deta                                 0x2000000b   Data           1  nrf2401_host.o(.data)
    rrr_pipe                                 0x2000000c   Data           1  nrf2401_host.o(.data)
    .data                                    0x2000001c   Section       41  softspi.o(.data)
    _payload_sz                              0x2000001c   Data           1  softspi.o(.data)
    _p0_swapped_out                          0x2000001d   Data           1  softspi.o(.data)
    _use_dynamic_payload                     0x2000001e   Data           1  softspi.o(.data)
    _comm_mode                               0x2000001f   Data           1  softspi.o(.data)
    _current_pipe                            0x20000020   Data           1  softspi.o(.data)
    .data                                    0x20000048   Section        4  tmr50us.o(.data)
    .data                                    0x2000004c   Section        8  usart.o(.data)
    .data                                    0x20000054   Section        4  usart.o(.data)
    .data                                    0x20000058   Section        4  usart.o(.data)
    .data                                    0x2000005c   Section        4  system_ht32f1xxxx_02.o(.data)
    .bss                                     0x20000060   Section      300  nrf2401_host.o(.bss)
    hfsm1                                    0x20000060   Data          12  nrf2401_host.o(.bss)
    .bss                                     0x2000018c   Section     1024  usart.o(.bss)
    .bss                                     0x2000058c   Section     1024  usart.o(.bss)
    STACK                                    0x20000990   Section      512  startup_ht32f1xxxx_01.o(STACK)

    Global Symbols

    Symbol Name                              Value     Ov Type        Size  Object(Section)

    BuildAttributes$$THM_ISAv4$P$D$K$B$S$PE$A:L22UL41UL21$X:L11$S22US41US21$IEEE1$IW$USESV6$~STKCKD$USESV7$~SHL$OSPACE$EBA8$MICROLIB$REQ8$PRES8$EABIv2 0x00000000   Number         0  anon$$obj.o ABSOLUTE
    __ARM_use_no_argv                        0x00000000   Number         0  main.o ABSOLUTE
    __Vectors                                0x00000000   Data           0  startup_ht32f1xxxx_01.o(RESET)
    __use_no_errno                           0x00000000   Number         0  useno.o ABSOLUTE
    __use_no_exception_handling              0x00000000   Number         0  useno.o ABSOLUTE
    __use_no_fp                              0x00000000   Number         0  useno.o ABSOLUTE
    __use_no_heap                            0x00000000   Number         0  useno.o ABSOLUTE
    __use_no_heap_region                     0x00000000   Number         0  useno.o ABSOLUTE
    __use_no_semihosting                     0x00000000   Number         0  useno.o ABSOLUTE
    __use_no_semihosting_swi                 0x00000000   Number         0  useno.o ABSOLUTE
    __use_no_signal_handling                 0x00000000   Number         0  useno.o ABSOLUTE
    __cpp_initialize__aeabi_                  - Undefined Weak Reference
    __cxa_finalize                            - Undefined Weak Reference
    __decompress                              - Undefined Weak Reference
    _clock_init                               - Undefined Weak Reference
    _microlib_exit                            - Undefined Weak Reference
    Reset_Handler                            0x00000159   Thumb Code    12  startup_ht32f1xxxx_01.o(RESET)
    ADC_IRQHandler                           0x000001df   Thumb Code     0  startup_ht32f1xxxx_01.o(RESET)
    AES_IRQHandler                           0x000001df   Thumb Code     0  startup_ht32f1xxxx_01.o(RESET)
    BFTM1_IRQHandler                         0x000001df   Thumb Code     0  startup_ht32f1xxxx_01.o(RESET)
    BOD_IRQHandler                           0x000001df   Thumb Code     0  startup_ht32f1xxxx_01.o(RESET)
    CKRDY_IRQHandler                         0x000001df   Thumb Code     0  startup_ht32f1xxxx_01.o(RESET)
    COMP_IRQHandler                          0x000001df   Thumb Code     0  startup_ht32f1xxxx_01.o(RESET)
    CSIF_IRQHandler                          0x000001df   Thumb Code     0  startup_ht32f1xxxx_01.o(RESET)
    EBI_IRQHandler                           0x000001df   Thumb Code     0  startup_ht32f1xxxx_01.o(RESET)
    EVWUP_IRQHandler                         0x000001df   Thumb Code     0  startup_ht32f1xxxx_01.o(RESET)
    EXTI0_IRQHandler                         0x000001df   Thumb Code     0  startup_ht32f1xxxx_01.o(RESET)
    EXTI10_IRQHandler                        0x000001df   Thumb Code     0  startup_ht32f1xxxx_01.o(RESET)
    EXTI11_IRQHandler                        0x000001df   Thumb Code     0  startup_ht32f1xxxx_01.o(RESET)
    EXTI12_IRQHandler                        0x000001df   Thumb Code     0  startup_ht32f1xxxx_01.o(RESET)
    EXTI13_IRQHandler                        0x000001df   Thumb Code     0  startup_ht32f1xxxx_01.o(RESET)
    EXTI14_IRQHandler                        0x000001df   Thumb Code     0  startup_ht32f1xxxx_01.o(RESET)
    EXTI15_IRQHandler                        0x000001df   Thumb Code     0  startup_ht32f1xxxx_01.o(RESET)
    EXTI1_IRQHandler                         0x000001df   Thumb Code     0  startup_ht32f1xxxx_01.o(RESET)
    EXTI2_IRQHandler                         0x000001df   Thumb Code     0  startup_ht32f1xxxx_01.o(RESET)
    EXTI3_IRQHandler                         0x000001df   Thumb Code     0  startup_ht32f1xxxx_01.o(RESET)
    EXTI4_IRQHandler                         0x000001df   Thumb Code     0  startup_ht32f1xxxx_01.o(RESET)
    EXTI5_IRQHandler                         0x000001df   Thumb Code     0  startup_ht32f1xxxx_01.o(RESET)
    EXTI6_IRQHandler                         0x000001df   Thumb Code     0  startup_ht32f1xxxx_01.o(RESET)
    EXTI7_IRQHandler                         0x000001df   Thumb Code     0  startup_ht32f1xxxx_01.o(RESET)
    EXTI8_IRQHandler                         0x000001df   Thumb Code     0  startup_ht32f1xxxx_01.o(RESET)
    EXTI9_IRQHandler                         0x000001df   Thumb Code     0  startup_ht32f1xxxx_01.o(RESET)
    FLASH_IRQHandler                         0x000001df   Thumb Code     0  startup_ht32f1xxxx_01.o(RESET)
    GPTM0_IRQHandler                         0x000001df   Thumb Code     0  startup_ht32f1xxxx_01.o(RESET)
    GPTM1_IRQHandler                         0x000001df   Thumb Code     0  startup_ht32f1xxxx_01.o(RESET)
    I2C0_IRQHandler                          0x000001df   Thumb Code     0  startup_ht32f1xxxx_01.o(RESET)
    I2C1_IRQHandler                          0x000001df   Thumb Code     0  startup_ht32f1xxxx_01.o(RESET)
    I2S_IRQHandler                           0x000001df   Thumb Code     0  startup_ht32f1xxxx_01.o(RESET)
    LPWUP_IRQHandler                         0x000001df   Thumb Code     0  startup_ht32f1xxxx_01.o(RESET)
    LVD_IRQHandler                           0x000001df   Thumb Code     0  startup_ht32f1xxxx_01.o(RESET)
    MCTM0BRK_IRQHandler                      0x000001df   Thumb Code     0  startup_ht32f1xxxx_01.o(RESET)
    MCTM0CC_IRQHandler                       0x000001df   Thumb Code     0  startup_ht32f1xxxx_01.o(RESET)
    MCTM0TR_IRQHandler                       0x000001df   Thumb Code     0  startup_ht32f1xxxx_01.o(RESET)
    MCTM0UP_IRQHandler                       0x000001df   Thumb Code     0  startup_ht32f1xxxx_01.o(RESET)
    MCTM1BRK_IRQHandler                      0x000001df   Thumb Code     0  startup_ht32f1xxxx_01.o(RESET)
    MCTM1CC_IRQHandler                       0x000001df   Thumb Code     0  startup_ht32f1xxxx_01.o(RESET)
    MCTM1TR_IRQHandler                       0x000001df   Thumb Code     0  startup_ht32f1xxxx_01.o(RESET)
    MCTM1UP_IRQHandler                       0x000001df   Thumb Code     0  startup_ht32f1xxxx_01.o(RESET)
    PDMA_CH0_IRQHandler                      0x000001df   Thumb Code     0  startup_ht32f1xxxx_01.o(RESET)
    PDMA_CH10_IRQHandler                     0x000001df   Thumb Code     0  startup_ht32f1xxxx_01.o(RESET)
    PDMA_CH11_IRQHandler                     0x000001df   Thumb Code     0  startup_ht32f1xxxx_01.o(RESET)
    PDMA_CH1_IRQHandler                      0x000001df   Thumb Code     0  startup_ht32f1xxxx_01.o(RESET)
    PDMA_CH2_IRQHandler                      0x000001df   Thumb Code     0  startup_ht32f1xxxx_01.o(RESET)
    PDMA_CH3_IRQHandler                      0x000001df   Thumb Code     0  startup_ht32f1xxxx_01.o(RESET)
    PDMA_CH4_IRQHandler                      0x000001df   Thumb Code     0  startup_ht32f1xxxx_01.o(RESET)
    PDMA_CH5_IRQHandler                      0x000001df   Thumb Code     0  startup_ht32f1xxxx_01.o(RESET)
    PDMA_CH6_IRQHandler                      0x000001df   Thumb Code     0  startup_ht32f1xxxx_01.o(RESET)
    PDMA_CH7_IRQHandler                      0x000001df   Thumb Code     0  startup_ht32f1xxxx_01.o(RESET)
    PDMA_CH8_IRQHandler                      0x000001df   Thumb Code     0  startup_ht32f1xxxx_01.o(RESET)
    PDMA_CH9_IRQHandler                      0x000001df   Thumb Code     0  startup_ht32f1xxxx_01.o(RESET)
    RTC_IRQHandler                           0x000001df   Thumb Code     0  startup_ht32f1xxxx_01.o(RESET)
    SCI_IRQHandler                           0x000001df   Thumb Code     0  startup_ht32f1xxxx_01.o(RESET)
    SDIO_IRQHandler                          0x000001df   Thumb Code     0  startup_ht32f1xxxx_01.o(RESET)
    SPI0_IRQHandler                          0x000001df   Thumb Code     0  startup_ht32f1xxxx_01.o(RESET)
    SPI1_IRQHandler                          0x000001df   Thumb Code     0  startup_ht32f1xxxx_01.o(RESET)
    UART0_IRQHandler                         0x000001df   Thumb Code     0  startup_ht32f1xxxx_01.o(RESET)
    UART1_IRQHandler                         0x000001df   Thumb Code     0  startup_ht32f1xxxx_01.o(RESET)
    USB_IRQHandler                           0x000001df   Thumb Code     0  startup_ht32f1xxxx_01.o(RESET)
    WDT_IRQHandler                           0x000001df   Thumb Code     0  startup_ht32f1xxxx_01.o(RESET)
    __main                                   0x00000201   Thumb Code     0  entry.o(.ARM.Collect$$$$00000000)
    _main_stk                                0x00000201   Thumb Code     0  entry2.o(.ARM.Collect$$$$00000001)
    _main_scatterload                        0x00000205   Thumb Code     0  entry5.o(.ARM.Collect$$$$00000004)
    __main_after_scatterload                 0x00000209   Thumb Code     0  entry5.o(.ARM.Collect$$$$00000004)
    _main_clock                              0x00000209   Thumb Code     0  entry7b.o(.ARM.Collect$$$$00000008)
    _main_cpp_init                           0x00000209   Thumb Code     0  entry8b.o(.ARM.Collect$$$$0000000A)
    _main_init                               0x00000209   Thumb Code     0  entry9a.o(.ARM.Collect$$$$0000000B)
    __rt_final_cpp                           0x00000211   Thumb Code     0  entry10a.o(.ARM.Collect$$$$0000000D)
    __rt_final_exit                          0x00000211   Thumb Code     0  entry11a.o(.ARM.Collect$$$$0000000F)
    __scatterload                            0x00000215   Thumb Code    28  init.o(.text)
    __scatterload_rt2                        0x00000215   Thumb Code     0  init.o(.text)
    AFIO_GPxConfig                           0x00000239   Thumb Code    94  ht32f1xxxx_gpio.o(i.AFIO_GPxConfig)
    BFTM0_IRQHandler                         0x0000029d   Thumb Code    14  ht32f1xxxx_01_it.o(i.BFTM0_IRQHandler)
    BFTM_ClearFlag                           0x000002b5   Thumb Code    14  ht32f1xxxx_bftm.o(i.BFTM_ClearFlag)
    BFTM_EnaCmd                              0x000002c3   Thumb Code    20  ht32f1xxxx_bftm.o(i.BFTM_EnaCmd)
    BFTM_IntConfig                           0x000002d7   Thumb Code    20  ht32f1xxxx_bftm.o(i.BFTM_IntConfig)
    BFTM_SetCompare                          0x000002eb   Thumb Code     4  ht32f1xxxx_bftm.o(i.BFTM_SetCompare)
    BFTM_SetCounter                          0x000002ef   Thumb Code     4  ht32f1xxxx_bftm.o(i.BFTM_SetCounter)
    BusFault_Handler                         0x000002f3   Thumb Code     2  ht32f1xxxx_01_it.o(i.BusFault_Handler)
    CKCU_GetClocksFrequency                  0x000002f5   Thumb Code    90  ht32f1xxxx_ckcu.o(i.CKCU_GetClocksFrequency)
    CKCU_GetPLLFrequency                     0x00000359   Thumb Code    52  ht32f1xxxx_ckcu.o(i.CKCU_GetPLLFrequency)
    CKCU_GetPeripFrequency                   0x00000399   Thumb Code    48  ht32f1xxxx_ckcu.o(i.CKCU_GetPeripFrequency)
    CKCU_PeripClockConfig                    0x000003cd   Thumb Code    32  ht32f1xxxx_ckcu.o(i.CKCU_PeripClockConfig)
    DebugMon_Handler                         0x000003f1   Thumb Code     2  ht32f1xxxx_01_it.o(i.DebugMon_Handler)
    DueMain_main                             0x000003f5   Thumb Code   574  nrf2401_host.o(i.DueMain_main)
    GPIO_DirectionConfig                     0x00000681   Thumb Code    16  ht32f1xxxx_gpio.o(i.GPIO_DirectionConfig)
    GPIO_InputConfig                         0x00000691   Thumb Code    16  ht32f1xxxx_gpio.o(i.GPIO_InputConfig)
    GPIO_PullResistorConfig                  0x000006a1   Thumb Code    40  ht32f1xxxx_gpio.o(i.GPIO_PullResistorConfig)
    GPIO_ReadInBit                           0x000006c9   Thumb Code    10  ht32f1xxxx_gpio.o(i.GPIO_ReadInBit)
    GPIO_ReadOutBit                          0x000006d3   Thumb Code    10  ht32f1xxxx_gpio.o(i.GPIO_ReadOutBit)
    GPIO_ToggleOutBits                       0x000006dd   Thumb Code    20  nrf2401_host.o(i.GPIO_ToggleOutBits)
    GPIO_WriteOutBits                        0x000006f1   Thumb Code    10  ht32f1xxxx_gpio.o(i.GPIO_WriteOutBits)
    HardFault_Handler                        0x000006fd   Thumb Code    10  ht32f1xxxx_01_it.o(i.HardFault_Handler)
    MemManage_Handler                        0x0000070d   Thumb Code     2  ht32f1xxxx_01_it.o(i.MemManage_Handler)
    NMI_Handler                              0x0000070f   Thumb Code     2  ht32f1xxxx_01_it.o(i.NMI_Handler)
    PWRCU_CheckReadyAccessed                 0x00000729   Thumb Code    60  ht32f1xxxx_pwrcu.o(i.PWRCU_CheckReadyAccessed)
    PendSV_Handler                           0x00000771   Thumb Code     2  ht32f1xxxx_01_it.o(i.PendSV_Handler)
    SPI_Cmd                                  0x00000773   Thumb Code    20  ht32f1xxxx_spi.o(i.SPI_Cmd)
    SPI_Init                                 0x00000787   Thumb Code    74  ht32f1xxxx_spi.o(i.SPI_Init)
    SPI_MISO_INPUT_MDOE                      0x000007d1   Thumb Code    48  softspi.o(i.SPI_MISO_INPUT_MDOE)
    SPI_SELOutputCmd                         0x00000805   Thumb Code    20  ht32f1xxxx_spi.o(i.SPI_SELOutputCmd)
    SVC_Handler                              0x00000819   Thumb Code     2  ht32f1xxxx_01_it.o(i.SVC_Handler)
    SysTick_Handler                          0x0000081b   Thumb Code     2  ht32f1xxxx_01_it.o(i.SysTick_Handler)
    SystemInit                               0x0000081d   Thumb Code   204  system_ht32f1xxxx_02.o(i.SystemInit)
    USART0_IRQHandler                        0x00000901   Thumb Code   136  ht32f1xxxx_01_it.o(i.USART0_IRQHandler)
    USART1_IRQHandler                        0x000009a1   Thumb Code     2  ht32f1xxxx_01_it.o(i.USART1_IRQHandler)
    USART_FIFOReset                          0x000009a3   Thumb Code     8  ht32f1xxxx_usart.o(i.USART_FIFOReset)
    USART_GetFlagStatus                      0x000009ab   Thumb Code    10  ht32f1xxxx_usart.o(i.USART_GetFlagStatus)
    USART_Init                               0x000009b5   Thumb Code    84  ht32f1xxxx_usart.o(i.USART_Init)
    USART_IntConfig                          0x00000a15   Thumb Code    16  ht32f1xxxx_usart.o(i.USART_IntConfig)
    USART_ReceiveData                        0x00000a25   Thumb Code     6  ht32f1xxxx_usart.o(i.USART_ReceiveData)
    USART_SendData                           0x00000a2b   Thumb Code     4  ht32f1xxxx_usart.o(i.USART_SendData)
    USART_TxRxCmd                            0x00000a2f   Thumb Code    18  ht32f1xxxx_usart.o(i.USART_TxRxCmd)
    UnoClient_main                           0x00000a41   Thumb Code   492  nrf2401_host.o(i.UnoClient_main)
    UsageFault_Handler                       0x00000c89   Thumb Code     2  ht32f1xxxx_01_it.o(i.UsageFault_Handler)
    __scatterload_copy                       0x00000c8b   Thumb Code    14  handlers.o(i.__scatterload_copy)
    __scatterload_null                       0x00000c99   Thumb Code     2  handlers.o(i.__scatterload_null)
    __scatterload_zeroinit                   0x00000c9b   Thumb Code    14  handlers.o(i.__scatterload_zeroinit)
    delay_unit_50us                          0x00000de5   Thumb Code    24  tmr50us.o(i.delay_unit_50us)
    host24L01_process                        0x00000e01   Thumb Code    80  nrf2401_host.o(i.host24L01_process)
    init_softspi                             0x00000e59   Thumb Code    14  softspi.o(i.init_softspi)
    main                                     0x00000e79   Thumb Code   322  main.o(i.main)
    rf_ConfigurePipe                         0x00001079   Thumb Code   148  softspi.o(i.rf_ConfigurePipe)
    rf_FlushBuffer                           0x00001111   Thumb Code    36  softspi.o(i.rf_FlushBuffer)
    rf_GetFifoStatus                         0x00001135   Thumb Code     6  softspi.o(i.rf_GetFifoStatus)
    rf_GetStatus                             0x0000113b   Thumb Code     6  softspi.o(i.rf_GetStatus)
    rf_Init                                  0x00001141   Thumb Code   100  softspi.o(i.rf_Init)
    rf_IsDataAvailable                       0x000011a9   Thumb Code    90  softspi.o(i.rf_IsDataAvailable)
    rf_Listen                                0x00001209   Thumb Code    32  softspi.o(i.rf_Listen)
    rf_PowerUp                               0x0000122d   Thumb Code    22  softspi.o(i.rf_PowerUp)
    rf_ReadRegister                          0x00001249   Thumb Code    18  softspi.o(i.rf_ReadRegister)
    rf_ReceiveData                           0x0000125b   Thumb Code    56  softspi.o(i.rf_ReceiveData)
    rf_ResetStatus                           0x00001293   Thumb Code    46  softspi.o(i.rf_ResetStatus)
    rf_SendAckPayload                        0x000012c1   Thumb Code    82  softspi.o(i.rf_SendAckPayload)
    rf_SendCmdBuffer                         0x00001313   Thumb Code    58  softspi.o(i.rf_SendCmdBuffer)
    rf_SendCmdMasked                         0x0000134d   Thumb Code    28  softspi.o(i.rf_SendCmdMasked)
    rf_SendCmd_1                             0x00001369   Thumb Code    10  softspi.o(i.rf_SendCmd_1)
    rf_SendCmd_2                             0x00001373   Thumb Code    28  softspi.o(i.rf_SendCmd_2)
    rf_SendData                              0x00001391   Thumb Code   130  softspi.o(i.rf_SendData)
    rf_SetAddressWidth                       0x00001419   Thumb Code    26  softspi.o(i.rf_SetAddressWidth)
    rf_SetCRC                                0x00001433   Thumb Code    22  softspi.o(i.rf_SetCRC)
    rf_SetDataRate                           0x00001449   Thumb Code    28  softspi.o(i.rf_SetDataRate)
    rf_SetPipeAddress                        0x00001465   Thumb Code    66  softspi.o(i.rf_SetPipeAddress)
    rf_SetRetryCount                         0x000014ad   Thumb Code    10  softspi.o(i.rf_SetRetryCount)
    rf_SetRetryDelay                         0x000014b7   Thumb Code    12  softspi.o(i.rf_SetRetryDelay)
    set_PE_OUTPUT_MDOE                       0x000014c5   Thumb Code   248  nrf2401_host.o(i.set_PE_OUTPUT_MDOE)
    spi_Read                                 0x000015c1   Thumb Code    58  softspi.o(i.spi_Read)
    spi_SetCEState                           0x00001601   Thumb Code    18  softspi.o(i.spi_SetCEState)
    spi_TransferData                         0x00001619   Thumb Code    18  softspi.o(i.spi_TransferData)
    spi_Write                                0x0000162d   Thumb Code    60  softspi.o(i.spi_Write)
    tmr50usIsExpired                         0x0000166d   Thumb Code    20  tmr50us.o(i.tmr50usIsExpired)
    uart_putchar                             0x00001685   Thumb Code    66  usart.o(i.uart_putchar)
    uart_putchar_n                           0x000016d1   Thumb Code    22  usart.o(i.uart_putchar_n)
    uart_puts                                0x000016e7   Thumb Code    20  usart.o(i.uart_puts)
    uart_putu16                              0x000016fb   Thumb Code    38  usart.o(i.uart_putu16)
    uart_putu8                               0x00001721   Thumb Code    20  usart.o(i.uart_putu8)
    pipe0_addr                               0x00001734   Data           5  nrf2401_host.o(.constdata)
    pipe1_addr                               0x00001739   Data           5  nrf2401_host.o(.constdata)
    pipe2_addr                               0x0000173e   Data           5  nrf2401_host.o(.constdata)
    pipe3_addr                               0x00001743   Data           5  nrf2401_host.o(.constdata)
    pipe4_addr                               0x00001748   Data           5  nrf2401_host.o(.constdata)
    pipe5_addr                               0x0000174d   Data           5  nrf2401_host.o(.constdata)
    Region$$Table$$Base                      0x00001754   Number         0  anon$$obj.o(Region$$Table)
    Region$$Table$$Limit                     0x00001774   Number         0  anon$$obj.o(Region$$Table)
    debug_i                                  0x20000010   Data           4  nrf2401_host.o(.data)
    debug_MAX_RT                             0x20000014   Data           4  nrf2401_host.o(.data)
    debug_TX_DS                              0x20000018   Data           4  nrf2401_host.o(.data)
    _pipes                                   0x20000021   Data          36  softspi.o(.data)
    tmr50us_current_ticks                    0x20000048   Data           4  tmr50us.o(.data)
    UR0TxReadIndex                           0x2000004c   Data           4  usart.o(.data)
    UR0TxWriteIndex                          0x20000050   Data           4  usart.o(.data)
    UR0RxReadIndex                           0x20000054   Data           4  usart.o(.data)
    UR0RxWriteIndex                          0x20000058   Data           4  usart.o(.data)
    SystemCoreClock                          0x2000005c   Data           4  system_ht32f1xxxx_02.o(.data)
    buf                                      0x2000006c   Data          32  nrf2401_host.o(.bss)
    str2                                     0x2000008c   Data         256  nrf2401_host.o(.bss)
    UR0TxBuf                                 0x2000018c   Data        1024  usart.o(.bss)
    UR0RxBuf                                 0x2000058c   Data        1024  usart.o(.bss)
    __HT_check_sp                            0x20000990   Data           0  startup_ht32f1xxxx_01.o(STACK)
    __initial_sp                             0x20000b90   Data           0  startup_ht32f1xxxx_01.o(STACK)



==============================================================================

Memory Map of the image

  Image Entry point : 0x00000159

  Load Region LR_1 (Base: 0x00000000, Size: 0x000017d4, Max: 0xffffffff, ABSOLUTE)

    Execution Region ER_RO (Exec base: 0x00000000, Load base: 0x00000000, Size: 0x00001774, Max: 0xffffffff, ABSOLUTE)

    Exec Addr    Load Addr    Size         Type   Attr      Idx    E Section Name        Object

    0x00000000   0x00000000   0x00000200   Code   RO          884  * RESET               startup_ht32f1xxxx_01.o
    0x00000200   0x00000200   0x00000000   Code   RO         4886  * .ARM.Collect$$$$00000000  mc_w.l(entry.o)
    0x00000200   0x00000200   0x00000004   Code   RO         4889    .ARM.Collect$$$$00000001  mc_w.l(entry2.o)
    0x00000204   0x00000204   0x00000004   Code   RO         4892    .ARM.Collect$$$$00000004  mc_w.l(entry5.o)
    0x00000208   0x00000208   0x00000000   Code   RO         4894    .ARM.Collect$$$$00000008  mc_w.l(entry7b.o)
    0x00000208   0x00000208   0x00000000   Code   RO         4896    .ARM.Collect$$$$0000000A  mc_w.l(entry8b.o)
    0x00000208   0x00000208   0x00000008   Code   RO         4897    .ARM.Collect$$$$0000000B  mc_w.l(entry9a.o)
    0x00000210   0x00000210   0x00000000   Code   RO         4899    .ARM.Collect$$$$0000000D  mc_w.l(entry10a.o)
    0x00000210   0x00000210   0x00000000   Code   RO         4901    .ARM.Collect$$$$0000000F  mc_w.l(entry11a.o)
    0x00000210   0x00000210   0x00000004   Code   RO         4890    .ARM.Collect$$$$00002712  mc_w.l(entry2.o)
    0x00000214   0x00000214   0x00000024   Code   RO         4903    .text               mc_w.l(init.o)
    0x00000238   0x00000238   0x00000064   Code   RO         2105    i.AFIO_GPxConfig    ht32f1xxxx_gpio.o
    0x0000029c   0x0000029c   0x00000018   Code   RO          195    i.BFTM0_IRQHandler  ht32f1xxxx_01_it.o
    0x000002b4   0x000002b4   0x0000000e   Code   RO         1366    i.BFTM_ClearFlag    ht32f1xxxx_bftm.o
    0x000002c2   0x000002c2   0x00000014   Code   RO         1368    i.BFTM_EnaCmd       ht32f1xxxx_bftm.o
    0x000002d6   0x000002d6   0x00000014   Code   RO         1372    i.BFTM_IntConfig    ht32f1xxxx_bftm.o
    0x000002ea   0x000002ea   0x00000004   Code   RO         1374    i.BFTM_SetCompare   ht32f1xxxx_bftm.o
    0x000002ee   0x000002ee   0x00000004   Code   RO         1375    i.BFTM_SetCounter   ht32f1xxxx_bftm.o
    0x000002f2   0x000002f2   0x00000002   Code   RO          196    i.BusFault_Handler  ht32f1xxxx_01_it.o
    0x000002f4   0x000002f4   0x00000064   Code   RO         1453    i.CKCU_GetClocksFrequency  ht32f1xxxx_ckcu.o
    0x00000358   0x00000358   0x00000040   Code   RO         1455    i.CKCU_GetPLLFrequency  ht32f1xxxx_ckcu.o
    0x00000398   0x00000398   0x00000034   Code   RO         1456    i.CKCU_GetPeripFrequency  ht32f1xxxx_ckcu.o
    0x000003cc   0x000003cc   0x00000024   Code   RO         1471    i.CKCU_PeripClockConfig  ht32f1xxxx_ckcu.o
    0x000003f0   0x000003f0   0x00000002   Code   RO          197    i.DebugMon_Handler  ht32f1xxxx_01_it.o
    0x000003f2   0x000003f2   0x00000002   PAD
    0x000003f4   0x000003f4   0x0000028c   Code   RO          439    i.DueMain_main      nrf2401_host.o
    0x00000680   0x00000680   0x00000010   Code   RO         2108    i.GPIO_DirectionConfig  ht32f1xxxx_gpio.o
    0x00000690   0x00000690   0x00000010   Code   RO         2111    i.GPIO_InputConfig  ht32f1xxxx_gpio.o
    0x000006a0   0x000006a0   0x00000028   Code   RO         2116    i.GPIO_PullResistorConfig  ht32f1xxxx_gpio.o
    0x000006c8   0x000006c8   0x0000000a   Code   RO         2117    i.GPIO_ReadInBit    ht32f1xxxx_gpio.o
    0x000006d2   0x000006d2   0x0000000a   Code   RO         2119    i.GPIO_ReadOutBit   ht32f1xxxx_gpio.o
    0x000006dc   0x000006dc   0x00000014   Code   RO          440    i.GPIO_ToggleOutBits  nrf2401_host.o
    0x000006f0   0x000006f0   0x0000000a   Code   RO         2122    i.GPIO_WriteOutBits  ht32f1xxxx_gpio.o
    0x000006fa   0x000006fa   0x00000002   PAD
    0x000006fc   0x000006fc   0x00000010   Code   RO          198    i.HardFault_Handler  ht32f1xxxx_01_it.o
    0x0000070c   0x0000070c   0x00000002   Code   RO          199    i.MemManage_Handler  ht32f1xxxx_01_it.o
    0x0000070e   0x0000070e   0x00000002   Code   RO          200    i.NMI_Handler       ht32f1xxxx_01_it.o
    0x00000710   0x00000710   0x00000016   Code   RO            4    i.NVIC_EnableIRQ    main.o
    0x00000726   0x00000726   0x00000002   PAD
    0x00000728   0x00000728   0x00000048   Code   RO         2663    i.PWRCU_CheckReadyAccessed  ht32f1xxxx_pwrcu.o
    0x00000770   0x00000770   0x00000002   Code   RO          201    i.PendSV_Handler    ht32f1xxxx_01_it.o
    0x00000772   0x00000772   0x00000014   Code   RO         3230    i.SPI_Cmd           ht32f1xxxx_spi.o
    0x00000786   0x00000786   0x0000004a   Code   RO         3239    i.SPI_Init          ht32f1xxxx_spi.o
    0x000007d0   0x000007d0   0x00000034   Code   RO          523    i.SPI_MISO_INPUT_MDOE  softspi.o
    0x00000804   0x00000804   0x00000014   Code   RO         3245    i.SPI_SELOutputCmd  ht32f1xxxx_spi.o
    0x00000818   0x00000818   0x00000002   Code   RO          202    i.SVC_Handler       ht32f1xxxx_01_it.o
    0x0000081a   0x0000081a   0x00000002   Code   RO          203    i.SysTick_Handler   ht32f1xxxx_01_it.o
    0x0000081c   0x0000081c   0x000000e4   Code   RO          847    i.SystemInit        system_ht32f1xxxx_02.o
    0x00000900   0x00000900   0x000000a0   Code   RO          204    i.USART0_IRQHandler  ht32f1xxxx_01_it.o
    0x000009a0   0x000009a0   0x00000002   Code   RO          205    i.USART1_IRQHandler  ht32f1xxxx_01_it.o
    0x000009a2   0x000009a2   0x00000008   Code   RO         3705    i.USART_FIFOReset   ht32f1xxxx_usart.o
    0x000009aa   0x000009aa   0x0000000a   Code   RO         3708    i.USART_GetFlagStatus  ht32f1xxxx_usart.o
    0x000009b4   0x000009b4   0x00000060   Code   RO         3710    i.USART_Init        ht32f1xxxx_usart.o
    0x00000a14   0x00000a14   0x00000010   Code   RO         3711    i.USART_IntConfig   ht32f1xxxx_usart.o
    0x00000a24   0x00000a24   0x00000006   Code   RO         3720    i.USART_ReceiveData  ht32f1xxxx_usart.o
    0x00000a2a   0x00000a2a   0x00000004   Code   RO         3721    i.USART_SendData    ht32f1xxxx_usart.o
    0x00000a2e   0x00000a2e   0x00000012   Code   RO         3732    i.USART_TxRxCmd     ht32f1xxxx_usart.o
    0x00000a40   0x00000a40   0x00000248   Code   RO          441    i.UnoClient_main    nrf2401_host.o
    0x00000c88   0x00000c88   0x00000002   Code   RO          206    i.UsageFault_Handler  ht32f1xxxx_01_it.o
    0x00000c8a   0x00000c8a   0x0000000e   Code   RO         4907    i.__scatterload_copy  mc_w.l(handlers.o)
    0x00000c98   0x00000c98   0x00000002   Code   RO         4908    i.__scatterload_null  mc_w.l(handlers.o)
    0x00000c9a   0x00000c9a   0x0000000e   Code   RO         4909    i.__scatterload_zeroinit  mc_w.l(handlers.o)
    0x00000ca8   0x00000ca8   0x00000080   Code   RO          442    i.debug_rxpackets_from_prx_not_consecutive  nrf2401_host.o
    0x00000d28   0x00000d28   0x000000bc   Code   RO          443    i.debug_rxpackets_from_ptx_not_consecutive  nrf2401_host.o
    0x00000de4   0x00000de4   0x0000001c   Code   RO          742    i.delay_unit_50us   tmr50us.o
    0x00000e00   0x00000e00   0x00000058   Code   RO          444    i.host24L01_process  nrf2401_host.o
    0x00000e58   0x00000e58   0x0000000e   Code   RO          525    i.init_softspi      softspi.o
    0x00000e66   0x00000e66   0x00000012   Code   RO          783    i.lownibble_to_ascii  usart.o
    0x00000e78   0x00000e78   0x00000158   Code   RO            5    i.main              main.o
    0x00000fd0   0x00000fd0   0x00000084   Code   RO          526    i.pd012346_as_outputmode  softspi.o
    0x00001054   0x00001054   0x00000024   Code   RO          445    i.rewrite_syncID    nrf2401_host.o
    0x00001078   0x00001078   0x00000098   Code   RO          527    i.rf_ConfigurePipe  softspi.o
    0x00001110   0x00001110   0x00000024   Code   RO          528    i.rf_FlushBuffer    softspi.o
    0x00001134   0x00001134   0x00000006   Code   RO          529    i.rf_GetFifoStatus  softspi.o
    0x0000113a   0x0000113a   0x00000006   Code   RO          530    i.rf_GetStatus      softspi.o
    0x00001140   0x00001140   0x00000068   Code   RO          531    i.rf_Init           softspi.o
    0x000011a8   0x000011a8   0x00000060   Code   RO          532    i.rf_IsDataAvailable  softspi.o
    0x00001208   0x00001208   0x00000024   Code   RO          533    i.rf_Listen         softspi.o
    0x0000122c   0x0000122c   0x0000001c   Code   RO          535    i.rf_PowerUp        softspi.o
    0x00001248   0x00001248   0x00000012   Code   RO          537    i.rf_ReadRegister   softspi.o
    0x0000125a   0x0000125a   0x00000038   Code   RO          538    i.rf_ReceiveData    softspi.o
    0x00001292   0x00001292   0x0000002e   Code   RO          539    i.rf_ResetStatus    softspi.o
    0x000012c0   0x000012c0   0x00000052   Code   RO          540    i.rf_SendAckPayload  softspi.o
    0x00001312   0x00001312   0x0000003a   Code   RO          541    i.rf_SendCmdBuffer  softspi.o
    0x0000134c   0x0000134c   0x0000001c   Code   RO          542    i.rf_SendCmdMasked  softspi.o
    0x00001368   0x00001368   0x0000000a   Code   RO          543    i.rf_SendCmd_1      softspi.o
    0x00001372   0x00001372   0x0000001c   Code   RO          544    i.rf_SendCmd_2      softspi.o
    0x0000138e   0x0000138e   0x00000002   PAD
    0x00001390   0x00001390   0x00000088   Code   RO          545    i.rf_SendData       softspi.o
    0x00001418   0x00001418   0x0000001a   Code   RO          546    i.rf_SetAddressWidth  softspi.o
    0x00001432   0x00001432   0x00000016   Code   RO          547    i.rf_SetCRC         softspi.o
    0x00001448   0x00001448   0x0000001c   Code   RO          548    i.rf_SetDataRate    softspi.o
    0x00001464   0x00001464   0x00000048   Code   RO          549    i.rf_SetPipeAddress  softspi.o
    0x000014ac   0x000014ac   0x0000000a   Code   RO          550    i.rf_SetRetryCount  softspi.o
    0x000014b6   0x000014b6   0x0000000c   Code   RO          551    i.rf_SetRetryDelay  softspi.o
    0x000014c2   0x000014c2   0x00000002   PAD
    0x000014c4   0x000014c4   0x000000fc   Code   RO          446    i.set_PE_OUTPUT_MDOE  nrf2401_host.o
    0x000015c0   0x000015c0   0x00000040   Code   RO          554    i.spi_Read          softspi.o
    0x00001600   0x00001600   0x00000018   Code   RO          555    i.spi_SetCEState    softspi.o
    0x00001618   0x00001618   0x00000012   Code   RO          556    i.spi_TransferData  softspi.o
    0x0000162a   0x0000162a   0x00000002   PAD
    0x0000162c   0x0000162c   0x00000040   Code   RO          557    i.spi_Write         softspi.o
    0x0000166c   0x0000166c   0x00000018   Code   RO          744    i.tmr50usIsExpired  tmr50us.o
    0x00001684   0x00001684   0x0000004c   Code   RO          784    i.uart_putchar      usart.o
    0x000016d0   0x000016d0   0x00000016   Code   RO          785    i.uart_putchar_n    usart.o
    0x000016e6   0x000016e6   0x00000014   Code   RO          786    i.uart_puts         usart.o
    0x000016fa   0x000016fa   0x00000026   Code   RO          787    i.uart_putu16       usart.o
    0x00001720   0x00001720   0x00000014   Code   RO          788    i.uart_putu8        usart.o
    0x00001734   0x00001734   0x0000001e   Data   RO          448    .constdata          nrf2401_host.o
    0x00001752   0x00001752   0x00000002   PAD
    0x00001754   0x00001754   0x00000020   Data   RO         4905    Region$$Table       anon$$obj.o


    Execution Region ER_RW (Exec base: 0x20000000, Load base: 0x00001774, Size: 0x00000060, Max: 0xffffffff, ABSOLUTE)

    Exec Addr    Load Addr    Size         Type   Attr      Idx    E Section Name        Object

    0x20000000   0x00001774   0x00000004   Data   RW          207    .data               ht32f1xxxx_01_it.o
    0x20000004   0x00001778   0x00000018   Data   RW          450    .data               nrf2401_host.o
    0x2000001c   0x00001790   0x00000029   Data   RW          558    .data               softspi.o
    0x20000045   0x000017b9   0x00000003   PAD
    0x20000048   0x000017bc   0x00000004   Data   RW          745    .data               tmr50us.o
    0x2000004c   0x000017c0   0x00000008   Data   RW          791    .data               usart.o
    0x20000054   0x000017c8   0x00000004   Data   RW          792    .data               usart.o
    0x20000058   0x000017cc   0x00000004   Data   RW          793    .data               usart.o
    0x2000005c   0x000017d0   0x00000004   Data   RW          848    .data               system_ht32f1xxxx_02.o


    Execution Region ER_ZI (Exec base: 0x20000060, Load base: 0x000017d4, Size: 0x00000b30, Max: 0xffffffff, ABSOLUTE)

    Exec Addr    Load Addr    Size         Type   Attr      Idx    E Section Name        Object

    0x20000060        -       0x0000012c   Zero   RW          447    .bss                nrf2401_host.o
    0x2000018c        -       0x00000400   Zero   RW          789    .bss                usart.o
    0x2000058c        -       0x00000400   Zero   RW          790    .bss                usart.o
    0x2000098c   0x000017d4   0x00000004   PAD
    0x20000990        -       0x00000200   Zero   RW          882    STACK               startup_ht32f1xxxx_01.o


==============================================================================

Image component sizes


      Code (inc. data)   RO Data    RW Data    ZI Data      Debug   Object Name

       218         40          0          4          0      21169   ht32f1xxxx_01_it.o
        62          0          0          0          0       3832   ht32f1xxxx_bftm.o
       252         38          0          0          0      13016   ht32f1xxxx_ckcu.o
       202          6          0          0          0      10420   ht32f1xxxx_gpio.o
        72         12          0          0          0       3563   ht32f1xxxx_pwrcu.o
       114          0          0          0          0       8636   ht32f1xxxx_spi.o
       158         12          0          0          0      13392   ht32f1xxxx_usart.o
       366         22          0          0          0      62570   main.o
      1948        274         30         24        300      12632   nrf2401_host.o
      1464         60          0         41          0      20879   softspi.o
       512        376          0          0        512        952   startup_ht32f1xxxx_01.o
       228         24          0          4          0       2191   system_ht32f1xxxx_02.o
        52          8          0          4          0       2200   tmr50us.o
       194         10          0         16       2048       4533   usart.o

    ----------------------------------------------------------------------
      5854        882         64         96       2864     179985   Object Totals
         0          0         32          0          0          0   (incl. Generated)
        12          0          2          3          4          0   (incl. Padding)

    ----------------------------------------------------------------------

      Code (inc. data)   RO Data    RW Data    ZI Data      Debug   Library Member Name

         0          0          0          0          0          0   entry.o
         0          0          0          0          0          0   entry10a.o
         0          0          0          0          0          0   entry11a.o
         8          4          0          0          0          0   entry2.o
         4          0          0          0          0          0   entry5.o
         0          0          0          0          0          0   entry7b.o
         0          0          0          0          0          0   entry8b.o
         8          4          0          0          0          0   entry9a.o
        30          0          0          0          0          0   handlers.o
        36          8          0          0          0         68   init.o

    ----------------------------------------------------------------------
        86         16          0          0          0         68   Library Totals
         0          0          0          0          0          0   (incl. Padding)

    ----------------------------------------------------------------------

      Code (inc. data)   RO Data    RW Data    ZI Data      Debug   Library Name

        86         16          0          0          0         68   mc_w.l

    ----------------------------------------------------------------------
        86         16          0          0          0         68   Library Totals

    ----------------------------------------------------------------------

==============================================================================


      Code (inc. data)   RO Data    RW Data    ZI Data      Debug   

      5940        898         64         96       2864     175941   Grand Totals
      5940        898         64         96       2864     175941   ELF Image Totals
      5940        898         64         96          0          0   ROM Totals

==============================================================================

    Total RO  Size (Code + RO Data)                 6004 (   5.86kB)
    Total RW  Size (RW Data + ZI Data)              2960 (   2.89kB)
    Total ROM Size (Code + RO Data + RW Data)       6100 (   5.96kB)

==============================================================================

