Component: ARM Compiler 5.05 (build 41) Tool: armlink [4d0eb9]

==============================================================================

Section Cross References

    main.o(i.main) refers to ht32f5xxxx_ckcu.o(i.CKCU_PeripClockConfig) for CKCU_PeripClockConfig
    main.o(i.main) refers to ht32f5xxxx_pwrcu.o(i.PWRCU_CheckReadyAccessed) for PWRCU_CheckReadyAccessed
    main.o(i.main) refers to uidiv.o(.text) for __aeabi_uidivmod
    main.o(i.main) refers to ht32f5xxxx_bftm.o(i.BFTM_SetCompare) for BFTM_SetCompare
    main.o(i.main) refers to ht32f5xxxx_bftm.o(i.BFTM_SetCounter) for BFTM_SetCounter
    main.o(i.main) refers to ht32f5xxxx_bftm.o(i.BFTM_IntConfig) for BFTM_IntConfig
    main.o(i.main) refers to ht32f5xxxx_bftm.o(i.BFTM_EnaCmd) for BFTM_EnaCmd
    main.o(i.main) refers to ht32f5xxxx_gpio.o(i.GPIO_PullResistorConfig) for GPIO_PullResistorConfig
    main.o(i.main) refers to ht32f5xxxx_gpio.o(i.AFIO_GPxConfig) for AFIO_GPxConfig
    main.o(i.main) refers to ht32f5xxxx_spi.o(i.SPI_Init) for SPI_Init
    main.o(i.main) refers to ht32f5xxxx_spi.o(i.SPI_SELOutputCmd) for SPI_SELOutputCmd
    main.o(i.main) refers to ht32f5xxxx_spi.o(i.SPI_Cmd) for SPI_Cmd
    main.o(i.main) refers to ht32f5xxxx_usart.o(i.USART_Init) for USART_Init
    main.o(i.main) refers to ht32f5xxxx_usart.o(i.USART_FIFOReset) for USART_FIFOReset
    main.o(i.main) refers to ht32f5xxxx_usart.o(i.USART_IntConfig) for USART_IntConfig
    main.o(i.main) refers to ht32f5xxxx_usart.o(i.USART_TXRXTLConfig) for USART_TXRXTLConfig
    main.o(i.main) refers to ht32f5xxxx_usart.o(i.USART_SetTimeOutValue) for USART_SetTimeOutValue
    main.o(i.main) refers to ht32f5xxxx_usart.o(i.USART_TxRxCmd) for USART_TxRxCmd
    main.o(i.main) refers to ht32f5xxxx_gpio.o(i.GPIO_DirectionConfig) for GPIO_DirectionConfig
    main.o(i.main) refers to ht32f5xxxx_gpio.o(i.GPIO_InputConfig) for GPIO_InputConfig
    main.o(i.main) refers to nrf2401_host.o(i.host24L01_process) for host24L01_process
    main.o(i.main) refers to system_ht32f5xxxx_01.o(.data) for SystemCoreClock
    ht32f5xxxx_01_it.o(i.BFTM0_IRQHandler) refers to ht32f5xxxx_bftm.o(i.BFTM_ClearFlag) for BFTM_ClearFlag
    ht32f5xxxx_01_it.o(i.BFTM0_IRQHandler) refers to tmr50us.o(.data) for tmr50us_current_ticks
    ht32f5xxxx_01_it.o(i.HardFault_Handler) refers to ht32f5xxxx_01_it.o(.data) for .data
    ht32f5xxxx_01_it.o(i.USART1_IRQHandler) refers to ht32f5xxxx_usart.o(i.USART_GetFlagStatus) for USART_GetFlagStatus
    ht32f5xxxx_01_it.o(i.USART1_IRQHandler) refers to ht32f5xxxx_usart.o(i.USART_IntConfig) for USART_IntConfig
    ht32f5xxxx_01_it.o(i.USART1_IRQHandler) refers to ht32f5xxxx_usart.o(i.USART_SendData) for USART_SendData
    ht32f5xxxx_01_it.o(i.USART1_IRQHandler) refers to ht32f5xxxx_usart.o(i.USART_ClearFlag) for USART_ClearFlag
    ht32f5xxxx_01_it.o(i.USART1_IRQHandler) refers to ht32f5xxxx_usart.o(i.USART_ReceiveData) for USART_ReceiveData
    ht32f5xxxx_01_it.o(i.USART1_IRQHandler) refers to usart.o(.data) for USR1TxWriteIndex
    ht32f5xxxx_01_it.o(i.USART1_IRQHandler) refers to usart.o(.bss) for USR1TxBuf
    nrf2401_host.o(i.DueMain_main) refers to usart.o(i.uart_putchar_n) for uart_putchar_n
    nrf2401_host.o(i.DueMain_main) refers to usart.o(i.uart_puts) for uart_puts
    nrf2401_host.o(i.DueMain_main) refers to usart.o(i.uart_putu8) for uart_putu8
    nrf2401_host.o(i.DueMain_main) refers to softspi.o(i.rf_Init) for rf_Init
    nrf2401_host.o(i.DueMain_main) refers to softspi.o(i.rf_ConfigurePipe) for rf_ConfigurePipe
    nrf2401_host.o(i.DueMain_main) refers to softspi.o(i.rf_ResetStatus) for rf_ResetStatus
    nrf2401_host.o(i.DueMain_main) refers to softspi.o(i.rf_FlushBuffer) for rf_FlushBuffer
    nrf2401_host.o(i.DueMain_main) refers to softspi.o(i.rf_PowerUp) for rf_PowerUp
    nrf2401_host.o(i.DueMain_main) refers to softspi.o(i.rf_SendData) for rf_SendData
    nrf2401_host.o(i.DueMain_main) refers to softspi.o(i.spi_SetCEState) for spi_SetCEState
    nrf2401_host.o(i.DueMain_main) refers to softspi.o(i.rf_GetStatus) for rf_GetStatus
    nrf2401_host.o(i.DueMain_main) refers to softspi.o(i.rf_SendCmd_2) for rf_SendCmd_2
    nrf2401_host.o(i.DueMain_main) refers to nrf2401_host.o(i.foo_ptx_print_count_send) for foo_ptx_print_count_send
    nrf2401_host.o(i.DueMain_main) refers to softspi.o(i.rf_ReadRegister) for rf_ReadRegister
    nrf2401_host.o(i.DueMain_main) refers to softspi.o(i.rf_IsDataAvailable) for rf_IsDataAvailable
    nrf2401_host.o(i.DueMain_main) refers to nrf2401_host.o(i.rewrite_syncID) for rewrite_syncID
    nrf2401_host.o(i.DueMain_main) refers to softspi.o(i.rf_ReceiveData) for rf_ReceiveData
    nrf2401_host.o(i.DueMain_main) refers to nrf2401_host.o(i.debug_rxpackets_from_prx_not_consecutive) for debug_rxpackets_from_prx_not_consecutive
    nrf2401_host.o(i.DueMain_main) refers to tmr50us.o(i.delay_unit_50us) for delay_unit_50us
[...]
    ebi_lcd.o(i.LCD_LineDraw) refers to ebi_lcd.o(i.LCD_WriteRAMWord) for LCD_WriteRAMWord
    ebi_lcd.o(i.LCD_LineDraw) refers to ebi_lcd.o(.data) for .data
    ebi_lcd.o(i.LCD_PicDraw) refers to ebi_lcd.o(i.LCD_StarterSet) for LCD_StarterSet
    ebi_lcd.o(i.LCD_RectDraw) refers to ebi_lcd.o(i.LCD_LineDraw) for LCD_LineDraw
    ebi_lcd.o(i.LCD_StarterSet) refers to ebi_lcd.o(i.LCD_WriteReg) for LCD_WriteReg
    ebi_lcd.o(i.LCD_StringLineDisplay) refers to ebi_lcd.o(i.LCD_CharDisplay) for LCD_CharDisplay
    ebi_lcd.o(i.LCD_TextColorSet) refers to ebi_lcd.o(.data) for .data
    entry.o(.ARM.Collect$$$$00000000) refers (Special) to entry10a.o(.ARM.Collect$$$$0000000D) for __rt_final_cpp
    entry.o(.ARM.Collect$$$$00000000) refers (Special) to entry11a.o(.ARM.Collect$$$$0000000F) for __rt_final_exit
    entry.o(.ARM.Collect$$$$00000000) refers (Special) to entry7b.o(.ARM.Collect$$$$00000008) for _main_clock
    entry.o(.ARM.Collect$$$$00000000) refers (Special) to entry8b.o(.ARM.Collect$$$$0000000A) for _main_cpp_init
    entry.o(.ARM.Collect$$$$00000000) refers (Special) to entry9a.o(.ARM.Collect$$$$0000000B) for _main_init
    entry.o(.ARM.Collect$$$$00000000) refers (Special) to entry5.o(.ARM.Collect$$$$00000004) for _main_scatterload
    entry.o(.ARM.Collect$$$$00000000) refers (Special) to entry2.o(.ARM.Collect$$$$00000001) for _main_stk
    entry2.o(.ARM.Collect$$$$00000001) refers to entry2.o(.ARM.Collect$$$$00002712) for __lit__00000000
    entry2.o(.ARM.Collect$$$$00002712) refers to startup_ht32f5xxxx_01.o(STACK) for __initial_sp
    entry2.o(__vectab_stack_and_reset_area) refers to startup_ht32f5xxxx_01.o(STACK) for __initial_sp
    entry2.o(__vectab_stack_and_reset_area) refers to entry.o(.ARM.Collect$$$$00000000) for __main
    entry5.o(.ARM.Collect$$$$00000004) refers to init.o(.text) for __scatterload
    entry9a.o(.ARM.Collect$$$$0000000B) refers to main.o(i.main) for main
    entry9b.o(.ARM.Collect$$$$0000000C) refers to main.o(i.main) for main
    init.o(.text) refers to entry5.o(.ARM.Collect$$$$00000004) for __main_after_scatterload


==============================================================================

Removing Unused input sections from the image.

    Removing main.o(.rev16_text), (4 bytes).
    Removing main.o(.revsh_text), (4 bytes).
    Removing ht32f5xxxx_01_it.o(.rev16_text), (4 bytes).
    Removing ht32f5xxxx_01_it.o(.revsh_text), (4 bytes).
    Removing nrf2401_host.o(.rev16_text), (4 bytes).
    Removing nrf2401_host.o(.revsh_text), (4 bytes).
    Removing nrf2401_host.o(i.ce_15us_high_then_low), (28 bytes).
    Removing nrf2401_host.o(i.ce_keep_high), (10 bytes).
    Removing softspi.o(.rev16_text), (4 bytes).
    Removing softspi.o(.revsh_text), (4 bytes).
    Removing softspi.o(i.rf_PowerDown), (24 bytes).
    Removing softspi.o(i.rf_ReadCmdBuffer), (50 bytes).
    Removing softspi.o(i.rf_SendAckPayload), (76 bytes).
    Removing softspi.o(i.rf_StopListening), (20 bytes).
    Removing softspi.o(i.rf_WasDataSent), (38 bytes).
    Removing tmr50us.o(.rev16_text), (4 bytes).
    Removing tmr50us.o(.revsh_text), (4 bytes).
    Removing tmr50us.o(i.tmr50usGetCurrentTicks), (12 bytes).
    Removing usart.o(.rev16_text), (4 bytes).
    Removing usart.o(.revsh_text), (4 bytes).
    Removing usart.o(i.uart_rx_getchar), (36 bytes).
    Removing system_ht32f5xxxx_01.o(.rev16_text), (4 bytes).
    Removing system_ht32f5xxxx_01.o(.revsh_text), (4 bytes).
    Removing system_ht32f5xxxx_01.o(i.SystemCoreClockUpdate), (112 bytes).
    Removing startup_ht32f5xxxx_01.o(HEAP), (0 bytes).
    Removing ht32_usbd_core.o(.rev16_text), (4 bytes).
    Removing ht32_usbd_core.o(.revsh_text), (4 bytes).
    Removing ht32_usbd_core.o(i.USBDCore_GetRemoteWakeUpFeature), (10 bytes).
    Removing ht32_usbd_core.o(i.USBDCore_GetStatus), (16 bytes).
    Removing ht32_usbd_core.o(i.USBDCore_IRQHandler), (380 bytes).
    Removing ht32_usbd_core.o(i.USBDCore_Init), (28 bytes).
    Removing ht32_usbd_core.o(i.USBDCore_IsSuspend), (16 bytes).
    Removing ht32_usbd_core.o(i.USBDCore_MainRoutine), (58 bytes).
    Removing ht32_usbd_core.o(i.USBDCore_TriggerRemoteWakeup), (12 bytes).
    Removing ht32_usbd_core.o(i._USBDCore_ControlIN), (68 bytes).
    Removing ht32_usbd_core.o(i._USBDCore_Setup), (108 bytes).
    Removing ht32_usbd_core.o(i._USBDCore_Standard_GetStatus), (56 bytes).
    Removing ht32_usbd_core.o(i._USBDCore_Standard_Request), (272 bytes).
    Removing ht32_usbd_core.o(i._USBDCore_Standard_SetClearFeature), (80 bytes).
    Removing ht32_usbd_core.o(.data), (4 bytes).
    Removing ht32_cm0plus_misc.o(.rev16_text), (4 bytes).
    Removing ht32_cm0plus_misc.o(.revsh_text), (4 bytes).
    Removing ht32_cm0plus_misc.o(i.DIV32_Init), (20 bytes).
    Removing ht32_cm0plus_misc.o(i.NVIC_LowPowerConfig), (24 bytes).
    Removing ht32_cm0plus_misc.o(i.NVIC_SetPendingSystemHandler), (16 bytes).
    Removing ht32_cm0plus_misc.o(i.NVIC_SetVectorTable), (20 bytes).
    Removing ht32_cm0plus_misc.o(i.RBIT), (22 bytes).
    Removing ht32_cm0plus_misc.o(i.Rand_Init), (28 bytes).
    Removing ht32_cm0plus_misc.o(i.SYSTICK_ClockSourceConfig), (24 bytes).
    Removing ht32_cm0plus_misc.o(i.SYSTICK_CounterCmd), (36 bytes).
    Removing ht32_cm0plus_misc.o(i.SYSTICK_IntConfig), (24 bytes).
    Removing ht32_cm0plus_misc.o(i.SYSTICK_SetReloadValue), (12 bytes).
    Removing ht32_cm0plus_misc.o(.constdata), (344 bytes).
    Removing ht32_cm0plus_misc.o(.data), (360 bytes).
    Removing ht32f5xxxx_adc.o(.rev16_text), (4 bytes).
    Removing ht32f5xxxx_adc.o(.revsh_text), (4 bytes).
    Removing ht32f5xxxx_adc.o(i.ADC_AWDConfig), (12 bytes).
    Removing ht32f5xxxx_adc.o(i.ADC_AWDSingleChannelConfig), (16 bytes).
    Removing ht32f5xxxx_adc.o(i.ADC_AWDThresholdsConfig), (8 bytes).
    Removing ht32f5xxxx_adc.o(i.ADC_ClearIntPendingBit), (6 bytes).
    Removing ht32f5xxxx_adc.o(i.ADC_Cmd), (18 bytes).
    Removing ht32f5xxxx_adc.o(i.ADC_DeInit), (18 bytes).
    Removing ht32f5xxxx_adc.o(i.ADC_GetConversionData), (10 bytes).
    Removing ht32f5xxxx_adc.o(i.ADC_GetFlagStatus), (12 bytes).
    Removing ht32f5xxxx_adc.o(i.ADC_GetIntStatus), (12 bytes).
    Removing ht32f5xxxx_adc.o(i.ADC_IntConfig), (18 bytes).
    Removing ht32f5xxxx_adc.o(i.ADC_PDMAConfig), (18 bytes).
    Removing ht32f5xxxx_adc.o(i.ADC_RegularChannelConfig), (28 bytes).
    Removing ht32f5xxxx_adc.o(i.ADC_RegularGroupConfig), (26 bytes).
    Removing ht32f5xxxx_adc.o(i.ADC_RegularTrigConfig), (10 bytes).
    Removing ht32f5xxxx_adc.o(i.ADC_Reset), (10 bytes).
    Removing ht32f5xxxx_adc.o(i.ADC_SamplingTimeConfig), (4 bytes).
    Removing ht32f5xxxx_adc.o(i.ADC_SoftwareStartConvCmd), (20 bytes).
    Removing ht32f5xxxx_bftm.o(.rev16_text), (4 bytes).
    Removing ht32f5xxxx_bftm.o(.revsh_text), (4 bytes).
    Removing ht32f5xxxx_bftm.o(i.BFTM_DeInit), (48 bytes).
    Removing ht32f5xxxx_bftm.o(i.BFTM_GetCompare), (4 bytes).
    Removing ht32f5xxxx_bftm.o(i.BFTM_GetCounter), (4 bytes).
    Removing ht32f5xxxx_bftm.o(i.BFTM_GetFlagStatus), (10 bytes).
    Removing ht32f5xxxx_bftm.o(i.BFTM_OneShotModeCmd), (18 bytes).
    Removing ht32f5xxxx_ckcu.o(.rev16_text), (4 bytes).
    Removing ht32f5xxxx_ckcu.o(.revsh_text), (4 bytes).
    Removing ht32f5xxxx_ckcu.o(i.CKCU_BKISOCmd), (28 bytes).
    Removing ht32f5xxxx_ckcu.o(i.CKCU_CKMCmd), (24 bytes).
    Removing ht32f5xxxx_ckcu.o(i.CKCU_CKOUTConfig), (20 bytes).
    Removing ht32f5xxxx_ckcu.o(i.CKCU_ClearIntFlag), (16 bytes).
    Removing ht32f5xxxx_ckcu.o(i.CKCU_DeInit), (92 bytes).
    Removing ht32f5xxxx_ckcu.o(i.CKCU_GetClockReadyStatus), (20 bytes).
    Removing ht32f5xxxx_ckcu.o(i.CKCU_GetIntStatus), (20 bytes).
    Removing ht32f5xxxx_ckcu.o(i.CKCU_GetSysClockSource), (16 bytes).
    Removing ht32f5xxxx_ckcu.o(i.CKCU_HSECmd), (20 bytes).
    Removing ht32f5xxxx_ckcu.o(i.CKCU_HSIAutoTrimClkConfig), (20 bytes).
    Removing ht32f5xxxx_ckcu.o(i.CKCU_HSIAutoTrimCmd), (32 bytes).
    Removing ht32f5xxxx_ckcu.o(i.CKCU_HSIAutoTrimIsReady), (88 bytes).
    Removing ht32f5xxxx_ckcu.o(i.CKCU_HSICmd), (24 bytes).
    Removing ht32f5xxxx_ckcu.o(i.CKCU_IS_HSE_USED), (24 bytes).
    Removing ht32f5xxxx_ckcu.o(i.CKCU_IS_HSI_USED), (24 bytes).
    Removing ht32f5xxxx_ckcu.o(i.CKCU_IS_PLL_USED), (24 bytes).
    Removing ht32f5xxxx_ckcu.o(i.CKCU_IntConfig), (28 bytes).
    Removing ht32f5xxxx_ckcu.o(i.CKCU_MCUDBGConfig), (24 bytes).
    Removing ht32f5xxxx_ckcu.o(i.CKCU_PLLCmd), (20 bytes).
    Removing ht32f5xxxx_ckcu.o(i.CKCU_PLLInit), (48 bytes).
    Removing ht32f5xxxx_ckcu.o(i.CKCU_PSRCWKUPCmd), (24 bytes).
    Removing ht32f5xxxx_ckcu.o(i.CKCU_SetADCPrescaler), (24 bytes).
    Removing ht32f5xxxx_ckcu.o(i.CKCU_SetCKREFPrescaler), (24 bytes).
    Removing ht32f5xxxx_ckcu.o(i.CKCU_SetHCLKPrescaler), (12 bytes).
    Removing ht32f5xxxx_ckcu.o(i.CKCU_SetPeripPrescaler), (40 bytes).
    Removing ht32f5xxxx_ckcu.o(i.CKCU_SleepClockConfig), (24 bytes).
    Removing ht32f5xxxx_ckcu.o(i.CKCU_SysClockConfig), (44 bytes).
    Removing ht32f5xxxx_ckcu.o(i.CKCU_WaitHSEReady), (36 bytes).
    Removing ht32f5xxxx_cmp.o(.rev16_text), (4 bytes).
    Removing ht32f5xxxx_cmp.o(.revsh_text), (4 bytes).
    Removing ht32f5xxxx_cmp.o(i.CMP_ClearFlag), (12 bytes).
    Removing ht32f5xxxx_cmp.o(i.CMP_Cmd), (20 bytes).
    Removing ht32f5xxxx_cmp.o(i.CMP_DeInit), (18 bytes).
    Removing ht32f5xxxx_cmp.o(i.CMP_EdgeDetectConfig), (28 bytes).
    Removing ht32f5xxxx_cmp.o(i.CMP_GetFlagStatus), (10 bytes).
    Removing ht32f5xxxx_cmp.o(i.CMP_GetOutputStatus), (14 bytes).
    Removing ht32f5xxxx_cmp.o(i.CMP_Init), (46 bytes).
    Removing ht32f5xxxx_cmp.o(i.CMP_IntConfig), (16 bytes).
    Removing ht32f5xxxx_cmp.o(i.CMP_SetScalerValue), (4 bytes).
    Removing ht32f5xxxx_cmp.o(i.CMP_StructInit), (24 bytes).
    Removing ht32f5xxxx_cmp.o(i.CMP_UnprotectConfig), (12 bytes).
    Removing ht32f5xxxx_crc.o(.rev16_text), (4 bytes).
    Removing ht32f5xxxx_crc.o(.revsh_text), (4 bytes).
    Removing ht32f5xxxx_crc.o(i.CRC_16), (32 bytes).
    Removing ht32f5xxxx_crc.o(i.CRC_32), (28 bytes).
    Removing ht32f5xxxx_crc.o(i.CRC_CCITT), (32 bytes).
    Removing ht32f5xxxx_crc.o(i.CRC_DeInit), (16 bytes).
    Removing ht32f5xxxx_crc.o(i.CRC_Init), (36 bytes).
    Removing ht32f5xxxx_crc.o(i.CRC_Process), (24 bytes).
    Removing ht32f5xxxx_ebi.o(.rev16_text), (4 bytes).
    Removing ht32f5xxxx_ebi.o(.revsh_text), (4 bytes).
    Removing ht32f5xxxx_ebi.o(i.EBI_Cmd), (28 bytes).
    Removing ht32f5xxxx_ebi.o(i.EBI_DeInit), (16 bytes).
    Removing ht32f5xxxx_ebi.o(i.EBI_GetBusyStatus), (16 bytes).
    Removing ht32f5xxxx_ebi.o(i.EBI_Init), (140 bytes).
    Removing ht32f5xxxx_ebi.o(i.EBI_StructInit), (44 bytes).
    Removing ht32f5xxxx_exti.o(.rev16_text), (4 bytes).
    Removing ht32f5xxxx_exti.o(.revsh_text), (4 bytes).
    Removing ht32f5xxxx_exti.o(i.EXTI_ClearEdgeFlag), (16 bytes).
    Removing ht32f5xxxx_exti.o(i.EXTI_ClearWakeupFlag), (20 bytes).
    Removing ht32f5xxxx_exti.o(i.EXTI_DeInit), (56 bytes).
    Removing ht32f5xxxx_exti.o(i.EXTI_GetEdgeFlag), (24 bytes).
    Removing ht32f5xxxx_exti.o(i.EXTI_GetEdgeStatus), (40 bytes).
    Removing ht32f5xxxx_exti.o(i.EXTI_GetSWCmdStatus), (24 bytes).
    Removing ht32f5xxxx_exti.o(i.EXTI_GetWakeupFlagStatus), (24 bytes).
    Removing ht32f5xxxx_exti.o(i.EXTI_Init), (32 bytes).
    Removing ht32f5xxxx_exti.o(i.EXTI_IntConfig), (28 bytes).
    Removing ht32f5xxxx_exti.o(i.EXTI_SWIntCmd), (28 bytes).
    Removing ht32f5xxxx_exti.o(i.EXTI_WakeupEventConfig), (44 bytes).
    Removing ht32f5xxxx_exti.o(i.EXTI_WakeupEventIntConfig), (28 bytes).
    Removing ht32f5xxxx_flash.o(.rev16_text), (4 bytes).
    Removing ht32f5xxxx_flash.o(.revsh_text), (4 bytes).
    Removing ht32f5xxxx_flash.o(i.FLASH_BranchCacheCmd), (28 bytes).
    Removing ht32f5xxxx_flash.o(i.FLASH_ClearIntFlag), (12 bytes).
    Removing ht32f5xxxx_flash.o(i.FLASH_EraseOptionByte), (16 bytes).
    Removing ht32f5xxxx_flash.o(i.FLASH_ErasePage), (20 bytes).
    Removing ht32f5xxxx_flash.o(i.FLASH_GetIntStatus), (20 bytes).
    Removing ht32f5xxxx_flash.o(i.FLASH_GetOptionByteStatus), (48 bytes).
    Removing ht32f5xxxx_flash.o(i.FLASH_IntConfig), (24 bytes).
    Removing ht32f5xxxx_flash.o(i.FLASH_MassErase), (20 bytes).
    Removing ht32f5xxxx_flash.o(i.FLASH_PrefetchBufferCmd), (24 bytes).
    Removing ht32f5xxxx_flash.o(i.FLASH_ProgramOptionByte), (76 bytes).
    Removing ht32f5xxxx_flash.o(i.FLASH_ProgramWordData), (24 bytes).
    Removing ht32f5xxxx_flash.o(i.FLASH_SetRemappingMode), (12 bytes).
    Removing ht32f5xxxx_flash.o(i.FLASH_SetWaitState), (20 bytes).
    Removing ht32f5xxxx_flash.o(i.FLASH_WaitForOperationEnd), (80 bytes).
    Removing ht32f5xxxx_gpio.o(.rev16_text), (4 bytes).
    Removing ht32f5xxxx_gpio.o(.revsh_text), (4 bytes).
    Removing ht32f5xxxx_gpio.o(i.AFIO_DeInit), (18 bytes).
    Removing ht32f5xxxx_gpio.o(i.AFIO_EXTISourceConfig), (44 bytes).
    Removing ht32f5xxxx_gpio.o(i.GPIO_ClearOutBits), (4 bytes).
    Removing ht32f5xxxx_gpio.o(i.GPIO_DeInit), (76 bytes).
    Removing ht32f5xxxx_gpio.o(i.GPIO_DisableDebugPort), (56 bytes).
    Removing ht32f5xxxx_gpio.o(i.GPIO_DriveConfig), (48 bytes).
    Removing ht32f5xxxx_gpio.o(i.GPIO_IsPinLocked), (10 bytes).
    Removing ht32f5xxxx_gpio.o(i.GPIO_IsPortLocked), (10 bytes).
    Removing ht32f5xxxx_gpio.o(i.GPIO_OpenDrainConfig), (16 bytes).
    Removing ht32f5xxxx_gpio.o(i.GPIO_PinLock), (12 bytes).
    Removing ht32f5xxxx_gpio.o(i.GPIO_ReadInBit), (10 bytes).
    Removing ht32f5xxxx_gpio.o(i.GPIO_ReadInData), (6 bytes).
    Removing ht32f5xxxx_gpio.o(i.GPIO_ReadOutBit), (10 bytes).
    Removing ht32f5xxxx_gpio.o(i.GPIO_ReadOutData), (6 bytes).
    Removing ht32f5xxxx_gpio.o(i.GPIO_SetOutBits), (4 bytes).
    Removing ht32f5xxxx_gpio.o(i.GPIO_WriteOutData), (4 bytes).
    Removing ht32f5xxxx_gpio.o(i._AFIO_ClockControl), (40 bytes).
    Removing ht32f5xxxx_gpio.o(i._GPIO_ClockControl), (48 bytes).
    Removing ht32f5xxxx_i2c.o(.rev16_text), (4 bytes).
    Removing ht32f5xxxx_i2c.o(.revsh_text), (4 bytes).
    Removing ht32f5xxxx_i2c.o(i.I2C_AckCmd), (20 bytes).
    Removing ht32f5xxxx_i2c.o(i.I2C_AddressMaskConfig), (4 bytes).
    Removing ht32f5xxxx_i2c.o(i.I2C_CheckStatus), (14 bytes).
    Removing ht32f5xxxx_i2c.o(i.I2C_ClearFlag), (4 bytes).
    Removing ht32f5xxxx_i2c.o(i.I2C_Cmd), (18 bytes).
    Removing ht32f5xxxx_i2c.o(i.I2C_CombFilterCmd), (20 bytes).
    Removing ht32f5xxxx_i2c.o(i.I2C_DeInit), (44 bytes).
    Removing ht32f5xxxx_i2c.o(i.I2C_GeneralCallCmd), (18 bytes).
    Removing ht32f5xxxx_i2c.o(i.I2C_GenerateSTOP), (10 bytes).
    Removing ht32f5xxxx_i2c.o(i.I2C_GetAddressBuffer), (6 bytes).
    Removing ht32f5xxxx_i2c.o(i.I2C_GetFlagStatus), (10 bytes).
    Removing ht32f5xxxx_i2c.o(i.I2C_Init), (164 bytes).
    Removing ht32f5xxxx_i2c.o(i.I2C_IntConfig), (16 bytes).
    Removing ht32f5xxxx_i2c.o(i.I2C_PDMACmd), (16 bytes).
    Removing ht32f5xxxx_i2c.o(i.I2C_PDMANACKCmd), (20 bytes).
    Removing ht32f5xxxx_i2c.o(i.I2C_ReadRegister), (10 bytes).
    Removing ht32f5xxxx_i2c.o(i.I2C_ReceiveData), (6 bytes).
    Removing ht32f5xxxx_i2c.o(i.I2C_SendData), (4 bytes).
    Removing ht32f5xxxx_i2c.o(i.I2C_SequentialFilterConfig), (124 bytes).
    Removing ht32f5xxxx_i2c.o(i.I2C_SetOwnAddress), (4 bytes).
    Removing ht32f5xxxx_i2c.o(i.I2C_SetSCLHighPeriod), (4 bytes).
    Removing ht32f5xxxx_i2c.o(i.I2C_SetSCLLowPeriod), (4 bytes).
    Removing ht32f5xxxx_i2c.o(i.I2C_SetTimeOutPrescaler), (10 bytes).
    Removing ht32f5xxxx_i2c.o(i.I2C_SetTimeOutValue), (12 bytes).
    Removing ht32f5xxxx_i2c.o(i.I2C_StructInit), (24 bytes).
    Removing ht32f5xxxx_i2c.o(i.I2C_TargetAddressConfig), (20 bytes).
    Removing ht32f5xxxx_i2c.o(i.I2C_TimeOutCmd), (20 bytes).
    Removing ht32f5xxxx_i2s.o(.rev16_text), (4 bytes).
    Removing ht32f5xxxx_i2s.o(.revsh_text), (4 bytes).
    Removing ht32f5xxxx_i2s.o(i.I2S_ClearFlag), (12 bytes).
    Removing ht32f5xxxx_i2s.o(i.I2S_Cmd), (28 bytes).
    Removing ht32f5xxxx_i2s.o(i.I2S_DeInit), (18 bytes).
    Removing ht32f5xxxx_i2s.o(i.I2S_FIFOReset), (16 bytes).
    Removing ht32f5xxxx_i2s.o(i.I2S_FIFOTrigLevelConfig), (40 bytes).
    Removing ht32f5xxxx_i2s.o(i.I2S_GetFIFOStatus), (20 bytes).
    Removing ht32f5xxxx_i2s.o(i.I2S_GetFlagStatus), (20 bytes).
    Removing ht32f5xxxx_i2s.o(i.I2S_Init), (116 bytes).
    Removing ht32f5xxxx_i2s.o(i.I2S_IntConfig), (24 bytes).
    Removing ht32f5xxxx_i2s.o(i.I2S_PDMACmd), (24 bytes).
    Removing ht32f5xxxx_i2s.o(i.I2S_TxMuteCmd), (24 bytes).
    Removing ht32f5xxxx_mctm.o(.rev16_text), (4 bytes).
    Removing ht32f5xxxx_mctm.o(.revsh_text), (4 bytes).
    Removing ht32f5xxxx_mctm.o(i.MCTM_CHBRKCTRConfig), (40 bytes).
    Removing ht32f5xxxx_mctm.o(i.MCTM_CHBRKCTRStructInit), (20 bytes).
    Removing ht32f5xxxx_mctm.o(i.MCTM_CHMOECmd), (18 bytes).
    Removing ht32f5xxxx_mctm.o(i.MCTM_COMPRECmd), (20 bytes).
    Removing ht32f5xxxx_mctm.o(i.MCTM_COMUSConfig), (20 bytes).
    Removing ht32f5xxxx_mctm.o(i.MCTM_ChNPolarityConfig), (22 bytes).
    Removing ht32f5xxxx_mctm.o(i.MCTM_ChannelNConfig), (26 bytes).
    Removing ht32f5xxxx_pdma.o(.rev16_text), (4 bytes).
    Removing ht32f5xxxx_pdma.o(.revsh_text), (4 bytes).
    Removing ht32f5xxxx_pdma.o(i.PDMA_ClearFlag), (24 bytes).
    Removing ht32f5xxxx_pdma.o(i.PDMA_Config), (44 bytes).
    Removing ht32f5xxxx_pdma.o(i.PDMA_EnaCmd), (32 bytes).
    Removing ht32f5xxxx_pdma.o(i.PDMA_GetFlagStatus), (28 bytes).
    Removing ht32f5xxxx_pdma.o(i.PDMA_IntConfig), (56 bytes).
    Removing ht32f5xxxx_pdma.o(i.PDMA_SwTrigCmd), (32 bytes).
    Removing ht32f5xxxx_pdma.o(i.PDMA_TranSizeConfig), (20 bytes).
    Removing ht32f5xxxx_pwrcu.o(.rev16_text), (4 bytes).
    Removing ht32f5xxxx_pwrcu.o(.revsh_text), (4 bytes).
    Removing ht32f5xxxx_pwrcu.o(i.PWRCU_BODCmd), (28 bytes).
    Removing ht32f5xxxx_pwrcu.o(i.PWRCU_BODRISConfig), (24 bytes).
    Removing ht32f5xxxx_pwrcu.o(i.PWRCU_DMOSCmd), (40 bytes).
    Removing ht32f5xxxx_pwrcu.o(i.PWRCU_DeInit), (24 bytes).
    Removing ht32f5xxxx_pwrcu.o(i.PWRCU_DeepSleep1), (92 bytes).
    Removing ht32f5xxxx_pwrcu.o(i.PWRCU_DeepSleep2), (104 bytes).
    Removing ht32f5xxxx_pwrcu.o(i.PWRCU_DeepSleep2Ex), (192 bytes).
    Removing ht32f5xxxx_pwrcu.o(i.PWRCU_GetBODFlagStatus), (16 bytes).
    Removing ht32f5xxxx_pwrcu.o(i.PWRCU_GetDMOSStatus), (36 bytes).
    Removing ht32f5xxxx_pwrcu.o(i.PWRCU_GetFlagStatus), (12 bytes).
    Removing ht32f5xxxx_pwrcu.o(i.PWRCU_GetLVDFlagStatus), (16 bytes).
    Removing ht32f5xxxx_pwrcu.o(i.PWRCU_HSIReadyCounterBitLengthConfig), (12 bytes).
    Removing ht32f5xxxx_pwrcu.o(i.PWRCU_LDOConfig), (56 bytes).
    Removing ht32f5xxxx_pwrcu.o(i.PWRCU_LVDCmd), (28 bytes).
    Removing ht32f5xxxx_pwrcu.o(i.PWRCU_LVDEventWakeupConfig), (28 bytes).
    Removing ht32f5xxxx_pwrcu.o(i.PWRCU_LVDIntWakeupConfig), (28 bytes).
    Removing ht32f5xxxx_pwrcu.o(i.PWRCU_PowerDown), (120 bytes).
    Removing ht32f5xxxx_pwrcu.o(i.PWRCU_ReadBackupRegister), (16 bytes).
    Removing ht32f5xxxx_pwrcu.o(i.PWRCU_SetLVDS), (20 bytes).
    Removing ht32f5xxxx_pwrcu.o(i.PWRCU_Sleep), (32 bytes).
    Removing ht32f5xxxx_pwrcu.o(i.PWRCU_V15RDYSourceConfig), (28 bytes).
    Removing ht32f5xxxx_pwrcu.o(i.PWRCU_WakeupPinCmd), (24 bytes).
    Removing ht32f5xxxx_pwrcu.o(i.PWRCU_WakeupPinIntConfig), (24 bytes).
    Removing ht32f5xxxx_pwrcu.o(i.PWRCU_WriteBackupRegister), (16 bytes).
    Removing ht32f5xxxx_pwrcu.o(.data), (1 bytes).
    Removing ht32f5xxxx_rstcu.o(.rev16_text), (4 bytes).
    Removing ht32f5xxxx_rstcu.o(.revsh_text), (4 bytes).
    Removing ht32f5xxxx_rstcu.o(i.RSTCU_ClearAllResetFlag), (12 bytes).
    Removing ht32f5xxxx_rstcu.o(i.RSTCU_ClearResetFlag), (16 bytes).
    Removing ht32f5xxxx_rstcu.o(i.RSTCU_GetResetFlagStatus), (24 bytes).
    Removing ht32f5xxxx_rstcu.o(i.RSTCU_PeripReset), (40 bytes).
    Removing ht32f5xxxx_rtc.o(.rev16_text), (4 bytes).
    Removing ht32f5xxxx_rtc.o(.revsh_text), (4 bytes).
    Removing ht32f5xxxx_rtc.o(i.RTC_CMPCLRCmd), (24 bytes).
    Removing ht32f5xxxx_rtc.o(i.RTC_ClockSourceConfig), (20 bytes).
    Removing ht32f5xxxx_rtc.o(i.RTC_Cmd), (28 bytes).
    Removing ht32f5xxxx_rtc.o(i.RTC_DeInit), (44 bytes).
    Removing ht32f5xxxx_rtc.o(i.RTC_GetCompare), (12 bytes).
    Removing ht32f5xxxx_rtc.o(i.RTC_GetCounter), (12 bytes).
    Removing ht32f5xxxx_rtc.o(i.RTC_GetFlagStatus), (12 bytes).
    Removing ht32f5xxxx_rtc.o(i.RTC_GetOutStatus), (20 bytes).
    Removing ht32f5xxxx_rtc.o(i.RTC_GetPrescaler), (20 bytes).
    Removing ht32f5xxxx_rtc.o(i.RTC_IntConfig), (24 bytes).
    Removing ht32f5xxxx_rtc.o(i.RTC_LSECmd), (44 bytes).
    Removing ht32f5xxxx_rtc.o(i.RTC_LSESMConfig), (20 bytes).
    Removing ht32f5xxxx_rtc.o(i.RTC_LSILoadTrimData), (68 bytes).
    Removing ht32f5xxxx_rtc.o(i.RTC_OutCmd), (28 bytes).
    Removing ht32f5xxxx_rtc.o(i.RTC_OutConfig), (56 bytes).
    Removing ht32f5xxxx_rtc.o(i.RTC_SetCompare), (12 bytes).
    Removing ht32f5xxxx_rtc.o(i.RTC_SetPrescaler), (24 bytes).
    Removing ht32f5xxxx_rtc.o(i.RTC_WakeupConfig), (24 bytes).
    Removing ht32f5xxxx_sci.o(.rev16_text), (4 bytes).
    Removing ht32f5xxxx_sci.o(.revsh_text), (4 bytes).
    Removing ht32f5xxxx_sci.o(i.SCI_ClearFlag), (28 bytes).
    Removing ht32f5xxxx_sci.o(i.SCI_ClockModeConfig), (18 bytes).
    Removing ht32f5xxxx_sci.o(i.SCI_Cmd), (18 bytes).
    Removing ht32f5xxxx_sci.o(i.SCI_DeInit), (36 bytes).
    Removing ht32f5xxxx_sci.o(i.SCI_ETUConfig), (6 bytes).
    Removing ht32f5xxxx_sci.o(i.SCI_GetFlagStatus), (14 bytes).
    Removing ht32f5xxxx_sci.o(i.SCI_Init), (30 bytes).
    Removing ht32f5xxxx_sci.o(i.SCI_IntConfig), (16 bytes).
    Removing ht32f5xxxx_sci.o(i.SCI_OutputDIO), (18 bytes).
    Removing ht32f5xxxx_sci.o(i.SCI_PDMACmd), (16 bytes).
    Removing ht32f5xxxx_sci.o(i.SCI_ReceiveData), (6 bytes).
    Removing ht32f5xxxx_sci.o(i.SCI_SendData), (4 bytes).
    Removing ht32f5xxxx_sci.o(i.SCI_SetGuardTimeValue), (4 bytes).
    Removing ht32f5xxxx_sci.o(i.SCI_SetWaitingTimeValue), (4 bytes).
    Removing ht32f5xxxx_sci.o(i.SCI_SoftwareClockCmd), (18 bytes).
    Removing ht32f5xxxx_sci.o(i.SCI_StructInit), (14 bytes).
    Removing ht32f5xxxx_sci.o(i.SCI_WaitingTimeCounterCmd), (18 bytes).
    Removing ht32f5xxxx_spi.o(.rev16_text), (4 bytes).
    Removing ht32f5xxxx_spi.o(.revsh_text), (4 bytes).
    Removing ht32f5xxxx_spi.o(i.SPI_ClearFlag), (4 bytes).
    Removing ht32f5xxxx_spi.o(i.SPI_DUALCmd), (18 bytes).
    Removing ht32f5xxxx_spi.o(i.SPI_DeInit), (44 bytes).
    Removing ht32f5xxxx_spi.o(i.SPI_FIFOCmd), (20 bytes).
    Removing ht32f5xxxx_spi.o(i.SPI_FIFOTriggerLevelConfig), (32 bytes).
    Removing ht32f5xxxx_spi.o(i.SPI_GUADTCmd), (18 bytes).
    Removing ht32f5xxxx_spi.o(i.SPI_GUADTSPI_GUADTConfig), (20 bytes).
    Removing ht32f5xxxx_spi.o(i.SPI_GetFIFOStatus), (20 bytes).
    Removing ht32f5xxxx_spi.o(i.SPI_GetFlagStatus), (14 bytes).
    Removing ht32f5xxxx_spi.o(i.SPI_IntConfig), (16 bytes).
    Removing ht32f5xxxx_spi.o(i.SPI_PDMACmd), (16 bytes).
    Removing ht32f5xxxx_spi.o(i.SPI_ReceiveData), (6 bytes).
    Removing ht32f5xxxx_spi.o(i.SPI_SELHTConfig), (14 bytes).
    Removing ht32f5xxxx_spi.o(i.SPI_SELModeConfig), (20 bytes).
    Removing ht32f5xxxx_spi.o(i.SPI_SendData), (4 bytes).
    Removing ht32f5xxxx_spi.o(i.SPI_SetDataLength), (16 bytes).
    Removing ht32f5xxxx_spi.o(i.SPI_SetTimeOutValue), (4 bytes).
    Removing ht32f5xxxx_spi.o(i.SPI_SoftwareSELCmd), (18 bytes).
    Removing ht32f5xxxx_spi.o(i.SPI_StructInit), (28 bytes).
    Removing ht32f5xxxx_tm.o(.rev16_text), (4 bytes).
    Removing ht32f5xxxx_tm.o(.revsh_text), (4 bytes).
    Removing ht32f5xxxx_tm.o(i.TM_CHCCDSConfig), (20 bytes).
    Removing ht32f5xxxx_tm.o(i.TM_CHCCRPreloadConfig), (24 bytes).
    Removing ht32f5xxxx_tm.o(i.TM_CHPSCConfig), (22 bytes).
    Removing ht32f5xxxx_tm.o(i.TM_CKDIVConfig), (18 bytes).
    Removing ht32f5xxxx_tm.o(i.TM_CRRPreloadCmd), (18 bytes).
    Removing ht32f5xxxx_tm.o(i.TM_CaptureInit), (34 bytes).
    Removing ht32f5xxxx_tm.o(i.TM_CaptureStructInit), (18 bytes).
    Removing ht32f5xxxx_tm.o(i.TM_ChExternalClockConfig), (50 bytes).
    Removing ht32f5xxxx_tm.o(i.TM_ChPolarityConfig), (20 bytes).
    Removing ht32f5xxxx_tm.o(i.TM_ChannelConfig), (24 bytes).
    Removing ht32f5xxxx_tm.o(i.TM_ClearFlag), (10 bytes).
    Removing ht32f5xxxx_tm.o(i.TM_ClearIntPendingBit), (10 bytes).
    Removing ht32f5xxxx_tm.o(i.TM_ClearOREFConfig), (24 bytes).
    Removing ht32f5xxxx_tm.o(i.TM_Cmd), (20 bytes).
    Removing ht32f5xxxx_tm.o(i.TM_CounterModeConfig), (28 bytes).
    Removing ht32f5xxxx_tm.o(i.TM_DeInit), (88 bytes).
    Removing ht32f5xxxx_tm.o(i.TM_DecoderConfig), (64 bytes).
    Removing ht32f5xxxx_tm.o(i.TM_EtiConfig), (24 bytes).
    Removing ht32f5xxxx_tm.o(i.TM_EtiExternalClockConfig), (20 bytes).
    Removing ht32f5xxxx_tm.o(i.TM_ForcedOREF), (18 bytes).
    Removing ht32f5xxxx_tm.o(i.TM_GenerateEvent), (4 bytes).
    Removing ht32f5xxxx_tm.o(i.TM_GetCaptureCompare), (10 bytes).
    Removing ht32f5xxxx_tm.o(i.TM_GetCounter), (6 bytes).
    Removing ht32f5xxxx_tm.o(i.TM_GetFlagStatus), (10 bytes).
    Removing ht32f5xxxx_tm.o(i.TM_GetIntStatus), (24 bytes).
    Removing ht32f5xxxx_tm.o(i.TM_GetPrescaler), (6 bytes).
    Removing ht32f5xxxx_tm.o(i.TM_HallInterfaceCmd), (22 bytes).
    Removing ht32f5xxxx_tm.o(i.TM_ImmActiveConfig), (24 bytes).
    Removing ht32f5xxxx_tm.o(i.TM_IntConfig), (16 bytes).
    Removing ht32f5xxxx_tm.o(i.TM_InternalClockConfig), (12 bytes).
    Removing ht32f5xxxx_tm.o(i.TM_ItiExternalClockConfig), (20 bytes).
    Removing ht32f5xxxx_tm.o(i.TM_MMSELConfig), (14 bytes).
    Removing ht32f5xxxx_tm.o(i.TM_OutputInit), (164 bytes).
    Removing ht32f5xxxx_tm.o(i.TM_OutputModeConfig), (32 bytes).
    Removing ht32f5xxxx_tm.o(i.TM_OutputStructInit), (24 bytes).
    Removing ht32f5xxxx_tm.o(i.TM_PDMAConfig), (16 bytes).
    Removing ht32f5xxxx_tm.o(i.TM_PrescalerConfig), (8 bytes).
    Removing ht32f5xxxx_tm.o(i.TM_PwmInputInit), (90 bytes).
    Removing ht32f5xxxx_tm.o(i.TM_SetAsymmetricCompare), (10 bytes).
    Removing ht32f5xxxx_tm.o(i.TM_SetCaptureCompare), (10 bytes).
    Removing ht32f5xxxx_tm.o(i.TM_SetCounter), (6 bytes).
    Removing ht32f5xxxx_tm.o(i.TM_SetCounterReload), (6 bytes).
    Removing ht32f5xxxx_tm.o(i.TM_SinglePulseModeCmd), (20 bytes).
    Removing ht32f5xxxx_tm.o(i.TM_SlaveModeConfig), (14 bytes).
    Removing ht32f5xxxx_tm.o(i.TM_StiConfig), (26 bytes).
    Removing ht32f5xxxx_tm.o(i.TM_TimSyncCmd), (20 bytes).
    Removing ht32f5xxxx_tm.o(i.TM_TimeBaseInit), (64 bytes).
    Removing ht32f5xxxx_tm.o(i.TM_TimeBaseStructInit), (20 bytes).
    Removing ht32f5xxxx_tm.o(i.TM_UEVG_IntConfig), (18 bytes).
    Removing ht32f5xxxx_tm.o(i.TM_UpdateCmd), (20 bytes).
    Removing ht32f5xxxx_tm.o(i.tm_CHx_Config), (60 bytes).
    Removing ht32f5xxxx_usart.o(.rev16_text), (4 bytes).
    Removing ht32f5xxxx_usart.o(.revsh_text), (4 bytes).
    Removing ht32f5xxxx_usart.o(i.USART_DeInit), (68 bytes).
    Removing ht32f5xxxx_usart.o(i.USART_ForceBreakCmd), (20 bytes).
    Removing ht32f5xxxx_usart.o(i.USART_GetFIFOStatus), (18 bytes).
    Removing ht32f5xxxx_usart.o(i.USART_HardwareFlowControlCmd), (18 bytes).
    Removing ht32f5xxxx_usart.o(i.USART_IrDACmd), (20 bytes).
    Removing ht32f5xxxx_usart.o(i.USART_IrDAConfig), (18 bytes).
    Removing ht32f5xxxx_usart.o(i.USART_IrDADirectionConfig), (18 bytes).
    Removing ht32f5xxxx_usart.o(i.USART_IrDAInvtCmd), (20 bytes).
    Removing ht32f5xxxx_usart.o(i.USART_PDMACmd), (16 bytes).
    Removing ht32f5xxxx_usart.o(i.USART_RS485AADCmd), (18 bytes).
    Removing ht32f5xxxx_usart.o(i.USART_RS485NMMCmd), (18 bytes).
    Removing ht32f5xxxx_usart.o(i.USART_RS485TxEnablePolarityConfig), (20 bytes).
    Removing ht32f5xxxx_usart.o(i.USART_SetAddressMatchValue), (16 bytes).
    Removing ht32f5xxxx_usart.o(i.USART_SetGuardTime), (16 bytes).
    Removing ht32f5xxxx_usart.o(i.USART_SetIrDAPrescaler), (16 bytes).
    Removing ht32f5xxxx_usart.o(i.USART_StickParityCmd), (20 bytes).
    Removing ht32f5xxxx_usart.o(i.USART_StickParityConfig), (24 bytes).
    Removing ht32f5xxxx_usart.o(i.USART_StructInit), (22 bytes).
    Removing ht32f5xxxx_usart.o(i.USART_SynClockInit), (26 bytes).
    Removing ht32f5xxxx_usart.o(i.USART_SynClockStructInit), (12 bytes).
    Removing ht32f5xxxx_usbd.o(.rev16_text), (4 bytes).
    Removing ht32f5xxxx_usbd.o(.revsh_text), (4 bytes).
    Removing ht32f5xxxx_usbd.o(i.USBD_ClearINT), (12 bytes).
    Removing ht32f5xxxx_usbd.o(i.USBD_DPWakeUpCmd), (28 bytes).
    Removing ht32f5xxxx_usbd.o(i.USBD_DPpullupCmd), (24 bytes).
    Removing ht32f5xxxx_usbd.o(i.USBD_DeInit), (16 bytes).
    Removing ht32f5xxxx_usbd.o(i.USBD_DisableDefaultPull), (12 bytes).
    Removing ht32f5xxxx_usbd.o(i.USBD_DisableINT), (16 bytes).
    Removing ht32f5xxxx_usbd.o(i.USBD_EPTClearDTG), (16 bytes).
    Removing ht32f5xxxx_usbd.o(i.USBD_EPTClearHalt), (16 bytes).
    Removing ht32f5xxxx_usbd.o(i.USBD_EPTClearINT), (12 bytes).
    Removing ht32f5xxxx_usbd.o(i.USBD_EPTEnableINT), (12 bytes).
    Removing ht32f5xxxx_usbd.o(i.USBD_EPTGetBuffer0Addr), (24 bytes).
    Removing ht32f5xxxx_usbd.o(i.USBD_EPTGetBuffer1Addr), (36 bytes).
    Removing ht32f5xxxx_usbd.o(i.USBD_EPTGetBufferLen), (14 bytes).
    Removing ht32f5xxxx_usbd.o(i.USBD_EPTGetHalt), (24 bytes).
    Removing ht32f5xxxx_usbd.o(i.USBD_EPTGetINT), (14 bytes).
    Removing ht32f5xxxx_usbd.o(i.USBD_EPTGetTransferCount), (18 bytes).
    Removing ht32f5xxxx_usbd.o(i.USBD_EPTInit), (36 bytes).
    Removing ht32f5xxxx_usbd.o(i.USBD_EPTReadMemory), (56 bytes).
    Removing ht32f5xxxx_usbd.o(i.USBD_EPTReadOUTData), (48 bytes).
    Removing ht32f5xxxx_usbd.o(i.USBD_EPTReset), (16 bytes).
    Removing ht32f5xxxx_usbd.o(i.USBD_EPTSendSTALL), (12 bytes).
    Removing ht32f5xxxx_usbd.o(i.USBD_EPTSetHalt), (20 bytes).
    Removing ht32f5xxxx_usbd.o(i.USBD_EPTWaitSTALLSent), (32 bytes).
    Removing ht32f5xxxx_usbd.o(i.USBD_EPTWriteINData), (68 bytes).
    Removing ht32f5xxxx_usbd.o(i.USBD_EnableINT), (16 bytes).
    Removing ht32f5xxxx_usbd.o(i.USBD_GetEPTnINTNumber), (32 bytes).
    Removing ht32f5xxxx_usbd.o(i.USBD_GetINT), (20 bytes).
    Removing ht32f5xxxx_usbd.o(i.USBD_Init), (8 bytes).
    Removing ht32f5xxxx_usbd.o(i.USBD_PowerOff), (16 bytes).
    Removing ht32f5xxxx_usbd.o(i.USBD_PowerOn), (28 bytes).
    Removing ht32f5xxxx_usbd.o(i.USBD_PowerUp), (116 bytes).
    Removing ht32f5xxxx_usbd.o(i.USBD_PreInit), (24 bytes).
    Removing ht32f5xxxx_usbd.o(i.USBD_ReadSETUPData), (16 bytes).
    Removing ht32f5xxxx_usbd.o(i.USBD_RemoteWakeup), (16 bytes).
    Removing ht32f5xxxx_usbd.o(i.USBD_SRAMResetConditionCmd), (24 bytes).
    Removing ht32f5xxxx_usbd.o(i.USBD_SetAddress), (20 bytes).
    Removing ht32f5xxxx_usbd.o(i._USBD_CopyMemory), (138 bytes).
    Removing ht32f5xxxx_usbd.o(i._USBD_GetEPTnAddr), (16 bytes).
    Removing ht32f5xxxx_usbd.o(.data), (4 bytes).
    Removing ht32f5xxxx_wdt.o(.rev16_text), (4 bytes).
    Removing ht32f5xxxx_wdt.o(.revsh_text), (4 bytes).
    Removing ht32f5xxxx_wdt.o(i.WDT_Cmd), (28 bytes).
    Removing ht32f5xxxx_wdt.o(i.WDT_DeInit), (16 bytes).
    Removing ht32f5xxxx_wdt.o(i.WDT_GetDeltaValue), (16 bytes).
    Removing ht32f5xxxx_wdt.o(i.WDT_GetFlagStatus), (20 bytes).
    Removing ht32f5xxxx_wdt.o(i.WDT_GetPrescaler), (20 bytes).
    Removing ht32f5xxxx_wdt.o(i.WDT_GetReloadValue), (16 bytes).
    Removing ht32f5xxxx_wdt.o(i.WDT_HaltConfig), (24 bytes).
    Removing ht32f5xxxx_wdt.o(i.WDT_LockCmd), (36 bytes).
    Removing ht32f5xxxx_wdt.o(i.WDT_ProtectCmd), (28 bytes).
    Removing ht32f5xxxx_wdt.o(i.WDT_ResetCmd), (28 bytes).
    Removing ht32f5xxxx_wdt.o(i.WDT_Restart), (16 bytes).
    Removing ht32f5xxxx_wdt.o(i.WDT_SetDeltaValue), (20 bytes).
    Removing ht32f5xxxx_wdt.o(i.WDT_SetPrescaler), (20 bytes).
    Removing ht32f5xxxx_wdt.o(i.WDT_SetReloadValue), (20 bytes).
    Removing ht32f5xxxx_wdt.o(i.WDT_SourceConfig), (16 bytes).
    Removing ht32_retarget.o(.rev16_text), (4 bytes).
    Removing ht32_retarget.o(.revsh_text), (4 bytes).
    Removing ht32_retarget.o(i.RETARGET_Configuration), (30 bytes).
    Removing ht32_retarget.o(i.__backspace), (4 bytes).
    Removing ht32_retarget.o(i._sys_exit), (2 bytes).
    Removing ht32_retarget.o(i._ttywrch), (8 bytes).
    Removing ht32_retarget.o(i.fgetc), (8 bytes).
    Removing ht32_retarget.o(i.fputc), (8 bytes).
    Removing ht32_retarget.o(.data), (4 bytes).
    Removing ht32_retarget.o(.data), (4 bytes).
    Removing ht32_serial.o(.rev16_text), (4 bytes).
    Removing ht32_serial.o(.revsh_text), (4 bytes).
    Removing ht32_serial.o(i.SERIAL_Flush), (2 bytes).
    Removing ht32_serial.o(i.SERIAL_GetChar), (28 bytes).
    Removing ht32_serial.o(i.SERIAL_PutChar), (20 bytes).
    Removing ht32_board.o(.rev16_text), (4 bytes).
    Removing ht32_board.o(.revsh_text), (4 bytes).
    Removing ht32_board.o(i.HT32F_DVB_BuzzerFun), (292 bytes).
    Removing ht32_board.o(i.HT32F_DVB_BuzzerOutputCmd), (20 bytes).
    Removing ht32_board.o(i.HT32F_DVB_COMInit), (80 bytes).
    Removing ht32_board.o(i.HT32F_DVB_LEDInit), (88 bytes).
    Removing ht32_board.o(i.HT32F_DVB_LEDOff), (24 bytes).
    Removing ht32_board.o(i.HT32F_DVB_LEDOn), (24 bytes).
    Removing ht32_board.o(i.HT32F_DVB_LEDToggle), (32 bytes).
    Removing ht32_board.o(i.HT32F_DVB_PBGetState), (28 bytes).
    Removing ht32_board.o(i.HT32F_DVB_PBInit), (196 bytes).
    Removing ht32_board.o(i._HT32F_DVB_ClockConfig), (72 bytes).
    Removing ht32_board.o(.constdata), (68 bytes).
    Removing i2c_eeprom.o(.rev16_text), (4 bytes).
    Removing i2c_eeprom.o(.revsh_text), (4 bytes).
    Removing i2c_eeprom.o(i.I2C_EEPROM_BufferRead), (156 bytes).
    Removing i2c_eeprom.o(i.I2C_EEPROM_BufferWrite), (50 bytes).
    Removing i2c_eeprom.o(i.I2C_EEPROM_Init), (84 bytes).
    Removing i2c_eeprom.o(i.I2C_EEPROM_PageWrite), (96 bytes).
    Removing i2c_eeprom.o(i._I2C_EEPROM_AckPolling), (60 bytes).
    Removing spi_flash.o(.rev16_text), (4 bytes).
    Removing spi_flash.o(.revsh_text), (4 bytes).
    Removing spi_flash.o(i.SPI_FLASH_BlockErase), (64 bytes).
    Removing spi_flash.o(i.SPI_FLASH_BufferDualRead), (104 bytes).
    Removing spi_flash.o(i.SPI_FLASH_BufferDualReadByDMA), (276 bytes).
    Removing spi_flash.o(i.SPI_FLASH_BufferRead), (76 bytes).
    Removing spi_flash.o(i.SPI_FLASH_BufferReadByDMA), (256 bytes).
    Removing spi_flash.o(i.SPI_FLASH_BufferWriteBy), (194 bytes).
    Removing spi_flash.o(i.SPI_FLASH_ChipErase), (40 bytes).
    Removing spi_flash.o(i.SPI_FLASH_Init), (148 bytes).
    Removing spi_flash.o(i.SPI_FLASH_PageWrite), (84 bytes).
    Removing spi_flash.o(i.SPI_FLASH_PageWriteByDMA), (256 bytes).
    Removing spi_flash.o(i.SPI_FLASH_ReadJEDECID), (64 bytes).
    Removing spi_flash.o(i.SPI_FLASH_SectorErase), (64 bytes).
    Removing spi_flash.o(i.SPI_FLASH_SendByte), (52 bytes).
    Removing spi_flash.o(i.SPI_FLASH_WaitForWriteEnd), (44 bytes).
    Removing spi_flash.o(i.SPI_FLASH_WriteDisable), (32 bytes).
    Removing spi_flash.o(i.SPI_FLASH_WriteEnable), (32 bytes).
    Removing spi_flash.o(i.SPI_FLASH_WriteStatus), (44 bytes).
    Removing ebi_lcd.o(.rev16_text), (4 bytes).
    Removing ebi_lcd.o(.revsh_text), (4 bytes).
    Removing ebi_lcd.o(i.LCD_BackColorSet), (12 bytes).
    Removing ebi_lcd.o(i.LCD_CharDisplay), (24 bytes).
    Removing ebi_lcd.o(i.LCD_CharDraw), (84 bytes).
    Removing ebi_lcd.o(i.LCD_CircleDraw), (200 bytes).
    Removing ebi_lcd.o(i.LCD_Clear), (32 bytes).
    Removing ebi_lcd.o(i.LCD_Config), (640 bytes).
    Removing ebi_lcd.o(i.LCD_DisplayOff), (12 bytes).
    Removing ebi_lcd.o(i.LCD_DisplayOn), (12 bytes).
    Removing ebi_lcd.o(i.LCD_Init), (340 bytes).
    Removing ebi_lcd.o(i.LCD_LineDraw), (80 bytes).
    Removing ebi_lcd.o(i.LCD_PicDraw), (86 bytes).
    Removing ebi_lcd.o(i.LCD_ReadReg), (10 bytes).
    Removing ebi_lcd.o(i.LCD_RectDraw), (58 bytes).
    Removing ebi_lcd.o(i.LCD_SetDisplayArea), (84 bytes).
    Removing ebi_lcd.o(i.LCD_StarterSet), (44 bytes).
    Removing ebi_lcd.o(i.LCD_StringLineDisplay), (40 bytes).
    Removing ebi_lcd.o(i.LCD_TextColorSet), (12 bytes).
    Removing ebi_lcd.o(i.LCD_WriteRAM), (8 bytes).
    Removing ebi_lcd.o(i.LCD_WriteRAMPrior), (10 bytes).
    Removing ebi_lcd.o(i.LCD_WriteRAMWord), (12 bytes).
    Removing ebi_lcd.o(i.LCD_WriteReg), (10 bytes).
    Removing ebi_lcd.o(i._delay), (28 bytes).
    Removing ebi_lcd.o(.constdata), (4560 bytes).
    Removing ebi_lcd.o(.data), (4 bytes).

554 unused section(s) (total 22201 bytes) removed from the image.

==============================================================================

Image Symbol Table

    Local Symbols

    Symbol Name                              Value     Ov Type        Size  Object(Section)

    RESET                                    0x00000000   Section      356  startup_ht32f5xxxx_01.o(RESET)
    ../clib/microlib/division.c              0x00000000   Number         0  uidiv.o ABSOLUTE
    ../clib/microlib/init/entry.s            0x00000000   Number         0  entry.o ABSOLUTE
    ../clib/microlib/init/entry.s            0x00000000   Number         0  entry11a.o ABSOLUTE
    ../clib/microlib/init/entry.s            0x00000000   Number         0  entry10b.o ABSOLUTE
    ../clib/microlib/init/entry.s            0x00000000   Number         0  entry10a.o ABSOLUTE
    ../clib/microlib/init/entry.s            0x00000000   Number         0  entry9b.o ABSOLUTE
    ../clib/microlib/init/entry.s            0x00000000   Number         0  entry9a.o ABSOLUTE
    ../clib/microlib/init/entry.s            0x00000000   Number         0  entry8b.o ABSOLUTE
    ../clib/microlib/init/entry.s            0x00000000   Number         0  entry8a.o ABSOLUTE
    ../clib/microlib/init/entry.s            0x00000000   Number         0  entry7b.o ABSOLUTE
    ../clib/microlib/init/entry.s            0x00000000   Number         0  entry5.o ABSOLUTE
    ../clib/microlib/init/entry.s            0x00000000   Number         0  entry2.o ABSOLUTE
    ../clib/microlib/init/entry.s            0x00000000   Number         0  entry11b.o ABSOLUTE
    ../clib/microlib/init/entry.s            0x00000000   Number         0  entry7a.o ABSOLUTE
    ../clib/microlib/stubs.s                 0x00000000   Number         0  useno.o ABSOLUTE
    ..\..\..\..\library\HT32F5xxxx_Driver\src\ht32_cm0plus_misc.c 0x00000000   Number         0  ht32_cm0plus_misc.o ABSOLUTE
    ..\..\..\..\library\HT32F5xxxx_Driver\src\ht32_retarget.c 0x00000000   Number         0  ht32_retarget.o ABSOLUTE
    ..\..\..\..\library\HT32F5xxxx_Driver\src\ht32_serial.c 0x00000000   Number         0  ht32_serial.o ABSOLUTE
    ..\..\..\..\library\HT32F5xxxx_Driver\src\ht32f5xxxx_adc.c 0x00000000   Number         0  ht32f5xxxx_adc.o ABSOLUTE
    ..\..\..\..\library\HT32F5xxxx_Driver\src\ht32f5xxxx_bftm.c 0x00000000   Number         0  ht32f5xxxx_bftm.o ABSOLUTE
    ..\..\..\..\library\HT32F5xxxx_Driver\src\ht32f5xxxx_ckcu.c 0x00000000   Number         0  ht32f5xxxx_ckcu.o ABSOLUTE
    ..\..\..\..\library\HT32F5xxxx_Driver\src\ht32f5xxxx_cmp.c 0x00000000   Number         0  ht32f5xxxx_cmp.o ABSOLUTE
    ..\..\..\..\library\HT32F5xxxx_Driver\src\ht32f5xxxx_crc.c 0x00000000   Number         0  ht32f5xxxx_crc.o ABSOLUTE
    ..\..\..\..\library\HT32F5xxxx_Driver\src\ht32f5xxxx_ebi.c 0x00000000   Number         0  ht32f5xxxx_ebi.o ABSOLUTE
    ..\..\..\..\library\HT32F5xxxx_Driver\src\ht32f5xxxx_exti.c 0x00000000   Number         0  ht32f5xxxx_exti.o ABSOLUTE
    ..\..\..\..\library\HT32F5xxxx_Driver\src\ht32f5xxxx_flash.c 0x00000000   Number         0  ht32f5xxxx_flash.o ABSOLUTE
    ..\..\..\..\library\HT32F5xxxx_Driver\src\ht32f5xxxx_gpio.c 0x00000000   Number         0  ht32f5xxxx_gpio.o ABSOLUTE
    ..\..\..\..\library\HT32F5xxxx_Driver\src\ht32f5xxxx_i2c.c 0x00000000   Number         0  ht32f5xxxx_i2c.o ABSOLUTE
    ..\..\..\..\library\HT32F5xxxx_Driver\src\ht32f5xxxx_i2s.c 0x00000000   Number         0  ht32f5xxxx_i2s.o ABSOLUTE
    ..\..\..\..\library\HT32F5xxxx_Driver\src\ht32f5xxxx_mctm.c 0x00000000   Number         0  ht32f5xxxx_mctm.o ABSOLUTE
    ..\..\..\..\library\HT32F5xxxx_Driver\src\ht32f5xxxx_pdma.c 0x00000000   Number         0  ht32f5xxxx_pdma.o ABSOLUTE
    ..\..\..\..\library\HT32F5xxxx_Driver\src\ht32f5xxxx_pwrcu.c 0x00000000   Number         0  ht32f5xxxx_pwrcu.o ABSOLUTE
    ..\..\..\..\library\HT32F5xxxx_Driver\src\ht32f5xxxx_rstcu.c 0x00000000   Number         0  ht32f5xxxx_rstcu.o ABSOLUTE
    ..\..\..\..\library\HT32F5xxxx_Driver\src\ht32f5xxxx_rtc.c 0x00000000   Number         0  ht32f5xxxx_rtc.o ABSOLUTE
    ..\..\..\..\library\HT32F5xxxx_Driver\src\ht32f5xxxx_sci.c 0x00000000   Number         0  ht32f5xxxx_sci.o ABSOLUTE
    ..\..\..\..\library\HT32F5xxxx_Driver\src\ht32f5xxxx_spi.c 0x00000000   Number         0  ht32f5xxxx_spi.o ABSOLUTE
    ..\..\..\..\library\HT32F5xxxx_Driver\src\ht32f5xxxx_tm.c 0x00000000   Number         0  ht32f5xxxx_tm.o ABSOLUTE
    ..\..\..\..\library\HT32F5xxxx_Driver\src\ht32f5xxxx_usart.c 0x00000000   Number         0  ht32f5xxxx_usart.o ABSOLUTE
    ..\..\..\..\library\HT32F5xxxx_Driver\src\ht32f5xxxx_usbd.c 0x00000000   Number         0  ht32f5xxxx_usbd.o ABSOLUTE
    ..\..\..\..\library\HT32F5xxxx_Driver\src\ht32f5xxxx_wdt.c 0x00000000   Number         0  ht32f5xxxx_wdt.o ABSOLUTE
    ..\..\..\..\library\HT32_USBD_Library\src\ht32_usbd_core.c 0x00000000   Number         0  ht32_usbd_core.o ABSOLUTE
    ..\..\..\..\utilities\common\ebi_lcd.c   0x00000000   Number         0  ebi_lcd.o ABSOLUTE
    ..\..\..\..\utilities\common\i2c_eeprom.c 0x00000000   Number         0  i2c_eeprom.o ABSOLUTE
    ..\..\..\..\utilities\common\spi_flash.c 0x00000000   Number         0  spi_flash.o ABSOLUTE
    ..\..\..\..\utilities\ht32_board.c       0x00000000   Number         0  ht32_board.o ABSOLUTE
    ..\\..\\..\\..\\library\\HT32F5xxxx_Driver\\src\\ht32_cm0plus_misc.c 0x00000000   Number         0  ht32_cm0plus_misc.o ABSOLUTE
    ..\\..\\..\\..\\library\\HT32F5xxxx_Driver\\src\\ht32_retarget.c 0x00000000   Number         0  ht32_retarget.o ABSOLUTE
    ..\\..\\..\\..\\library\\HT32F5xxxx_Driver\\src\\ht32_serial.c 0x00000000   Number         0  ht32_serial.o ABSOLUTE
    ..\\..\\..\\..\\library\\HT32F5xxxx_Driver\\src\\ht32f5xxxx_adc.c 0x00000000   Number         0  ht32f5xxxx_adc.o ABSOLUTE
    ..\\..\\..\\..\\library\\HT32F5xxxx_Driver\\src\\ht32f5xxxx_bftm.c 0x00000000   Number         0  ht32f5xxxx_bftm.o ABSOLUTE
    ..\\..\\..\\..\\library\\HT32F5xxxx_Driver\\src\\ht32f5xxxx_ckcu.c 0x00000000   Number         0  ht32f5xxxx_ckcu.o ABSOLUTE
    ..\\..\\..\\..\\library\\HT32F5xxxx_Driver\\src\\ht32f5xxxx_cmp.c 0x00000000   Number         0  ht32f5xxxx_cmp.o ABSOLUTE
    ..\\..\\..\\..\\library\\HT32F5xxxx_Driver\\src\\ht32f5xxxx_crc.c 0x00000000   Number         0  ht32f5xxxx_crc.o ABSOLUTE
    ..\\..\\..\\..\\library\\HT32F5xxxx_Driver\\src\\ht32f5xxxx_ebi.c 0x00000000   Number         0  ht32f5xxxx_ebi.o ABSOLUTE
    ..\\..\\..\\..\\library\\HT32F5xxxx_Driver\\src\\ht32f5xxxx_exti.c 0x00000000   Number         0  ht32f5xxxx_exti.o ABSOLUTE
    ..\\..\\..\\..\\library\\HT32F5xxxx_Driver\\src\\ht32f5xxxx_flash.c 0x00000000   Number         0  ht32f5xxxx_flash.o ABSOLUTE
    ..\\..\\..\\..\\library\\HT32F5xxxx_Driver\\src\\ht32f5xxxx_gpio.c 0x00000000   Number         0  ht32f5xxxx_gpio.o ABSOLUTE
    ..\\..\\..\\..\\library\\HT32F5xxxx_Driver\\src\\ht32f5xxxx_i2c.c 0x00000000   Number         0  ht32f5xxxx_i2c.o ABSOLUTE
    ..\\..\\..\\..\\library\\HT32F5xxxx_Driver\\src\\ht32f5xxxx_i2s.c 0x00000000   Number         0  ht32f5xxxx_i2s.o ABSOLUTE
    ..\\..\\..\\..\\library\\HT32F5xxxx_Driver\\src\\ht32f5xxxx_mctm.c 0x00000000   Number         0  ht32f5xxxx_mctm.o ABSOLUTE
    ..\\..\\..\\..\\library\\HT32F5xxxx_Driver\\src\\ht32f5xxxx_pdma.c 0x00000000   Number         0  ht32f5xxxx_pdma.o ABSOLUTE
    ..\\..\\..\\..\\library\\HT32F5xxxx_Driver\\src\\ht32f5xxxx_pwrcu.c 0x00000000   Number         0  ht32f5xxxx_pwrcu.o ABSOLUTE
    ..\\..\\..\\..\\library\\HT32F5xxxx_Driver\\src\\ht32f5xxxx_rstcu.c 0x00000000   Number         0  ht32f5xxxx_rstcu.o ABSOLUTE
    ..\\..\\..\\..\\library\\HT32F5xxxx_Driver\\src\\ht32f5xxxx_rtc.c 0x00000000   Number         0  ht32f5xxxx_rtc.o ABSOLUTE
    ..\\..\\..\\..\\library\\HT32F5xxxx_Driver\\src\\ht32f5xxxx_sci.c 0x00000000   Number         0  ht32f5xxxx_sci.o ABSOLUTE
    ..\\..\\..\\..\\library\\HT32F5xxxx_Driver\\src\\ht32f5xxxx_spi.c 0x00000000   Number         0  ht32f5xxxx_spi.o ABSOLUTE
    ..\\..\\..\\..\\library\\HT32F5xxxx_Driver\\src\\ht32f5xxxx_tm.c 0x00000000   Number         0  ht32f5xxxx_tm.o ABSOLUTE
    ..\\..\\..\\..\\library\\HT32F5xxxx_Driver\\src\\ht32f5xxxx_usart.c 0x00000000   Number         0  ht32f5xxxx_usart.o ABSOLUTE
    ..\\..\\..\\..\\library\\HT32F5xxxx_Driver\\src\\ht32f5xxxx_usbd.c 0x00000000   Number         0  ht32f5xxxx_usbd.o ABSOLUTE
    ..\\..\\..\\..\\library\\HT32F5xxxx_Driver\\src\\ht32f5xxxx_wdt.c 0x00000000   Number         0  ht32f5xxxx_wdt.o ABSOLUTE
    ..\\..\\..\\..\\library\\HT32_USBD_Library\\src\\ht32_usbd_core.c 0x00000000   Number         0  ht32_usbd_core.o ABSOLUTE
    ..\\..\\..\\..\\utilities\\common\\ebi_lcd.c 0x00000000   Number         0  ebi_lcd.o ABSOLUTE
    ..\\..\\..\\..\\utilities\\common\\i2c_eeprom.c 0x00000000   Number         0  i2c_eeprom.o ABSOLUTE
    ..\\..\\..\\..\\utilities\\common\\spi_flash.c 0x00000000   Number         0  spi_flash.o ABSOLUTE
    ..\\..\\..\\..\\utilities\\ht32_board.c  0x00000000   Number         0  ht32_board.o ABSOLUTE
    ..\\ht32f5xxxx_01_it.c                   0x00000000   Number         0  ht32f5xxxx_01_it.o ABSOLUTE
    ..\\main.c                               0x00000000   Number         0  main.o ABSOLUTE
    ..\\nrf2401_host.c                       0x00000000   Number         0  nrf2401_host.o ABSOLUTE
    ..\\softspi.c                            0x00000000   Number         0  softspi.o ABSOLUTE
    ..\\system_ht32f5xxxx_01.c               0x00000000   Number         0  system_ht32f5xxxx_01.o ABSOLUTE
    ..\\tmr50us.c                            0x00000000   Number         0  tmr50us.o ABSOLUTE
    ..\\usart.c                              0x00000000   Number         0  usart.o ABSOLUTE
    ..\ht32f5xxxx_01_it.c                    0x00000000   Number         0  ht32f5xxxx_01_it.o ABSOLUTE
    ..\main.c                                0x00000000   Number         0  main.o ABSOLUTE
    ..\nrf2401_host.c                        0x00000000   Number         0  nrf2401_host.o ABSOLUTE
    ..\softspi.c                             0x00000000   Number         0  softspi.o ABSOLUTE
    ..\system_ht32f5xxxx_01.c                0x00000000   Number         0  system_ht32f5xxxx_01.o ABSOLUTE
    ..\tmr50us.c                             0x00000000   Number         0  tmr50us.o ABSOLUTE
    ..\usart.c                               0x00000000   Number         0  usart.o ABSOLUTE
    dc.s                                     0x00000000   Number         0  dc.o ABSOLUTE
    handlers.s                               0x00000000   Number         0  handlers.o ABSOLUTE
    ht32_op.s                                0x00000000   Number         0  ht32_op.o ABSOLUTE
    init.s                                   0x00000000   Number         0  init.o ABSOLUTE
    startup_ht32f5xxxx_01.s                  0x00000000   Number         0  startup_ht32f5xxxx_01.o ABSOLUTE
    BootProcess                              0x000000cd   Thumb Code    94  startup_ht32f5xxxx_01.o(RESET)
    .ARM.Collect$$$$00000000                 0x00000164   Section        0  entry.o(.ARM.Collect$$$$00000000)
    .ARM.Collect$$$$00000001                 0x00000164   Section        4  entry2.o(.ARM.Collect$$$$00000001)
    .ARM.Collect$$$$00000004                 0x00000168   Section        4  entry5.o(.ARM.Collect$$$$00000004)
    .ARM.Collect$$$$00000008                 0x0000016c   Section        0  entry7b.o(.ARM.Collect$$$$00000008)
    .ARM.Collect$$$$0000000A                 0x0000016c   Section        0  entry8b.o(.ARM.Collect$$$$0000000A)
    .ARM.Collect$$$$0000000B                 0x0000016c   Section        8  entry9a.o(.ARM.Collect$$$$0000000B)
    .ARM.Collect$$$$0000000D                 0x00000174   Section        0  entry10a.o(.ARM.Collect$$$$0000000D)
    .ARM.Collect$$$$0000000F                 0x00000174   Section        0  entry11a.o(.ARM.Collect$$$$0000000F)
    .ARM.Collect$$$$00002712                 0x00000174   Section        4  entry2.o(.ARM.Collect$$$$00002712)
    __lit__00000000                          0x00000174   Data           4  entry2.o(.ARM.Collect$$$$00002712)
    .text                                    0x00000178   Section        0  uidiv.o(.text)
    .text                                    0x000001a4   Section       36  init.o(.text)
    i.AFIO_GPxConfig                         0x000001c8   Section        0  ht32f5xxxx_gpio.o(i.AFIO_GPxConfig)
    i.BFTM0_IRQHandler                       0x00000220   Section        0  ht32f5xxxx_01_it.o(i.BFTM0_IRQHandler)
    i.BFTM_ClearFlag                         0x0000023c   Section        0  ht32f5xxxx_bftm.o(i.BFTM_ClearFlag)
    i.BFTM_EnaCmd                            0x0000024a   Section        0  ht32f5xxxx_bftm.o(i.BFTM_EnaCmd)
    i.BFTM_IntConfig                         0x0000025c   Section        0  ht32f5xxxx_bftm.o(i.BFTM_IntConfig)
    i.BFTM_SetCompare                        0x00000270   Section        0  ht32f5xxxx_bftm.o(i.BFTM_SetCompare)
    i.BFTM_SetCounter                        0x00000274   Section        0  ht32f5xxxx_bftm.o(i.BFTM_SetCounter)
    i.CKCU_GetClocksFrequency                0x00000278   Section        0  ht32f5xxxx_ckcu.o(i.CKCU_GetClocksFrequency)
    i.CKCU_GetPLLFrequency                   0x000002e4   Section        0  ht32f5xxxx_ckcu.o(i.CKCU_GetPLLFrequency)
    i.CKCU_GetPeripFrequency                 0x00000320   Section        0  ht32f5xxxx_ckcu.o(i.CKCU_GetPeripFrequency)
    i.CKCU_PeripClockConfig                  0x00000354   Section        0  ht32f5xxxx_ckcu.o(i.CKCU_PeripClockConfig)
    i.DueMain_main                           0x0000037c   Section        0  nrf2401_host.o(i.DueMain_main)
    i.GPIO_DirectionConfig                   0x000006c0   Section        0  ht32f5xxxx_gpio.o(i.GPIO_DirectionConfig)
    i.GPIO_InputConfig                       0x000006d0   Section        0  ht32f5xxxx_gpio.o(i.GPIO_InputConfig)
    i.GPIO_PullResistorConfig                0x000006e0   Section        0  ht32f5xxxx_gpio.o(i.GPIO_PullResistorConfig)
    i.GPIO_WriteOutBits                      0x0000070a   Section        0  ht32f5xxxx_gpio.o(i.GPIO_WriteOutBits)
    i.HardFault_Handler                      0x00000718   Section        0  ht32f5xxxx_01_it.o(i.HardFault_Handler)
    i.NMI_Handler                            0x00000728   Section        0  ht32f5xxxx_01_it.o(i.NMI_Handler)
    i.PWRCU_CheckReadyAccessed               0x0000072c   Section        0  ht32f5xxxx_pwrcu.o(i.PWRCU_CheckReadyAccessed)
    i.PendSV_Handler                         0x00000758   Section        0  ht32f5xxxx_01_it.o(i.PendSV_Handler)
    i.SPI_Cmd                                0x0000075a   Section        0  ht32f5xxxx_spi.o(i.SPI_Cmd)
    i.SPI_Init                               0x0000076e   Section        0  ht32f5xxxx_spi.o(i.SPI_Init)
    i.SPI_SELOutputCmd                       0x000007b6   Section        0  ht32f5xxxx_spi.o(i.SPI_SELOutputCmd)
    i.SVC_Handler                            0x000007c8   Section        0  ht32f5xxxx_01_it.o(i.SVC_Handler)
    i.SysTick_Handler                        0x000007ca   Section        0  ht32f5xxxx_01_it.o(i.SysTick_Handler)
    i.SystemInit                             0x000007cc   Section        0  system_ht32f5xxxx_01.o(i.SystemInit)
    i.USART1_IRQHandler                      0x000008b4   Section        0  ht32f5xxxx_01_it.o(i.USART1_IRQHandler)
    i.USART_ClearFlag                        0x000009a8   Section        0  ht32f5xxxx_usart.o(i.USART_ClearFlag)
    i.USART_FIFOReset                        0x000009b0   Section        0  ht32f5xxxx_usart.o(i.USART_FIFOReset)
    i.USART_GetFlagStatus                    0x000009b8   Section        0  ht32f5xxxx_usart.o(i.USART_GetFlagStatus)
    i.USART_Init                             0x000009c4   Section        0  ht32f5xxxx_usart.o(i.USART_Init)
    i.USART_IntConfig                        0x00000a48   Section        0  ht32f5xxxx_usart.o(i.USART_IntConfig)
    i.USART_ReceiveData                      0x00000a58   Section        0  ht32f5xxxx_usart.o(i.USART_ReceiveData)
    i.USART_SendData                         0x00000a5e   Section        0  ht32f5xxxx_usart.o(i.USART_SendData)
    i.USART_SetTimeOutValue                  0x00000a62   Section        0  ht32f5xxxx_usart.o(i.USART_SetTimeOutValue)
    i.USART_TXRXTLConfig                     0x00000a72   Section        0  ht32f5xxxx_usart.o(i.USART_TXRXTLConfig)
    i.USART_TxRxCmd                          0x00000a86   Section        0  ht32f5xxxx_usart.o(i.USART_TxRxCmd)
    i.UnoClient_main                         0x00000a9c   Section        0  nrf2401_host.o(i.UnoClient_main)
    i.__ARM_common_switch8                   0x00000c24   Section        0  ht32f5xxxx_ckcu.o(i.__ARM_common_switch8)
    i.__scatterload_copy                     0x00000c3e   Section       14  handlers.o(i.__scatterload_copy)
    i.__scatterload_null                     0x00000c4c   Section        2  handlers.o(i.__scatterload_null)
    i.__scatterload_zeroinit                 0x00000c4e   Section       14  handlers.o(i.__scatterload_zeroinit)
    i.debug_rxpackets_from_prx_not_consecutive 0x00000c5c   Section        0  nrf2401_host.o(i.debug_rxpackets_from_prx_not_consecutive)
    debug_rxpackets_from_prx_not_consecutive 0x00000c5d   Thumb Code    86  nrf2401_host.o(i.debug_rxpackets_from_prx_not_consecutive)
    i.debug_rxpackets_from_ptx_not_consecutive 0x00000cbc   Section        0  nrf2401_host.o(i.debug_rxpackets_from_ptx_not_consecutive)
    debug_rxpackets_from_ptx_not_consecutive 0x00000cbd   Thumb Code    86  nrf2401_host.o(i.debug_rxpackets_from_ptx_not_consecutive)
    i.delay_unit_50us                        0x00000d58   Section        0  tmr50us.o(i.delay_unit_50us)
    i.foo_ptx_print_count_send               0x00000d74   Section        0  nrf2401_host.o(i.foo_ptx_print_count_send)
    foo_ptx_print_count_send                 0x00000d75   Thumb Code    78  nrf2401_host.o(i.foo_ptx_print_count_send)
    i.host24L01_process                      0x00000de8   Section        0  nrf2401_host.o(i.host24L01_process)
    i.init_softspi                           0x00000e3c   Section        0  softspi.o(i.init_softspi)
    i.lownibble_to_ascii                     0x00000e84   Section        0  usart.o(i.lownibble_to_ascii)
    lownibble_to_ascii                       0x00000e85   Thumb Code    22  usart.o(i.lownibble_to_ascii)
    i.main                                   0x00000e9c   Section        0  main.o(i.main)
    i.rewrite_syncID                         0x0000104c   Section        0  nrf2401_host.o(i.rewrite_syncID)
    rewrite_syncID                           0x0000104d   Thumb Code    86  nrf2401_host.o(i.rewrite_syncID)
    i.rf_ConfigurePipe                       0x000010ac   Section        0  softspi.o(i.rf_ConfigurePipe)
    i.rf_FlushBuffer                         0x00001118   Section        0  softspi.o(i.rf_FlushBuffer)
    i.rf_GetFifoStatus                       0x00001138   Section        0  softspi.o(i.rf_GetFifoStatus)
    i.rf_GetStatus                           0x00001142   Section        0  softspi.o(i.rf_GetStatus)
    i.rf_Init                                0x0000114c   Section        0  softspi.o(i.rf_Init)
    i.rf_IsDataAvailable                     0x000011b4   Section        0  softspi.o(i.rf_IsDataAvailable)
    i.rf_Listen                              0x0000123c   Section        0  softspi.o(i.rf_Listen)
    i.rf_PowerUp                             0x00001260   Section        0  softspi.o(i.rf_PowerUp)
    i.rf_ReadRegister                        0x00001280   Section        0  softspi.o(i.rf_ReadRegister)
    i.rf_ReceiveData                         0x00001290   Section        0  softspi.o(i.rf_ReceiveData)
    i.rf_ResetStatus                         0x000012c4   Section        0  softspi.o(i.rf_ResetStatus)
    i.rf_SendCmdBuffer                       0x000012ee   Section        0  softspi.o(i.rf_SendCmdBuffer)
    i.rf_SendCmdMasked                       0x00001328   Section        0  softspi.o(i.rf_SendCmdMasked)
    i.rf_SendCmd_1                           0x00001342   Section        0  softspi.o(i.rf_SendCmd_1)
    i.rf_SendCmd_2                           0x00001350   Section        0  softspi.o(i.rf_SendCmd_2)
    i.rf_SendData                            0x0000136c   Section        0  softspi.o(i.rf_SendData)
    i.rf_SetAddressWidth                     0x000013f0   Section        0  softspi.o(i.rf_SetAddressWidth)
    i.rf_SetCRC                              0x0000140e   Section        0  softspi.o(i.rf_SetCRC)
    i.rf_SetDataRate                         0x0000142a   Section        0  softspi.o(i.rf_SetDataRate)
    i.rf_SetPipeAddress                      0x0000144c   Section        0  softspi.o(i.rf_SetPipeAddress)
    i.rf_SetRetryCount                       0x00001490   Section        0  softspi.o(i.rf_SetRetryCount)
    i.rf_SetRetryDelay                       0x0000149e   Section        0  softspi.o(i.rf_SetRetryDelay)
    i.spi_Read                               0x000014b0   Section        0  softspi.o(i.spi_Read)
    i.spi_SetCEState                         0x000014f0   Section        0  softspi.o(i.spi_SetCEState)
    i.spi_TransferData                       0x0000150c   Section        0  softspi.o(i.spi_TransferData)
    i.spi_Write                              0x00001520   Section        0  softspi.o(i.spi_Write)
    i.tmr50usIsExpired                       0x00001560   Section        0  tmr50us.o(i.tmr50usIsExpired)
    i.uart_putchar                           0x00001578   Section        0  usart.o(i.uart_putchar)
    i.uart_putchar_n                         0x000015c0   Section        0  usart.o(i.uart_putchar_n)
    i.uart_puts                              0x000015d4   Section        0  usart.o(i.uart_puts)
    i.uart_putu16                            0x000015e8   Section        0  usart.o(i.uart_putu16)
    i.uart_putu8                             0x00001608   Section        0  usart.o(i.uart_putu8)
    .constdata                               0x0000161a   Section       30  nrf2401_host.o(.constdata)
    .data                                    0x20000000   Section        4  ht32f5xxxx_01_it.o(.data)
    gIsContinue                              0x20000000   Data           4  ht32f5xxxx_01_it.o(.data)
    .data                                    0x20000004   Section       24  nrf2401_host.o(.data)
    zzz_pipe                                 0x20000004   Data           1  nrf2401_host.o(.data)
    expected_length_from_ptx                 0x20000005   Data           1  nrf2401_host.o(.data)
    expected_payload_0_from_ptx              0x20000006   Data           1  nrf2401_host.o(.data)
    expected_length_from_prx                 0x20000007   Data           1  nrf2401_host.o(.data)
    expected_payload_0_from_prx              0x20000008   Data           1  nrf2401_host.o(.data)
    cnt                                      0x20000009   Data           1  nrf2401_host.o(.data)
    ini_deta                                 0x2000000a   Data           1  nrf2401_host.o(.data)
    count_sent                               0x2000000c   Data           4  nrf2401_host.o(.data)
    count_txds                               0x20000010   Data           4  nrf2401_host.o(.data)
    count_maxrt                              0x20000014   Data           4  nrf2401_host.o(.data)
    count_roger                              0x20000018   Data           4  nrf2401_host.o(.data)
    .data                                    0x2000001c   Section       41  softspi.o(.data)
    _payload_sz                              0x2000001c   Data           1  softspi.o(.data)
    _p0_swapped_out                          0x2000001d   Data           1  softspi.o(.data)
    _use_dynamic_payload                     0x2000001e   Data           1  softspi.o(.data)
    _comm_mode                               0x2000001f   Data           1  softspi.o(.data)
    _current_pipe                            0x20000020   Data           1  softspi.o(.data)
    .data                                    0x20000048   Section        4  tmr50us.o(.data)
    .data                                    0x2000004c   Section       16  usart.o(.data)
    .data                                    0x2000005c   Section        4  system_ht32f5xxxx_01.o(.data)
    .bss                                     0x20000060   Section      300  nrf2401_host.o(.bss)
    hfsm1                                    0x20000060   Data          12  nrf2401_host.o(.bss)
    .bss                                     0x2000018c   Section      512  usart.o(.bss)
    STACK                                    0x20000390   Section      512  startup_ht32f5xxxx_01.o(STACK)

    Global Symbols

    Symbol Name                              Value     Ov Type        Size  Object(Section)

    BuildAttributes$$THM_ISAv3M$S$PE$A:L22$X:L11$S22$IEEE1$IW$USESV6$~STKCKD$USESV7$~SHL$OSPACE$EBA8$MICROLIB$REQ8$PRES8$EABIv2 0x00000000   Number         0  anon$$obj.o ABSOLUTE
    __ARM_use_no_argv                        0x00000000   Number         0  main.o ABSOLUTE
    __Vectors                                0x00000000   Data           0  startup_ht32f5xxxx_01.o(RESET)
    __use_no_errno                           0x00000000   Number         0  useno.o ABSOLUTE
    __use_no_exception_handling              0x00000000   Number         0  useno.o ABSOLUTE
    __use_no_fp                              0x00000000   Number         0  useno.o ABSOLUTE
    __use_no_heap                            0x00000000   Number         0  useno.o ABSOLUTE
    __use_no_heap_region                     0x00000000   Number         0  useno.o ABSOLUTE
    __use_no_semihosting                     0x00000000   Number         0  useno.o ABSOLUTE
    __use_no_semihosting_swi                 0x00000000   Number         0  useno.o ABSOLUTE
    __use_no_signal_handling                 0x00000000   Number         0  useno.o ABSOLUTE
    __cpp_initialize__aeabi_                  - Undefined Weak Reference
    __cxa_finalize                            - Undefined Weak Reference
    __decompress                              - Undefined Weak Reference
    _clock_init                               - Undefined Weak Reference
    _microlib_exit                            - Undefined Weak Reference
    Reset_Handler                            0x000000c1   Thumb Code    12  startup_ht32f5xxxx_01.o(RESET)
    ADC_IRQHandler                           0x00000135   Thumb Code     0  startup_ht32f5xxxx_01.o(RESET)
    AES_IRQHandler                           0x00000135   Thumb Code     0  startup_ht32f5xxxx_01.o(RESET)
    BFTM1_IRQHandler                         0x00000135   Thumb Code     0  startup_ht32f5xxxx_01.o(RESET)
    COMP_IRQHandler                          0x00000135   Thumb Code     0  startup_ht32f5xxxx_01.o(RESET)
    EVWUP_IRQHandler                         0x00000135   Thumb Code     0  startup_ht32f5xxxx_01.o(RESET)
    EXTI0_1_IRQHandler                       0x00000135   Thumb Code     0  startup_ht32f5xxxx_01.o(RESET)
    EXTI2_3_IRQHandler                       0x00000135   Thumb Code     0  startup_ht32f5xxxx_01.o(RESET)
    EXTI4_15_IRQHandler                      0x00000135   Thumb Code     0  startup_ht32f5xxxx_01.o(RESET)
    FLASH_IRQHandler                         0x00000135   Thumb Code     0  startup_ht32f5xxxx_01.o(RESET)
    GPTM0_IRQHandler                         0x00000135   Thumb Code     0  startup_ht32f5xxxx_01.o(RESET)
    GPTM1_IRQHandler                         0x00000135   Thumb Code     0  startup_ht32f5xxxx_01.o(RESET)
    I2C0_IRQHandler                          0x00000135   Thumb Code     0  startup_ht32f5xxxx_01.o(RESET)
    I2C1_IRQHandler                          0x00000135   Thumb Code     0  startup_ht32f5xxxx_01.o(RESET)
    I2C2_IRQHandler                          0x00000135   Thumb Code     0  startup_ht32f5xxxx_01.o(RESET)
    I2S_IRQHandler                           0x00000135   Thumb Code     0  startup_ht32f5xxxx_01.o(RESET)
    LVD_BOD_IRQHandler                       0x00000135   Thumb Code     0  startup_ht32f5xxxx_01.o(RESET)
    MCTM0_IRQHandler                         0x00000135   Thumb Code     0  startup_ht32f5xxxx_01.o(RESET)
    MIDI_IRQHandler                          0x00000135   Thumb Code     0  startup_ht32f5xxxx_01.o(RESET)
    PDMA_CH0_1_IRQHandler                    0x00000135   Thumb Code     0  startup_ht32f5xxxx_01.o(RESET)
    PDMA_CH2_5_IRQHandler                    0x00000135   Thumb Code     0  startup_ht32f5xxxx_01.o(RESET)
    PWM0_IRQHandler                          0x00000135   Thumb Code     0  startup_ht32f5xxxx_01.o(RESET)
    PWM1_IRQHandler                          0x00000135   Thumb Code     0  startup_ht32f5xxxx_01.o(RESET)
    QSPI_IRQHandler                          0x00000135   Thumb Code     0  startup_ht32f5xxxx_01.o(RESET)
    RTC_IRQHandler                           0x00000135   Thumb Code     0  startup_ht32f5xxxx_01.o(RESET)
    SCI_IRQHandler                           0x00000135   Thumb Code     0  startup_ht32f5xxxx_01.o(RESET)
    SCTM0_IRQHandler                         0x00000135   Thumb Code     0  startup_ht32f5xxxx_01.o(RESET)
    SCTM1_IRQHandler                         0x00000135   Thumb Code     0  startup_ht32f5xxxx_01.o(RESET)
    SCTM2_IRQHandler                         0x00000135   Thumb Code     0  startup_ht32f5xxxx_01.o(RESET)
    SCTM3_IRQHandler                         0x00000135   Thumb Code     0  startup_ht32f5xxxx_01.o(RESET)
    SPI0_IRQHandler                          0x00000135   Thumb Code     0  startup_ht32f5xxxx_01.o(RESET)
    SPI1_IRQHandler                          0x00000135   Thumb Code     0  startup_ht32f5xxxx_01.o(RESET)
    UART0_IRQHandler                         0x00000135   Thumb Code     0  startup_ht32f5xxxx_01.o(RESET)
    UART1_IRQHandler                         0x00000135   Thumb Code     0  startup_ht32f5xxxx_01.o(RESET)
    UART2_IRQHandler                         0x00000135   Thumb Code     0  startup_ht32f5xxxx_01.o(RESET)
    UART3_IRQHandler                         0x00000135   Thumb Code     0  startup_ht32f5xxxx_01.o(RESET)
    USART0_IRQHandler                        0x00000135   Thumb Code     0  startup_ht32f5xxxx_01.o(RESET)
    USB_IRQHandler                           0x00000135   Thumb Code     0  startup_ht32f5xxxx_01.o(RESET)
    __main                                   0x00000165   Thumb Code     0  entry.o(.ARM.Collect$$$$00000000)
    _main_stk                                0x00000165   Thumb Code     0  entry2.o(.ARM.Collect$$$$00000001)
    _main_scatterload                        0x00000169   Thumb Code     0  entry5.o(.ARM.Collect$$$$00000004)
    __main_after_scatterload                 0x0000016d   Thumb Code     0  entry5.o(.ARM.Collect$$$$00000004)
    _main_clock                              0x0000016d   Thumb Code     0  entry7b.o(.ARM.Collect$$$$00000008)
    _main_cpp_init                           0x0000016d   Thumb Code     0  entry8b.o(.ARM.Collect$$$$0000000A)
    _main_init                               0x0000016d   Thumb Code     0  entry9a.o(.ARM.Collect$$$$0000000B)
    __rt_final_cpp                           0x00000175   Thumb Code     0  entry10a.o(.ARM.Collect$$$$0000000D)
    __rt_final_exit                          0x00000175   Thumb Code     0  entry11a.o(.ARM.Collect$$$$0000000F)
    __aeabi_uidiv                            0x00000179   Thumb Code     0  uidiv.o(.text)
    __aeabi_uidivmod                         0x00000179   Thumb Code    44  uidiv.o(.text)
    __scatterload                            0x000001a5   Thumb Code    28  init.o(.text)
    __scatterload_rt2                        0x000001a5   Thumb Code     0  init.o(.text)
    AFIO_GPxConfig                           0x000001c9   Thumb Code    82  ht32f5xxxx_gpio.o(i.AFIO_GPxConfig)
    BFTM0_IRQHandler                         0x00000221   Thumb Code    18  ht32f5xxxx_01_it.o(i.BFTM0_IRQHandler)
    BFTM_ClearFlag                           0x0000023d   Thumb Code    14  ht32f5xxxx_bftm.o(i.BFTM_ClearFlag)
    BFTM_EnaCmd                              0x0000024b   Thumb Code    18  ht32f5xxxx_bftm.o(i.BFTM_EnaCmd)
    BFTM_IntConfig                           0x0000025d   Thumb Code    20  ht32f5xxxx_bftm.o(i.BFTM_IntConfig)
    BFTM_SetCompare                          0x00000271   Thumb Code     4  ht32f5xxxx_bftm.o(i.BFTM_SetCompare)
    BFTM_SetCounter                          0x00000275   Thumb Code     4  ht32f5xxxx_bftm.o(i.BFTM_SetCounter)
    CKCU_GetClocksFrequency                  0x00000279   Thumb Code    98  ht32f5xxxx_ckcu.o(i.CKCU_GetClocksFrequency)
    CKCU_GetPLLFrequency                     0x000002e5   Thumb Code    50  ht32f5xxxx_ckcu.o(i.CKCU_GetPLLFrequency)
    CKCU_GetPeripFrequency                   0x00000321   Thumb Code    48  ht32f5xxxx_ckcu.o(i.CKCU_GetPeripFrequency)
    CKCU_PeripClockConfig                    0x00000355   Thumb Code    34  ht32f5xxxx_ckcu.o(i.CKCU_PeripClockConfig)
    DueMain_main                             0x0000037d   Thumb Code   700  nrf2401_host.o(i.DueMain_main)
    GPIO_DirectionConfig                     0x000006c1   Thumb Code    16  ht32f5xxxx_gpio.o(i.GPIO_DirectionConfig)
    GPIO_InputConfig                         0x000006d1   Thumb Code    16  ht32f5xxxx_gpio.o(i.GPIO_InputConfig)
    GPIO_PullResistorConfig                  0x000006e1   Thumb Code    42  ht32f5xxxx_gpio.o(i.GPIO_PullResistorConfig)
    GPIO_WriteOutBits                        0x0000070b   Thumb Code    12  ht32f5xxxx_gpio.o(i.GPIO_WriteOutBits)
    HardFault_Handler                        0x00000719   Thumb Code    10  ht32f5xxxx_01_it.o(i.HardFault_Handler)
    NMI_Handler                              0x00000729   Thumb Code     2  ht32f5xxxx_01_it.o(i.NMI_Handler)
    PWRCU_CheckReadyAccessed                 0x0000072d   Thumb Code    30  ht32f5xxxx_pwrcu.o(i.PWRCU_CheckReadyAccessed)
    PendSV_Handler                           0x00000759   Thumb Code     2  ht32f5xxxx_01_it.o(i.PendSV_Handler)
    SPI_Cmd                                  0x0000075b   Thumb Code    20  ht32f5xxxx_spi.o(i.SPI_Cmd)
    SPI_Init                                 0x0000076f   Thumb Code    72  ht32f5xxxx_spi.o(i.SPI_Init)
    SPI_SELOutputCmd                         0x000007b7   Thumb Code    18  ht32f5xxxx_spi.o(i.SPI_SELOutputCmd)
    SVC_Handler                              0x000007c9   Thumb Code     2  ht32f5xxxx_01_it.o(i.SVC_Handler)
    SysTick_Handler                          0x000007cb   Thumb Code     2  ht32f5xxxx_01_it.o(i.SysTick_Handler)
    SystemInit                               0x000007cd   Thumb Code   210  system_ht32f5xxxx_01.o(i.SystemInit)
    USART1_IRQHandler                        0x000008b5   Thumb Code   214  ht32f5xxxx_01_it.o(i.USART1_IRQHandler)
    USART_ClearFlag                          0x000009a9   Thumb Code     8  ht32f5xxxx_usart.o(i.USART_ClearFlag)
    USART_FIFOReset                          0x000009b1   Thumb Code     8  ht32f5xxxx_usart.o(i.USART_FIFOReset)
    USART_GetFlagStatus                      0x000009b9   Thumb Code    10  ht32f5xxxx_usart.o(i.USART_GetFlagStatus)
    USART_Init                               0x000009c5   Thumb Code   114  ht32f5xxxx_usart.o(i.USART_Init)
    USART_IntConfig                          0x00000a49   Thumb Code    16  ht32f5xxxx_usart.o(i.USART_IntConfig)
    USART_ReceiveData                        0x00000a59   Thumb Code     6  ht32f5xxxx_usart.o(i.USART_ReceiveData)
    USART_SendData                           0x00000a5f   Thumb Code     4  ht32f5xxxx_usart.o(i.USART_SendData)
    USART_SetTimeOutValue                    0x00000a63   Thumb Code    16  ht32f5xxxx_usart.o(i.USART_SetTimeOutValue)
    USART_TXRXTLConfig                       0x00000a73   Thumb Code    20  ht32f5xxxx_usart.o(i.USART_TXRXTLConfig)
    USART_TxRxCmd                            0x00000a87   Thumb Code    20  ht32f5xxxx_usart.o(i.USART_TxRxCmd)
    UnoClient_main                           0x00000a9d   Thumb Code   298  nrf2401_host.o(i.UnoClient_main)
    __ARM_common_switch8                     0x00000c25   Thumb Code    26  ht32f5xxxx_ckcu.o(i.__ARM_common_switch8)
    __scatterload_copy                       0x00000c3f   Thumb Code    14  handlers.o(i.__scatterload_copy)
    __scatterload_null                       0x00000c4d   Thumb Code     2  handlers.o(i.__scatterload_null)
    __scatterload_zeroinit                   0x00000c4f   Thumb Code    14  handlers.o(i.__scatterload_zeroinit)
    delay_unit_50us                          0x00000d59   Thumb Code    24  tmr50us.o(i.delay_unit_50us)
    host24L01_process                        0x00000de9   Thumb Code    76  nrf2401_host.o(i.host24L01_process)
    init_softspi                             0x00000e3d   Thumb Code    66  softspi.o(i.init_softspi)
    main                                     0x00000e9d   Thumb Code   390  main.o(i.main)
    rf_ConfigurePipe                         0x000010ad   Thumb Code   104  softspi.o(i.rf_ConfigurePipe)
    rf_FlushBuffer                           0x00001119   Thumb Code    32  softspi.o(i.rf_FlushBuffer)
    rf_GetFifoStatus                         0x00001139   Thumb Code    10  softspi.o(i.rf_GetFifoStatus)
    rf_GetStatus                             0x00001143   Thumb Code    10  softspi.o(i.rf_GetStatus)
    rf_Init                                  0x0000114d   Thumb Code    98  softspi.o(i.rf_Init)
    rf_IsDataAvailable                       0x000011b5   Thumb Code   132  softspi.o(i.rf_IsDataAvailable)
    rf_Listen                                0x0000123d   Thumb Code    32  softspi.o(i.rf_Listen)
    rf_PowerUp                               0x00001261   Thumb Code    26  softspi.o(i.rf_PowerUp)
    rf_ReadRegister                          0x00001281   Thumb Code    16  softspi.o(i.rf_ReadRegister)
    rf_ReceiveData                           0x00001291   Thumb Code    52  softspi.o(i.rf_ReceiveData)
    rf_ResetStatus                           0x000012c5   Thumb Code    42  softspi.o(i.rf_ResetStatus)
    rf_SendCmdBuffer                         0x000012ef   Thumb Code    58  softspi.o(i.rf_SendCmdBuffer)
    rf_SendCmdMasked                         0x00001329   Thumb Code    26  softspi.o(i.rf_SendCmdMasked)
    rf_SendCmd_1                             0x00001343   Thumb Code    14  softspi.o(i.rf_SendCmd_1)
    rf_SendCmd_2                             0x00001351   Thumb Code    28  softspi.o(i.rf_SendCmd_2)
    rf_SendData                              0x0000136d   Thumb Code   126  softspi.o(i.rf_SendData)
    rf_SetAddressWidth                       0x000013f1   Thumb Code    30  softspi.o(i.rf_SetAddressWidth)
    rf_SetCRC                                0x0000140f   Thumb Code    28  softspi.o(i.rf_SetCRC)
    rf_SetDataRate                           0x0000142b   Thumb Code    34  softspi.o(i.rf_SetDataRate)
    rf_SetPipeAddress                        0x0000144d   Thumb Code    62  softspi.o(i.rf_SetPipeAddress)
    rf_SetRetryCount                         0x00001491   Thumb Code    14  softspi.o(i.rf_SetRetryCount)
    rf_SetRetryDelay                         0x0000149f   Thumb Code    16  softspi.o(i.rf_SetRetryDelay)
    spi_Read                                 0x000014b1   Thumb Code    58  softspi.o(i.spi_Read)
    spi_SetCEState                           0x000014f1   Thumb Code    24  softspi.o(i.spi_SetCEState)
    spi_TransferData                         0x0000150d   Thumb Code    16  softspi.o(i.spi_TransferData)
    spi_Write                                0x00001521   Thumb Code    60  softspi.o(i.spi_Write)
    tmr50usIsExpired                         0x00001561   Thumb Code    20  tmr50us.o(i.tmr50usIsExpired)
    uart_putchar                             0x00001579   Thumb Code    58  usart.o(i.uart_putchar)
    uart_putchar_n                           0x000015c1   Thumb Code    20  usart.o(i.uart_putchar_n)
    uart_puts                                0x000015d5   Thumb Code    20  usart.o(i.uart_puts)
    uart_putu16                              0x000015e9   Thumb Code    32  usart.o(i.uart_putu16)
    uart_putu8                               0x00001609   Thumb Code    18  usart.o(i.uart_putu8)
    pipe0_addr                               0x0000161a   Data           5  nrf2401_host.o(.constdata)
    pipe1_addr                               0x0000161f   Data           5  nrf2401_host.o(.constdata)
    pipe2_addr                               0x00001624   Data           5  nrf2401_host.o(.constdata)
    pipe3_addr                               0x00001629   Data           5  nrf2401_host.o(.constdata)
    pipe4_addr                               0x0000162e   Data           5  nrf2401_host.o(.constdata)
    pipe5_addr                               0x00001633   Data           5  nrf2401_host.o(.constdata)
    Region$$Table$$Base                      0x00001638   Number         0  anon$$obj.o(Region$$Table)
    Region$$Table$$Limit                     0x00001658   Number         0  anon$$obj.o(Region$$Table)
    _pipes                                   0x20000021   Data          36  softspi.o(.data)
    tmr50us_current_ticks                    0x20000048   Data           4  tmr50us.o(.data)
    USR1TxReadIndex                          0x2000004c   Data           4  usart.o(.data)
    USR1TxWriteIndex                         0x20000050   Data           4  usart.o(.data)
    USR1RxReadIndex                          0x20000054   Data           4  usart.o(.data)
    USR1RxWriteIndex                         0x20000058   Data           4  usart.o(.data)
    SystemCoreClock                          0x2000005c   Data           4  system_ht32f5xxxx_01.o(.data)
    buf                                      0x2000006c   Data          32  nrf2401_host.o(.bss)
    str2                                     0x2000008c   Data         256  nrf2401_host.o(.bss)
    USR1TxBuf                                0x2000018c   Data         256  usart.o(.bss)
    USR1RxBuf                                0x2000028c   Data         256  usart.o(.bss)
    __HT_check_sp                            0x20000390   Data           0  startup_ht32f5xxxx_01.o(STACK)
    __initial_sp                             0x20000590   Data           0  startup_ht32f5xxxx_01.o(STACK)



==============================================================================

Memory Map of the image

  Image Entry point : 0x000000c1

  Load Region LR_1 (Base: 0x00000000, Size: 0x000016b8, Max: 0xffffffff, ABSOLUTE)

    Execution Region ER_RO (Base: 0x00000000, Size: 0x00001658, Max: 0xffffffff, ABSOLUTE)

    Base Addr    Size         Type   Attr      Idx    E Section Name        Object

    0x00000000   0x00000164   Code   RO          660  * RESET               startup_ht32f5xxxx_01.o
    0x00000164   0x00000000   Code   RO         4128  * .ARM.Collect$$$$00000000  mc_p.l(entry.o)
    0x00000164   0x00000004   Code   RO         4133    .ARM.Collect$$$$00000001  mc_p.l(entry2.o)
    0x00000168   0x00000004   Code   RO         4136    .ARM.Collect$$$$00000004  mc_p.l(entry5.o)
    0x0000016c   0x00000000   Code   RO         4138    .ARM.Collect$$$$00000008  mc_p.l(entry7b.o)
    0x0000016c   0x00000000   Code   RO         4140    .ARM.Collect$$$$0000000A  mc_p.l(entry8b.o)
    0x0000016c   0x00000008   Code   RO         4141    .ARM.Collect$$$$0000000B  mc_p.l(entry9a.o)
    0x00000174   0x00000000   Code   RO         4143    .ARM.Collect$$$$0000000D  mc_p.l(entry10a.o)
    0x00000174   0x00000000   Code   RO         4145    .ARM.Collect$$$$0000000F  mc_p.l(entry11a.o)
    0x00000174   0x00000004   Code   RO         4134    .ARM.Collect$$$$00002712  mc_p.l(entry2.o)
    0x00000178   0x0000002c   Code   RO         4131    .text               mc_p.l(uidiv.o)
    0x000001a4   0x00000024   Code   RO         4147    .text               mc_p.l(init.o)
    0x000001c8   0x00000058   Code   RO         1627    i.AFIO_GPxConfig    ht32f5xxxx_gpio.o
    0x00000220   0x0000001c   Code   RO          188    i.BFTM0_IRQHandler  ht32f5xxxx_01_it.o
    0x0000023c   0x0000000e   Code   RO          968    i.BFTM_ClearFlag    ht32f5xxxx_bftm.o
    0x0000024a   0x00000012   Code   RO          970    i.BFTM_EnaCmd       ht32f5xxxx_bftm.o
    0x0000025c   0x00000014   Code   RO          974    i.BFTM_IntConfig    ht32f5xxxx_bftm.o
    0x00000270   0x00000004   Code   RO          976    i.BFTM_SetCompare   ht32f5xxxx_bftm.o
    0x00000274   0x00000004   Code   RO          977    i.BFTM_SetCounter   ht32f5xxxx_bftm.o
    0x00000278   0x0000006c   Code   RO         1051    i.CKCU_GetClocksFrequency  ht32f5xxxx_ckcu.o
    0x000002e4   0x0000003c   Code   RO         1053    i.CKCU_GetPLLFrequency  ht32f5xxxx_ckcu.o
    0x00000320   0x00000034   Code   RO         1054    i.CKCU_GetPeripFrequency  ht32f5xxxx_ckcu.o
    0x00000354   0x00000028   Code   RO         1069    i.CKCU_PeripClockConfig  ht32f5xxxx_ckcu.o
    0x0000037c   0x00000344   Code   RO          252    i.DueMain_main      nrf2401_host.o
    0x000006c0   0x00000010   Code   RO         1630    i.GPIO_DirectionConfig  ht32f5xxxx_gpio.o
    0x000006d0   0x00000010   Code   RO         1633    i.GPIO_InputConfig  ht32f5xxxx_gpio.o
    0x000006e0   0x0000002a   Code   RO         1638    i.GPIO_PullResistorConfig  ht32f5xxxx_gpio.o
    0x0000070a   0x0000000c   Code   RO         1644    i.GPIO_WriteOutBits  ht32f5xxxx_gpio.o
    0x00000716   0x00000002   PAD
    0x00000718   0x00000010   Code   RO          189    i.HardFault_Handler  ht32f5xxxx_01_it.o
    0x00000728   0x00000002   Code   RO          190    i.NMI_Handler       ht32f5xxxx_01_it.o
    0x0000072a   0x00000002   PAD
    0x0000072c   0x0000002c   Code   RO         2165    i.PWRCU_CheckReadyAccessed  ht32f5xxxx_pwrcu.o
    0x00000758   0x00000002   Code   RO          191    i.PendSV_Handler    ht32f5xxxx_01_it.o
    0x0000075a   0x00000014   Code   RO         2614    i.SPI_Cmd           ht32f5xxxx_spi.o
    0x0000076e   0x00000048   Code   RO         2623    i.SPI_Init          ht32f5xxxx_spi.o
    0x000007b6   0x00000012   Code   RO         2629    i.SPI_SELOutputCmd  ht32f5xxxx_spi.o
    0x000007c8   0x00000002   Code   RO          192    i.SVC_Handler       ht32f5xxxx_01_it.o
    0x000007ca   0x00000002   Code   RO          193    i.SysTick_Handler   ht32f5xxxx_01_it.o
    0x000007cc   0x000000e8   Code   RO          626    i.SystemInit        system_ht32f5xxxx_01.o
    0x000008b4   0x000000f4   Code   RO          194    i.USART1_IRQHandler  ht32f5xxxx_01_it.o
    0x000009a8   0x00000008   Code   RO         3079    i.USART_ClearFlag   ht32f5xxxx_usart.o
    0x000009b0   0x00000008   Code   RO         3081    i.USART_FIFOReset   ht32f5xxxx_usart.o
    0x000009b8   0x0000000a   Code   RO         3084    i.USART_GetFlagStatus  ht32f5xxxx_usart.o
    0x000009c2   0x00000002   PAD
    0x000009c4   0x00000084   Code   RO         3086    i.USART_Init        ht32f5xxxx_usart.o
    0x00000a48   0x00000010   Code   RO         3087    i.USART_IntConfig   ht32f5xxxx_usart.o
    0x00000a58   0x00000006   Code   RO         3096    i.USART_ReceiveData  ht32f5xxxx_usart.o
    0x00000a5e   0x00000004   Code   RO         3097    i.USART_SendData    ht32f5xxxx_usart.o
    0x00000a62   0x00000010   Code   RO         3101    i.USART_SetTimeOutValue  ht32f5xxxx_usart.o
    0x00000a72   0x00000014   Code   RO         3107    i.USART_TXRXTLConfig  ht32f5xxxx_usart.o
    0x00000a86   0x00000014   Code   RO         3108    i.USART_TxRxCmd     ht32f5xxxx_usart.o
    0x00000a9a   0x00000002   PAD
    0x00000a9c   0x00000188   Code   RO          253    i.UnoClient_main    nrf2401_host.o
    0x00000c24   0x0000001a   Code   RO         1242    i.__ARM_common_switch8  ht32f5xxxx_ckcu.o
    0x00000c3e   0x0000000e   Code   RO         4151    i.__scatterload_copy  mc_p.l(handlers.o)
    0x00000c4c   0x00000002   Code   RO         4152    i.__scatterload_null  mc_p.l(handlers.o)
    0x00000c4e   0x0000000e   Code   RO         4153    i.__scatterload_zeroinit  mc_p.l(handlers.o)
    0x00000c5c   0x00000060   Code   RO          256    i.debug_rxpackets_from_prx_not_consecutive  nrf2401_host.o
    0x00000cbc   0x0000009c   Code   RO          257    i.debug_rxpackets_from_ptx_not_consecutive  nrf2401_host.o
    0x00000d58   0x0000001c   Code   RO          526    i.delay_unit_50us   tmr50us.o
    0x00000d74   0x00000074   Code   RO          258    i.foo_ptx_print_count_send  nrf2401_host.o
    0x00000de8   0x00000054   Code   RO          259    i.host24L01_process  nrf2401_host.o
    0x00000e3c   0x00000048   Code   RO          327    i.init_softspi      softspi.o
    0x00000e84   0x00000016   Code   RO          563    i.lownibble_to_ascii  usart.o
    0x00000e9a   0x00000002   PAD
    0x00000e9c   0x000001b0   Code   RO            3    i.main              main.o
    0x0000104c   0x00000060   Code   RO          260    i.rewrite_syncID    nrf2401_host.o
    0x000010ac   0x0000006c   Code   RO          328    i.rf_ConfigurePipe  softspi.o
    0x00001118   0x00000020   Code   RO          329    i.rf_FlushBuffer    softspi.o
    0x00001138   0x0000000a   Code   RO          330    i.rf_GetFifoStatus  softspi.o
    0x00001142   0x0000000a   Code   RO          331    i.rf_GetStatus      softspi.o
    0x0000114c   0x00000068   Code   RO          332    i.rf_Init           softspi.o
    0x000011b4   0x00000088   Code   RO          333    i.rf_IsDataAvailable  softspi.o
    0x0000123c   0x00000024   Code   RO          334    i.rf_Listen         softspi.o
    0x00001260   0x00000020   Code   RO          336    i.rf_PowerUp        softspi.o
    0x00001280   0x00000010   Code   RO          338    i.rf_ReadRegister   softspi.o
    0x00001290   0x00000034   Code   RO          339    i.rf_ReceiveData    softspi.o
    0x000012c4   0x0000002a   Code   RO          340    i.rf_ResetStatus    softspi.o
    0x000012ee   0x0000003a   Code   RO          342    i.rf_SendCmdBuffer  softspi.o
    0x00001328   0x0000001a   Code   RO          343    i.rf_SendCmdMasked  softspi.o
    0x00001342   0x0000000e   Code   RO          344    i.rf_SendCmd_1      softspi.o
    0x00001350   0x0000001c   Code   RO          345    i.rf_SendCmd_2      softspi.o
    0x0000136c   0x00000084   Code   RO          346    i.rf_SendData       softspi.o
    0x000013f0   0x0000001e   Code   RO          347    i.rf_SetAddressWidth  softspi.o
    0x0000140e   0x0000001c   Code   RO          348    i.rf_SetCRC         softspi.o
    0x0000142a   0x00000022   Code   RO          349    i.rf_SetDataRate    softspi.o
    0x0000144c   0x00000044   Code   RO          350    i.rf_SetPipeAddress  softspi.o
    0x00001490   0x0000000e   Code   RO          351    i.rf_SetRetryCount  softspi.o
    0x0000149e   0x00000010   Code   RO          352    i.rf_SetRetryDelay  softspi.o
    0x000014ae   0x00000002   PAD
    0x000014b0   0x00000040   Code   RO          355    i.spi_Read          softspi.o
    0x000014f0   0x0000001c   Code   RO          356    i.spi_SetCEState    softspi.o
    0x0000150c   0x00000014   Code   RO          357    i.spi_TransferData  softspi.o
    0x00001520   0x00000040   Code   RO          358    i.spi_Write         softspi.o
    0x00001560   0x00000018   Code   RO          528    i.tmr50usIsExpired  tmr50us.o
    0x00001578   0x00000048   Code   RO          564    i.uart_putchar      usart.o
    0x000015c0   0x00000014   Code   RO          565    i.uart_putchar_n    usart.o
    0x000015d4   0x00000014   Code   RO          566    i.uart_puts         usart.o
    0x000015e8   0x00000020   Code   RO          567    i.uart_putu16       usart.o
    0x00001608   0x00000012   Code   RO          568    i.uart_putu8        usart.o
    0x0000161a   0x0000001e   Data   RO          262    .constdata          nrf2401_host.o
    0x00001638   0x00000020   Data   RO         4149    Region$$Table       anon$$obj.o


    Execution Region ER_RW (Base: 0x20000000, Size: 0x00000060, Max: 0xffffffff, ABSOLUTE)

    Base Addr    Size         Type   Attr      Idx    E Section Name        Object

    0x20000000   0x00000004   Data   RW          195    .data               ht32f5xxxx_01_it.o
    0x20000004   0x00000018   Data   RW          263    .data               nrf2401_host.o
    0x2000001c   0x00000029   Data   RW          359    .data               softspi.o
    0x20000045   0x00000003   PAD
    0x20000048   0x00000004   Data   RW          529    .data               tmr50us.o
    0x2000004c   0x00000010   Data   RW          571    .data               usart.o
    0x2000005c   0x00000004   Data   RW          627    .data               system_ht32f5xxxx_01.o


    Execution Region ER_ZI (Base: 0x20000060, Size: 0x00000530, Max: 0xffffffff, ABSOLUTE)

    Base Addr    Size         Type   Attr      Idx    E Section Name        Object

    0x20000060   0x0000012c   Zero   RW          261    .bss                nrf2401_host.o
    0x2000018c   0x00000200   Zero   RW          570    .bss                usart.o
    0x2000038c   0x00000004   PAD
    0x20000390   0x00000200   Zero   RW          658    STACK               startup_ht32f5xxxx_01.o


==============================================================================

Image component sizes


      Code (inc. data)   RO Data    RW Data    ZI Data      Debug   Object Name

       296         46          0          4          0       3306   ht32f5xxxx_01_it.o
        60          0          0          0          0       3208   ht32f5xxxx_bftm.o
       286         40          0          0          0      11560   ht32f5xxxx_ckcu.o
       174          6          0          0          0       8073   ht32f5xxxx_gpio.o
        44         14          0          0          0       3431   ht32f5xxxx_pwrcu.o
       110          0          0          0          0       8164   ht32f5xxxx_spi.o
       240         18          0          0          0      14207   ht32f5xxxx_usart.o
       432         42          0          0          0      47035   main.o
      1776        366         30         24        300       9532   nrf2401_host.o
      1274         60          0         41          0      15479   softspi.o
       356        238          0          0        512        712   startup_ht32f5xxxx_01.o
       232         22          0          4          0       1895   system_ht32f5xxxx_01.o
        52          8          0          4          0       1848   tmr50us.o
       184         14          0         16        512       3699   usart.o

    ----------------------------------------------------------------------
      5528        874         62         96       1328     132149   Object Totals
         0          0         32          0          0          0   (incl. Generated)
        12          0          0          3          4          0   (incl. Padding)

    ----------------------------------------------------------------------

      Code (inc. data)   RO Data    RW Data    ZI Data      Debug   Library Member Name

         0          0          0          0          0          0   entry.o
         0          0          0          0          0          0   entry10a.o
         0          0          0          0          0          0   entry11a.o
         8          4          0          0          0          0   entry2.o
         4          0          0          0          0          0   entry5.o
         0          0          0          0          0          0   entry7b.o
         0          0          0          0          0          0   entry8b.o
         8          4          0          0          0          0   entry9a.o
        30          0          0          0          0          0   handlers.o
        36          8          0          0          0         68   init.o
        44          0          0          0          0         72   uidiv.o

    ----------------------------------------------------------------------
       130         16          0          0          0        140   Library Totals
         0          0          0          0          0          0   (incl. Padding)

    ----------------------------------------------------------------------

      Code (inc. data)   RO Data    RW Data    ZI Data      Debug   Library Name

       130         16          0          0          0        140   mc_p.l

    ----------------------------------------------------------------------
       130         16          0          0          0        140   Library Totals

    ----------------------------------------------------------------------

==============================================================================


      Code (inc. data)   RO Data    RW Data    ZI Data      Debug   

      5658        890         62         96       1328     129141   Grand Totals
      5658        890         62         96       1328     129141   ELF Image Totals
      5658        890         62         96          0          0   ROM Totals

==============================================================================

    Total RO  Size (Code + RO Data)                 5720 (   5.59kB)
    Total RW  Size (RW Data + ZI Data)              1424 (   1.39kB)
    Total ROM Size (Code + RO Data + RW Data)       5816 (   5.68kB)

==============================================================================

