Component: ARM Compiler 5.06 update 6 (build 750) Tool: armlink [4d35ed]

==============================================================================

Section Cross References

    main.o(i.main) refers to ht32f5xxxx_ckcu.o(i.CKCU_PeripClockConfig) for CKCU_PeripClockConfig
    main.o(i.main) refers to ht32f5xxxx_pwrcu.o(i.PWRCU_CheckReadyAccessed) for PWRCU_CheckReadyAccessed
    main.o(i.main) refers to uidiv.o(.text) for __aeabi_uidivmod
    main.o(i.main) refers to ht32f5xxxx_bftm.o(i.BFTM_SetCompare) for BFTM_SetCompare
    main.o(i.main) refers to ht32f5xxxx_bftm.o(i.BFTM_SetCounter) for BFTM_SetCounter
    main.o(i.main) refers to ht32f5xxxx_bftm.o(i.BFTM_IntConfig) for BFTM_IntConfig
    main.o(i.main) refers to ht32f5xxxx_bftm.o(i.BFTM_EnaCmd) for BFTM_EnaCmd
    main.o(i.main) refers to ht32f5xxxx_gpio.o(i.GPIO_PullResistorConfig) for GPIO_PullResistorConfig
    main.o(i.main) refers to ht32f5xxxx_gpio.o(i.AFIO_GPxConfig) for AFIO_GPxConfig
    main.o(i.main) refers to ht32f5xxxx_spi.o(i.SPI_Init) for SPI_Init
    main.o(i.main) refers to ht32f5xxxx_spi.o(i.SPI_SELOutputCmd) for SPI_SELOutputCmd
    main.o(i.main) refers to ht32f5xxxx_spi.o(i.SPI_Cmd) for SPI_Cmd
    main.o(i.main) refers to ht32f5xxxx_usart.o(i.USART_Init) for USART_Init
    main.o(i.main) refers to ht32f5xxxx_usart.o(i.USART_FIFOReset) for USART_FIFOReset
    main.o(i.main) refers to ht32f5xxxx_usart.o(i.USART_IntConfig) for USART_IntConfig
    main.o(i.main) refers to ht32f5xxxx_usart.o(i.USART_TxRxCmd) for USART_TxRxCmd
    main.o(i.main) refers to ht32f5xxxx_gpio.o(i.GPIO_DirectionConfig) for GPIO_DirectionConfig
    main.o(i.main) refers to ht32f5xxxx_gpio.o(i.GPIO_InputConfig) for GPIO_InputConfig
    main.o(i.main) refers to nrf2401_host.o(i.host24L01_process) for host24L01_process
    main.o(i.main) refers to system_ht32f5xxxx_01.o(.data) for SystemCoreClock
    ht32f5xxxx_01_it.o(i.BFTM0_IRQHandler) refers to ht32f5xxxx_bftm.o(i.BFTM_ClearFlag) for BFTM_ClearFlag
    ht32f5xxxx_01_it.o(i.BFTM0_IRQHandler) refers to tmr50us.o(.data) for tmr50us_current_ticks
    ht32f5xxxx_01_it.o(i.HardFault_Handler) refers to ht32f5xxxx_01_it.o(.data) for .data
    ht32f5xxxx_01_it.o(i.USART0_IRQHandler) refers to ht32f5xxxx_usart.o(i.USART_GetFlagStatus) for USART_GetFlagStatus
    ht32f5xxxx_01_it.o(i.USART0_IRQHandler) refers to ht32f5xxxx_usart.o(i.USART_IntConfig) for USART_IntConfig
    ht32f5xxxx_01_it.o(i.USART0_IRQHandler) refers to ht32f5xxxx_usart.o(i.USART_SendData) for USART_SendData
    ht32f5xxxx_01_it.o(i.USART0_IRQHandler) refers to ht32f5xxxx_usart.o(i.USART_ReceiveData) for USART_ReceiveData
    ht32f5xxxx_01_it.o(i.USART0_IRQHandler) refers to usart.o(.data) for UR0TxWriteIndex
    ht32f5xxxx_01_it.o(i.USART0_IRQHandler) refers to usart.o(.bss) for UR0TxBuf
    ht32f5xxxx_01_it.o(i.USART0_IRQHandler) refers to usart.o(.data) for UR0RxWriteIndex
    ht32f5xxxx_01_it.o(i.USART0_IRQHandler) refers to usart.o(.data) for UR0RxReadIndex
    ht32f5xxxx_01_it.o(i.USART0_IRQHandler) refers to usart.o(.bss) for UR0RxBuf
    ht32f5xxxx_01_it.o(i.USART1_IRQHandler) refers to ht32f5xxxx_usart.o(i.USART_GetFlagStatus) for USART_GetFlagStatus
    ht32f5xxxx_01_it.o(i.USART1_IRQHandler) refers to ht32f5xxxx_usart.o(i.USART_IntConfig) for USART_IntConfig
    ht32f5xxxx_01_it.o(i.USART1_IRQHandler) refers to ht32f5xxxx_usart.o(i.USART_SendData) for USART_SendData
    ht32f5xxxx_01_it.o(i.USART1_IRQHandler) refers to ht32f5xxxx_usart.o(i.USART_ReceiveData) for USART_ReceiveData
    ht32f5xxxx_01_it.o(i.USART1_IRQHandler) refers to usart.o(.data) for UR1TxWriteIndex
    ht32f5xxxx_01_it.o(i.USART1_IRQHandler) refers to usart.o(.bss) for UR1TxBuf
    nrf2401_host.o(i.DueMain_main) refers to usart.o(i.uart_putchar_n) for uart_putchar_n
    nrf2401_host.o(i.DueMain_main) refers to usart.o(i.uart_puts) for uart_puts
    nrf2401_host.o(i.DueMain_main) refers to usart.o(i.uart_putu8) for uart_putu8
    nrf2401_host.o(i.DueMain_main) refers to softspi.o(i.rf_Init) for rf_Init
    nrf2401_host.o(i.DueMain_main) refers to softspi.o(i.rf_ConfigurePipe) for rf_ConfigurePipe
    nrf2401_host.o(i.DueMain_main) refers to softspi.o(i.rf_ResetStatus) for rf_ResetStatus
    nrf2401_host.o(i.DueMain_main) refers to softspi.o(i.rf_FlushBuffer) for rf_FlushBuffer
    nrf2401_host.o(i.DueMain_main) refers to softspi.o(i.rf_PowerUp) for rf_PowerUp
    nrf2401_host.o(i.DueMain_main) refers to softspi.o(i.rf_SendData) for rf_SendData
    nrf2401_host.o(i.DueMain_main) refers to nrf2401_host.o(i.ce_15us_high_then_low) for ce_15us_high_then_low
    nrf2401_host.o(i.DueMain_main) refers to nrf2401_host.o(i.attenuator_contol) for attenuator_contol
    nrf2401_host.o(i.DueMain_main) refers to softspi.o(i.rf_GetStatus) for rf_GetStatus
    nrf2401_host.o(i.DueMain_main) refers to softspi.o(i.rf_SendCmd_2) for rf_SendCmd_2
[...]
    Removing ht32f5xxxx_gpio.o(.rev16_text), (4 bytes).
    Removing ht32f5xxxx_gpio.o(.revsh_text), (4 bytes).
    Removing ht32f5xxxx_gpio.o(i.AFIO_DeInit), (18 bytes).
    Removing ht32f5xxxx_gpio.o(i.AFIO_EXTISourceConfig), (44 bytes).
    Removing ht32f5xxxx_gpio.o(i.GPIO_ClearOutBits), (4 bytes).
    Removing ht32f5xxxx_gpio.o(i.GPIO_DeInit), (76 bytes).
    Removing ht32f5xxxx_gpio.o(i.GPIO_DisableDebugPort), (56 bytes).
    Removing ht32f5xxxx_gpio.o(i.GPIO_DriveConfig), (48 bytes).
    Removing ht32f5xxxx_gpio.o(i.GPIO_IsPinLocked), (10 bytes).
    Removing ht32f5xxxx_gpio.o(i.GPIO_IsPortLocked), (10 bytes).
    Removing ht32f5xxxx_gpio.o(i.GPIO_OpenDrainConfig), (16 bytes).
    Removing ht32f5xxxx_gpio.o(i.GPIO_PinLock), (12 bytes).
    Removing ht32f5xxxx_gpio.o(i.GPIO_ReadInData), (6 bytes).
    Removing ht32f5xxxx_gpio.o(i.GPIO_ReadOutBit), (10 bytes).
    Removing ht32f5xxxx_gpio.o(i.GPIO_ReadOutData), (6 bytes).
    Removing ht32f5xxxx_gpio.o(i.GPIO_SetOutBits), (4 bytes).
    Removing ht32f5xxxx_gpio.o(i.GPIO_WriteOutData), (4 bytes).
    Removing ht32f5xxxx_gpio.o(i._AFIO_ClockControl), (40 bytes).
    Removing ht32f5xxxx_gpio.o(i._GPIO_ClockControl), (48 bytes).
    Removing ht32f5xxxx_i2c.o(.rev16_text), (4 bytes).
    Removing ht32f5xxxx_i2c.o(.revsh_text), (4 bytes).
    Removing ht32f5xxxx_i2c.o(i.I2C_AckCmd), (20 bytes).
    Removing ht32f5xxxx_i2c.o(i.I2C_AddressMaskConfig), (4 bytes).
    Removing ht32f5xxxx_i2c.o(i.I2C_CheckStatus), (14 bytes).
    Removing ht32f5xxxx_i2c.o(i.I2C_ClearFlag), (4 bytes).
    Removing ht32f5xxxx_i2c.o(i.I2C_Cmd), (18 bytes).
    Removing ht32f5xxxx_i2c.o(i.I2C_CombFilterCmd), (20 bytes).
    Removing ht32f5xxxx_i2c.o(i.I2C_DeInit), (44 bytes).
    Removing ht32f5xxxx_i2c.o(i.I2C_GeneralCallCmd), (18 bytes).
    Removing ht32f5xxxx_i2c.o(i.I2C_GenerateSTOP), (10 bytes).
    Removing ht32f5xxxx_i2c.o(i.I2C_GetAddressBuffer), (6 bytes).
    Removing ht32f5xxxx_i2c.o(i.I2C_GetFlagStatus), (10 bytes).
    Removing ht32f5xxxx_i2c.o(i.I2C_Init), (164 bytes).
    Removing ht32f5xxxx_i2c.o(i.I2C_IntConfig), (16 bytes).
    Removing ht32f5xxxx_i2c.o(i.I2C_PDMACmd), (16 bytes).
    Removing ht32f5xxxx_i2c.o(i.I2C_PDMANACKCmd), (20 bytes).
    Removing ht32f5xxxx_i2c.o(i.I2C_ReadRegister), (10 bytes).
    Removing ht32f5xxxx_i2c.o(i.I2C_ReceiveData), (6 bytes).
    Removing ht32f5xxxx_i2c.o(i.I2C_SendData), (4 bytes).
    Removing ht32f5xxxx_i2c.o(i.I2C_SequentialFilterConfig), (124 bytes).
    Removing ht32f5xxxx_i2c.o(i.I2C_SetOwnAddress), (4 bytes).
    Removing ht32f5xxxx_i2c.o(i.I2C_SetSCLHighPeriod), (4 bytes).
    Removing ht32f5xxxx_i2c.o(i.I2C_SetSCLLowPeriod), (4 bytes).
    Removing ht32f5xxxx_i2c.o(i.I2C_SetTimeOutPrescaler), (10 bytes).
    Removing ht32f5xxxx_i2c.o(i.I2C_SetTimeOutValue), (12 bytes).
    Removing ht32f5xxxx_i2c.o(i.I2C_StructInit), (24 bytes).
    Removing ht32f5xxxx_i2c.o(i.I2C_TargetAddressConfig), (20 bytes).
    Removing ht32f5xxxx_i2c.o(i.I2C_TimeOutCmd), (20 bytes).
    Removing ht32f5xxxx_i2s.o(.rev16_text), (4 bytes).
    Removing ht32f5xxxx_i2s.o(.revsh_text), (4 bytes).
    Removing ht32f5xxxx_i2s.o(i.I2S_ClearFlag), (12 bytes).
    Removing ht32f5xxxx_i2s.o(i.I2S_Cmd), (28 bytes).
    Removing ht32f5xxxx_i2s.o(i.I2S_DeInit), (18 bytes).
    Removing ht32f5xxxx_i2s.o(i.I2S_FIFOReset), (16 bytes).
    Removing ht32f5xxxx_i2s.o(i.I2S_FIFOTrigLevelConfig), (40 bytes).
    Removing ht32f5xxxx_i2s.o(i.I2S_GetFIFOStatus), (20 bytes).
    Removing ht32f5xxxx_i2s.o(i.I2S_GetFlagStatus), (20 bytes).
    Removing ht32f5xxxx_i2s.o(i.I2S_Init), (116 bytes).
    Removing ht32f5xxxx_i2s.o(i.I2S_IntConfig), (24 bytes).
    Removing ht32f5xxxx_i2s.o(i.I2S_PDMACmd), (24 bytes).
    Removing ht32f5xxxx_i2s.o(i.I2S_TxMuteCmd), (24 bytes).
    Removing ht32f5xxxx_mctm.o(.rev16_text), (4 bytes).
    Removing ht32f5xxxx_mctm.o(.revsh_text), (4 bytes).
    Removing ht32f5xxxx_mctm.o(i.MCTM_CHBRKCTRConfig), (40 bytes).
    Removing ht32f5xxxx_mctm.o(i.MCTM_CHBRKCTRStructInit), (20 bytes).
    Removing ht32f5xxxx_mctm.o(i.MCTM_CHMOECmd), (18 bytes).
    Removing ht32f5xxxx_mctm.o(i.MCTM_COMPRECmd), (20 bytes).
    Removing ht32f5xxxx_mctm.o(i.MCTM_COMUSConfig), (20 bytes).
    Removing ht32f5xxxx_mctm.o(i.MCTM_ChNPolarityConfig), (22 bytes).
    Removing ht32f5xxxx_mctm.o(i.MCTM_ChannelNConfig), (26 bytes).
    Removing ht32f5xxxx_pdma.o(.rev16_text), (4 bytes).
    Removing ht32f5xxxx_pdma.o(.revsh_text), (4 bytes).
    Removing ht32f5xxxx_pdma.o(i.PDMA_ClearFlag), (24 bytes).
    Removing ht32f5xxxx_pdma.o(i.PDMA_Config), (44 bytes).
    Removing ht32f5xxxx_pdma.o(i.PDMA_EnaCmd), (32 bytes).
    Removing ht32f5xxxx_pdma.o(i.PDMA_GetFlagStatus), (28 bytes).
    Removing ht32f5xxxx_pdma.o(i.PDMA_IntConfig), (56 bytes).
    Removing ht32f5xxxx_pdma.o(i.PDMA_SwTrigCmd), (32 bytes).
    Removing ht32f5xxxx_pdma.o(i.PDMA_TranSizeConfig), (20 bytes).
    Removing ht32f5xxxx_pwrcu.o(.rev16_text), (4 bytes).
    Removing ht32f5xxxx_pwrcu.o(.revsh_text), (4 bytes).
    Removing ht32f5xxxx_pwrcu.o(i.PWRCU_BODCmd), (28 bytes).
    Removing ht32f5xxxx_pwrcu.o(i.PWRCU_BODRISConfig), (24 bytes).
    Removing ht32f5xxxx_pwrcu.o(i.PWRCU_DMOSCmd), (40 bytes).
    Removing ht32f5xxxx_pwrcu.o(i.PWRCU_DeInit), (24 bytes).
    Removing ht32f5xxxx_pwrcu.o(i.PWRCU_DeepSleep1), (92 bytes).
    Removing ht32f5xxxx_pwrcu.o(i.PWRCU_DeepSleep2), (104 bytes).
    Removing ht32f5xxxx_pwrcu.o(i.PWRCU_DeepSleep2Ex), (192 bytes).
    Removing ht32f5xxxx_pwrcu.o(i.PWRCU_GetBODFlagStatus), (16 bytes).
    Removing ht32f5xxxx_pwrcu.o(i.PWRCU_GetDMOSStatus), (36 bytes).
    Removing ht32f5xxxx_pwrcu.o(i.PWRCU_GetFlagStatus), (12 bytes).
    Removing ht32f5xxxx_pwrcu.o(i.PWRCU_GetLVDFlagStatus), (16 bytes).
    Removing ht32f5xxxx_pwrcu.o(i.PWRCU_HSIReadyCounterBitLengthConfig), (12 bytes).
    Removing ht32f5xxxx_pwrcu.o(i.PWRCU_LDOConfig), (56 bytes).
    Removing ht32f5xxxx_pwrcu.o(i.PWRCU_LVDCmd), (28 bytes).
    Removing ht32f5xxxx_pwrcu.o(i.PWRCU_LVDEventWakeupConfig), (28 bytes).
    Removing ht32f5xxxx_pwrcu.o(i.PWRCU_LVDIntWakeupConfig), (28 bytes).
    Removing ht32f5xxxx_pwrcu.o(i.PWRCU_PowerDown), (120 bytes).
    Removing ht32f5xxxx_pwrcu.o(i.PWRCU_ReadBackupRegister), (16 bytes).
    Removing ht32f5xxxx_pwrcu.o(i.PWRCU_SetLVDS), (20 bytes).
    Removing ht32f5xxxx_pwrcu.o(i.PWRCU_Sleep), (32 bytes).
    Removing ht32f5xxxx_pwrcu.o(i.PWRCU_V15RDYSourceConfig), (28 bytes).
    Removing ht32f5xxxx_pwrcu.o(i.PWRCU_WakeupPinCmd), (24 bytes).
    Removing ht32f5xxxx_pwrcu.o(i.PWRCU_WakeupPinIntConfig), (24 bytes).
    Removing ht32f5xxxx_pwrcu.o(i.PWRCU_WriteBackupRegister), (16 bytes).
    Removing ht32f5xxxx_pwrcu.o(.data), (1 bytes).
    Removing ht32f5xxxx_rstcu.o(.rev16_text), (4 bytes).
    Removing ht32f5xxxx_rstcu.o(.revsh_text), (4 bytes).
    Removing ht32f5xxxx_rstcu.o(i.RSTCU_ClearAllResetFlag), (12 bytes).
    Removing ht32f5xxxx_rstcu.o(i.RSTCU_ClearResetFlag), (16 bytes).
    Removing ht32f5xxxx_rstcu.o(i.RSTCU_GetResetFlagStatus), (24 bytes).
    Removing ht32f5xxxx_rstcu.o(i.RSTCU_PeripReset), (40 bytes).
    Removing ht32f5xxxx_rtc.o(.rev16_text), (4 bytes).
    Removing ht32f5xxxx_rtc.o(.revsh_text), (4 bytes).
    Removing ht32f5xxxx_rtc.o(i.RTC_CMPCLRCmd), (24 bytes).
    Removing ht32f5xxxx_rtc.o(i.RTC_ClockSourceConfig), (20 bytes).
    Removing ht32f5xxxx_rtc.o(i.RTC_Cmd), (28 bytes).
    Removing ht32f5xxxx_rtc.o(i.RTC_DeInit), (44 bytes).
    Removing ht32f5xxxx_rtc.o(i.RTC_GetCompare), (12 bytes).
    Removing ht32f5xxxx_rtc.o(i.RTC_GetCounter), (12 bytes).
    Removing ht32f5xxxx_rtc.o(i.RTC_GetFlagStatus), (12 bytes).
    Removing ht32f5xxxx_rtc.o(i.RTC_GetOutStatus), (20 bytes).
    Removing ht32f5xxxx_rtc.o(i.RTC_GetPrescaler), (20 bytes).
    Removing ht32f5xxxx_rtc.o(i.RTC_IntConfig), (24 bytes).
    Removing ht32f5xxxx_rtc.o(i.RTC_LSECmd), (44 bytes).
    Removing ht32f5xxxx_rtc.o(i.RTC_LSESMConfig), (20 bytes).
    Removing ht32f5xxxx_rtc.o(i.RTC_LSILoadTrimData), (68 bytes).
    Removing ht32f5xxxx_rtc.o(i.RTC_OutCmd), (28 bytes).
    Removing ht32f5xxxx_rtc.o(i.RTC_OutConfig), (56 bytes).
    Removing ht32f5xxxx_rtc.o(i.RTC_SetCompare), (12 bytes).
    Removing ht32f5xxxx_rtc.o(i.RTC_SetPrescaler), (24 bytes).
    Removing ht32f5xxxx_rtc.o(i.RTC_WakeupConfig), (24 bytes).
    Removing ht32f5xxxx_sci.o(.rev16_text), (4 bytes).
    Removing ht32f5xxxx_sci.o(.revsh_text), (4 bytes).
    Removing ht32f5xxxx_sci.o(i.SCI_ClearFlag), (28 bytes).
    Removing ht32f5xxxx_sci.o(i.SCI_ClockModeConfig), (18 bytes).
    Removing ht32f5xxxx_sci.o(i.SCI_Cmd), (18 bytes).
    Removing ht32f5xxxx_sci.o(i.SCI_DeInit), (36 bytes).
    Removing ht32f5xxxx_sci.o(i.SCI_ETUConfig), (6 bytes).
    Removing ht32f5xxxx_sci.o(i.SCI_GetFlagStatus), (14 bytes).
    Removing ht32f5xxxx_sci.o(i.SCI_Init), (30 bytes).
    Removing ht32f5xxxx_sci.o(i.SCI_IntConfig), (16 bytes).
    Removing ht32f5xxxx_sci.o(i.SCI_OutputDIO), (18 bytes).
    Removing ht32f5xxxx_sci.o(i.SCI_PDMACmd), (16 bytes).
    Removing ht32f5xxxx_sci.o(i.SCI_ReceiveData), (6 bytes).
    Removing ht32f5xxxx_sci.o(i.SCI_SendData), (4 bytes).
    Removing ht32f5xxxx_sci.o(i.SCI_SetGuardTimeValue), (4 bytes).
    Removing ht32f5xxxx_sci.o(i.SCI_SetWaitingTimeValue), (4 bytes).
    Removing ht32f5xxxx_sci.o(i.SCI_SoftwareClockCmd), (18 bytes).
    Removing ht32f5xxxx_sci.o(i.SCI_StructInit), (14 bytes).
    Removing ht32f5xxxx_sci.o(i.SCI_WaitingTimeCounterCmd), (18 bytes).
    Removing ht32f5xxxx_spi.o(.rev16_text), (4 bytes).
    Removing ht32f5xxxx_spi.o(.revsh_text), (4 bytes).
    Removing ht32f5xxxx_spi.o(i.SPI_ClearFlag), (4 bytes).
    Removing ht32f5xxxx_spi.o(i.SPI_DUALCmd), (18 bytes).
    Removing ht32f5xxxx_spi.o(i.SPI_DeInit), (44 bytes).
    Removing ht32f5xxxx_spi.o(i.SPI_FIFOCmd), (20 bytes).
    Removing ht32f5xxxx_spi.o(i.SPI_FIFOTriggerLevelConfig), (32 bytes).
    Removing ht32f5xxxx_spi.o(i.SPI_GUADTCmd), (18 bytes).
    Removing ht32f5xxxx_spi.o(i.SPI_GUADTSPI_GUADTConfig), (20 bytes).
    Removing ht32f5xxxx_spi.o(i.SPI_GetFIFOStatus), (20 bytes).
    Removing ht32f5xxxx_spi.o(i.SPI_GetFlagStatus), (14 bytes).
    Removing ht32f5xxxx_spi.o(i.SPI_IntConfig), (16 bytes).
    Removing ht32f5xxxx_spi.o(i.SPI_PDMACmd), (16 bytes).
    Removing ht32f5xxxx_spi.o(i.SPI_ReceiveData), (6 bytes).
    Removing ht32f5xxxx_spi.o(i.SPI_SELHTConfig), (14 bytes).
    Removing ht32f5xxxx_spi.o(i.SPI_SELModeConfig), (20 bytes).
    Removing ht32f5xxxx_spi.o(i.SPI_SendData), (4 bytes).
    Removing ht32f5xxxx_spi.o(i.SPI_SetDataLength), (16 bytes).
    Removing ht32f5xxxx_spi.o(i.SPI_SetTimeOutValue), (4 bytes).
    Removing ht32f5xxxx_spi.o(i.SPI_SoftwareSELCmd), (18 bytes).
    Removing ht32f5xxxx_spi.o(i.SPI_StructInit), (28 bytes).
    Removing ht32f5xxxx_tm.o(.rev16_text), (4 bytes).
    Removing ht32f5xxxx_tm.o(.revsh_text), (4 bytes).
    Removing ht32f5xxxx_tm.o(i.TM_CHCCDSConfig), (20 bytes).
    Removing ht32f5xxxx_tm.o(i.TM_CHCCRPreloadConfig), (24 bytes).
    Removing ht32f5xxxx_tm.o(i.TM_CHPSCConfig), (22 bytes).
    Removing ht32f5xxxx_tm.o(i.TM_CKDIVConfig), (18 bytes).
    Removing ht32f5xxxx_tm.o(i.TM_CRRPreloadCmd), (18 bytes).
    Removing ht32f5xxxx_tm.o(i.TM_CaptureInit), (34 bytes).
    Removing ht32f5xxxx_tm.o(i.TM_CaptureStructInit), (18 bytes).
    Removing ht32f5xxxx_tm.o(i.TM_ChExternalClockConfig), (50 bytes).
    Removing ht32f5xxxx_tm.o(i.TM_ChPolarityConfig), (20 bytes).
    Removing ht32f5xxxx_tm.o(i.TM_ChannelConfig), (24 bytes).
    Removing ht32f5xxxx_tm.o(i.TM_ClearFlag), (10 bytes).
    Removing ht32f5xxxx_tm.o(i.TM_ClearIntPendingBit), (10 bytes).
    Removing ht32f5xxxx_tm.o(i.TM_ClearOREFConfig), (24 bytes).
    Removing ht32f5xxxx_tm.o(i.TM_Cmd), (20 bytes).
    Removing ht32f5xxxx_tm.o(i.TM_CounterModeConfig), (28 bytes).
    Removing ht32f5xxxx_tm.o(i.TM_DeInit), (88 bytes).
    Removing ht32f5xxxx_tm.o(i.TM_DecoderConfig), (64 bytes).
    Removing ht32f5xxxx_tm.o(i.TM_EtiConfig), (24 bytes).
    Removing ht32f5xxxx_tm.o(i.TM_EtiExternalClockConfig), (20 bytes).
    Removing ht32f5xxxx_tm.o(i.TM_ForcedOREF), (18 bytes).
    Removing ht32f5xxxx_tm.o(i.TM_GenerateEvent), (4 bytes).
    Removing ht32f5xxxx_tm.o(i.TM_GetCaptureCompare), (10 bytes).
    Removing ht32f5xxxx_tm.o(i.TM_GetCounter), (6 bytes).
    Removing ht32f5xxxx_tm.o(i.TM_GetFlagStatus), (10 bytes).
    Removing ht32f5xxxx_tm.o(i.TM_GetIntStatus), (24 bytes).
    Removing ht32f5xxxx_tm.o(i.TM_GetPrescaler), (6 bytes).
    Removing ht32f5xxxx_tm.o(i.TM_HallInterfaceCmd), (22 bytes).
    Removing ht32f5xxxx_tm.o(i.TM_ImmActiveConfig), (24 bytes).
    Removing ht32f5xxxx_tm.o(i.TM_IntConfig), (16 bytes).
    Removing ht32f5xxxx_tm.o(i.TM_InternalClockConfig), (12 bytes).
    Removing ht32f5xxxx_tm.o(i.TM_ItiExternalClockConfig), (20 bytes).
    Removing ht32f5xxxx_tm.o(i.TM_MMSELConfig), (14 bytes).
    Removing ht32f5xxxx_tm.o(i.TM_OutputInit), (164 bytes).
    Removing ht32f5xxxx_tm.o(i.TM_OutputModeConfig), (32 bytes).
    Removing ht32f5xxxx_tm.o(i.TM_OutputStructInit), (24 bytes).
    Removing ht32f5xxxx_tm.o(i.TM_PDMAConfig), (16 bytes).
    Removing ht32f5xxxx_tm.o(i.TM_PrescalerConfig), (8 bytes).
    Removing ht32f5xxxx_tm.o(i.TM_PwmInputInit), (90 bytes).
    Removing ht32f5xxxx_tm.o(i.TM_SetAsymmetricCompare), (10 bytes).
    Removing ht32f5xxxx_tm.o(i.TM_SetCaptureCompare), (10 bytes).
    Removing ht32f5xxxx_tm.o(i.TM_SetCounter), (6 bytes).
    Removing ht32f5xxxx_tm.o(i.TM_SetCounterReload), (6 bytes).
    Removing ht32f5xxxx_tm.o(i.TM_SinglePulseModeCmd), (20 bytes).
    Removing ht32f5xxxx_tm.o(i.TM_SlaveModeConfig), (14 bytes).
    Removing ht32f5xxxx_tm.o(i.TM_StiConfig), (26 bytes).
    Removing ht32f5xxxx_tm.o(i.TM_TimSyncCmd), (20 bytes).
    Removing ht32f5xxxx_tm.o(i.TM_TimeBaseInit), (64 bytes).
    Removing ht32f5xxxx_tm.o(i.TM_TimeBaseStructInit), (20 bytes).
    Removing ht32f5xxxx_tm.o(i.TM_UEVG_IntConfig), (18 bytes).
    Removing ht32f5xxxx_tm.o(i.TM_UpdateCmd), (20 bytes).
    Removing ht32f5xxxx_tm.o(i.tm_CHx_Config), (60 bytes).
    Removing ht32f5xxxx_usart.o(.rev16_text), (4 bytes).
    Removing ht32f5xxxx_usart.o(.revsh_text), (4 bytes).
    Removing ht32f5xxxx_usart.o(i.USART_ClearFlag), (8 bytes).
    Removing ht32f5xxxx_usart.o(i.USART_DeInit), (68 bytes).
    Removing ht32f5xxxx_usart.o(i.USART_ForceBreakCmd), (20 bytes).
    Removing ht32f5xxxx_usart.o(i.USART_GetFIFOStatus), (18 bytes).
    Removing ht32f5xxxx_usart.o(i.USART_HardwareFlowControlCmd), (18 bytes).
    Removing ht32f5xxxx_usart.o(i.USART_IrDACmd), (20 bytes).
    Removing ht32f5xxxx_usart.o(i.USART_IrDAConfig), (18 bytes).
    Removing ht32f5xxxx_usart.o(i.USART_IrDADirectionConfig), (18 bytes).
    Removing ht32f5xxxx_usart.o(i.USART_IrDAInvtCmd), (20 bytes).
    Removing ht32f5xxxx_usart.o(i.USART_PDMACmd), (16 bytes).
    Removing ht32f5xxxx_usart.o(i.USART_RS485AADCmd), (18 bytes).
    Removing ht32f5xxxx_usart.o(i.USART_RS485NMMCmd), (18 bytes).
    Removing ht32f5xxxx_usart.o(i.USART_RS485TxEnablePolarityConfig), (20 bytes).
    Removing ht32f5xxxx_usart.o(i.USART_SetAddressMatchValue), (16 bytes).
    Removing ht32f5xxxx_usart.o(i.USART_SetGuardTime), (16 bytes).
    Removing ht32f5xxxx_usart.o(i.USART_SetIrDAPrescaler), (16 bytes).
    Removing ht32f5xxxx_usart.o(i.USART_SetTimeOutValue), (16 bytes).
    Removing ht32f5xxxx_usart.o(i.USART_StickParityCmd), (20 bytes).
    Removing ht32f5xxxx_usart.o(i.USART_StickParityConfig), (24 bytes).
    Removing ht32f5xxxx_usart.o(i.USART_StructInit), (22 bytes).
    Removing ht32f5xxxx_usart.o(i.USART_SynClockInit), (26 bytes).
    Removing ht32f5xxxx_usart.o(i.USART_SynClockStructInit), (12 bytes).
    Removing ht32f5xxxx_usart.o(i.USART_TXRXTLConfig), (20 bytes).
    Removing ht32f5xxxx_usbd.o(.rev16_text), (4 bytes).
    Removing ht32f5xxxx_usbd.o(.revsh_text), (4 bytes).
    Removing ht32f5xxxx_usbd.o(i.USBD_ClearINT), (12 bytes).
    Removing ht32f5xxxx_usbd.o(i.USBD_DPWakeUpCmd), (28 bytes).
    Removing ht32f5xxxx_usbd.o(i.USBD_DPpullupCmd), (24 bytes).
    Removing ht32f5xxxx_usbd.o(i.USBD_DeInit), (16 bytes).
    Removing ht32f5xxxx_usbd.o(i.USBD_DisableDefaultPull), (12 bytes).
    Removing ht32f5xxxx_usbd.o(i.USBD_DisableINT), (16 bytes).
    Removing ht32f5xxxx_usbd.o(i.USBD_EPTClearDTG), (16 bytes).
    Removing ht32f5xxxx_usbd.o(i.USBD_EPTClearHalt), (16 bytes).
    Removing ht32f5xxxx_usbd.o(i.USBD_EPTClearINT), (12 bytes).
    Removing ht32f5xxxx_usbd.o(i.USBD_EPTEnableINT), (12 bytes).
    Removing ht32f5xxxx_usbd.o(i.USBD_EPTGetBuffer0Addr), (24 bytes).
    Removing ht32f5xxxx_usbd.o(i.USBD_EPTGetBuffer1Addr), (36 bytes).
    Removing ht32f5xxxx_usbd.o(i.USBD_EPTGetBufferLen), (14 bytes).
    Removing ht32f5xxxx_usbd.o(i.USBD_EPTGetHalt), (24 bytes).
    Removing ht32f5xxxx_usbd.o(i.USBD_EPTGetINT), (14 bytes).
    Removing ht32f5xxxx_usbd.o(i.USBD_EPTGetTransferCount), (18 bytes).
    Removing ht32f5xxxx_usbd.o(i.USBD_EPTInit), (36 bytes).
    Removing ht32f5xxxx_usbd.o(i.USBD_EPTReadMemory), (56 bytes).
    Removing ht32f5xxxx_usbd.o(i.USBD_EPTReadOUTData), (48 bytes).
    Removing ht32f5xxxx_usbd.o(i.USBD_EPTReset), (16 bytes).
    Removing ht32f5xxxx_usbd.o(i.USBD_EPTSendSTALL), (12 bytes).
    Removing ht32f5xxxx_usbd.o(i.USBD_EPTSetHalt), (20 bytes).
    Removing ht32f5xxxx_usbd.o(i.USBD_EPTWaitSTALLSent), (32 bytes).
    Removing ht32f5xxxx_usbd.o(i.USBD_EPTWriteINData), (68 bytes).
    Removing ht32f5xxxx_usbd.o(i.USBD_EnableINT), (16 bytes).
    Removing ht32f5xxxx_usbd.o(i.USBD_GetEPTnINTNumber), (32 bytes).
    Removing ht32f5xxxx_usbd.o(i.USBD_GetINT), (20 bytes).
    Removing ht32f5xxxx_usbd.o(i.USBD_Init), (8 bytes).
    Removing ht32f5xxxx_usbd.o(i.USBD_PowerOff), (16 bytes).
    Removing ht32f5xxxx_usbd.o(i.USBD_PowerOn), (28 bytes).
    Removing ht32f5xxxx_usbd.o(i.USBD_PowerUp), (116 bytes).
    Removing ht32f5xxxx_usbd.o(i.USBD_PreInit), (24 bytes).
    Removing ht32f5xxxx_usbd.o(i.USBD_ReadSETUPData), (16 bytes).
    Removing ht32f5xxxx_usbd.o(i.USBD_RemoteWakeup), (16 bytes).
    Removing ht32f5xxxx_usbd.o(i.USBD_SRAMResetConditionCmd), (24 bytes).
    Removing ht32f5xxxx_usbd.o(i.USBD_SetAddress), (20 bytes).
    Removing ht32f5xxxx_usbd.o(i._USBD_CopyMemory), (138 bytes).
    Removing ht32f5xxxx_usbd.o(i._USBD_GetEPTnAddr), (16 bytes).
    Removing ht32f5xxxx_usbd.o(.data), (4 bytes).
    Removing ht32f5xxxx_wdt.o(.rev16_text), (4 bytes).
    Removing ht32f5xxxx_wdt.o(.revsh_text), (4 bytes).
    Removing ht32f5xxxx_wdt.o(i.WDT_Cmd), (28 bytes).
    Removing ht32f5xxxx_wdt.o(i.WDT_DeInit), (16 bytes).
    Removing ht32f5xxxx_wdt.o(i.WDT_GetDeltaValue), (16 bytes).
    Removing ht32f5xxxx_wdt.o(i.WDT_GetFlagStatus), (20 bytes).
    Removing ht32f5xxxx_wdt.o(i.WDT_GetPrescaler), (20 bytes).
    Removing ht32f5xxxx_wdt.o(i.WDT_GetReloadValue), (16 bytes).
    Removing ht32f5xxxx_wdt.o(i.WDT_HaltConfig), (24 bytes).
    Removing ht32f5xxxx_wdt.o(i.WDT_LockCmd), (36 bytes).
    Removing ht32f5xxxx_wdt.o(i.WDT_ProtectCmd), (28 bytes).
    Removing ht32f5xxxx_wdt.o(i.WDT_ResetCmd), (28 bytes).
    Removing ht32f5xxxx_wdt.o(i.WDT_Restart), (16 bytes).
    Removing ht32f5xxxx_wdt.o(i.WDT_SetDeltaValue), (20 bytes).
    Removing ht32f5xxxx_wdt.o(i.WDT_SetPrescaler), (20 bytes).
    Removing ht32f5xxxx_wdt.o(i.WDT_SetReloadValue), (20 bytes).
    Removing ht32f5xxxx_wdt.o(i.WDT_SourceConfig), (16 bytes).
    Removing ht32_retarget.o(.rev16_text), (4 bytes).
    Removing ht32_retarget.o(.revsh_text), (4 bytes).
    Removing ht32_retarget.o(i.RETARGET_Configuration), (30 bytes).
    Removing ht32_retarget.o(i.__backspace), (4 bytes).
    Removing ht32_retarget.o(i._sys_exit), (2 bytes).
    Removing ht32_retarget.o(i._ttywrch), (8 bytes).
    Removing ht32_retarget.o(i.fgetc), (8 bytes).
    Removing ht32_retarget.o(i.fputc), (8 bytes).
    Removing ht32_retarget.o(.data), (4 bytes).
    Removing ht32_retarget.o(.data), (4 bytes).
    Removing ht32_serial.o(.rev16_text), (4 bytes).
    Removing ht32_serial.o(.revsh_text), (4 bytes).
    Removing ht32_serial.o(i.SERIAL_Flush), (2 bytes).
    Removing ht32_serial.o(i.SERIAL_GetChar), (28 bytes).
    Removing ht32_serial.o(i.SERIAL_PutChar), (20 bytes).
    Removing ht32_board.o(.rev16_text), (4 bytes).
    Removing ht32_board.o(.revsh_text), (4 bytes).
    Removing ht32_board.o(i.HT32F_DVB_BuzzerFun), (292 bytes).
    Removing ht32_board.o(i.HT32F_DVB_BuzzerOutputCmd), (20 bytes).
    Removing ht32_board.o(i.HT32F_DVB_COMInit), (80 bytes).
    Removing ht32_board.o(i.HT32F_DVB_LEDInit), (88 bytes).
    Removing ht32_board.o(i.HT32F_DVB_LEDOff), (24 bytes).
    Removing ht32_board.o(i.HT32F_DVB_LEDOn), (24 bytes).
    Removing ht32_board.o(i.HT32F_DVB_LEDToggle), (32 bytes).
    Removing ht32_board.o(i.HT32F_DVB_PBGetState), (28 bytes).
    Removing ht32_board.o(i.HT32F_DVB_PBInit), (196 bytes).
    Removing ht32_board.o(i._HT32F_DVB_ClockConfig), (72 bytes).
    Removing ht32_board.o(.constdata), (68 bytes).
    Removing i2c_eeprom.o(.rev16_text), (4 bytes).
    Removing i2c_eeprom.o(.revsh_text), (4 bytes).
    Removing i2c_eeprom.o(i.I2C_EEPROM_BufferRead), (156 bytes).
    Removing i2c_eeprom.o(i.I2C_EEPROM_BufferWrite), (50 bytes).
    Removing i2c_eeprom.o(i.I2C_EEPROM_Init), (84 bytes).
    Removing i2c_eeprom.o(i.I2C_EEPROM_PageWrite), (96 bytes).
    Removing i2c_eeprom.o(i._I2C_EEPROM_AckPolling), (60 bytes).
    Removing spi_flash.o(.rev16_text), (4 bytes).
    Removing spi_flash.o(.revsh_text), (4 bytes).
    Removing spi_flash.o(i.SPI_FLASH_BlockErase), (64 bytes).
    Removing spi_flash.o(i.SPI_FLASH_BufferDualRead), (104 bytes).
    Removing spi_flash.o(i.SPI_FLASH_BufferDualReadByDMA), (276 bytes).
    Removing spi_flash.o(i.SPI_FLASH_BufferRead), (76 bytes).
    Removing spi_flash.o(i.SPI_FLASH_BufferReadByDMA), (256 bytes).
    Removing spi_flash.o(i.SPI_FLASH_BufferWriteBy), (194 bytes).
    Removing spi_flash.o(i.SPI_FLASH_ChipErase), (40 bytes).
    Removing spi_flash.o(i.SPI_FLASH_Init), (148 bytes).
    Removing spi_flash.o(i.SPI_FLASH_PageWrite), (84 bytes).
    Removing spi_flash.o(i.SPI_FLASH_PageWriteByDMA), (256 bytes).
    Removing spi_flash.o(i.SPI_FLASH_ReadJEDECID), (64 bytes).
    Removing spi_flash.o(i.SPI_FLASH_SectorErase), (64 bytes).
    Removing spi_flash.o(i.SPI_FLASH_SendByte), (52 bytes).
    Removing spi_flash.o(i.SPI_FLASH_WaitForWriteEnd), (44 bytes).
    Removing spi_flash.o(i.SPI_FLASH_WriteDisable), (32 bytes).
    Removing spi_flash.o(i.SPI_FLASH_WriteEnable), (32 bytes).
    Removing spi_flash.o(i.SPI_FLASH_WriteStatus), (44 bytes).
    Removing ebi_lcd.o(.rev16_text), (4 bytes).
    Removing ebi_lcd.o(.revsh_text), (4 bytes).
    Removing ebi_lcd.o(i.LCD_BackColorSet), (12 bytes).
    Removing ebi_lcd.o(i.LCD_CharDisplay), (24 bytes).
    Removing ebi_lcd.o(i.LCD_CharDraw), (84 bytes).
    Removing ebi_lcd.o(i.LCD_CircleDraw), (200 bytes).
    Removing ebi_lcd.o(i.LCD_Clear), (32 bytes).
    Removing ebi_lcd.o(i.LCD_Config), (640 bytes).
    Removing ebi_lcd.o(i.LCD_DisplayOff), (12 bytes).
    Removing ebi_lcd.o(i.LCD_DisplayOn), (12 bytes).
    Removing ebi_lcd.o(i.LCD_Init), (340 bytes).
    Removing ebi_lcd.o(i.LCD_LineDraw), (80 bytes).
    Removing ebi_lcd.o(i.LCD_PicDraw), (86 bytes).
    Removing ebi_lcd.o(i.LCD_ReadReg), (10 bytes).
    Removing ebi_lcd.o(i.LCD_RectDraw), (58 bytes).
    Removing ebi_lcd.o(i.LCD_SetDisplayArea), (84 bytes).
    Removing ebi_lcd.o(i.LCD_StarterSet), (44 bytes).
    Removing ebi_lcd.o(i.LCD_StringLineDisplay), (40 bytes).
    Removing ebi_lcd.o(i.LCD_TextColorSet), (12 bytes).
    Removing ebi_lcd.o(i.LCD_WriteRAM), (8 bytes).
    Removing ebi_lcd.o(i.LCD_WriteRAMPrior), (10 bytes).
    Removing ebi_lcd.o(i.LCD_WriteRAMWord), (12 bytes).
    Removing ebi_lcd.o(i.LCD_WriteReg), (10 bytes).
    Removing ebi_lcd.o(i._delay), (28 bytes).
    Removing ebi_lcd.o(.constdata), (4560 bytes).
    Removing ebi_lcd.o(.data), (4 bytes).
    Removing dadd.o(.text), (356 bytes).
    Removing dmul.o(.text), (208 bytes).
    Removing ddiv.o(.text), (240 bytes).
    Removing dfixul.o(.text), (64 bytes).
    Removing cdrcmple.o(.text), (40 bytes).
    Removing depilogue.o(.text), (190 bytes).
    Removing depilogue.o(i.__ARM_clz), (46 bytes).

563 unused section(s) (total 23235 bytes) removed from the image.

==============================================================================

Image Symbol Table

    Local Symbols

    Symbol Name                              Value     Ov Type        Size  Object(Section)

    RESET                                    0x00000000   Section      356  startup_ht32f5xxxx_01.o(RESET)
    ../clib/microlib/division.c              0x00000000   Number         0  uldiv.o ABSOLUTE
    ../clib/microlib/division.c              0x00000000   Number         0  uidiv.o ABSOLUTE
    ../clib/microlib/init/entry.s            0x00000000   Number         0  entry10b.o ABSOLUTE
    ../clib/microlib/init/entry.s            0x00000000   Number         0  entry10a.o ABSOLUTE
    ../clib/microlib/init/entry.s            0x00000000   Number         0  entry9b.o ABSOLUTE
    ../clib/microlib/init/entry.s            0x00000000   Number         0  entry.o ABSOLUTE
    ../clib/microlib/init/entry.s            0x00000000   Number         0  entry9a.o ABSOLUTE
    ../clib/microlib/init/entry.s            0x00000000   Number         0  entry7a.o ABSOLUTE
    ../clib/microlib/init/entry.s            0x00000000   Number         0  entry7b.o ABSOLUTE
    ../clib/microlib/init/entry.s            0x00000000   Number         0  entry5.o ABSOLUTE
    ../clib/microlib/init/entry.s            0x00000000   Number         0  entry11b.o ABSOLUTE
    ../clib/microlib/init/entry.s            0x00000000   Number         0  entry8a.o ABSOLUTE
    ../clib/microlib/init/entry.s            0x00000000   Number         0  entry11a.o ABSOLUTE
    ../clib/microlib/init/entry.s            0x00000000   Number         0  entry8b.o ABSOLUTE
    ../clib/microlib/init/entry.s            0x00000000   Number         0  entry2.o ABSOLUTE
    ../clib/microlib/longlong.c              0x00000000   Number         0  llshl.o ABSOLUTE
    ../clib/microlib/longlong.c              0x00000000   Number         0  llushr.o ABSOLUTE
    ../clib/microlib/longlong.c              0x00000000   Number         0  llsshr.o ABSOLUTE
    ../clib/microlib/printf/printf.c         0x00000000   Number         0  printf1.o ABSOLUTE
    ../clib/microlib/printf/printf.c         0x00000000   Number         0  printf0.o ABSOLUTE
    ../clib/microlib/printf/printf.c         0x00000000   Number         0  printfb.o ABSOLUTE
    ../clib/microlib/printf/printf.c         0x00000000   Number         0  printf2.o ABSOLUTE
    ../clib/microlib/printf/printf.c         0x00000000   Number         0  printf7.o ABSOLUTE
    ../clib/microlib/printf/printf.c         0x00000000   Number         0  printfa.o ABSOLUTE
    ../clib/microlib/printf/printf.c         0x00000000   Number         0  printf8.o ABSOLUTE
    ../clib/microlib/printf/printf.c         0x00000000   Number         0  printf6.o ABSOLUTE
    ../clib/microlib/printf/printf.c         0x00000000   Number         0  printf5.o ABSOLUTE
    ../clib/microlib/printf/printf.c         0x00000000   Number         0  printf4.o ABSOLUTE
    ../clib/microlib/printf/printf.c         0x00000000   Number         0  printf3.o ABSOLUTE
    ../clib/microlib/printf/stubs.s          0x00000000   Number         0  stubs.o ABSOLUTE
    ../clib/microlib/stubs.s                 0x00000000   Number         0  useno.o ABSOLUTE
    ../clib/microlib/stubs.s                 0x00000000   Number         0  iusefp.o ABSOLUTE
    ../fplib/microlib/fpadd.c                0x00000000   Number         0  dadd.o ABSOLUTE
    ../fplib/microlib/fpdiv.c                0x00000000   Number         0  ddiv.o ABSOLUTE
    ../fplib/microlib/fpepilogue.c           0x00000000   Number         0  depilogue.o ABSOLUTE
    ../fplib/microlib/fpfix.c                0x00000000   Number         0  dfixul.o ABSOLUTE
    ../fplib/microlib/fpmul.c                0x00000000   Number         0  dmul.o ABSOLUTE
    ..\..\..\..\library\HT32F5xxxx_Driver\src\ht32_cm0plus_misc.c 0x00000000   Number         0  ht32_cm0plus_misc.o ABSOLUTE
    ..\..\..\..\library\HT32F5xxxx_Driver\src\ht32_retarget.c 0x00000000   Number         0  ht32_retarget.o ABSOLUTE
    ..\..\..\..\library\HT32F5xxxx_Driver\src\ht32_serial.c 0x00000000   Number         0  ht32_serial.o ABSOLUTE
    ..\..\..\..\library\HT32F5xxxx_Driver\src\ht32f5xxxx_adc.c 0x00000000   Number         0  ht32f5xxxx_adc.o ABSOLUTE
    ..\..\..\..\library\HT32F5xxxx_Driver\src\ht32f5xxxx_bftm.c 0x00000000   Number         0  ht32f5xxxx_bftm.o ABSOLUTE
    ..\..\..\..\library\HT32F5xxxx_Driver\src\ht32f5xxxx_ckcu.c 0x00000000   Number         0  ht32f5xxxx_ckcu.o ABSOLUTE
    ..\..\..\..\library\HT32F5xxxx_Driver\src\ht32f5xxxx_cmp.c 0x00000000   Number         0  ht32f5xxxx_cmp.o ABSOLUTE
    ..\..\..\..\library\HT32F5xxxx_Driver\src\ht32f5xxxx_crc.c 0x00000000   Number         0  ht32f5xxxx_crc.o ABSOLUTE
    ..\..\..\..\library\HT32F5xxxx_Driver\src\ht32f5xxxx_ebi.c 0x00000000   Number         0  ht32f5xxxx_ebi.o ABSOLUTE
    ..\..\..\..\library\HT32F5xxxx_Driver\src\ht32f5xxxx_exti.c 0x00000000   Number         0  ht32f5xxxx_exti.o ABSOLUTE
    ..\..\..\..\library\HT32F5xxxx_Driver\src\ht32f5xxxx_flash.c 0x00000000   Number         0  ht32f5xxxx_flash.o ABSOLUTE
    ..\..\..\..\library\HT32F5xxxx_Driver\src\ht32f5xxxx_gpio.c 0x00000000   Number         0  ht32f5xxxx_gpio.o ABSOLUTE
    ..\..\..\..\library\HT32F5xxxx_Driver\src\ht32f5xxxx_i2c.c 0x00000000   Number         0  ht32f5xxxx_i2c.o ABSOLUTE
    ..\..\..\..\library\HT32F5xxxx_Driver\src\ht32f5xxxx_i2s.c 0x00000000   Number         0  ht32f5xxxx_i2s.o ABSOLUTE
    ..\..\..\..\library\HT32F5xxxx_Driver\src\ht32f5xxxx_mctm.c 0x00000000   Number         0  ht32f5xxxx_mctm.o ABSOLUTE
    ..\..\..\..\library\HT32F5xxxx_Driver\src\ht32f5xxxx_pdma.c 0x00000000   Number         0  ht32f5xxxx_pdma.o ABSOLUTE
    ..\..\..\..\library\HT32F5xxxx_Driver\src\ht32f5xxxx_pwrcu.c 0x00000000   Number         0  ht32f5xxxx_pwrcu.o ABSOLUTE
    ..\..\..\..\library\HT32F5xxxx_Driver\src\ht32f5xxxx_rstcu.c 0x00000000   Number         0  ht32f5xxxx_rstcu.o ABSOLUTE
    ..\..\..\..\library\HT32F5xxxx_Driver\src\ht32f5xxxx_rtc.c 0x00000000   Number         0  ht32f5xxxx_rtc.o ABSOLUTE
    ..\..\..\..\library\HT32F5xxxx_Driver\src\ht32f5xxxx_sci.c 0x00000000   Number         0  ht32f5xxxx_sci.o ABSOLUTE
    ..\..\..\..\library\HT32F5xxxx_Driver\src\ht32f5xxxx_spi.c 0x00000000   Number         0  ht32f5xxxx_spi.o ABSOLUTE
    ..\..\..\..\library\HT32F5xxxx_Driver\src\ht32f5xxxx_tm.c 0x00000000   Number         0  ht32f5xxxx_tm.o ABSOLUTE
    ..\..\..\..\library\HT32F5xxxx_Driver\src\ht32f5xxxx_usart.c 0x00000000   Number         0  ht32f5xxxx_usart.o ABSOLUTE
    ..\..\..\..\library\HT32F5xxxx_Driver\src\ht32f5xxxx_usbd.c 0x00000000   Number         0  ht32f5xxxx_usbd.o ABSOLUTE
    ..\..\..\..\library\HT32F5xxxx_Driver\src\ht32f5xxxx_wdt.c 0x00000000   Number         0  ht32f5xxxx_wdt.o ABSOLUTE
    ..\..\..\..\library\HT32_USBD_Library\src\ht32_usbd_core.c 0x00000000   Number         0  ht32_usbd_core.o ABSOLUTE
    ..\..\..\..\utilities\common\ebi_lcd.c   0x00000000   Number         0  ebi_lcd.o ABSOLUTE
    ..\..\..\..\utilities\common\i2c_eeprom.c 0x00000000   Number         0  i2c_eeprom.o ABSOLUTE
    ..\..\..\..\utilities\common\spi_flash.c 0x00000000   Number         0  spi_flash.o ABSOLUTE
    ..\..\..\..\utilities\ht32_board.c       0x00000000   Number         0  ht32_board.o ABSOLUTE
    ..\\..\\..\\..\\library\\HT32F5xxxx_Driver\\src\\ht32_cm0plus_misc.c 0x00000000   Number         0  ht32_cm0plus_misc.o ABSOLUTE
    ..\\..\\..\\..\\library\\HT32F5xxxx_Driver\\src\\ht32_retarget.c 0x00000000   Number         0  ht32_retarget.o ABSOLUTE
    ..\\..\\..\\..\\library\\HT32F5xxxx_Driver\\src\\ht32_serial.c 0x00000000   Number         0  ht32_serial.o ABSOLUTE
    ..\\..\\..\\..\\library\\HT32F5xxxx_Driver\\src\\ht32f5xxxx_adc.c 0x00000000   Number         0  ht32f5xxxx_adc.o ABSOLUTE
    ..\\..\\..\\..\\library\\HT32F5xxxx_Driver\\src\\ht32f5xxxx_bftm.c 0x00000000   Number         0  ht32f5xxxx_bftm.o ABSOLUTE
    ..\\..\\..\\..\\library\\HT32F5xxxx_Driver\\src\\ht32f5xxxx_ckcu.c 0x00000000   Number         0  ht32f5xxxx_ckcu.o ABSOLUTE
    ..\\..\\..\\..\\library\\HT32F5xxxx_Driver\\src\\ht32f5xxxx_cmp.c 0x00000000   Number         0  ht32f5xxxx_cmp.o ABSOLUTE
    ..\\..\\..\\..\\library\\HT32F5xxxx_Driver\\src\\ht32f5xxxx_crc.c 0x00000000   Number         0  ht32f5xxxx_crc.o ABSOLUTE
    ..\\..\\..\\..\\library\\HT32F5xxxx_Driver\\src\\ht32f5xxxx_ebi.c 0x00000000   Number         0  ht32f5xxxx_ebi.o ABSOLUTE
    ..\\..\\..\\..\\library\\HT32F5xxxx_Driver\\src\\ht32f5xxxx_exti.c 0x00000000   Number         0  ht32f5xxxx_exti.o ABSOLUTE
    ..\\..\\..\\..\\library\\HT32F5xxxx_Driver\\src\\ht32f5xxxx_flash.c 0x00000000   Number         0  ht32f5xxxx_flash.o ABSOLUTE
    ..\\..\\..\\..\\library\\HT32F5xxxx_Driver\\src\\ht32f5xxxx_gpio.c 0x00000000   Number         0  ht32f5xxxx_gpio.o ABSOLUTE
    ..\\..\\..\\..\\library\\HT32F5xxxx_Driver\\src\\ht32f5xxxx_i2c.c 0x00000000   Number         0  ht32f5xxxx_i2c.o ABSOLUTE
    ..\\..\\..\\..\\library\\HT32F5xxxx_Driver\\src\\ht32f5xxxx_i2s.c 0x00000000   Number         0  ht32f5xxxx_i2s.o ABSOLUTE
    ..\\..\\..\\..\\library\\HT32F5xxxx_Driver\\src\\ht32f5xxxx_mctm.c 0x00000000   Number         0  ht32f5xxxx_mctm.o ABSOLUTE
    ..\\..\\..\\..\\library\\HT32F5xxxx_Driver\\src\\ht32f5xxxx_pdma.c 0x00000000   Number         0  ht32f5xxxx_pdma.o ABSOLUTE
    ..\\..\\..\\..\\library\\HT32F5xxxx_Driver\\src\\ht32f5xxxx_pwrcu.c 0x00000000   Number         0  ht32f5xxxx_pwrcu.o ABSOLUTE
    ..\\..\\..\\..\\library\\HT32F5xxxx_Driver\\src\\ht32f5xxxx_rstcu.c 0x00000000   Number         0  ht32f5xxxx_rstcu.o ABSOLUTE
    ..\\..\\..\\..\\library\\HT32F5xxxx_Driver\\src\\ht32f5xxxx_rtc.c 0x00000000   Number         0  ht32f5xxxx_rtc.o ABSOLUTE
    ..\\..\\..\\..\\library\\HT32F5xxxx_Driver\\src\\ht32f5xxxx_sci.c 0x00000000   Number         0  ht32f5xxxx_sci.o ABSOLUTE
    ..\\..\\..\\..\\library\\HT32F5xxxx_Driver\\src\\ht32f5xxxx_spi.c 0x00000000   Number         0  ht32f5xxxx_spi.o ABSOLUTE
    ..\\..\\..\\..\\library\\HT32F5xxxx_Driver\\src\\ht32f5xxxx_tm.c 0x00000000   Number         0  ht32f5xxxx_tm.o ABSOLUTE
    ..\\..\\..\\..\\library\\HT32F5xxxx_Driver\\src\\ht32f5xxxx_usart.c 0x00000000   Number         0  ht32f5xxxx_usart.o ABSOLUTE
    ..\\..\\..\\..\\library\\HT32F5xxxx_Driver\\src\\ht32f5xxxx_usbd.c 0x00000000   Number         0  ht32f5xxxx_usbd.o ABSOLUTE
    ..\\..\\..\\..\\library\\HT32F5xxxx_Driver\\src\\ht32f5xxxx_wdt.c 0x00000000   Number         0  ht32f5xxxx_wdt.o ABSOLUTE
    ..\\..\\..\\..\\library\\HT32_USBD_Library\\src\\ht32_usbd_core.c 0x00000000   Number         0  ht32_usbd_core.o ABSOLUTE
    ..\\..\\..\\..\\utilities\\common\\ebi_lcd.c 0x00000000   Number         0  ebi_lcd.o ABSOLUTE
    ..\\..\\..\\..\\utilities\\common\\i2c_eeprom.c 0x00000000   Number         0  i2c_eeprom.o ABSOLUTE
    ..\\..\\..\\..\\utilities\\common\\spi_flash.c 0x00000000   Number         0  spi_flash.o ABSOLUTE
    ..\\..\\..\\..\\utilities\\ht32_board.c  0x00000000   Number         0  ht32_board.o ABSOLUTE
    ..\\ht32f5xxxx_01_it.c                   0x00000000   Number         0  ht32f5xxxx_01_it.o ABSOLUTE
    ..\\main.c                               0x00000000   Number         0  main.o ABSOLUTE
    ..\\nrf2401_host.c                       0x00000000   Number         0  nrf2401_host.o ABSOLUTE
    ..\\softspi.c                            0x00000000   Number         0  softspi.o ABSOLUTE
    ..\\system_ht32f5xxxx_01.c               0x00000000   Number         0  system_ht32f5xxxx_01.o ABSOLUTE
    ..\\tmr50us.c                            0x00000000   Number         0  tmr50us.o ABSOLUTE
    ..\\usart.c                              0x00000000   Number         0  usart.o ABSOLUTE
    ..\ht32f5xxxx_01_it.c                    0x00000000   Number         0  ht32f5xxxx_01_it.o ABSOLUTE
    ..\main.c                                0x00000000   Number         0  main.o ABSOLUTE
    ..\nrf2401_host.c                        0x00000000   Number         0  nrf2401_host.o ABSOLUTE
    ..\softspi.c                             0x00000000   Number         0  softspi.o ABSOLUTE
    ..\system_ht32f5xxxx_01.c                0x00000000   Number         0  system_ht32f5xxxx_01.o ABSOLUTE
    ..\tmr50us.c                             0x00000000   Number         0  tmr50us.o ABSOLUTE
    ..\usart.c                               0x00000000   Number         0  usart.o ABSOLUTE
    cdrcmple.s                               0x00000000   Number         0  cdrcmple.o ABSOLUTE
    dc.s                                     0x00000000   Number         0  dc.o ABSOLUTE
    handlers.s                               0x00000000   Number         0  handlers.o ABSOLUTE
    ht32_op.s                                0x00000000   Number         0  ht32_op.o ABSOLUTE
    init.s                                   0x00000000   Number         0  init.o ABSOLUTE
    startup_ht32f5xxxx_01.s                  0x00000000   Number         0  startup_ht32f5xxxx_01.o ABSOLUTE
    BootProcess                              0x000000cd   Thumb Code    94  startup_ht32f5xxxx_01.o(RESET)
    .ARM.Collect$$$$00000000                 0x00000164   Section        0  entry.o(.ARM.Collect$$$$00000000)
    .ARM.Collect$$$$00000001                 0x00000164   Section        4  entry2.o(.ARM.Collect$$$$00000001)
    .ARM.Collect$$$$00000004                 0x00000168   Section        4  entry5.o(.ARM.Collect$$$$00000004)
    .ARM.Collect$$$$00000008                 0x0000016c   Section        0  entry7b.o(.ARM.Collect$$$$00000008)
    .ARM.Collect$$$$0000000A                 0x0000016c   Section        0  entry8b.o(.ARM.Collect$$$$0000000A)
    .ARM.Collect$$$$0000000B                 0x0000016c   Section        8  entry9a.o(.ARM.Collect$$$$0000000B)
    .ARM.Collect$$$$0000000D                 0x00000174   Section        0  entry10a.o(.ARM.Collect$$$$0000000D)
    .ARM.Collect$$$$0000000F                 0x00000174   Section        0  entry11a.o(.ARM.Collect$$$$0000000F)
    .ARM.Collect$$$$00002712                 0x00000174   Section        4  entry2.o(.ARM.Collect$$$$00002712)
    __lit__00000000                          0x00000174   Data           4  entry2.o(.ARM.Collect$$$$00002712)
    .text                                    0x00000178   Section        0  uidiv.o(.text)
    .text                                    0x000001a4   Section       36  init.o(.text)
    i.AFIO_GPxConfig                         0x000001c8   Section        0  ht32f5xxxx_gpio.o(i.AFIO_GPxConfig)
    i.BFTM0_IRQHandler                       0x00000220   Section        0  ht32f5xxxx_01_it.o(i.BFTM0_IRQHandler)
    i.BFTM_ClearFlag                         0x0000023c   Section        0  ht32f5xxxx_bftm.o(i.BFTM_ClearFlag)
    i.BFTM_EnaCmd                            0x0000024a   Section        0  ht32f5xxxx_bftm.o(i.BFTM_EnaCmd)
    i.BFTM_IntConfig                         0x0000025c   Section        0  ht32f5xxxx_bftm.o(i.BFTM_IntConfig)
    i.BFTM_SetCompare                        0x00000270   Section        0  ht32f5xxxx_bftm.o(i.BFTM_SetCompare)
    i.BFTM_SetCounter                        0x00000274   Section        0  ht32f5xxxx_bftm.o(i.BFTM_SetCounter)
    i.CKCU_GetClocksFrequency                0x00000278   Section        0  ht32f5xxxx_ckcu.o(i.CKCU_GetClocksFrequency)
    i.CKCU_GetPLLFrequency                   0x000002e4   Section        0  ht32f5xxxx_ckcu.o(i.CKCU_GetPLLFrequency)
    i.CKCU_GetPeripFrequency                 0x00000320   Section        0  ht32f5xxxx_ckcu.o(i.CKCU_GetPeripFrequency)
    i.CKCU_PeripClockConfig                  0x00000354   Section        0  ht32f5xxxx_ckcu.o(i.CKCU_PeripClockConfig)
    i.DueMain_main                           0x0000037c   Section        0  nrf2401_host.o(i.DueMain_main)
    i.GPIO_DirectionConfig                   0x0000063c   Section        0  ht32f5xxxx_gpio.o(i.GPIO_DirectionConfig)
    i.GPIO_InputConfig                       0x0000064c   Section        0  ht32f5xxxx_gpio.o(i.GPIO_InputConfig)
    i.GPIO_PullResistorConfig                0x0000065c   Section        0  ht32f5xxxx_gpio.o(i.GPIO_PullResistorConfig)
    i.GPIO_ReadInBit                         0x00000686   Section        0  ht32f5xxxx_gpio.o(i.GPIO_ReadInBit)
    i.GPIO_WriteOutBits                      0x00000690   Section        0  ht32f5xxxx_gpio.o(i.GPIO_WriteOutBits)
    i.HardFault_Handler                      0x0000069c   Section        0  ht32f5xxxx_01_it.o(i.HardFault_Handler)
    i.NMI_Handler                            0x000006ac   Section        0  ht32f5xxxx_01_it.o(i.NMI_Handler)
    i.PWRCU_CheckReadyAccessed               0x000006b0   Section        0  ht32f5xxxx_pwrcu.o(i.PWRCU_CheckReadyAccessed)
    i.PendSV_Handler                         0x000006dc   Section        0  ht32f5xxxx_01_it.o(i.PendSV_Handler)
    i.SPI_Cmd                                0x000006de   Section        0  ht32f5xxxx_spi.o(i.SPI_Cmd)
    i.SPI_Init                               0x000006f2   Section        0  ht32f5xxxx_spi.o(i.SPI_Init)
    i.SPI_SELOutputCmd                       0x0000073a   Section        0  ht32f5xxxx_spi.o(i.SPI_SELOutputCmd)
    i.SVC_Handler                            0x0000074c   Section        0  ht32f5xxxx_01_it.o(i.SVC_Handler)
    i.SysTick_Handler                        0x0000074e   Section        0  ht32f5xxxx_01_it.o(i.SysTick_Handler)
    i.SystemInit                             0x00000750   Section        0  system_ht32f5xxxx_01.o(i.SystemInit)
    i.USART0_IRQHandler                      0x00000838   Section        0  ht32f5xxxx_01_it.o(i.USART0_IRQHandler)
    i.USART1_IRQHandler                      0x000008d0   Section        0  ht32f5xxxx_01_it.o(i.USART1_IRQHandler)
    i.USART_FIFOReset                        0x00000968   Section        0  ht32f5xxxx_usart.o(i.USART_FIFOReset)
    i.USART_GetFlagStatus                    0x00000970   Section        0  ht32f5xxxx_usart.o(i.USART_GetFlagStatus)
    i.USART_Init                             0x0000097c   Section        0  ht32f5xxxx_usart.o(i.USART_Init)
    i.USART_IntConfig                        0x00000a00   Section        0  ht32f5xxxx_usart.o(i.USART_IntConfig)
    i.USART_ReceiveData                      0x00000a10   Section        0  ht32f5xxxx_usart.o(i.USART_ReceiveData)
    i.USART_SendData                         0x00000a16   Section        0  ht32f5xxxx_usart.o(i.USART_SendData)
    i.USART_TxRxCmd                          0x00000a1a   Section        0  ht32f5xxxx_usart.o(i.USART_TxRxCmd)
    i.UnoClient_main                         0x00000a30   Section        0  nrf2401_host.o(i.UnoClient_main)
    i.__0sprintf$6                           0x00000c18   Section        0  printf6.o(i.__0sprintf$6)
    i.__ARM_common_switch8                   0x00000c40   Section        0  ht32f5xxxx_ckcu.o(i.__ARM_common_switch8)
    i.__scatterload_copy                     0x00000c5a   Section       14  handlers.o(i.__scatterload_copy)
    i.__scatterload_null                     0x00000c68   Section        2  handlers.o(i.__scatterload_null)
    i.__scatterload_zeroinit                 0x00000c6a   Section       14  handlers.o(i.__scatterload_zeroinit)
    i._printf_core                           0x00000c78   Section        0  printf6.o(i._printf_core)
    _printf_core                             0x00000c79   Thumb Code   768  printf6.o(i._printf_core)
    i._printf_post_padding                   0x00000f7c   Section        0  printf6.o(i._printf_post_padding)
    _printf_post_padding                     0x00000f7d   Thumb Code    32  printf6.o(i._printf_post_padding)
    i._printf_pre_padding                    0x00000f9c   Section        0  printf6.o(i._printf_pre_padding)
    _printf_pre_padding                      0x00000f9d   Thumb Code    44  printf6.o(i._printf_pre_padding)
    i._sputc                                 0x00000fc8   Section        0  printf6.o(i._sputc)
    _sputc                                   0x00000fc9   Thumb Code    10  printf6.o(i._sputc)
    i.attenuator_contol                      0x00000fd4   Section        0  nrf2401_host.o(i.attenuator_contol)
    i.ce_15us_high_then_low                  0x00001060   Section        0  nrf2401_host.o(i.ce_15us_high_then_low)
    i.debug_rxpackets_from_prx_not_consecutive 0x0000107c   Section        0  nrf2401_host.o(i.debug_rxpackets_from_prx_not_consecutive)
    debug_rxpackets_from_prx_not_consecutive 0x0000107d   Thumb Code    92  nrf2401_host.o(i.debug_rxpackets_from_prx_not_consecutive)
    i.debug_rxpackets_from_ptx_not_consecutive 0x000010e0   Section        0  nrf2401_host.o(i.debug_rxpackets_from_ptx_not_consecutive)
    debug_rxpackets_from_ptx_not_consecutive 0x000010e1   Thumb Code    86  nrf2401_host.o(i.debug_rxpackets_from_ptx_not_consecutive)
    i.delay_unit_50us                        0x0000117c   Section        0  tmr50us.o(i.delay_unit_50us)
    i.foo_ptx_print_count_send               0x00001198   Section        0  nrf2401_host.o(i.foo_ptx_print_count_send)
    foo_ptx_print_count_send                 0x00001199   Thumb Code    78  nrf2401_host.o(i.foo_ptx_print_count_send)
    i.host24L01_process                      0x0000120c   Section        0  nrf2401_host.o(i.host24L01_process)
    i.init_softspi                           0x00001268   Section        0  softspi.o(i.init_softspi)
    i.lownibble_to_ascii                     0x000012b0   Section        0  usart.o(i.lownibble_to_ascii)
    lownibble_to_ascii                       0x000012b1   Thumb Code    22  usart.o(i.lownibble_to_ascii)
    i.main                                   0x000012c8   Section        0  main.o(i.main)
    i.rewrite_syncID                         0x00001498   Section        0  nrf2401_host.o(i.rewrite_syncID)
    rewrite_syncID                           0x00001499   Thumb Code    86  nrf2401_host.o(i.rewrite_syncID)
    i.rf_ConfigurePipe                       0x000014f8   Section        0  softspi.o(i.rf_ConfigurePipe)
    i.rf_FlushBuffer                         0x00001564   Section        0  softspi.o(i.rf_FlushBuffer)
    i.rf_GetFifoStatus                       0x00001584   Section        0  softspi.o(i.rf_GetFifoStatus)
    i.rf_GetStatus                           0x0000158e   Section        0  softspi.o(i.rf_GetStatus)
    i.rf_Init                                0x00001598   Section        0  softspi.o(i.rf_Init)
    i.rf_IsDataAvailable                     0x00001600   Section        0  softspi.o(i.rf_IsDataAvailable)
    i.rf_Listen                              0x00001688   Section        0  softspi.o(i.rf_Listen)
    i.rf_PowerUp                             0x000016ac   Section        0  softspi.o(i.rf_PowerUp)
    i.rf_ReadRegister                        0x000016cc   Section        0  softspi.o(i.rf_ReadRegister)
    i.rf_ReceiveData                         0x000016dc   Section        0  softspi.o(i.rf_ReceiveData)
    i.rf_ResetStatus                         0x00001710   Section        0  softspi.o(i.rf_ResetStatus)
    i.rf_SendAckPayload                      0x0000173a   Section        0  softspi.o(i.rf_SendAckPayload)
    i.rf_SendCmdBuffer                       0x00001786   Section        0  softspi.o(i.rf_SendCmdBuffer)
    i.rf_SendCmdMasked                       0x000017c0   Section        0  softspi.o(i.rf_SendCmdMasked)
    i.rf_SendCmd_1                           0x000017da   Section        0  softspi.o(i.rf_SendCmd_1)
    i.rf_SendCmd_2                           0x000017e8   Section        0  softspi.o(i.rf_SendCmd_2)
    i.rf_SendData                            0x00001804   Section        0  softspi.o(i.rf_SendData)
    i.rf_SetAddressWidth                     0x00001888   Section        0  softspi.o(i.rf_SetAddressWidth)
    i.rf_SetCRC                              0x000018a6   Section        0  softspi.o(i.rf_SetCRC)
    i.rf_SetDataRate                         0x000018c2   Section        0  softspi.o(i.rf_SetDataRate)
    i.rf_SetPipeAddress                      0x000018e4   Section        0  softspi.o(i.rf_SetPipeAddress)
    i.rf_SetRetryCount                       0x00001928   Section        0  softspi.o(i.rf_SetRetryCount)
    i.rf_SetRetryDelay                       0x00001936   Section        0  softspi.o(i.rf_SetRetryDelay)
    i.spi_Read                               0x00001948   Section        0  softspi.o(i.spi_Read)
    i.spi_SetCEState                         0x00001988   Section        0  softspi.o(i.spi_SetCEState)
    i.spi_TransferData                       0x000019a4   Section        0  softspi.o(i.spi_TransferData)
    i.spi_Write                              0x000019b8   Section        0  softspi.o(i.spi_Write)
    i.tmr50usGetCurrentTicks                 0x000019f8   Section        0  tmr50us.o(i.tmr50usGetCurrentTicks)
    i.tmr50usIsExpired                       0x00001a04   Section        0  tmr50us.o(i.tmr50usIsExpired)
    i.uart_getcmd                            0x00001a1c   Section        0  usart.o(i.uart_getcmd)
    i.uart_putchar                           0x00001a94   Section        0  usart.o(i.uart_putchar)
    i.uart_putchar_n                         0x00001b20   Section        0  usart.o(i.uart_putchar_n)
    i.uart_puts                              0x00001b34   Section        0  usart.o(i.uart_puts)
    i.uart_putu16                            0x00001b48   Section        0  usart.o(i.uart_putu16)
    i.uart_putu8                             0x00001b68   Section        0  usart.o(i.uart_putu8)
    .constdata                               0x00001b7a   Section       30  nrf2401_host.o(.constdata)
    .data                                    0x20000000   Section        4  ht32f5xxxx_01_it.o(.data)
    gIsContinue                              0x20000000   Data           4  ht32f5xxxx_01_it.o(.data)
    .data                                    0x20000004   Section       28  nrf2401_host.o(.data)
    zzz_pipe                                 0x20000004   Data           1  nrf2401_host.o(.data)
    expected_length_from_ptx                 0x20000005   Data           1  nrf2401_host.o(.data)
    expected_payload_0_from_ptx              0x20000006   Data           1  nrf2401_host.o(.data)
    expected_length_from_prx                 0x20000007   Data           1  nrf2401_host.o(.data)
    expected_payload_0_from_prx              0x20000008   Data           1  nrf2401_host.o(.data)
    cnt                                      0x20000009   Data           1  nrf2401_host.o(.data)
    ini_deta                                 0x2000000a   Data           1  nrf2401_host.o(.data)
    cnt                                      0x2000000b   Data           1  nrf2401_host.o(.data)
    ini_deta                                 0x2000000c   Data           1  nrf2401_host.o(.data)
    rrr_pipe                                 0x2000000d   Data           1  nrf2401_host.o(.data)
    count_send                               0x20000010   Data           4  nrf2401_host.o(.data)
    count_success                            0x20000014   Data           4  nrf2401_host.o(.data)
    count_txds                               0x20000018   Data           4  nrf2401_host.o(.data)
    count_maxrt                              0x2000001c   Data           4  nrf2401_host.o(.data)
    .data                                    0x20000020   Section       41  softspi.o(.data)
    _payload_sz                              0x20000020   Data           1  softspi.o(.data)
    _p0_swapped_out                          0x20000021   Data           1  softspi.o(.data)
    _use_dynamic_payload                     0x20000022   Data           1  softspi.o(.data)
    _comm_mode                               0x20000023   Data           1  softspi.o(.data)
    _current_pipe                            0x20000024   Data           1  softspi.o(.data)
    .data                                    0x2000004c   Section        4  tmr50us.o(.data)
    .data                                    0x20000050   Section       36  usart.o(.data)
    tmr                                      0x2000006c   Data           4  usart.o(.data)
    OLD_RxWriteIndex                         0x20000070   Data           4  usart.o(.data)
    .data                                    0x20000074   Section        4  usart.o(.data)
    .data                                    0x20000078   Section        4  usart.o(.data)
    .data                                    0x2000007c   Section        4  system_ht32f5xxxx_01.o(.data)
    .bss                                     0x20000080   Section      300  nrf2401_host.o(.bss)
    hfsm1                                    0x20000080   Data          12  nrf2401_host.o(.bss)
    .bss                                     0x200001ac   Section      768  usart.o(.bss)
    .bss                                     0x200004ac   Section      256  usart.o(.bss)
    STACK                                    0x200005b0   Section      512  startup_ht32f5xxxx_01.o(STACK)

    Global Symbols

    Symbol Name                              Value     Ov Type        Size  Object(Section)

    BuildAttributes$$THM_ISAv3M$S$PE$A:L22$X:L11$S22$IEEE1$IW$USESV6$~STKCKD$USESV7$~SHL$OSPACE$ROPI$EBA8$MICROLIB$REQ8$PRES8$EABIv2 0x00000000   Number         0  anon$$obj.o ABSOLUTE
    __ARM_use_no_argv                        0x00000000   Number         0  main.o ABSOLUTE
    __Vectors                                0x00000000   Data           0  startup_ht32f5xxxx_01.o(RESET)
    __use_no_errno                           0x00000000   Number         0  useno.o ABSOLUTE
    __use_no_exception_handling              0x00000000   Number         0  useno.o ABSOLUTE
    __use_no_fp                              0x00000000   Number         0  useno.o ABSOLUTE
    __use_no_heap                            0x00000000   Number         0  useno.o ABSOLUTE
    __use_no_heap_region                     0x00000000   Number         0  useno.o ABSOLUTE
    __use_no_semihosting                     0x00000000   Number         0  useno.o ABSOLUTE
    __use_no_semihosting_swi                 0x00000000   Number         0  useno.o ABSOLUTE
    __use_no_signal_handling                 0x00000000   Number         0  useno.o ABSOLUTE
    _printf_a                                0x00000000   Number         0  stubs.o ABSOLUTE
    _printf_c                                0x00000000   Number         0  stubs.o ABSOLUTE
    _printf_charcount                        0x00000000   Number         0  stubs.o ABSOLUTE
    _printf_d                                0x00000000   Number         0  stubs.o ABSOLUTE
    _printf_e                                0x00000000   Number         0  stubs.o ABSOLUTE
    _printf_f                                0x00000000   Number         0  stubs.o ABSOLUTE
    _printf_flags                            0x00000000   Number         0  stubs.o ABSOLUTE
    _printf_fp_dec                           0x00000000   Number         0  stubs.o ABSOLUTE
    _printf_fp_hex                           0x00000000   Number         0  stubs.o ABSOLUTE
    _printf_g                                0x00000000   Number         0  stubs.o ABSOLUTE
    _printf_i                                0x00000000   Number         0  stubs.o ABSOLUTE
    _printf_int_dec                          0x00000000   Number         0  stubs.o ABSOLUTE
    _printf_l                                0x00000000   Number         0  stubs.o ABSOLUTE
    _printf_lc                               0x00000000   Number         0  stubs.o ABSOLUTE
    _printf_ll                               0x00000000   Number         0  stubs.o ABSOLUTE
    _printf_lld                              0x00000000   Number         0  stubs.o ABSOLUTE
    _printf_lli                              0x00000000   Number         0  stubs.o ABSOLUTE
    _printf_llo                              0x00000000   Number         0  stubs.o ABSOLUTE
    _printf_llu                              0x00000000   Number         0  stubs.o ABSOLUTE
    _printf_llx                              0x00000000   Number         0  stubs.o ABSOLUTE
    _printf_longlong_dec                     0x00000000   Number         0  stubs.o ABSOLUTE
    _printf_longlong_hex                     0x00000000   Number         0  stubs.o ABSOLUTE
    _printf_longlong_oct                     0x00000000   Number         0  stubs.o ABSOLUTE
    _printf_ls                               0x00000000   Number         0  stubs.o ABSOLUTE
    _printf_mbtowc                           0x00000000   Number         0  stubs.o ABSOLUTE
    _printf_n                                0x00000000   Number         0  stubs.o ABSOLUTE
    _printf_o                                0x00000000   Number         0  stubs.o ABSOLUTE
    _printf_p                                0x00000000   Number         0  stubs.o ABSOLUTE
    _printf_percent                          0x00000000   Number         0  stubs.o ABSOLUTE
    _printf_pre_padding                      0x00000000   Number         0  stubs.o ABSOLUTE
    _printf_return_value                     0x00000000   Number         0  stubs.o ABSOLUTE
    _printf_s                                0x00000000   Number         0  stubs.o ABSOLUTE
    _printf_sizespec                         0x00000000   Number         0  stubs.o ABSOLUTE
    _printf_str                              0x00000000   Number         0  stubs.o ABSOLUTE
    _printf_truncate_signed                  0x00000000   Number         0  stubs.o ABSOLUTE
    _printf_truncate_unsigned                0x00000000   Number         0  stubs.o ABSOLUTE
    _printf_u                                0x00000000   Number         0  stubs.o ABSOLUTE
    _printf_wc                               0x00000000   Number         0  stubs.o ABSOLUTE
    _printf_wctomb                           0x00000000   Number         0  stubs.o ABSOLUTE
    _printf_widthprec                        0x00000000   Number         0  stubs.o ABSOLUTE
    _printf_x                                0x00000000   Number         0  stubs.o ABSOLUTE
    __cpp_initialize__aeabi_                  - Undefined Weak Reference
    __cxa_finalize                            - Undefined Weak Reference
    __decompress                              - Undefined Weak Reference
    _clock_init                               - Undefined Weak Reference
    _microlib_exit                            - Undefined Weak Reference
    Reset_Handler                            0x000000c1   Thumb Code    12  startup_ht32f5xxxx_01.o(RESET)
    ADC_IRQHandler                           0x00000135   Thumb Code     0  startup_ht32f5xxxx_01.o(RESET)
    AES_IRQHandler                           0x00000135   Thumb Code     0  startup_ht32f5xxxx_01.o(RESET)
    BFTM1_IRQHandler                         0x00000135   Thumb Code     0  startup_ht32f5xxxx_01.o(RESET)
    COMP_IRQHandler                          0x00000135   Thumb Code     0  startup_ht32f5xxxx_01.o(RESET)
    EVWUP_IRQHandler                         0x00000135   Thumb Code     0  startup_ht32f5xxxx_01.o(RESET)
    EXTI0_1_IRQHandler                       0x00000135   Thumb Code     0  startup_ht32f5xxxx_01.o(RESET)
    EXTI2_3_IRQHandler                       0x00000135   Thumb Code     0  startup_ht32f5xxxx_01.o(RESET)
    EXTI4_15_IRQHandler                      0x00000135   Thumb Code     0  startup_ht32f5xxxx_01.o(RESET)
    FLASH_IRQHandler                         0x00000135   Thumb Code     0  startup_ht32f5xxxx_01.o(RESET)
    GPTM0_IRQHandler                         0x00000135   Thumb Code     0  startup_ht32f5xxxx_01.o(RESET)
    GPTM1_IRQHandler                         0x00000135   Thumb Code     0  startup_ht32f5xxxx_01.o(RESET)
    I2C0_IRQHandler                          0x00000135   Thumb Code     0  startup_ht32f5xxxx_01.o(RESET)
    I2C1_IRQHandler                          0x00000135   Thumb Code     0  startup_ht32f5xxxx_01.o(RESET)
    I2C2_IRQHandler                          0x00000135   Thumb Code     0  startup_ht32f5xxxx_01.o(RESET)
    I2S_IRQHandler                           0x00000135   Thumb Code     0  startup_ht32f5xxxx_01.o(RESET)
    LVD_BOD_IRQHandler                       0x00000135   Thumb Code     0  startup_ht32f5xxxx_01.o(RESET)
    MCTM0_IRQHandler                         0x00000135   Thumb Code     0  startup_ht32f5xxxx_01.o(RESET)
    MIDI_IRQHandler                          0x00000135   Thumb Code     0  startup_ht32f5xxxx_01.o(RESET)
    PDMA_CH0_1_IRQHandler                    0x00000135   Thumb Code     0  startup_ht32f5xxxx_01.o(RESET)
    PDMA_CH2_5_IRQHandler                    0x00000135   Thumb Code     0  startup_ht32f5xxxx_01.o(RESET)
    PWM0_IRQHandler                          0x00000135   Thumb Code     0  startup_ht32f5xxxx_01.o(RESET)
    PWM1_IRQHandler                          0x00000135   Thumb Code     0  startup_ht32f5xxxx_01.o(RESET)
    QSPI_IRQHandler                          0x00000135   Thumb Code     0  startup_ht32f5xxxx_01.o(RESET)
    RTC_IRQHandler                           0x00000135   Thumb Code     0  startup_ht32f5xxxx_01.o(RESET)
    SCI_IRQHandler                           0x00000135   Thumb Code     0  startup_ht32f5xxxx_01.o(RESET)
    SCTM0_IRQHandler                         0x00000135   Thumb Code     0  startup_ht32f5xxxx_01.o(RESET)
    SCTM1_IRQHandler                         0x00000135   Thumb Code     0  startup_ht32f5xxxx_01.o(RESET)
    SCTM2_IRQHandler                         0x00000135   Thumb Code     0  startup_ht32f5xxxx_01.o(RESET)
    SCTM3_IRQHandler                         0x00000135   Thumb Code     0  startup_ht32f5xxxx_01.o(RESET)
    SPI0_IRQHandler                          0x00000135   Thumb Code     0  startup_ht32f5xxxx_01.o(RESET)
    SPI1_IRQHandler                          0x00000135   Thumb Code     0  startup_ht32f5xxxx_01.o(RESET)
    UART0_IRQHandler                         0x00000135   Thumb Code     0  startup_ht32f5xxxx_01.o(RESET)
    UART1_IRQHandler                         0x00000135   Thumb Code     0  startup_ht32f5xxxx_01.o(RESET)
    UART2_IRQHandler                         0x00000135   Thumb Code     0  startup_ht32f5xxxx_01.o(RESET)
    UART3_IRQHandler                         0x00000135   Thumb Code     0  startup_ht32f5xxxx_01.o(RESET)
    USB_IRQHandler                           0x00000135   Thumb Code     0  startup_ht32f5xxxx_01.o(RESET)
    __main                                   0x00000165   Thumb Code     0  entry.o(.ARM.Collect$$$$00000000)
    _main_stk                                0x00000165   Thumb Code     0  entry2.o(.ARM.Collect$$$$00000001)
    _main_scatterload                        0x00000169   Thumb Code     0  entry5.o(.ARM.Collect$$$$00000004)
    __main_after_scatterload                 0x0000016d   Thumb Code     0  entry5.o(.ARM.Collect$$$$00000004)
    _main_clock                              0x0000016d   Thumb Code     0  entry7b.o(.ARM.Collect$$$$00000008)
    _main_cpp_init                           0x0000016d   Thumb Code     0  entry8b.o(.ARM.Collect$$$$0000000A)
    _main_init                               0x0000016d   Thumb Code     0  entry9a.o(.ARM.Collect$$$$0000000B)
    __rt_final_cpp                           0x00000175   Thumb Code     0  entry10a.o(.ARM.Collect$$$$0000000D)
    __rt_final_exit                          0x00000175   Thumb Code     0  entry11a.o(.ARM.Collect$$$$0000000F)
    __aeabi_uidiv                            0x00000179   Thumb Code     0  uidiv.o(.text)
    __aeabi_uidivmod                         0x00000179   Thumb Code    44  uidiv.o(.text)
    __scatterload                            0x000001a5   Thumb Code    28  init.o(.text)
    __scatterload_rt2                        0x000001a5   Thumb Code     0  init.o(.text)
    AFIO_GPxConfig                           0x000001c9   Thumb Code    82  ht32f5xxxx_gpio.o(i.AFIO_GPxConfig)
    BFTM0_IRQHandler                         0x00000221   Thumb Code    18  ht32f5xxxx_01_it.o(i.BFTM0_IRQHandler)
    BFTM_ClearFlag                           0x0000023d   Thumb Code    14  ht32f5xxxx_bftm.o(i.BFTM_ClearFlag)
    BFTM_EnaCmd                              0x0000024b   Thumb Code    18  ht32f5xxxx_bftm.o(i.BFTM_EnaCmd)
    BFTM_IntConfig                           0x0000025d   Thumb Code    20  ht32f5xxxx_bftm.o(i.BFTM_IntConfig)
    BFTM_SetCompare                          0x00000271   Thumb Code     4  ht32f5xxxx_bftm.o(i.BFTM_SetCompare)
    BFTM_SetCounter                          0x00000275   Thumb Code     4  ht32f5xxxx_bftm.o(i.BFTM_SetCounter)
    CKCU_GetClocksFrequency                  0x00000279   Thumb Code    98  ht32f5xxxx_ckcu.o(i.CKCU_GetClocksFrequency)
    CKCU_GetPLLFrequency                     0x000002e5   Thumb Code    50  ht32f5xxxx_ckcu.o(i.CKCU_GetPLLFrequency)
    CKCU_GetPeripFrequency                   0x00000321   Thumb Code    48  ht32f5xxxx_ckcu.o(i.CKCU_GetPeripFrequency)
    CKCU_PeripClockConfig                    0x00000355   Thumb Code    34  ht32f5xxxx_ckcu.o(i.CKCU_PeripClockConfig)
    DueMain_main                             0x0000037d   Thumb Code   566  nrf2401_host.o(i.DueMain_main)
    GPIO_DirectionConfig                     0x0000063d   Thumb Code    16  ht32f5xxxx_gpio.o(i.GPIO_DirectionConfig)
    GPIO_InputConfig                         0x0000064d   Thumb Code    16  ht32f5xxxx_gpio.o(i.GPIO_InputConfig)
    GPIO_PullResistorConfig                  0x0000065d   Thumb Code    42  ht32f5xxxx_gpio.o(i.GPIO_PullResistorConfig)
    GPIO_ReadInBit                           0x00000687   Thumb Code    10  ht32f5xxxx_gpio.o(i.GPIO_ReadInBit)
    GPIO_WriteOutBits                        0x00000691   Thumb Code    12  ht32f5xxxx_gpio.o(i.GPIO_WriteOutBits)
    HardFault_Handler                        0x0000069d   Thumb Code    10  ht32f5xxxx_01_it.o(i.HardFault_Handler)
    NMI_Handler                              0x000006ad   Thumb Code     2  ht32f5xxxx_01_it.o(i.NMI_Handler)
    PWRCU_CheckReadyAccessed                 0x000006b1   Thumb Code    30  ht32f5xxxx_pwrcu.o(i.PWRCU_CheckReadyAccessed)
    PendSV_Handler                           0x000006dd   Thumb Code     2  ht32f5xxxx_01_it.o(i.PendSV_Handler)
    SPI_Cmd                                  0x000006df   Thumb Code    20  ht32f5xxxx_spi.o(i.SPI_Cmd)
    SPI_Init                                 0x000006f3   Thumb Code    72  ht32f5xxxx_spi.o(i.SPI_Init)
    SPI_SELOutputCmd                         0x0000073b   Thumb Code    18  ht32f5xxxx_spi.o(i.SPI_SELOutputCmd)
    SVC_Handler                              0x0000074d   Thumb Code     2  ht32f5xxxx_01_it.o(i.SVC_Handler)
    SysTick_Handler                          0x0000074f   Thumb Code     2  ht32f5xxxx_01_it.o(i.SysTick_Handler)
    SystemInit                               0x00000751   Thumb Code   210  system_ht32f5xxxx_01.o(i.SystemInit)
    USART0_IRQHandler                        0x00000839   Thumb Code   126  ht32f5xxxx_01_it.o(i.USART0_IRQHandler)
    USART1_IRQHandler                        0x000008d1   Thumb Code   124  ht32f5xxxx_01_it.o(i.USART1_IRQHandler)
    USART_FIFOReset                          0x00000969   Thumb Code     8  ht32f5xxxx_usart.o(i.USART_FIFOReset)
    USART_GetFlagStatus                      0x00000971   Thumb Code    10  ht32f5xxxx_usart.o(i.USART_GetFlagStatus)
    USART_Init                               0x0000097d   Thumb Code   114  ht32f5xxxx_usart.o(i.USART_Init)
    USART_IntConfig                          0x00000a01   Thumb Code    16  ht32f5xxxx_usart.o(i.USART_IntConfig)
    USART_ReceiveData                        0x00000a11   Thumb Code     6  ht32f5xxxx_usart.o(i.USART_ReceiveData)
    USART_SendData                           0x00000a17   Thumb Code     4  ht32f5xxxx_usart.o(i.USART_SendData)
    USART_TxRxCmd                            0x00000a1b   Thumb Code    20  ht32f5xxxx_usart.o(i.USART_TxRxCmd)
    UnoClient_main                           0x00000a31   Thumb Code   392  nrf2401_host.o(i.UnoClient_main)
    __0sprintf$6                             0x00000c19   Thumb Code    36  printf6.o(i.__0sprintf$6)
    __1sprintf$6                             0x00000c19   Thumb Code     0  printf6.o(i.__0sprintf$6)
    __2sprintf                               0x00000c19   Thumb Code     0  printf6.o(i.__0sprintf$6)
    __ARM_common_switch8                     0x00000c41   Thumb Code    26  ht32f5xxxx_ckcu.o(i.__ARM_common_switch8)
    __scatterload_copy                       0x00000c5b   Thumb Code    14  handlers.o(i.__scatterload_copy)
    __scatterload_null                       0x00000c69   Thumb Code     2  handlers.o(i.__scatterload_null)
    __scatterload_zeroinit                   0x00000c6b   Thumb Code    14  handlers.o(i.__scatterload_zeroinit)
    attenuator_contol                        0x00000fd5   Thumb Code    96  nrf2401_host.o(i.attenuator_contol)
    ce_15us_high_then_low                    0x00001061   Thumb Code    28  nrf2401_host.o(i.ce_15us_high_then_low)
    delay_unit_50us                          0x0000117d   Thumb Code    24  tmr50us.o(i.delay_unit_50us)
    host24L01_process                        0x0000120d   Thumb Code    82  nrf2401_host.o(i.host24L01_process)
    init_softspi                             0x00001269   Thumb Code    66  softspi.o(i.init_softspi)
    main                                     0x000012c9   Thumb Code   424  main.o(i.main)
    rf_ConfigurePipe                         0x000014f9   Thumb Code   104  softspi.o(i.rf_ConfigurePipe)
    rf_FlushBuffer                           0x00001565   Thumb Code    32  softspi.o(i.rf_FlushBuffer)
    rf_GetFifoStatus                         0x00001585   Thumb Code    10  softspi.o(i.rf_GetFifoStatus)
    rf_GetStatus                             0x0000158f   Thumb Code    10  softspi.o(i.rf_GetStatus)
    rf_Init                                  0x00001599   Thumb Code    98  softspi.o(i.rf_Init)
    rf_IsDataAvailable                       0x00001601   Thumb Code   132  softspi.o(i.rf_IsDataAvailable)
    rf_Listen                                0x00001689   Thumb Code    32  softspi.o(i.rf_Listen)
    rf_PowerUp                               0x000016ad   Thumb Code    26  softspi.o(i.rf_PowerUp)
    rf_ReadRegister                          0x000016cd   Thumb Code    16  softspi.o(i.rf_ReadRegister)
    rf_ReceiveData                           0x000016dd   Thumb Code    52  softspi.o(i.rf_ReceiveData)
    rf_ResetStatus                           0x00001711   Thumb Code    42  softspi.o(i.rf_ResetStatus)
    rf_SendAckPayload                        0x0000173b   Thumb Code    76  softspi.o(i.rf_SendAckPayload)
    rf_SendCmdBuffer                         0x00001787   Thumb Code    58  softspi.o(i.rf_SendCmdBuffer)
    rf_SendCmdMasked                         0x000017c1   Thumb Code    26  softspi.o(i.rf_SendCmdMasked)
    rf_SendCmd_1                             0x000017db   Thumb Code    14  softspi.o(i.rf_SendCmd_1)
    rf_SendCmd_2                             0x000017e9   Thumb Code    28  softspi.o(i.rf_SendCmd_2)
    rf_SendData                              0x00001805   Thumb Code   126  softspi.o(i.rf_SendData)
    rf_SetAddressWidth                       0x00001889   Thumb Code    30  softspi.o(i.rf_SetAddressWidth)
    rf_SetCRC                                0x000018a7   Thumb Code    28  softspi.o(i.rf_SetCRC)
    rf_SetDataRate                           0x000018c3   Thumb Code    34  softspi.o(i.rf_SetDataRate)
    rf_SetPipeAddress                        0x000018e5   Thumb Code    62  softspi.o(i.rf_SetPipeAddress)
    rf_SetRetryCount                         0x00001929   Thumb Code    14  softspi.o(i.rf_SetRetryCount)
    rf_SetRetryDelay                         0x00001937   Thumb Code    16  softspi.o(i.rf_SetRetryDelay)
    spi_Read                                 0x00001949   Thumb Code    58  softspi.o(i.spi_Read)
    spi_SetCEState                           0x00001989   Thumb Code    24  softspi.o(i.spi_SetCEState)
    spi_TransferData                         0x000019a5   Thumb Code    16  softspi.o(i.spi_TransferData)
    spi_Write                                0x000019b9   Thumb Code    60  softspi.o(i.spi_Write)
    tmr50usGetCurrentTicks                   0x000019f9   Thumb Code     6  tmr50us.o(i.tmr50usGetCurrentTicks)
    tmr50usIsExpired                         0x00001a05   Thumb Code    20  tmr50us.o(i.tmr50usIsExpired)
    uart_getcmd                              0x00001a1d   Thumb Code   106  usart.o(i.uart_getcmd)
    uart_putchar                             0x00001a95   Thumb Code   122  usart.o(i.uart_putchar)
    uart_putchar_n                           0x00001b21   Thumb Code    20  usart.o(i.uart_putchar_n)
    uart_puts                                0x00001b35   Thumb Code    20  usart.o(i.uart_puts)
    uart_putu16                              0x00001b49   Thumb Code    32  usart.o(i.uart_putu16)
    uart_putu8                               0x00001b69   Thumb Code    18  usart.o(i.uart_putu8)
    pipe0_addr                               0x00001b7a   Data           5  nrf2401_host.o(.constdata)
    pipe1_addr                               0x00001b7f   Data           5  nrf2401_host.o(.constdata)
    pipe2_addr                               0x00001b84   Data           5  nrf2401_host.o(.constdata)
    pipe3_addr                               0x00001b89   Data           5  nrf2401_host.o(.constdata)
    pipe4_addr                               0x00001b8e   Data           5  nrf2401_host.o(.constdata)
    pipe5_addr                               0x00001b93   Data           5  nrf2401_host.o(.constdata)
    Region$$Table$$Base                      0x00001b98   Number         0  anon$$obj.o(Region$$Table)
    Region$$Table$$Limit                     0x00001bb8   Number         0  anon$$obj.o(Region$$Table)
    _pipes                                   0x20000025   Data          36  softspi.o(.data)
    tmr50us_current_ticks                    0x2000004c   Data           4  tmr50us.o(.data)
    UART_SEL                                 0x20000050   Data           1  usart.o(.data)
    UR0TxReadIndex                           0x20000054   Data           4  usart.o(.data)
    UR0TxWriteIndex                          0x20000058   Data           4  usart.o(.data)
    UR1TxReadIndex                           0x2000005c   Data           4  usart.o(.data)
    UR1TxWriteIndex                          0x20000060   Data           4  usart.o(.data)
    UR1RxReadIndex                           0x20000064   Data           4  usart.o(.data)
    UR1RxWriteIndex                          0x20000068   Data           4  usart.o(.data)
    UR0RxReadIndex                           0x20000074   Data           4  usart.o(.data)
    UR0RxWriteIndex                          0x20000078   Data           4  usart.o(.data)
    SystemCoreClock                          0x2000007c   Data           4  system_ht32f5xxxx_01.o(.data)
    buf                                      0x2000008c   Data          32  nrf2401_host.o(.bss)
    str2                                     0x200000ac   Data         256  nrf2401_host.o(.bss)
    UR0TxBuf                                 0x200001ac   Data         256  usart.o(.bss)
    UR1TxBuf                                 0x200002ac   Data         256  usart.o(.bss)
    UR1RxBuf                                 0x200003ac   Data         256  usart.o(.bss)
    UR0RxBuf                                 0x200004ac   Data         256  usart.o(.bss)
    __HT_check_sp                            0x200005b0   Data           0  startup_ht32f5xxxx_01.o(STACK)
    __initial_sp                             0x200007b0   Data           0  startup_ht32f5xxxx_01.o(STACK)



==============================================================================

Memory Map of the image

  Image Entry point : 0x000000c1

  Load Region LR_1 (Base: 0x00000000, Size: 0x00001c38, Max: 0xffffffff, ABSOLUTE)

    Execution Region ER_RO (Exec base: 0x00000000, Load base: 0x00000000, Size: 0x00001bb8, Max: 0xffffffff, ABSOLUTE)

    Exec Addr    Load Addr    Size         Type   Attr      Idx    E Section Name        Object

    0x00000000   0x00000000   0x00000164   Code   RO          699  * RESET               startup_ht32f5xxxx_01.o
    0x00000164   0x00000164   0x00000000   Code   RO         4167  * .ARM.Collect$$$$00000000  mc_p.l(entry.o)
    0x00000164   0x00000164   0x00000004   Code   RO         4433    .ARM.Collect$$$$00000001  mc_p.l(entry2.o)
    0x00000168   0x00000168   0x00000004   Code   RO         4436    .ARM.Collect$$$$00000004  mc_p.l(entry5.o)
    0x0000016c   0x0000016c   0x00000000   Code   RO         4438    .ARM.Collect$$$$00000008  mc_p.l(entry7b.o)
    0x0000016c   0x0000016c   0x00000000   Code   RO         4440    .ARM.Collect$$$$0000000A  mc_p.l(entry8b.o)
    0x0000016c   0x0000016c   0x00000008   Code   RO         4441    .ARM.Collect$$$$0000000B  mc_p.l(entry9a.o)
    0x00000174   0x00000174   0x00000000   Code   RO         4443    .ARM.Collect$$$$0000000D  mc_p.l(entry10a.o)
    0x00000174   0x00000174   0x00000000   Code   RO         4445    .ARM.Collect$$$$0000000F  mc_p.l(entry11a.o)
    0x00000174   0x00000174   0x00000004   Code   RO         4434    .ARM.Collect$$$$00002712  mc_p.l(entry2.o)
    0x00000178   0x00000178   0x0000002c   Code   RO         4170    .text               mc_p.l(uidiv.o)
    0x000001a4   0x000001a4   0x00000024   Code   RO         4460    .text               mc_p.l(init.o)
    0x000001c8   0x000001c8   0x00000058   Code   RO         1666    i.AFIO_GPxConfig    ht32f5xxxx_gpio.o
    0x00000220   0x00000220   0x0000001c   Code   RO          188    i.BFTM0_IRQHandler  ht32f5xxxx_01_it.o
    0x0000023c   0x0000023c   0x0000000e   Code   RO         1007    i.BFTM_ClearFlag    ht32f5xxxx_bftm.o
    0x0000024a   0x0000024a   0x00000012   Code   RO         1009    i.BFTM_EnaCmd       ht32f5xxxx_bftm.o
    0x0000025c   0x0000025c   0x00000014   Code   RO         1013    i.BFTM_IntConfig    ht32f5xxxx_bftm.o
    0x00000270   0x00000270   0x00000004   Code   RO         1015    i.BFTM_SetCompare   ht32f5xxxx_bftm.o
    0x00000274   0x00000274   0x00000004   Code   RO         1016    i.BFTM_SetCounter   ht32f5xxxx_bftm.o
    0x00000278   0x00000278   0x0000006c   Code   RO         1090    i.CKCU_GetClocksFrequency  ht32f5xxxx_ckcu.o
    0x000002e4   0x000002e4   0x0000003c   Code   RO         1092    i.CKCU_GetPLLFrequency  ht32f5xxxx_ckcu.o
    0x00000320   0x00000320   0x00000034   Code   RO         1093    i.CKCU_GetPeripFrequency  ht32f5xxxx_ckcu.o
    0x00000354   0x00000354   0x00000028   Code   RO         1108    i.CKCU_PeripClockConfig  ht32f5xxxx_ckcu.o
    0x0000037c   0x0000037c   0x000002c0   Code   RO          282    i.DueMain_main      nrf2401_host.o
    0x0000063c   0x0000063c   0x00000010   Code   RO         1669    i.GPIO_DirectionConfig  ht32f5xxxx_gpio.o
    0x0000064c   0x0000064c   0x00000010   Code   RO         1672    i.GPIO_InputConfig  ht32f5xxxx_gpio.o
    0x0000065c   0x0000065c   0x0000002a   Code   RO         1677    i.GPIO_PullResistorConfig  ht32f5xxxx_gpio.o
    0x00000686   0x00000686   0x0000000a   Code   RO         1678    i.GPIO_ReadInBit    ht32f5xxxx_gpio.o
    0x00000690   0x00000690   0x0000000c   Code   RO         1683    i.GPIO_WriteOutBits  ht32f5xxxx_gpio.o
    0x0000069c   0x0000069c   0x00000010   Code   RO          191    i.HardFault_Handler  ht32f5xxxx_01_it.o
    0x000006ac   0x000006ac   0x00000002   Code   RO          193    i.NMI_Handler       ht32f5xxxx_01_it.o
    0x000006ae   0x000006ae   0x00000002   PAD
    0x000006b0   0x000006b0   0x0000002c   Code   RO         2204    i.PWRCU_CheckReadyAccessed  ht32f5xxxx_pwrcu.o
    0x000006dc   0x000006dc   0x00000002   Code   RO          194    i.PendSV_Handler    ht32f5xxxx_01_it.o
    0x000006de   0x000006de   0x00000014   Code   RO         2653    i.SPI_Cmd           ht32f5xxxx_spi.o
    0x000006f2   0x000006f2   0x00000048   Code   RO         2662    i.SPI_Init          ht32f5xxxx_spi.o
    0x0000073a   0x0000073a   0x00000012   Code   RO         2668    i.SPI_SELOutputCmd  ht32f5xxxx_spi.o
    0x0000074c   0x0000074c   0x00000002   Code   RO          195    i.SVC_Handler       ht32f5xxxx_01_it.o
    0x0000074e   0x0000074e   0x00000002   Code   RO          196    i.SysTick_Handler   ht32f5xxxx_01_it.o
    0x00000750   0x00000750   0x000000e8   Code   RO          665    i.SystemInit        system_ht32f5xxxx_01.o
    0x00000838   0x00000838   0x00000098   Code   RO          197    i.USART0_IRQHandler  ht32f5xxxx_01_it.o
    0x000008d0   0x000008d0   0x00000098   Code   RO          198    i.USART1_IRQHandler  ht32f5xxxx_01_it.o
    0x00000968   0x00000968   0x00000008   Code   RO         3120    i.USART_FIFOReset   ht32f5xxxx_usart.o
    0x00000970   0x00000970   0x0000000a   Code   RO         3123    i.USART_GetFlagStatus  ht32f5xxxx_usart.o
    0x0000097a   0x0000097a   0x00000002   PAD
    0x0000097c   0x0000097c   0x00000084   Code   RO         3125    i.USART_Init        ht32f5xxxx_usart.o
    0x00000a00   0x00000a00   0x00000010   Code   RO         3126    i.USART_IntConfig   ht32f5xxxx_usart.o
    0x00000a10   0x00000a10   0x00000006   Code   RO         3135    i.USART_ReceiveData  ht32f5xxxx_usart.o
    0x00000a16   0x00000a16   0x00000004   Code   RO         3136    i.USART_SendData    ht32f5xxxx_usart.o
    0x00000a1a   0x00000a1a   0x00000014   Code   RO         3147    i.USART_TxRxCmd     ht32f5xxxx_usart.o
    0x00000a2e   0x00000a2e   0x00000002   PAD
    0x00000a30   0x00000a30   0x000001e8   Code   RO          283    i.UnoClient_main    nrf2401_host.o
    0x00000c18   0x00000c18   0x00000028   Code   RO         4329    i.__0sprintf$6      mc_p.l(printf6.o)
    0x00000c40   0x00000c40   0x0000001a   Code   RO         1281    i.__ARM_common_switch8  ht32f5xxxx_ckcu.o
    0x00000c5a   0x00000c5a   0x0000000e   Code   RO         4474    i.__scatterload_copy  mc_p.l(handlers.o)
    0x00000c68   0x00000c68   0x00000002   Code   RO         4475    i.__scatterload_null  mc_p.l(handlers.o)
    0x00000c6a   0x00000c6a   0x0000000e   Code   RO         4476    i.__scatterload_zeroinit  mc_p.l(handlers.o)
    0x00000c78   0x00000c78   0x00000304   Code   RO         4334    i._printf_core      mc_p.l(printf6.o)
    0x00000f7c   0x00000f7c   0x00000020   Code   RO         4335    i._printf_post_padding  mc_p.l(printf6.o)
    0x00000f9c   0x00000f9c   0x0000002c   Code   RO         4336    i._printf_pre_padding  mc_p.l(printf6.o)
    0x00000fc8   0x00000fc8   0x0000000a   Code   RO         4338    i._sputc            mc_p.l(printf6.o)
    0x00000fd2   0x00000fd2   0x00000002   PAD
    0x00000fd4   0x00000fd4   0x0000008c   Code   RO          284    i.attenuator_contol  nrf2401_host.o
    0x00001060   0x00001060   0x0000001c   Code   RO          285    i.ce_15us_high_then_low  nrf2401_host.o
    0x0000107c   0x0000107c   0x00000064   Code   RO          287    i.debug_rxpackets_from_prx_not_consecutive  nrf2401_host.o
    0x000010e0   0x000010e0   0x0000009c   Code   RO          288    i.debug_rxpackets_from_ptx_not_consecutive  nrf2401_host.o
    0x0000117c   0x0000117c   0x0000001c   Code   RO          562    i.delay_unit_50us   tmr50us.o
    0x00001198   0x00001198   0x00000074   Code   RO          289    i.foo_ptx_print_count_send  nrf2401_host.o
    0x0000120c   0x0000120c   0x0000005c   Code   RO          290    i.host24L01_process  nrf2401_host.o
    0x00001268   0x00001268   0x00000048   Code   RO          363    i.init_softspi      softspi.o
    0x000012b0   0x000012b0   0x00000016   Code   RO          599    i.lownibble_to_ascii  usart.o
    0x000012c6   0x000012c6   0x00000002   PAD
    0x000012c8   0x000012c8   0x000001d0   Code   RO            3    i.main              main.o
    0x00001498   0x00001498   0x00000060   Code   RO          291    i.rewrite_syncID    nrf2401_host.o
    0x000014f8   0x000014f8   0x0000006c   Code   RO          364    i.rf_ConfigurePipe  softspi.o
    0x00001564   0x00001564   0x00000020   Code   RO          365    i.rf_FlushBuffer    softspi.o
    0x00001584   0x00001584   0x0000000a   Code   RO          366    i.rf_GetFifoStatus  softspi.o
    0x0000158e   0x0000158e   0x0000000a   Code   RO          367    i.rf_GetStatus      softspi.o
    0x00001598   0x00001598   0x00000068   Code   RO          368    i.rf_Init           softspi.o
    0x00001600   0x00001600   0x00000088   Code   RO          369    i.rf_IsDataAvailable  softspi.o
    0x00001688   0x00001688   0x00000024   Code   RO          370    i.rf_Listen         softspi.o
    0x000016ac   0x000016ac   0x00000020   Code   RO          372    i.rf_PowerUp        softspi.o
    0x000016cc   0x000016cc   0x00000010   Code   RO          374    i.rf_ReadRegister   softspi.o
    0x000016dc   0x000016dc   0x00000034   Code   RO          375    i.rf_ReceiveData    softspi.o
    0x00001710   0x00001710   0x0000002a   Code   RO          376    i.rf_ResetStatus    softspi.o
    0x0000173a   0x0000173a   0x0000004c   Code   RO          377    i.rf_SendAckPayload  softspi.o
    0x00001786   0x00001786   0x0000003a   Code   RO          378    i.rf_SendCmdBuffer  softspi.o
    0x000017c0   0x000017c0   0x0000001a   Code   RO          379    i.rf_SendCmdMasked  softspi.o
    0x000017da   0x000017da   0x0000000e   Code   RO          380    i.rf_SendCmd_1      softspi.o
    0x000017e8   0x000017e8   0x0000001c   Code   RO          381    i.rf_SendCmd_2      softspi.o
    0x00001804   0x00001804   0x00000084   Code   RO          382    i.rf_SendData       softspi.o
    0x00001888   0x00001888   0x0000001e   Code   RO          383    i.rf_SetAddressWidth  softspi.o
    0x000018a6   0x000018a6   0x0000001c   Code   RO          384    i.rf_SetCRC         softspi.o
    0x000018c2   0x000018c2   0x00000022   Code   RO          385    i.rf_SetDataRate    softspi.o
    0x000018e4   0x000018e4   0x00000044   Code   RO          386    i.rf_SetPipeAddress  softspi.o
    0x00001928   0x00001928   0x0000000e   Code   RO          387    i.rf_SetRetryCount  softspi.o
    0x00001936   0x00001936   0x00000010   Code   RO          388    i.rf_SetRetryDelay  softspi.o
    0x00001946   0x00001946   0x00000002   PAD
    0x00001948   0x00001948   0x00000040   Code   RO          391    i.spi_Read          softspi.o
    0x00001988   0x00001988   0x0000001c   Code   RO          392    i.spi_SetCEState    softspi.o
    0x000019a4   0x000019a4   0x00000014   Code   RO          393    i.spi_TransferData  softspi.o
    0x000019b8   0x000019b8   0x00000040   Code   RO          394    i.spi_Write         softspi.o
    0x000019f8   0x000019f8   0x0000000c   Code   RO          563    i.tmr50usGetCurrentTicks  tmr50us.o
    0x00001a04   0x00001a04   0x00000018   Code   RO          564    i.tmr50usIsExpired  tmr50us.o
    0x00001a1c   0x00001a1c   0x00000078   Code   RO          600    i.uart_getcmd       usart.o
    0x00001a94   0x00001a94   0x0000008c   Code   RO          601    i.uart_putchar      usart.o
    0x00001b20   0x00001b20   0x00000014   Code   RO          602    i.uart_putchar_n    usart.o
    0x00001b34   0x00001b34   0x00000014   Code   RO          603    i.uart_puts         usart.o
    0x00001b48   0x00001b48   0x00000020   Code   RO          604    i.uart_putu16       usart.o
    0x00001b68   0x00001b68   0x00000012   Code   RO          605    i.uart_putu8        usart.o
    0x00001b7a   0x00001b7a   0x0000001e   Data   RO          293    .constdata          nrf2401_host.o
    0x00001b98   0x00001b98   0x00000020   Data   RO         4472    Region$$Table       anon$$obj.o


    Execution Region ER_RW (Exec base: 0x20000000, Load base: 0x00001bb8, Size: 0x00000080, Max: 0xffffffff, ABSOLUTE)

    Exec Addr    Load Addr    Size         Type   Attr      Idx    E Section Name        Object

    0x20000000   0x00001bb8   0x00000004   Data   RW          200    .data               ht32f5xxxx_01_it.o
    0x20000004   0x00001bbc   0x0000001c   Data   RW          294    .data               nrf2401_host.o
    0x20000020   0x00001bd8   0x00000029   Data   RW          395    .data               softspi.o
    0x20000049   0x00001c01   0x00000003   PAD
    0x2000004c   0x00001c04   0x00000004   Data   RW          565    .data               tmr50us.o
    0x20000050   0x00001c08   0x00000024   Data   RW          608    .data               usart.o
    0x20000074   0x00001c2c   0x00000004   Data   RW          609    .data               usart.o
    0x20000078   0x00001c30   0x00000004   Data   RW          610    .data               usart.o
    0x2000007c   0x00001c34   0x00000004   Data   RW          666    .data               system_ht32f5xxxx_01.o


    Execution Region ER_ZI (Exec base: 0x20000080, Load base: 0x00001c38, Size: 0x00000730, Max: 0xffffffff, ABSOLUTE)

    Exec Addr    Load Addr    Size         Type   Attr      Idx    E Section Name        Object

    0x20000080        -       0x0000012c   Zero   RW          292    .bss                nrf2401_host.o
    0x200001ac        -       0x00000300   Zero   RW          606    .bss                usart.o
    0x200004ac        -       0x00000100   Zero   RW          607    .bss                usart.o
    0x200005ac   0x00001c38   0x00000004   PAD
    0x200005b0        -       0x00000200   Zero   RW          697    STACK               startup_ht32f5xxxx_01.o


==============================================================================

Image component sizes


      Code (inc. data)   RO Data    RW Data    ZI Data      Debug   Object Name

       356         70          0          4          0       4050   ht32f5xxxx_01_it.o
        60          0          0          0          0       3572   ht32f5xxxx_bftm.o
       286         40          0          0          0      12032   ht32f5xxxx_ckcu.o
       184          6          0          0          0       9482   ht32f5xxxx_gpio.o
        44         14          0          0          0       3511   ht32f5xxxx_pwrcu.o
       110          0          0          0          0       8492   ht32f5xxxx_spi.o
       196         18          0          0          0      13112   ht32f5xxxx_usart.o
       464         40          0          0          0      47251   main.o
      1920        414         30         28        300      11629   nrf2401_host.o
      1350         60          0         41          0      18343   softspi.o
       356        238          0          0        512        736   startup_ht32f5xxxx_01.o
       232         22          0          4          0       1975   system_ht32f5xxxx_01.o
        64         14          0          4          0       2436   tmr50us.o
       372         32          0         44       1024       5144   usart.o

    ----------------------------------------------------------------------
      6004        968         62        128       1840     141765   Object Totals
         0          0         32          0          0          0   (incl. Generated)
        10          0          0          3          4          0   (incl. Padding)

    ----------------------------------------------------------------------

      Code (inc. data)   RO Data    RW Data    ZI Data      Debug   Library Member Name

         0          0          0          0          0          0   entry.o
         0          0          0          0          0          0   entry10a.o
         0          0          0          0          0          0   entry11a.o
         8          4          0          0          0          0   entry2.o
         4          0          0          0          0          0   entry5.o
         0          0          0          0          0          0   entry7b.o
         0          0          0          0          0          0   entry8b.o
         8          4          0          0          0          0   entry9a.o
        30          0          0          0          0          0   handlers.o
        36          8          0          0          0         68   init.o
       898          8          0          0          0        384   printf6.o
        44          0          0          0          0         72   uidiv.o

    ----------------------------------------------------------------------
      1030         24          0          0          0        524   Library Totals
         2          0          0          0          0          0   (incl. Padding)

    ----------------------------------------------------------------------

      Code (inc. data)   RO Data    RW Data    ZI Data      Debug   Library Name

      1028         24          0          0          0        524   mc_p.l

    ----------------------------------------------------------------------
      1030         24          0          0          0        524   Library Totals

    ----------------------------------------------------------------------

==============================================================================


      Code (inc. data)   RO Data    RW Data    ZI Data      Debug   

      7034        992         62        128       1840     138745   Grand Totals
      7034        992         62        128       1840     138745   ELF Image Totals
      7034        992         62        128          0          0   ROM Totals

==============================================================================

    Total RO  Size (Code + RO Data)                 7096 (   6.93kB)
    Total RW  Size (RW Data + ZI Data)              1968 (   1.92kB)
    Total ROM Size (Code + RO Data + RW Data)       7224 (   7.05kB)

==============================================================================

