<html>
<body>
<pre>
<h1>µVision Build Log</h1>
<h2>Tool Versions:</h2>
IDE-Version: £gVision V5.28.0.0
Copyright (C) 2019 ARM Ltd and ARM Germany GmbH. All rights reserved.
License Information: sean chang, holtek, LIC=----
 
Tool Versions:
Toolchain:       MDK-Lite  Version: 5.28.0.0
Toolchain Path:  C:\Keil_v5\ARM\ARMCC\Bin
C Compiler:      Armcc.exe V5.06 update 6 (build 750)
Assembler:       Armasm.exe V5.06 update 6 (build 750)
Linker/Locator:  ArmLink.exe V5.06 update 6 (build 750)
Library Manager: ArmAr.exe V5.06 update 6 (build 750)
Hex Converter:   FromElf.exe V5.06 update 6 (build 750)
CPU DLL:         SARMCM3.DLL V5.28.0.0
Dialog DLL:      DLM.DLL V1.26.0.0
Target DLL:      CMSIS_AGDI.dll V1.31.18.0
Dialog DLL:      TLM.DLL V1.24.0.0
 
<h2>Project:</h2>
D:\code\gitCode\1656_5603with12366_nrf24\ht32f12366\nrf24L01\test_with_5603\2310016(enaa=1,dpl=1)(Âù¦V)(hardware,4-wireSPI)1000packetsdiff\MDK_ARMv5\Project_12366.uvprojx
Project File Date:  09/21/2022

<h2>Output:</h2>
*** Using Compiler 'V5.06 update 6 (build 750)', folder: 'C:\Keil_v5\ARM\ARMCC\Bin'
Build target 'HT32'
compiling main.c...
compiling softspi.c...
compiling nrf2401_host.c...
..\nrf2401_host.c(316): warning:  #177-D: variable "rrr"  was declared but never referenced
      u8 status7, rrr;
..\nrf2401_host.c(83): warning:  #177-D: function "GPIO_IRQ_IS_SET"  was declared but never referenced
  static bool GPIO_IRQ_IS_SET(void)
..\nrf2401_host.c(308): warning:  #177-D: function "ce_keep_high"  was declared but never referenced
  static void ce_keep_high(void)
..\nrf2401_host.c: 3 warnings, 0 errors
linking...
Program Size: Code=5848 RO-data=64 RW-data=96 ZI-data=2864  
FromELF: creating hex file...
After Build - User command #1: fromelf --bin -o ".\HT32\12366\Obj\HT32.axf.bin" ".\HT32\12366\Obj\HT32.axf"
".\HT32\12366\Obj\HT32.axf" - 0 Error(s), 3 Warning(s).

<h2>Software Packages used:</h2>

Package Vendor: Holtek
                http://mcu.holtek.com.tw/pack/Holtek.HT32_DFP.1.0.18.pack
                Holtek.HT32_DFP.1.0.18
                Holtek HT32 Family Support

<h2>Collection of Component include folders:</h2>
  .\RTE\_HT32
  C:\Keil_v5\ARM\PACK\Holtek\HT32_DFP\1.0.18\ARM\INC\Holtek\HT32F1xxxx

<h2>Collection of Component Files used:</h2>
Build Time Elapsed:  00:00:04
</pre>
</body>
</html>
