Component: ARM Compiler 5.06 update 6 (build 750) Tool: armlink [4d35ed]

==============================================================================

Section Cross References

    main.o(i.main) refers to ht32f1xxxx_ckcu.o(i.CKCU_PeripClockConfig) for CKCU_PeripClockConfig
    main.o(i.main) refers to ht32f1xxxx_pwrcu.o(i.PWRCU_CheckReadyAccessed) for PWRCU_CheckReadyAccessed
    main.o(i.main) refers to ht32f1xxxx_bftm.o(i.BFTM_SetCompare) for BFTM_SetCompare
    main.o(i.main) refers to ht32f1xxxx_bftm.o(i.BFTM_SetCounter) for BFTM_SetCounter
    main.o(i.main) refers to ht32f1xxxx_bftm.o(i.BFTM_IntConfig) for BFTM_IntConfig
    main.o(i.main) refers to ht32f1xxxx_bftm.o(i.BFTM_EnaCmd) for BFTM_EnaCmd
    main.o(i.main) refers to main.o(i.NVIC_EnableIRQ) for NVIC_EnableIRQ
    main.o(i.main) refers to ht32f1xxxx_gpio.o(i.GPIO_PullResistorConfig) for GPIO_PullResistorConfig
    main.o(i.main) refers to ht32f1xxxx_gpio.o(i.AFIO_GPxConfig) for AFIO_GPxConfig
    main.o(i.main) refers to ht32f1xxxx_spi.o(i.SPI_Init) for SPI_Init
    main.o(i.main) refers to ht32f1xxxx_spi.o(i.SPI_SELOutputCmd) for SPI_SELOutputCmd
    main.o(i.main) refers to ht32f1xxxx_spi.o(i.SPI_Cmd) for SPI_Cmd
    main.o(i.main) refers to ht32f1xxxx_usart.o(i.USART_Init) for USART_Init
    main.o(i.main) refers to ht32f1xxxx_usart.o(i.USART_FIFOReset) for USART_FIFOReset
    main.o(i.main) refers to ht32f1xxxx_usart.o(i.USART_IntConfig) for USART_IntConfig
    main.o(i.main) refers to ht32f1xxxx_usart.o(i.USART_TxRxCmd) for USART_TxRxCmd
    main.o(i.main) refers to ht32f1xxxx_gpio.o(i.GPIO_DirectionConfig) for GPIO_DirectionConfig
    main.o(i.main) refers to bc5602_host.o(i.host5602_process) for host5602_process
    main.o(i.main) refers to system_ht32f1xxxx_02.o(.data) for SystemCoreClock
    ht32f1xxxx_01_it.o(i.BFTM0_IRQHandler) refers to ht32f1xxxx_bftm.o(i.BFTM_ClearFlag) for BFTM_ClearFlag
    ht32f1xxxx_01_it.o(i.BFTM0_IRQHandler) refers to tmr50us.o(.data) for tmr50us_current_ticks
    ht32f1xxxx_01_it.o(i.HardFault_Handler) refers to ht32f1xxxx_01_it.o(.data) for .data
    ht32f1xxxx_01_it.o(i.USART0_IRQHandler) refers to ht32f1xxxx_usart.o(i.USART_GetFlagStatus) for USART_GetFlagStatus
    ht32f1xxxx_01_it.o(i.USART0_IRQHandler) refers to ht32f1xxxx_usart.o(i.USART_IntConfig) for USART_IntConfig
    ht32f1xxxx_01_it.o(i.USART0_IRQHandler) refers to ht32f1xxxx_usart.o(i.USART_SendData) for USART_SendData
    ht32f1xxxx_01_it.o(i.USART0_IRQHandler) refers to ht32f1xxxx_usart.o(i.USART_ReceiveData) for USART_ReceiveData
    ht32f1xxxx_01_it.o(i.USART0_IRQHandler) refers to usart.o(.data) for UR0TxWriteIndex
    ht32f1xxxx_01_it.o(i.USART0_IRQHandler) refers to usart.o(.bss) for UR0TxBuf
    ht32f1xxxx_01_it.o(i.USART0_IRQHandler) refers to usart.o(.data) for UR0RxWriteIndex
    ht32f1xxxx_01_it.o(i.USART0_IRQHandler) refers to usart.o(.data) for UR0RxReadIndex
    ht32f1xxxx_01_it.o(i.USART0_IRQHandler) refers to usart.o(.bss) for UR0RxBuf
    usart.o(i.lownibble_to_ascii) refers to usart.o(i.uart_putchar) for uart_putchar
    usart.o(i.uart_putchar) refers to ht32f1xxxx_usart.o(i.USART_IntConfig) for USART_IntConfig
    usart.o(i.uart_putchar) refers to usart.o(.data) for .data
    usart.o(i.uart_putchar) refers to usart.o(.bss) for .bss
    usart.o(i.uart_putchar_n) refers to usart.o(i.uart_putchar) for uart_putchar
    usart.o(i.uart_puts) refers to usart.o(i.uart_putchar) for uart_putchar
    usart.o(i.uart_putu16) refers to usart.o(i.lownibble_to_ascii) for lownibble_to_ascii
    usart.o(i.uart_putu32) refers to usart.o(i.lownibble_to_ascii) for lownibble_to_ascii
    usart.o(i.uart_putu8) refers to usart.o(i.lownibble_to_ascii) for lownibble_to_ascii
    tmr50us.o(i.delay_unit_50us) refers to tmr50us.o(i.tmr50usIsExpired) for tmr50usIsExpired
    tmr50us.o(i.delay_unit_50us) refers to tmr50us.o(.data) for .data
    tmr50us.o(i.tmr50usGetCurrentTicks) refers to tmr50us.o(.data) for .data
    tmr50us.o(i.tmr50usIsExpired) refers to tmr50us.o(.data) for .data
    softspi.o(i.SPI_SDIO_INPUT_MDOE) refers to ht32f1xxxx_gpio.o(i.AFIO_GPxConfig) for AFIO_GPxConfig
    softspi.o(i.SPI_SDIO_INPUT_MDOE) refers to ht32f1xxxx_gpio.o(i.GPIO_DirectionConfig) for GPIO_DirectionConfig
    softspi.o(i.SPI_SDIO_INPUT_MDOE) refers to ht32f1xxxx_gpio.o(i.GPIO_PullResistorConfig) for GPIO_PullResistorConfig
    softspi.o(i.SPI_SDIO_INPUT_MDOE) refers to ht32f1xxxx_gpio.o(i.GPIO_InputConfig) for GPIO_InputConfig
    softspi.o(i.SPI_SDIO_INPUT_MDOE) refers to ht32f1xxxx_gpio.o(i.GPIO_WriteOutBits) for GPIO_WriteOutBits
    softspi.o(i.SPI_SDIO_OUTPUT_MDOE) refers to ht32f1xxxx_gpio.o(i.AFIO_GPxConfig) for AFIO_GPxConfig
    softspi.o(i.SPI_SDIO_OUTPUT_MDOE) refers to ht32f1xxxx_gpio.o(i.GPIO_DirectionConfig) for GPIO_DirectionConfig
    softspi.o(i.SPI_SDIO_OUTPUT_MDOE) refers to ht32f1xxxx_gpio.o(i.GPIO_WriteOutBits) for GPIO_WriteOutBits
[...]
    Removing ht32f1xxxx_pdma.o(i.PDMA_TranSizeConfig), (24 bytes).
    Removing ht32f1xxxx_pwrcu.o(.rev16_text), (4 bytes).
    Removing ht32f1xxxx_pwrcu.o(.revsh_text), (4 bytes).
    Removing ht32f1xxxx_pwrcu.o(.rrx_text), (6 bytes).
    Removing ht32f1xxxx_pwrcu.o(i.PWRCU_BODCmd), (12 bytes).
    Removing ht32f1xxxx_pwrcu.o(i.PWRCU_BODRISConfig), (12 bytes).
    Removing ht32f1xxxx_pwrcu.o(i.PWRCU_DMOSCmd), (24 bytes).
    Removing ht32f1xxxx_pwrcu.o(i.PWRCU_DeInit), (32 bytes).
    Removing ht32f1xxxx_pwrcu.o(i.PWRCU_DeepSleep1), (68 bytes).
    Removing ht32f1xxxx_pwrcu.o(i.PWRCU_DeepSleep2), (80 bytes).
    Removing ht32f1xxxx_pwrcu.o(i.PWRCU_GetBODFlagStatus), (16 bytes).
    Removing ht32f1xxxx_pwrcu.o(i.PWRCU_GetDMOSStatus), (36 bytes).
    Removing ht32f1xxxx_pwrcu.o(i.PWRCU_GetFlagStatus), (28 bytes).
    Removing ht32f1xxxx_pwrcu.o(i.PWRCU_GetLVDFlagStatus), (16 bytes).
    Removing ht32f1xxxx_pwrcu.o(i.PWRCU_HSIReadyCounterBitLengthConfig), (12 bytes).
    Removing ht32f1xxxx_pwrcu.o(i.PWRCU_LDOConfig), (16 bytes).
    Removing ht32f1xxxx_pwrcu.o(i.PWRCU_LVDCmd), (12 bytes).
    Removing ht32f1xxxx_pwrcu.o(i.PWRCU_LVDEventWakeupConfig), (12 bytes).
    Removing ht32f1xxxx_pwrcu.o(i.PWRCU_LVDIntWakeupConfig), (12 bytes).
    Removing ht32f1xxxx_pwrcu.o(i.PWRCU_PowerDown), (120 bytes).
    Removing ht32f1xxxx_pwrcu.o(i.PWRCU_ReadBackupRegister), (16 bytes).
    Removing ht32f1xxxx_pwrcu.o(i.PWRCU_SetLDOFTRM), (24 bytes).
    Removing ht32f1xxxx_pwrcu.o(i.PWRCU_SetLVDS), (24 bytes).
    Removing ht32f1xxxx_pwrcu.o(i.PWRCU_Sleep), (24 bytes).
    Removing ht32f1xxxx_pwrcu.o(i.PWRCU_VRDYSourceConfig), (12 bytes).
    Removing ht32f1xxxx_pwrcu.o(i.PWRCU_WakeupPinCmd), (28 bytes).
    Removing ht32f1xxxx_pwrcu.o(i.PWRCU_WakeupPinIntConfig), (12 bytes).
    Removing ht32f1xxxx_pwrcu.o(i.PWRCU_WriteBackupRegister), (16 bytes).
    Removing ht32f1xxxx_pwrcu.o(.data), (1 bytes).
    Removing ht32f1xxxx_rstcu.o(.rev16_text), (4 bytes).
    Removing ht32f1xxxx_rstcu.o(.revsh_text), (4 bytes).
    Removing ht32f1xxxx_rstcu.o(.rrx_text), (6 bytes).
    Removing ht32f1xxxx_rstcu.o(i.RSTCU_ClearAllResetFlag), (16 bytes).
    Removing ht32f1xxxx_rstcu.o(i.RSTCU_ClearResetFlag), (16 bytes).
    Removing ht32f1xxxx_rstcu.o(i.RSTCU_GetResetFlagStatus), (28 bytes).
    Removing ht32f1xxxx_rstcu.o(i.RSTCU_PeripReset), (48 bytes).
    Removing ht32f1xxxx_rtc.o(.rev16_text), (4 bytes).
    Removing ht32f1xxxx_rtc.o(.revsh_text), (4 bytes).
    Removing ht32f1xxxx_rtc.o(.rrx_text), (6 bytes).
    Removing ht32f1xxxx_rtc.o(i.RTC_CMPCLRCmd), (12 bytes).
    Removing ht32f1xxxx_rtc.o(i.RTC_ClockSourceConfig), (12 bytes).
    Removing ht32f1xxxx_rtc.o(i.RTC_Cmd), (12 bytes).
    Removing ht32f1xxxx_rtc.o(i.RTC_DeInit), (40 bytes).
    Removing ht32f1xxxx_rtc.o(i.RTC_GetCompare), (12 bytes).
    Removing ht32f1xxxx_rtc.o(i.RTC_GetCounter), (12 bytes).
    Removing ht32f1xxxx_rtc.o(i.RTC_GetFlagStatus), (12 bytes).
    Removing ht32f1xxxx_rtc.o(i.RTC_GetOutStatus), (16 bytes).
    Removing ht32f1xxxx_rtc.o(i.RTC_GetPrescaler), (20 bytes).
    Removing ht32f1xxxx_rtc.o(i.RTC_IntConfig), (24 bytes).
    Removing ht32f1xxxx_rtc.o(i.RTC_LSECmd), (44 bytes).
    Removing ht32f1xxxx_rtc.o(i.RTC_LSESMConfig), (12 bytes).
    Removing ht32f1xxxx_rtc.o(i.RTC_LSILoadTrimData), (44 bytes).
    Removing ht32f1xxxx_rtc.o(i.RTC_OutCmd), (12 bytes).
    Removing ht32f1xxxx_rtc.o(i.RTC_OutConfig), (28 bytes).
    Removing ht32f1xxxx_rtc.o(i.RTC_SetCompare), (12 bytes).
    Removing ht32f1xxxx_rtc.o(i.RTC_SetPrescaler), (20 bytes).
    Removing ht32f1xxxx_rtc.o(i.RTC_WakeupConfig), (24 bytes).
    Removing ht32f1xxxx_sci.o(.rev16_text), (4 bytes).
    Removing ht32f1xxxx_sci.o(.revsh_text), (4 bytes).
    Removing ht32f1xxxx_sci.o(.rrx_text), (6 bytes).
    Removing ht32f1xxxx_sci.o(i.SCI_ClearFlag), (30 bytes).
    Removing ht32f1xxxx_sci.o(i.SCI_ClockModeConfig), (20 bytes).
    Removing ht32f1xxxx_sci.o(i.SCI_Cmd), (20 bytes).
    Removing ht32f1xxxx_sci.o(i.SCI_DeInit), (32 bytes).
    Removing ht32f1xxxx_sci.o(i.SCI_ETUConfig), (6 bytes).
    Removing ht32f1xxxx_sci.o(i.SCI_GetFlagStatus), (14 bytes).
    Removing ht32f1xxxx_sci.o(i.SCI_Init), (32 bytes).
    Removing ht32f1xxxx_sci.o(i.SCI_IntConfig), (16 bytes).
    Removing ht32f1xxxx_sci.o(i.SCI_OutputDIO), (20 bytes).
    Removing ht32f1xxxx_sci.o(i.SCI_PDMACmd), (16 bytes).
    Removing ht32f1xxxx_sci.o(i.SCI_ReceiveData), (6 bytes).
    Removing ht32f1xxxx_sci.o(i.SCI_SendData), (4 bytes).
    Removing ht32f1xxxx_sci.o(i.SCI_SetGuardTimeValue), (4 bytes).
    Removing ht32f1xxxx_sci.o(i.SCI_SetWaitingTimeValue), (4 bytes).
    Removing ht32f1xxxx_sci.o(i.SCI_SoftwareClockCmd), (20 bytes).
    Removing ht32f1xxxx_sci.o(i.SCI_StructInit), (14 bytes).
    Removing ht32f1xxxx_sci.o(i.SCI_WaitingTimeCounterCmd), (20 bytes).
    Removing ht32f1xxxx_sdio.o(.rev16_text), (4 bytes).
    Removing ht32f1xxxx_sdio.o(.revsh_text), (4 bytes).
    Removing ht32f1xxxx_sdio.o(.rrx_text), (6 bytes).
    Removing ht32f1xxxx_sdio.o(i.SDIO_ClearFlag), (12 bytes).
    Removing ht32f1xxxx_sdio.o(i.SDIO_ClockCmd), (12 bytes).
    Removing ht32f1xxxx_sdio.o(i.SDIO_DataConfig), (44 bytes).
    Removing ht32f1xxxx_sdio.o(i.SDIO_DeInit), (14 bytes).
    Removing ht32f1xxxx_sdio.o(i.SDIO_FlagConfig), (24 bytes).
    Removing ht32f1xxxx_sdio.o(i.SDIO_GetFIFOCount), (12 bytes).
    Removing ht32f1xxxx_sdio.o(i.SDIO_GetFlagStatus), (20 bytes).
    Removing ht32f1xxxx_sdio.o(i.SDIO_GetResponse), (12 bytes).
    Removing ht32f1xxxx_sdio.o(i.SDIO_Init), (64 bytes).
    Removing ht32f1xxxx_sdio.o(i.SDIO_IntConfig), (24 bytes).
    Removing ht32f1xxxx_sdio.o(i.SDIO_ReadData), (12 bytes).
    Removing ht32f1xxxx_sdio.o(i.SDIO_SendCommand), (36 bytes).
    Removing ht32f1xxxx_sdio.o(i.SDIO_WriteData), (12 bytes).
    Removing ht32f1xxxx_spi.o(.rev16_text), (4 bytes).
    Removing ht32f1xxxx_spi.o(.revsh_text), (4 bytes).
    Removing ht32f1xxxx_spi.o(.rrx_text), (6 bytes).
    Removing ht32f1xxxx_spi.o(i.SPI_ClearFlag), (4 bytes).
    Removing ht32f1xxxx_spi.o(i.SPI_DUALCmd), (20 bytes).
    Removing ht32f1xxxx_spi.o(i.SPI_DeInit), (40 bytes).
    Removing ht32f1xxxx_spi.o(i.SPI_FIFOCmd), (20 bytes).
    Removing ht32f1xxxx_spi.o(i.SPI_FIFOTriggerLevelConfig), (30 bytes).
    Removing ht32f1xxxx_spi.o(i.SPI_GUADTCmd), (20 bytes).
    Removing ht32f1xxxx_spi.o(i.SPI_GUADTSPI_GUADTConfig), (16 bytes).
    Removing ht32f1xxxx_spi.o(i.SPI_GetFIFOStatus), (20 bytes).
    Removing ht32f1xxxx_spi.o(i.SPI_GetFlagStatus), (14 bytes).
    Removing ht32f1xxxx_spi.o(i.SPI_IntConfig), (16 bytes).
    Removing ht32f1xxxx_spi.o(i.SPI_PDMACmd), (16 bytes).
    Removing ht32f1xxxx_spi.o(i.SPI_ReceiveData), (6 bytes).
    Removing ht32f1xxxx_spi.o(i.SPI_SELHTConfig), (10 bytes).
    Removing ht32f1xxxx_spi.o(i.SPI_SELModeConfig), (20 bytes).
    Removing ht32f1xxxx_spi.o(i.SPI_SendData), (4 bytes).
    Removing ht32f1xxxx_spi.o(i.SPI_SetDataLength), (16 bytes).
    Removing ht32f1xxxx_spi.o(i.SPI_SetTimeOutValue), (4 bytes).
    Removing ht32f1xxxx_spi.o(i.SPI_SoftwareSELCmd), (20 bytes).
    Removing ht32f1xxxx_spi.o(i.SPI_StructInit), (28 bytes).
    Removing ht32f1xxxx_tm.o(.rev16_text), (4 bytes).
    Removing ht32f1xxxx_tm.o(.revsh_text), (4 bytes).
    Removing ht32f1xxxx_tm.o(.rrx_text), (6 bytes).
    Removing ht32f1xxxx_tm.o(i.TM_CHCCDSConfig), (20 bytes).
    Removing ht32f1xxxx_tm.o(i.TM_CHCCRPreloadConfig), (24 bytes).
    Removing ht32f1xxxx_tm.o(i.TM_CHPSCConfig), (20 bytes).
    Removing ht32f1xxxx_tm.o(i.TM_CKDIVConfig), (16 bytes).
    Removing ht32f1xxxx_tm.o(i.TM_CRRPreloadCmd), (20 bytes).
    Removing ht32f1xxxx_tm.o(i.TM_CaptureInit), (36 bytes).
    Removing ht32f1xxxx_tm.o(i.TM_CaptureStructInit), (18 bytes).
    Removing ht32f1xxxx_tm.o(i.TM_ChExternalClockConfig), (48 bytes).
    Removing ht32f1xxxx_tm.o(i.TM_ChPolarityConfig), (20 bytes).
    Removing ht32f1xxxx_tm.o(i.TM_ChannelConfig), (24 bytes).
    Removing ht32f1xxxx_tm.o(i.TM_ClearFlag), (10 bytes).
    Removing ht32f1xxxx_tm.o(i.TM_ClearIntPendingBit), (10 bytes).
    Removing ht32f1xxxx_tm.o(i.TM_ClearOREFConfig), (24 bytes).
    Removing ht32f1xxxx_tm.o(i.TM_Cmd), (20 bytes).
    Removing ht32f1xxxx_tm.o(i.TM_CounterModeConfig), (24 bytes).
    Removing ht32f1xxxx_tm.o(i.TM_DeInit), (72 bytes).
    Removing ht32f1xxxx_tm.o(i.TM_DecoderConfig), (56 bytes).
    Removing ht32f1xxxx_tm.o(i.TM_EtiConfig), (24 bytes).
    Removing ht32f1xxxx_tm.o(i.TM_EtiExternalClockConfig), (18 bytes).
    Removing ht32f1xxxx_tm.o(i.TM_ForcedOREF), (18 bytes).
    Removing ht32f1xxxx_tm.o(i.TM_GenerateEvent), (4 bytes).
    Removing ht32f1xxxx_tm.o(i.TM_GetCaptureCompare), (10 bytes).
    Removing ht32f1xxxx_tm.o(i.TM_GetCounter), (6 bytes).
    Removing ht32f1xxxx_tm.o(i.TM_GetFlagStatus), (10 bytes).
    Removing ht32f1xxxx_tm.o(i.TM_GetIntStatus), (22 bytes).
    Removing ht32f1xxxx_tm.o(i.TM_GetPrescaler), (6 bytes).
    Removing ht32f1xxxx_tm.o(i.TM_HallInterfaceCmd), (20 bytes).
    Removing ht32f1xxxx_tm.o(i.TM_ImmActiveConfig), (24 bytes).
    Removing ht32f1xxxx_tm.o(i.TM_IntConfig), (16 bytes).
    Removing ht32f1xxxx_tm.o(i.TM_InternalClockConfig), (10 bytes).
    Removing ht32f1xxxx_tm.o(i.TM_ItiExternalClockConfig), (18 bytes).
    Removing ht32f1xxxx_tm.o(i.TM_MMSELConfig), (12 bytes).
    Removing ht32f1xxxx_tm.o(i.TM_OutputInit), (192 bytes).
    Removing ht32f1xxxx_tm.o(i.TM_OutputModeConfig), (32 bytes).
    Removing ht32f1xxxx_tm.o(i.TM_OutputStructInit), (24 bytes).
    Removing ht32f1xxxx_tm.o(i.TM_PDMAConfig), (16 bytes).
    Removing ht32f1xxxx_tm.o(i.TM_PrescalerConfig), (8 bytes).
    Removing ht32f1xxxx_tm.o(i.TM_PwmInputInit), (90 bytes).
    Removing ht32f1xxxx_tm.o(i.TM_SetAsymmetricCompare), (10 bytes).
    Removing ht32f1xxxx_tm.o(i.TM_SetCaptureCompare), (10 bytes).
    Removing ht32f1xxxx_tm.o(i.TM_SetCounter), (6 bytes).
    Removing ht32f1xxxx_tm.o(i.TM_SetCounterReload), (6 bytes).
    Removing ht32f1xxxx_tm.o(i.TM_SinglePulseModeCmd), (20 bytes).
    Removing ht32f1xxxx_tm.o(i.TM_SlaveModeConfig), (12 bytes).
    Removing ht32f1xxxx_tm.o(i.TM_StiConfig), (24 bytes).
    Removing ht32f1xxxx_tm.o(i.TM_TimSyncCmd), (20 bytes).
    Removing ht32f1xxxx_tm.o(i.TM_TimeBaseInit), (68 bytes).
    Removing ht32f1xxxx_tm.o(i.TM_TimeBaseStructInit), (22 bytes).
    Removing ht32f1xxxx_tm.o(i.TM_UEVG_IntConfig), (20 bytes).
    Removing ht32f1xxxx_tm.o(i.TM_UpdateCmd), (20 bytes).
    Removing ht32f1xxxx_tm.o(i.tm_CHx_Config), (64 bytes).
    Removing ht32f1xxxx_usart.o(.rev16_text), (4 bytes).
    Removing ht32f1xxxx_usart.o(.revsh_text), (4 bytes).
    Removing ht32f1xxxx_usart.o(.rrx_text), (6 bytes).
    Removing ht32f1xxxx_usart.o(i.USART_ClearFlag), (8 bytes).
    Removing ht32f1xxxx_usart.o(i.USART_DeInit), (68 bytes).
    Removing ht32f1xxxx_usart.o(i.USART_ForceBreakCmd), (20 bytes).
    Removing ht32f1xxxx_usart.o(i.USART_GetFIFOStatus), (18 bytes).
    Removing ht32f1xxxx_usart.o(i.USART_HardwareFlowControlCmd), (20 bytes).
    Removing ht32f1xxxx_usart.o(i.USART_IrDACmd), (20 bytes).
    Removing ht32f1xxxx_usart.o(i.USART_IrDAConfig), (20 bytes).
    Removing ht32f1xxxx_usart.o(i.USART_IrDADirectionConfig), (20 bytes).
    Removing ht32f1xxxx_usart.o(i.USART_IrDAInvtCmd), (18 bytes).
    Removing ht32f1xxxx_usart.o(i.USART_PDMACmd), (16 bytes).
    Removing ht32f1xxxx_usart.o(i.USART_RS485AADCmd), (20 bytes).
    Removing ht32f1xxxx_usart.o(i.USART_RS485NMMCmd), (20 bytes).
    Removing ht32f1xxxx_usart.o(i.USART_RS485TxEnablePolarityConfig), (20 bytes).
    Removing ht32f1xxxx_usart.o(i.USART_SetAddressMatchValue), (14 bytes).
    Removing ht32f1xxxx_usart.o(i.USART_SetGuardTime), (14 bytes).
    Removing ht32f1xxxx_usart.o(i.USART_SetIrDAPrescaler), (14 bytes).
    Removing ht32f1xxxx_usart.o(i.USART_SetTimeOutValue), (16 bytes).
    Removing ht32f1xxxx_usart.o(i.USART_StickParityCmd), (20 bytes).
    Removing ht32f1xxxx_usart.o(i.USART_StickParityConfig), (24 bytes).
    Removing ht32f1xxxx_usart.o(i.USART_StructInit), (22 bytes).
    Removing ht32f1xxxx_usart.o(i.USART_SynClockInit), (26 bytes).
    Removing ht32f1xxxx_usart.o(i.USART_SynClockStructInit), (12 bytes).
    Removing ht32f1xxxx_usart.o(i.USART_TXRXTLConfig), (20 bytes).
    Removing ht32f1xxxx_usbd.o(.rev16_text), (4 bytes).
    Removing ht32f1xxxx_usbd.o(.revsh_text), (4 bytes).
    Removing ht32f1xxxx_usbd.o(.rrx_text), (6 bytes).
    Removing ht32f1xxxx_usbd.o(i.USBD_ClearINT), (12 bytes).
    Removing ht32f1xxxx_usbd.o(i.USBD_DPWakeUpCmd), (28 bytes).
    Removing ht32f1xxxx_usbd.o(i.USBD_DPpullupCmd), (28 bytes).
    Removing ht32f1xxxx_usbd.o(i.USBD_DeInit), (12 bytes).
    Removing ht32f1xxxx_usbd.o(i.USBD_DisableDefaultPull), (12 bytes).
    Removing ht32f1xxxx_usbd.o(i.USBD_DisableINT), (16 bytes).
    Removing ht32f1xxxx_usbd.o(i.USBD_EPTClearDTG), (16 bytes).
    Removing ht32f1xxxx_usbd.o(i.USBD_EPTClearHalt), (16 bytes).
    Removing ht32f1xxxx_usbd.o(i.USBD_EPTClearINT), (12 bytes).
    Removing ht32f1xxxx_usbd.o(i.USBD_EPTEnableINT), (12 bytes).
    Removing ht32f1xxxx_usbd.o(i.USBD_EPTGetBuffer0Addr), (24 bytes).
    Removing ht32f1xxxx_usbd.o(i.USBD_EPTGetBuffer1Addr), (36 bytes).
    Removing ht32f1xxxx_usbd.o(i.USBD_EPTGetBufferLen), (14 bytes).
    Removing ht32f1xxxx_usbd.o(i.USBD_EPTGetHalt), (26 bytes).
    Removing ht32f1xxxx_usbd.o(i.USBD_EPTGetINT), (14 bytes).
    Removing ht32f1xxxx_usbd.o(i.USBD_EPTGetTransferCount), (18 bytes).
    Removing ht32f1xxxx_usbd.o(i.USBD_EPTInit), (38 bytes).
    Removing ht32f1xxxx_usbd.o(i.USBD_EPTReadMemory), (58 bytes).
    Removing ht32f1xxxx_usbd.o(i.USBD_EPTReadOUTData), (48 bytes).
    Removing ht32f1xxxx_usbd.o(i.USBD_EPTReset), (16 bytes).
    Removing ht32f1xxxx_usbd.o(i.USBD_EPTSendSTALL), (12 bytes).
    Removing ht32f1xxxx_usbd.o(i.USBD_EPTSetHalt), (20 bytes).
    Removing ht32f1xxxx_usbd.o(i.USBD_EPTWaitSTALLSent), (36 bytes).
    Removing ht32f1xxxx_usbd.o(i.USBD_EPTWriteINData), (72 bytes).
    Removing ht32f1xxxx_usbd.o(i.USBD_EnableINT), (16 bytes).
    Removing ht32f1xxxx_usbd.o(i.USBD_GetEPTnINTNumber), (32 bytes).
    Removing ht32f1xxxx_usbd.o(i.USBD_GetINT), (20 bytes).
    Removing ht32f1xxxx_usbd.o(i.USBD_Init), (4 bytes).
    Removing ht32f1xxxx_usbd.o(i.USBD_PowerOff), (16 bytes).
    Removing ht32f1xxxx_usbd.o(i.USBD_PowerOn), (24 bytes).
    Removing ht32f1xxxx_usbd.o(i.USBD_PowerUp), (116 bytes).
    Removing ht32f1xxxx_usbd.o(i.USBD_PreInit), (24 bytes).
    Removing ht32f1xxxx_usbd.o(i.USBD_ReadSETUPData), (16 bytes).
    Removing ht32f1xxxx_usbd.o(i.USBD_RemoteWakeup), (16 bytes).
    Removing ht32f1xxxx_usbd.o(i.USBD_SRAMResetConditionCmd), (28 bytes).
    Removing ht32f1xxxx_usbd.o(i.USBD_SetAddress), (20 bytes).
    Removing ht32f1xxxx_usbd.o(i._USBD_CopyMemory), (16 bytes).
    Removing ht32f1xxxx_usbd.o(i._USBD_GetEPTnAddr), (16 bytes).
    Removing ht32f1xxxx_usbd.o(.data), (4 bytes).
    Removing ht32f1xxxx_wdt.o(.rev16_text), (4 bytes).
    Removing ht32f1xxxx_wdt.o(.revsh_text), (4 bytes).
    Removing ht32f1xxxx_wdt.o(.rrx_text), (6 bytes).
    Removing ht32f1xxxx_wdt.o(i.WDT_Cmd), (28 bytes).
    Removing ht32f1xxxx_wdt.o(i.WDT_DeInit), (12 bytes).
    Removing ht32f1xxxx_wdt.o(i.WDT_GetDeltaValue), (16 bytes).
    Removing ht32f1xxxx_wdt.o(i.WDT_GetFlagStatus), (20 bytes).
    Removing ht32f1xxxx_wdt.o(i.WDT_GetPrescaler), (24 bytes).
    Removing ht32f1xxxx_wdt.o(i.WDT_GetReloadValue), (16 bytes).
    Removing ht32f1xxxx_wdt.o(i.WDT_HaltConfig), (24 bytes).
    Removing ht32f1xxxx_wdt.o(i.WDT_LockCmd), (32 bytes).
    Removing ht32f1xxxx_wdt.o(i.WDT_ProtectCmd), (24 bytes).
    Removing ht32f1xxxx_wdt.o(i.WDT_ResetCmd), (28 bytes).
    Removing ht32f1xxxx_wdt.o(i.WDT_Restart), (16 bytes).
    Removing ht32f1xxxx_wdt.o(i.WDT_SetDeltaValue), (20 bytes).
    Removing ht32f1xxxx_wdt.o(i.WDT_SetPrescaler), (20 bytes).
    Removing ht32f1xxxx_wdt.o(i.WDT_SetReloadValue), (20 bytes).
    Removing ht32f1xxxx_wdt.o(i.WDT_SourceConfig), (16 bytes).
    Removing ht32f2xxxx_csif.o(.rev16_text), (4 bytes).
    Removing ht32f2xxxx_csif.o(.revsh_text), (4 bytes).
    Removing ht32f2xxxx_csif.o(.rrx_text), (6 bytes).
    Removing ht32f2xxxx_csif.o(i.CSIF_BasicInit), (64 bytes).
    Removing ht32f2xxxx_csif.o(i.CSIF_BasicStructInit), (24 bytes).
    Removing ht32f2xxxx_csif.o(i.CSIF_ClearFlag), (12 bytes).
    Removing ht32f2xxxx_csif.o(i.CSIF_Cmd), (16 bytes).
    Removing ht32f2xxxx_csif.o(i.CSIF_DeInit), (12 bytes).
    Removing ht32f2xxxx_csif.o(i.CSIF_GetFlagStatus), (20 bytes).
    Removing ht32f2xxxx_csif.o(i.CSIF_IntConfig), (24 bytes).
    Removing ht32f2xxxx_csif.o(i.CSIF_MasterClockCmd), (28 bytes).
    Removing ht32f2xxxx_csif.o(i.CSIF_SetMasterClockPrescaler), (24 bytes).
    Removing ht32f2xxxx_csif.o(i.CSIF_SubSampleInit), (32 bytes).
    Removing ht32f2xxxx_csif.o(i.CSIF_SunSampleStructInit), (16 bytes).
    Removing ht32f2xxxx_csif.o(i.CSIF_WindowInit), (44 bytes).
    Removing ht32f2xxxx_csif.o(i.CSIF_WindowStructInit), (14 bytes).
    Removing ht32_retarget.o(.rev16_text), (4 bytes).
    Removing ht32_retarget.o(.revsh_text), (4 bytes).
    Removing ht32_retarget.o(.rrx_text), (6 bytes).
    Removing ht32_retarget.o(i.RETARGET_Configuration), (38 bytes).
    Removing ht32_retarget.o(i.__backspace), (4 bytes).
    Removing ht32_retarget.o(i._sys_exit), (2 bytes).
    Removing ht32_retarget.o(i._ttywrch), (4 bytes).
    Removing ht32_retarget.o(i.fgetc), (4 bytes).
    Removing ht32_retarget.o(i.fputc), (4 bytes).
    Removing ht32_retarget.o(.data), (4 bytes).
    Removing ht32_retarget.o(.data), (4 bytes).
    Removing ht32_serial.o(.rev16_text), (4 bytes).
    Removing ht32_serial.o(.revsh_text), (4 bytes).
    Removing ht32_serial.o(.rrx_text), (6 bytes).
    Removing ht32_serial.o(i.SERIAL_Flush), (2 bytes).
    Removing ht32_serial.o(i.SERIAL_GetChar), (28 bytes).
    Removing ht32_serial.o(i.SERIAL_PutChar), (34 bytes).
    Removing ht32_board.o(.rev16_text), (4 bytes).
    Removing ht32_board.o(.revsh_text), (4 bytes).
    Removing ht32_board.o(.rrx_text), (6 bytes).
    Removing ht32_board.o(i.HT32F_DVB_BuzzerFun), (284 bytes).
    Removing ht32_board.o(i.HT32F_DVB_BuzzerOutputCmd), (16 bytes).
    Removing ht32_board.o(i.HT32F_DVB_COMInit), (96 bytes).
    Removing ht32_board.o(i.HT32F_DVB_LEDInit), (88 bytes).
    Removing ht32_board.o(i.HT32F_DVB_LEDOff), (28 bytes).
    Removing ht32_board.o(i.HT32F_DVB_LEDOn), (28 bytes).
    Removing ht32_board.o(i.HT32F_DVB_LEDToggle), (32 bytes).
    Removing ht32_board.o(i.HT32F_DVB_PBGetState), (28 bytes).
    Removing ht32_board.o(i.HT32F_DVB_PBInit), (204 bytes).
    Removing ht32_board.o(i._HT32F_DVB_ClockConfig), (64 bytes).
    Removing ht32_board.o(.constdata), (80 bytes).
    Removing i2c_eeprom.o(.rev16_text), (4 bytes).
    Removing i2c_eeprom.o(.revsh_text), (4 bytes).
    Removing i2c_eeprom.o(.rrx_text), (6 bytes).
    Removing i2c_eeprom.o(i.I2C_EEPROM_BufferRead), (160 bytes).
    Removing i2c_eeprom.o(i.I2C_EEPROM_BufferWrite), (54 bytes).
    Removing i2c_eeprom.o(i.I2C_EEPROM_Init), (92 bytes).
    Removing i2c_eeprom.o(i.I2C_EEPROM_PageWrite), (96 bytes).
    Removing i2c_eeprom.o(i._I2C_EEPROM_AckPolling), (60 bytes).
    Removing spi_flash.o(.rev16_text), (4 bytes).
    Removing spi_flash.o(.revsh_text), (4 bytes).
    Removing spi_flash.o(.rrx_text), (6 bytes).
    Removing spi_flash.o(i.SPI_FLASH_BlockErase), (72 bytes).
    Removing spi_flash.o(i.SPI_FLASH_BufferDualRead), (112 bytes).
    Removing spi_flash.o(i.SPI_FLASH_BufferDualReadByDMA), (292 bytes).
    Removing spi_flash.o(i.SPI_FLASH_BufferRead), (84 bytes).
    Removing spi_flash.o(i.SPI_FLASH_BufferReadByDMA), (264 bytes).
    Removing spi_flash.o(i.SPI_FLASH_BufferWriteBy), (192 bytes).
    Removing spi_flash.o(i.SPI_FLASH_ChipErase), (48 bytes).
    Removing spi_flash.o(i.SPI_FLASH_Init), (148 bytes).
    Removing spi_flash.o(i.SPI_FLASH_PageWrite), (92 bytes).
    Removing spi_flash.o(i.SPI_FLASH_PageWriteByDMA), (268 bytes).
    Removing spi_flash.o(i.SPI_FLASH_ReadJEDECID), (76 bytes).
    Removing spi_flash.o(i.SPI_FLASH_SectorErase), (72 bytes).
    Removing spi_flash.o(i.SPI_FLASH_SendByte), (50 bytes).
    Removing spi_flash.o(i.SPI_FLASH_WaitForWriteEnd), (48 bytes).
    Removing spi_flash.o(i.SPI_FLASH_WriteDisable), (40 bytes).
    Removing spi_flash.o(i.SPI_FLASH_WriteEnable), (40 bytes).
    Removing spi_flash.o(i.SPI_FLASH_WriteStatus), (52 bytes).
    Removing ebi_lcd.o(.rev16_text), (4 bytes).
    Removing ebi_lcd.o(.revsh_text), (4 bytes).
    Removing ebi_lcd.o(.rrx_text), (6 bytes).
    Removing ebi_lcd.o(i.LCD_BackColorSet), (12 bytes).
    Removing ebi_lcd.o(i.LCD_CharDisplay), (20 bytes).
    Removing ebi_lcd.o(i.LCD_CharDraw), (96 bytes).
    Removing ebi_lcd.o(i.LCD_CircleDraw), (204 bytes).
    Removing ebi_lcd.o(i.LCD_Clear), (32 bytes).
    Removing ebi_lcd.o(i.LCD_Config), (636 bytes).
    Removing ebi_lcd.o(i.LCD_DisplayOff), (8 bytes).
    Removing ebi_lcd.o(i.LCD_DisplayOn), (8 bytes).
    Removing ebi_lcd.o(i.LCD_Init), (336 bytes).
    Removing ebi_lcd.o(i.LCD_LineDraw), (76 bytes).
    Removing ebi_lcd.o(i.LCD_PicDraw), (84 bytes).
    Removing ebi_lcd.o(i.LCD_ReadReg), (10 bytes).
    Removing ebi_lcd.o(i.LCD_RectDraw), (60 bytes).
    Removing ebi_lcd.o(i.LCD_SetDisplayArea), (84 bytes).
    Removing ebi_lcd.o(i.LCD_StarterSet), (46 bytes).
    Removing ebi_lcd.o(i.LCD_StringLineDisplay), (40 bytes).
    Removing ebi_lcd.o(i.LCD_TextColorSet), (12 bytes).
    Removing ebi_lcd.o(i.LCD_WriteRAM), (8 bytes).
    Removing ebi_lcd.o(i.LCD_WriteRAMPrior), (10 bytes).
    Removing ebi_lcd.o(i.LCD_WriteRAMWord), (12 bytes).
    Removing ebi_lcd.o(i.LCD_WriteReg), (10 bytes).
    Removing ebi_lcd.o(i._delay), (28 bytes).
    Removing ebi_lcd.o(.constdata), (4560 bytes).
    Removing ebi_lcd.o(.data), (4 bytes).

685 unused section(s) (total 24569 bytes) removed from the image.

==============================================================================

Image Symbol Table

    Local Symbols

    Symbol Name                              Value     Ov Type        Size  Object(Section)

    RESET                                    0x00000000   Section      512  startup_ht32f1xxxx_01.o(RESET)
    ../clib/microlib/init/entry.s            0x00000000   Number         0  entry7a.o ABSOLUTE
    ../clib/microlib/init/entry.s            0x00000000   Number         0  entry11b.o ABSOLUTE
    ../clib/microlib/init/entry.s            0x00000000   Number         0  entry11a.o ABSOLUTE
    ../clib/microlib/init/entry.s            0x00000000   Number         0  entry10b.o ABSOLUTE
    ../clib/microlib/init/entry.s            0x00000000   Number         0  entry10a.o ABSOLUTE
    ../clib/microlib/init/entry.s            0x00000000   Number         0  entry9b.o ABSOLUTE
    ../clib/microlib/init/entry.s            0x00000000   Number         0  entry.o ABSOLUTE
    ../clib/microlib/init/entry.s            0x00000000   Number         0  entry9a.o ABSOLUTE
    ../clib/microlib/init/entry.s            0x00000000   Number         0  entry8b.o ABSOLUTE
    ../clib/microlib/init/entry.s            0x00000000   Number         0  entry2.o ABSOLUTE
    ../clib/microlib/init/entry.s            0x00000000   Number         0  entry8a.o ABSOLUTE
    ../clib/microlib/init/entry.s            0x00000000   Number         0  entry5.o ABSOLUTE
    ../clib/microlib/init/entry.s            0x00000000   Number         0  entry7b.o ABSOLUTE
    ../clib/microlib/stubs.s                 0x00000000   Number         0  useno.o ABSOLUTE
    ..\..\..\..\library\HT32F1xxxx_Driver\src\ht32_cm3_misc.c 0x00000000   Number         0  ht32_cm3_misc.o ABSOLUTE
    ..\..\..\..\library\HT32F1xxxx_Driver\src\ht32_retarget.c 0x00000000   Number         0  ht32_retarget.o ABSOLUTE
    ..\..\..\..\library\HT32F1xxxx_Driver\src\ht32_serial.c 0x00000000   Number         0  ht32_serial.o ABSOLUTE
    ..\..\..\..\library\HT32F1xxxx_Driver\src\ht32f1xxxx_adc.c 0x00000000   Number         0  ht32f1xxxx_adc.o ABSOLUTE
    ..\..\..\..\library\HT32F1xxxx_Driver\src\ht32f1xxxx_aes.c 0x00000000   Number         0  ht32f1xxxx_aes.o ABSOLUTE
    ..\..\..\..\library\HT32F1xxxx_Driver\src\ht32f1xxxx_bftm.c 0x00000000   Number         0  ht32f1xxxx_bftm.o ABSOLUTE
    ..\..\..\..\library\HT32F1xxxx_Driver\src\ht32f1xxxx_ckcu.c 0x00000000   Number         0  ht32f1xxxx_ckcu.o ABSOLUTE
    ..\..\..\..\library\HT32F1xxxx_Driver\src\ht32f1xxxx_cmp.c 0x00000000   Number         0  ht32f1xxxx_cmp.o ABSOLUTE
    ..\..\..\..\library\HT32F1xxxx_Driver\src\ht32f1xxxx_crc.c 0x00000000   Number         0  ht32f1xxxx_crc.o ABSOLUTE
    ..\..\..\..\library\HT32F1xxxx_Driver\src\ht32f1xxxx_ebi.c 0x00000000   Number         0  ht32f1xxxx_ebi.o ABSOLUTE
    ..\..\..\..\library\HT32F1xxxx_Driver\src\ht32f1xxxx_exti.c 0x00000000   Number         0  ht32f1xxxx_exti.o ABSOLUTE
    ..\..\..\..\library\HT32F1xxxx_Driver\src\ht32f1xxxx_flash.c 0x00000000   Number         0  ht32f1xxxx_flash.o ABSOLUTE
    ..\..\..\..\library\HT32F1xxxx_Driver\src\ht32f1xxxx_gpio.c 0x00000000   Number         0  ht32f1xxxx_gpio.o ABSOLUTE
    ..\..\..\..\library\HT32F1xxxx_Driver\src\ht32f1xxxx_i2c.c 0x00000000   Number         0  ht32f1xxxx_i2c.o ABSOLUTE
    ..\..\..\..\library\HT32F1xxxx_Driver\src\ht32f1xxxx_i2s.c 0x00000000   Number         0  ht32f1xxxx_i2s.o ABSOLUTE
    ..\..\..\..\library\HT32F1xxxx_Driver\src\ht32f1xxxx_mctm.c 0x00000000   Number         0  ht32f1xxxx_mctm.o ABSOLUTE
    ..\..\..\..\library\HT32F1xxxx_Driver\src\ht32f1xxxx_pdma.c 0x00000000   Number         0  ht32f1xxxx_pdma.o ABSOLUTE
    ..\..\..\..\library\HT32F1xxxx_Driver\src\ht32f1xxxx_pwrcu.c 0x00000000   Number         0  ht32f1xxxx_pwrcu.o ABSOLUTE
    ..\..\..\..\library\HT32F1xxxx_Driver\src\ht32f1xxxx_rstcu.c 0x00000000   Number         0  ht32f1xxxx_rstcu.o ABSOLUTE
    ..\..\..\..\library\HT32F1xxxx_Driver\src\ht32f1xxxx_rtc.c 0x00000000   Number         0  ht32f1xxxx_rtc.o ABSOLUTE
    ..\..\..\..\library\HT32F1xxxx_Driver\src\ht32f1xxxx_sci.c 0x00000000   Number         0  ht32f1xxxx_sci.o ABSOLUTE
    ..\..\..\..\library\HT32F1xxxx_Driver\src\ht32f1xxxx_sdio.c 0x00000000   Number         0  ht32f1xxxx_sdio.o ABSOLUTE
    ..\..\..\..\library\HT32F1xxxx_Driver\src\ht32f1xxxx_spi.c 0x00000000   Number         0  ht32f1xxxx_spi.o ABSOLUTE
    ..\..\..\..\library\HT32F1xxxx_Driver\src\ht32f1xxxx_tm.c 0x00000000   Number         0  ht32f1xxxx_tm.o ABSOLUTE
    ..\..\..\..\library\HT32F1xxxx_Driver\src\ht32f1xxxx_usart.c 0x00000000   Number         0  ht32f1xxxx_usart.o ABSOLUTE
    ..\..\..\..\library\HT32F1xxxx_Driver\src\ht32f1xxxx_usbd.c 0x00000000   Number         0  ht32f1xxxx_usbd.o ABSOLUTE
    ..\..\..\..\library\HT32F1xxxx_Driver\src\ht32f1xxxx_wdt.c 0x00000000   Number         0  ht32f1xxxx_wdt.o ABSOLUTE
    ..\..\..\..\library\HT32F1xxxx_Driver\src\ht32f2xxxx_csif.c 0x00000000   Number         0  ht32f2xxxx_csif.o ABSOLUTE
    ..\..\..\..\library\HT32_USBD_Library\src\ht32_usbd_core.c 0x00000000   Number         0  ht32_usbd_core.o ABSOLUTE
    ..\..\..\..\utilities\common\ebi_lcd.c   0x00000000   Number         0  ebi_lcd.o ABSOLUTE
    ..\..\..\..\utilities\common\i2c_eeprom.c 0x00000000   Number         0  i2c_eeprom.o ABSOLUTE
    ..\..\..\..\utilities\common\spi_flash.c 0x00000000   Number         0  spi_flash.o ABSOLUTE
    ..\..\..\..\utilities\ht32_board.c       0x00000000   Number         0  ht32_board.o ABSOLUTE
    ..\\..\\..\\..\\library\\HT32F1xxxx_Driver\\src\\ht32_cm3_misc.c 0x00000000   Number         0  ht32_cm3_misc.o ABSOLUTE
    ..\\..\\..\\..\\library\\HT32F1xxxx_Driver\\src\\ht32_retarget.c 0x00000000   Number         0  ht32_retarget.o ABSOLUTE
    ..\\..\\..\\..\\library\\HT32F1xxxx_Driver\\src\\ht32_serial.c 0x00000000   Number         0  ht32_serial.o ABSOLUTE
    ..\\..\\..\\..\\library\\HT32F1xxxx_Driver\\src\\ht32f1xxxx_adc.c 0x00000000   Number         0  ht32f1xxxx_adc.o ABSOLUTE
    ..\\..\\..\\..\\library\\HT32F1xxxx_Driver\\src\\ht32f1xxxx_aes.c 0x00000000   Number         0  ht32f1xxxx_aes.o ABSOLUTE
    ..\\..\\..\\..\\library\\HT32F1xxxx_Driver\\src\\ht32f1xxxx_bftm.c 0x00000000   Number         0  ht32f1xxxx_bftm.o ABSOLUTE
    ..\\..\\..\\..\\library\\HT32F1xxxx_Driver\\src\\ht32f1xxxx_ckcu.c 0x00000000   Number         0  ht32f1xxxx_ckcu.o ABSOLUTE
    ..\\..\\..\\..\\library\\HT32F1xxxx_Driver\\src\\ht32f1xxxx_cmp.c 0x00000000   Number         0  ht32f1xxxx_cmp.o ABSOLUTE
    ..\\..\\..\\..\\library\\HT32F1xxxx_Driver\\src\\ht32f1xxxx_crc.c 0x00000000   Number         0  ht32f1xxxx_crc.o ABSOLUTE
    ..\\..\\..\\..\\library\\HT32F1xxxx_Driver\\src\\ht32f1xxxx_ebi.c 0x00000000   Number         0  ht32f1xxxx_ebi.o ABSOLUTE
    ..\\..\\..\\..\\library\\HT32F1xxxx_Driver\\src\\ht32f1xxxx_exti.c 0x00000000   Number         0  ht32f1xxxx_exti.o ABSOLUTE
    ..\\..\\..\\..\\library\\HT32F1xxxx_Driver\\src\\ht32f1xxxx_flash.c 0x00000000   Number         0  ht32f1xxxx_flash.o ABSOLUTE
    ..\\..\\..\\..\\library\\HT32F1xxxx_Driver\\src\\ht32f1xxxx_gpio.c 0x00000000   Number         0  ht32f1xxxx_gpio.o ABSOLUTE
    ..\\..\\..\\..\\library\\HT32F1xxxx_Driver\\src\\ht32f1xxxx_i2c.c 0x00000000   Number         0  ht32f1xxxx_i2c.o ABSOLUTE
    ..\\..\\..\\..\\library\\HT32F1xxxx_Driver\\src\\ht32f1xxxx_i2s.c 0x00000000   Number         0  ht32f1xxxx_i2s.o ABSOLUTE
    ..\\..\\..\\..\\library\\HT32F1xxxx_Driver\\src\\ht32f1xxxx_mctm.c 0x00000000   Number         0  ht32f1xxxx_mctm.o ABSOLUTE
    ..\\..\\..\\..\\library\\HT32F1xxxx_Driver\\src\\ht32f1xxxx_pdma.c 0x00000000   Number         0  ht32f1xxxx_pdma.o ABSOLUTE
    ..\\..\\..\\..\\library\\HT32F1xxxx_Driver\\src\\ht32f1xxxx_pwrcu.c 0x00000000   Number         0  ht32f1xxxx_pwrcu.o ABSOLUTE
    ..\\..\\..\\..\\library\\HT32F1xxxx_Driver\\src\\ht32f1xxxx_rstcu.c 0x00000000   Number         0  ht32f1xxxx_rstcu.o ABSOLUTE
    ..\\..\\..\\..\\library\\HT32F1xxxx_Driver\\src\\ht32f1xxxx_rtc.c 0x00000000   Number         0  ht32f1xxxx_rtc.o ABSOLUTE
    ..\\..\\..\\..\\library\\HT32F1xxxx_Driver\\src\\ht32f1xxxx_sci.c 0x00000000   Number         0  ht32f1xxxx_sci.o ABSOLUTE
    ..\\..\\..\\..\\library\\HT32F1xxxx_Driver\\src\\ht32f1xxxx_sdio.c 0x00000000   Number         0  ht32f1xxxx_sdio.o ABSOLUTE
    ..\\..\\..\\..\\library\\HT32F1xxxx_Driver\\src\\ht32f1xxxx_spi.c 0x00000000   Number         0  ht32f1xxxx_spi.o ABSOLUTE
    ..\\..\\..\\..\\library\\HT32F1xxxx_Driver\\src\\ht32f1xxxx_tm.c 0x00000000   Number         0  ht32f1xxxx_tm.o ABSOLUTE
    ..\\..\\..\\..\\library\\HT32F1xxxx_Driver\\src\\ht32f1xxxx_usart.c 0x00000000   Number         0  ht32f1xxxx_usart.o ABSOLUTE
    ..\\..\\..\\..\\library\\HT32F1xxxx_Driver\\src\\ht32f1xxxx_usbd.c 0x00000000   Number         0  ht32f1xxxx_usbd.o ABSOLUTE
    ..\\..\\..\\..\\library\\HT32F1xxxx_Driver\\src\\ht32f1xxxx_wdt.c 0x00000000   Number         0  ht32f1xxxx_wdt.o ABSOLUTE
    ..\\..\\..\\..\\library\\HT32F1xxxx_Driver\\src\\ht32f2xxxx_csif.c 0x00000000   Number         0  ht32f2xxxx_csif.o ABSOLUTE
    ..\\..\\..\\..\\library\\HT32_USBD_Library\\src\\ht32_usbd_core.c 0x00000000   Number         0  ht32_usbd_core.o ABSOLUTE
    ..\\..\\..\\..\\utilities\\common\\ebi_lcd.c 0x00000000   Number         0  ebi_lcd.o ABSOLUTE
    ..\\..\\..\\..\\utilities\\common\\i2c_eeprom.c 0x00000000   Number         0  i2c_eeprom.o ABSOLUTE
    ..\\..\\..\\..\\utilities\\common\\spi_flash.c 0x00000000   Number         0  spi_flash.o ABSOLUTE
    ..\\..\\..\\..\\utilities\\ht32_board.c  0x00000000   Number         0  ht32_board.o ABSOLUTE
    ..\\bc5602_host.c                        0x00000000   Number         0  bc5602_host.o ABSOLUTE
    ..\\bc5602_host2.c                       0x00000000   Number         0  bc5602_host2.o ABSOLUTE
    ..\\ht32f1xxxx_01_it.c                   0x00000000   Number         0  ht32f1xxxx_01_it.o ABSOLUTE
    ..\\main.c                               0x00000000   Number         0  main.o ABSOLUTE
    ..\\softspi.c                            0x00000000   Number         0  softspi.o ABSOLUTE
    ..\\spi_cmd.c                            0x00000000   Number         0  spi_cmd.o ABSOLUTE
    ..\\sync_bch.c                           0x00000000   Number         0  sync_bch.o ABSOLUTE
    ..\\system_ht32f1xxxx_02.c               0x00000000   Number         0  system_ht32f1xxxx_02.o ABSOLUTE
    ..\\tmr50us.c                            0x00000000   Number         0  tmr50us.o ABSOLUTE
    ..\\usart.c                              0x00000000   Number         0  usart.o ABSOLUTE
    ..\bc5602_host.c                         0x00000000   Number         0  bc5602_host.o ABSOLUTE
    ..\bc5602_host2.c                        0x00000000   Number         0  bc5602_host2.o ABSOLUTE
    ..\ht32f1xxxx_01_it.c                    0x00000000   Number         0  ht32f1xxxx_01_it.o ABSOLUTE
    ..\main.c                                0x00000000   Number         0  main.o ABSOLUTE
    ..\softspi.c                             0x00000000   Number         0  softspi.o ABSOLUTE
    ..\spi_cmd.c                             0x00000000   Number         0  spi_cmd.o ABSOLUTE
    ..\sync_bch.c                            0x00000000   Number         0  sync_bch.o ABSOLUTE
    ..\system_ht32f1xxxx_02.c                0x00000000   Number         0  system_ht32f1xxxx_02.o ABSOLUTE
    ..\tmr50us.c                             0x00000000   Number         0  tmr50us.o ABSOLUTE
    ..\usart.c                               0x00000000   Number         0  usart.o ABSOLUTE
    dc.s                                     0x00000000   Number         0  dc.o ABSOLUTE
    handlers.s                               0x00000000   Number         0  handlers.o ABSOLUTE
    ht32_op.s                                0x00000000   Number         0  ht32_op.o ABSOLUTE
    init.s                                   0x00000000   Number         0  init.o ABSOLUTE
    startup_ht32f1xxxx_01.s                  0x00000000   Number         0  startup_ht32f1xxxx_01.o ABSOLUTE
    BootProcess                              0x00000165   Thumb Code   104  startup_ht32f1xxxx_01.o(RESET)
    .ARM.Collect$$$$00000000                 0x00000200   Section        0  entry.o(.ARM.Collect$$$$00000000)
    .ARM.Collect$$$$00000001                 0x00000200   Section        4  entry2.o(.ARM.Collect$$$$00000001)
    .ARM.Collect$$$$00000004                 0x00000204   Section        4  entry5.o(.ARM.Collect$$$$00000004)
    .ARM.Collect$$$$00000008                 0x00000208   Section        0  entry7b.o(.ARM.Collect$$$$00000008)
    .ARM.Collect$$$$0000000A                 0x00000208   Section        0  entry8b.o(.ARM.Collect$$$$0000000A)
    .ARM.Collect$$$$0000000B                 0x00000208   Section        8  entry9a.o(.ARM.Collect$$$$0000000B)
    .ARM.Collect$$$$0000000D                 0x00000210   Section        0  entry10a.o(.ARM.Collect$$$$0000000D)
    .ARM.Collect$$$$0000000F                 0x00000210   Section        0  entry11a.o(.ARM.Collect$$$$0000000F)
    .ARM.Collect$$$$00002712                 0x00000210   Section        4  entry2.o(.ARM.Collect$$$$00002712)
    __lit__00000000                          0x00000210   Data           4  entry2.o(.ARM.Collect$$$$00002712)
    .text                                    0x00000214   Section       36  init.o(.text)
    i.AFIO_GPxConfig                         0x00000238   Section        0  ht32f1xxxx_gpio.o(i.AFIO_GPxConfig)
    i.BFTM0_IRQHandler                       0x0000029c   Section        0  ht32f1xxxx_01_it.o(i.BFTM0_IRQHandler)
    i.BFTM_ClearFlag                         0x000002b4   Section        0  ht32f1xxxx_bftm.o(i.BFTM_ClearFlag)
    i.BFTM_EnaCmd                            0x000002c2   Section        0  ht32f1xxxx_bftm.o(i.BFTM_EnaCmd)
    i.BFTM_IntConfig                         0x000002d6   Section        0  ht32f1xxxx_bftm.o(i.BFTM_IntConfig)
    i.BFTM_SetCompare                        0x000002ea   Section        0  ht32f1xxxx_bftm.o(i.BFTM_SetCompare)
    i.BFTM_SetCounter                        0x000002ee   Section        0  ht32f1xxxx_bftm.o(i.BFTM_SetCounter)
    i.BusFault_Handler                       0x000002f2   Section        0  ht32f1xxxx_01_it.o(i.BusFault_Handler)
    i.CKCU_GetClocksFrequency                0x000002f4   Section        0  ht32f1xxxx_ckcu.o(i.CKCU_GetClocksFrequency)
    i.CKCU_GetPLLFrequency                   0x00000358   Section        0  ht32f1xxxx_ckcu.o(i.CKCU_GetPLLFrequency)
    i.CKCU_GetPeripFrequency                 0x00000398   Section        0  ht32f1xxxx_ckcu.o(i.CKCU_GetPeripFrequency)
    i.CKCU_PeripClockConfig                  0x000003cc   Section        0  ht32f1xxxx_ckcu.o(i.CKCU_PeripClockConfig)
    i.DebugMon_Handler                       0x000003f0   Section        0  ht32f1xxxx_01_it.o(i.DebugMon_Handler)
    i.GPIO_DirectionConfig                   0x000003f2   Section        0  ht32f1xxxx_gpio.o(i.GPIO_DirectionConfig)
    i.GPIO_IRQ3_IS_RESET                     0x00000404   Section        0  bc5602_host.o(i.GPIO_IRQ3_IS_RESET)
    GPIO_IRQ3_IS_RESET                       0x00000405   Thumb Code    20  bc5602_host.o(i.GPIO_IRQ3_IS_RESET)
    i.GPIO_InputConfig                       0x0000041c   Section        0  ht32f1xxxx_gpio.o(i.GPIO_InputConfig)
    i.GPIO_PullResistorConfig                0x0000042c   Section        0  ht32f1xxxx_gpio.o(i.GPIO_PullResistorConfig)
    i.GPIO_ReadInBit                         0x00000454   Section        0  ht32f1xxxx_gpio.o(i.GPIO_ReadInBit)
    i.GPIO_WriteOutBits                      0x0000045e   Section        0  ht32f1xxxx_gpio.o(i.GPIO_WriteOutBits)
    i.HardFault_Handler                      0x00000468   Section        0  ht32f1xxxx_01_it.o(i.HardFault_Handler)
    i.MemManage_Handler                      0x00000478   Section        0  ht32f1xxxx_01_it.o(i.MemManage_Handler)
    i.NMI_Handler                            0x0000047a   Section        0  ht32f1xxxx_01_it.o(i.NMI_Handler)
    i.NVIC_EnableIRQ                         0x0000047c   Section        0  main.o(i.NVIC_EnableIRQ)
    NVIC_EnableIRQ                           0x0000047d   Thumb Code    22  main.o(i.NVIC_EnableIRQ)
    i.PWRCU_CheckReadyAccessed               0x00000494   Section        0  ht32f1xxxx_pwrcu.o(i.PWRCU_CheckReadyAccessed)
    i.PendSV_Handler                         0x000004dc   Section        0  ht32f1xxxx_01_it.o(i.PendSV_Handler)
    i.SPI_Cmd                                0x000004de   Section        0  ht32f1xxxx_spi.o(i.SPI_Cmd)
    i.SPI_Init                               0x000004f2   Section        0  ht32f1xxxx_spi.o(i.SPI_Init)
    i.SPI_SDIO_INPUT_MDOE                    0x0000053c   Section        0  softspi.o(i.SPI_SDIO_INPUT_MDOE)
    i.SPI_SDIO_OUTPUT_MDOE                   0x0000057c   Section        0  softspi.o(i.SPI_SDIO_OUTPUT_MDOE)
    i.SPI_SELOutputCmd                       0x000005a8   Section        0  ht32f1xxxx_spi.o(i.SPI_SELOutputCmd)
    i.SVC_Handler                            0x000005bc   Section        0  ht32f1xxxx_01_it.o(i.SVC_Handler)
    i.SysTick_Handler                        0x000005be   Section        0  ht32f1xxxx_01_it.o(i.SysTick_Handler)
    i.SystemInit                             0x000005c0   Section        0  system_ht32f1xxxx_02.o(i.SystemInit)
    i.USART0_IRQHandler                      0x000006a4   Section        0  ht32f1xxxx_01_it.o(i.USART0_IRQHandler)
    i.USART1_IRQHandler                      0x00000744   Section        0  ht32f1xxxx_01_it.o(i.USART1_IRQHandler)
    i.USART_FIFOReset                        0x00000746   Section        0  ht32f1xxxx_usart.o(i.USART_FIFOReset)
    i.USART_GetFlagStatus                    0x0000074e   Section        0  ht32f1xxxx_usart.o(i.USART_GetFlagStatus)
    i.USART_Init                             0x00000758   Section        0  ht32f1xxxx_usart.o(i.USART_Init)
    i.USART_IntConfig                        0x000007b8   Section        0  ht32f1xxxx_usart.o(i.USART_IntConfig)
    i.USART_ReceiveData                      0x000007c8   Section        0  ht32f1xxxx_usart.o(i.USART_ReceiveData)
    i.USART_SendData                         0x000007ce   Section        0  ht32f1xxxx_usart.o(i.USART_SendData)
    i.USART_TxRxCmd                          0x000007d2   Section        0  ht32f1xxxx_usart.o(i.USART_TxRxCmd)
    i.UsageFault_Handler                     0x000007e4   Section        0  ht32f1xxxx_01_it.o(i.UsageFault_Handler)
    i.__scatterload_copy                     0x000007e6   Section       14  handlers.o(i.__scatterload_copy)
    i.__scatterload_null                     0x000007f4   Section        2  handlers.o(i.__scatterload_null)
    i.__scatterload_zeroinit                 0x000007f6   Section       14  handlers.o(i.__scatterload_zeroinit)
    i.callback_spiRxQ_process_at_hfsm2       0x00000804   Section        0  bc5602_host2.o(i.callback_spiRxQ_process_at_hfsm2)
    i.change_syncword_ptxPipe0_to_prxPipeYouwant 0x00000860   Section        0  bc5602_host.o(i.change_syncword_ptxPipe0_to_prxPipeYouwant)
    change_syncword_ptxPipe0_to_prxPipeYouwant 0x00000861   Thumb Code    64  bc5602_host.o(i.change_syncword_ptxPipe0_to_prxPipeYouwant)
    i.debug_rxpackets_from_prx_not_consecutive 0x000008a4   Section        0  bc5602_host.o(i.debug_rxpackets_from_prx_not_consecutive)
    debug_rxpackets_from_prx_not_consecutive 0x000008a5   Thumb Code    90  bc5602_host.o(i.debug_rxpackets_from_prx_not_consecutive)
    i.debug_rxpackets_from_ptx_not_consecutive 0x00000944   Section        0  bc5602_host.o(i.debug_rxpackets_from_ptx_not_consecutive)
    debug_rxpackets_from_ptx_not_consecutive 0x00000945   Thumb Code    90  bc5602_host.o(i.debug_rxpackets_from_ptx_not_consecutive)
    i.delay_unit_50us                        0x000009e4   Section        0  tmr50us.o(i.delay_unit_50us)
    i.entry_hfsm1_prx                        0x00000a00   Section        0  bc5602_host.o(i.entry_hfsm1_prx)
    i.host5602_fsm1                          0x00000a10   Section        0  bc5602_host.o(i.host5602_fsm1)
    host5602_fsm1                            0x00000a11   Thumb Code    90  bc5602_host.o(i.host5602_fsm1)
    i.host5602_fsm1_prx                      0x00000a9c   Section        0  bc5602_host.o(i.host5602_fsm1_prx)
    host5602_fsm1_prx                        0x00000a9d   Thumb Code   262  bc5602_host.o(i.host5602_fsm1_prx)
    i.host5602_fsm1_ptx                      0x00000bcc   Section        0  bc5602_host.o(i.host5602_fsm1_ptx)
    host5602_fsm1_ptx                        0x00000bcd   Thumb Code   562  bc5602_host.o(i.host5602_fsm1_ptx)
    i.host5602_fsm2                          0x00000e44   Section        0  bc5602_host2.o(i.host5602_fsm2)
    i.host5602_process                       0x00000e6c   Section        0  bc5602_host.o(i.host5602_process)
    i.init_5603_v4_sz_ic_20230615            0x00000ee0   Section        0  bc5602_host.o(i.init_5603_v4_sz_ic_20230615)
    init_5603_v4_sz_ic_20230615              0x00000ee1   Thumb Code   850  bc5602_host.o(i.init_5603_v4_sz_ic_20230615)
    i.init_mcu                               0x00001244   Section        0  bc5602_host.o(i.init_mcu)
    init_mcu                                 0x00001245   Thumb Code   108  bc5602_host.o(i.init_mcu)
    i.init_softspi                           0x000012b8   Section        0  softspi.o(i.init_softspi)
    i.init_syncID                            0x000012bc   Section        0  bc5602_host.o(i.init_syncID)
    init_syncID                              0x000012bd   Thumb Code   146  bc5602_host.o(i.init_syncID)
    i.lownibble_to_ascii                     0x0000137c   Section        0  usart.o(i.lownibble_to_ascii)
    lownibble_to_ascii                       0x0000137d   Thumb Code    18  usart.o(i.lownibble_to_ascii)
    i.main                                   0x00001390   Section        0  main.o(i.main)
    i.movedata_spiTxQ_to_prx_txfifo          0x000014e8   Section        0  bc5602_host.o(i.movedata_spiTxQ_to_prx_txfifo)
    movedata_spiTxQ_to_prx_txfifo            0x000014e9   Thumb Code    20  bc5602_host.o(i.movedata_spiTxQ_to_prx_txfifo)
    i.movedata_spiTxQ_to_ptx_txfifo          0x00001500   Section        0  bc5602_host.o(i.movedata_spiTxQ_to_ptx_txfifo)
    i.movedata_to_spiTxQ                     0x0000152c   Section        0  bc5602_host.o(i.movedata_to_spiTxQ)
    i.movedata_to_spiTxQ___prx               0x00001554   Section        0  bc5602_host2.o(i.movedata_to_spiTxQ___prx)
    i.movedata_to_spiTxQ___ptx               0x000015a8   Section        0  bc5602_host2.o(i.movedata_to_spiTxQ___ptx)
    i.pd012346_as_outputmode                 0x000015f0   Section        0  softspi.o(i.pd012346_as_outputmode)
    pd012346_as_outputmode                   0x000015f1   Thumb Code   188  softspi.o(i.pd012346_as_outputmode)
    i.prx_process_possible_rxdr_before_roleswitch_to_ptx 0x000016b0   Section        0  bc5602_host.o(i.prx_process_possible_rxdr_before_roleswitch_to_ptx)
    prx_process_possible_rxdr_before_roleswitch_to_ptx 0x000016b1   Thumb Code    76  bc5602_host.o(i.prx_process_possible_rxdr_before_roleswitch_to_ptx)
    i.set_PE_OUTPUT_MDOE                     0x00001718   Section        0  bc5602_host.o(i.set_PE_OUTPUT_MDOE)
    i.spi_clear_irq1                         0x00001850   Section        0  bc5602_host.o(i.spi_clear_irq1)
    spi_clear_irq1                           0x00001851   Thumb Code     8  bc5602_host.o(i.spi_clear_irq1)
    i.spi_cmd0                               0x00001858   Section        0  softspi.o(i.spi_cmd0)
    i.spi_cmd0_08_software_reset             0x000019f4   Section        0  spi_cmd.o(i.spi_cmd0_08_software_reset)
    i.spi_cmd0_09_txfifo_flush               0x000019fa   Section        0  spi_cmd.o(i.spi_cmd0_09_txfifo_flush)
    i.spi_cmd0_0A_deepsleep                  0x00001a00   Section        0  spi_cmd.o(i.spi_cmd0_0A_deepsleep)
    i.spi_cmd0_0C_lightsleep                 0x00001a06   Section        0  spi_cmd.o(i.spi_cmd0_0C_lightsleep)
    i.spi_cmd0_0E_TX                         0x00001a0c   Section        0  spi_cmd.o(i.spi_cmd0_0E_TX)
    i.spi_cmd0_0F_middlesleep                0x00001a12   Section        0  spi_cmd.o(i.spi_cmd0_0F_middlesleep)
    i.spi_cmd0_20_set_register_bank          0x00001a18   Section        0  spi_cmd.o(i.spi_cmd0_20_set_register_bank)
    i.spi_cmd0_89_rxfifo_flush               0x00001a20   Section        0  spi_cmd.o(i.spi_cmd0_89_rxfifo_flush)
    i.spi_cmdd_10_write_pipe_0_ID            0x00001a26   Section        0  softspi.o(i.spi_cmdd_10_write_pipe_0_ID)
    i.spi_cmdd_11_txfifo_write               0x00001a30   Section        0  softspi.o(i.spi_cmdd_11_txfifo_write)
    i.spi_cmdd_12_write_pipe_1_ID            0x00001aa4   Section        0  softspi.o(i.spi_cmdd_12_write_pipe_1_ID)
    i.spi_cmdd_13_txfifo_write_no_ack        0x00001ab0   Section        0  softspi.o(i.spi_cmdd_13_txfifo_write_no_ack)
    i.spi_cmdd_18_txfifo_prx_w_ack_payload   0x00001b24   Section        0  softspi.o(i.spi_cmdd_18_txfifo_prx_w_ack_payload)
    i.spi_cmdd_90_read_pipe_0_ID             0x00001ba4   Section        0  softspi.o(i.spi_cmdd_90_read_pipe_0_ID)
    i.spi_cmdd_92_read_pipe_1_ID             0x00001bac   Section        0  softspi.o(i.spi_cmdd_92_read_pipe_1_ID)
    i.spi_cmdd_BF_rxfifo_read                0x00001bb4   Section        0  softspi.o(i.spi_cmdd_BF_rxfifo_read)
    i.spi_octet                              0x00001d5c   Section        0  softspi.o(i.spi_octet)
    spi_octet                                0x00001d5d   Thumb Code   314  softspi.o(i.spi_octet)
    i.spi_r                                  0x00001e9c   Section        0  softspi.o(i.spi_r)
    i.spi_read_ID                            0x0000204c   Section        0  softspi.o(i.spi_read_ID)
    spi_read_ID                              0x0000204d   Thumb Code   140  softspi.o(i.spi_read_ID)
    i.spi_read_ID_foo                        0x000020dc   Section        0  softspi.o(i.spi_read_ID_foo)
    spi_read_ID_foo                          0x000020dd   Thumb Code    62  softspi.o(i.spi_read_ID_foo)
    i.spi_read_fifostatus                    0x00002120   Section        0  bc5602_host.o(i.spi_read_fifostatus)
    spi_read_fifostatus                      0x00002121   Thumb Code     6  bc5602_host.o(i.spi_read_fifostatus)
    i.spi_read_n_clear_irq1                  0x00002126   Section        0  bc5602_host.o(i.spi_read_n_clear_irq1)
    spi_read_n_clear_irq1                    0x00002127   Thumb Code    24  bc5602_host.o(i.spi_read_n_clear_irq1)
    i.spi_read_rxfifo_to_spiRxQ              0x00002140   Section        0  bc5602_host.o(i.spi_read_rxfifo_to_spiRxQ)
    spi_read_rxfifo_to_spiRxQ                0x00002141   Thumb Code    24  bc5602_host.o(i.spi_read_rxfifo_to_spiRxQ)
    i.spi_read_sta1_omst                     0x0000215c   Section        0  bc5602_host.o(i.spi_read_sta1_omst)
    i.spi_w                                  0x00002170   Section        0  softspi.o(i.spi_w)
    i.spi_write_ID                           0x000021f4   Section        0  softspi.o(i.spi_write_ID)
    spi_write_ID                             0x000021f5   Thumb Code   106  softspi.o(i.spi_write_ID)
    i.tmr50usGetCurrentTicks                 0x00002264   Section        0  tmr50us.o(i.tmr50usGetCurrentTicks)
    i.tmr50usIsExpired                       0x00002270   Section        0  tmr50us.o(i.tmr50usIsExpired)
    i.uart_putchar                           0x00002288   Section        0  usart.o(i.uart_putchar)
    i.uart_putchar_n                         0x000022d4   Section        0  usart.o(i.uart_putchar_n)
    i.uart_puts                              0x000022ea   Section        0  usart.o(i.uart_puts)
    i.uart_putu16                            0x000022fe   Section        0  usart.o(i.uart_putu16)
    i.uart_putu8                             0x00002324   Section        0  usart.o(i.uart_putu8)
    .data                                    0x20000000   Section        4  ht32f1xxxx_01_it.o(.data)
    gIsContinue                              0x20000000   Data           4  ht32f1xxxx_01_it.o(.data)
    .data                                    0x20000004   Section        8  usart.o(.data)
    .data                                    0x2000000c   Section        4  usart.o(.data)
    .data                                    0x20000010   Section        4  usart.o(.data)
    .data                                    0x20000014   Section        4  tmr50us.o(.data)
    .data                                    0x20000018   Section        1  softspi.o(.data)
    .data                                    0x2000001c   Section       72  bc5602_host.o(.data)
    expected_length_from_prx                 0x2000001c   Data           1  bc5602_host.o(.data)
    expected_payload_0_from_prx              0x2000001d   Data           1  bc5602_host.o(.data)
    expected_length_from_ptx                 0x2000001e   Data           1  bc5602_host.o(.data)
    expected_payload_0_from_ptx              0x2000001f   Data           1  bc5602_host.o(.data)
    dm1_mdiv_sdr                             0x20000020   Data           1  bc5602_host.o(.data)
    dm1_mdiv_sel                             0x20000021   Data           1  bc5602_host.o(.data)
    dm1_aw                                   0x20000022   Data           1  bc5602_host.o(.data)
    dm1_d_rate                               0x20000023   Data           1  bc5602_host.o(.data)
    debug_i                                  0x20000030   Data           4  bc5602_host.o(.data)
    syncID_p0                                0x20000034   Data           8  bc5602_host.o(.data)
    syncID_p1                                0x2000003c   Data           8  bc5602_host.o(.data)
    syncID_p2                                0x20000044   Data           8  bc5602_host.o(.data)
    syncID_p3                                0x2000004c   Data           8  bc5602_host.o(.data)
    syncID_p4                                0x20000054   Data           8  bc5602_host.o(.data)
    syncID_p5                                0x2000005c   Data           8  bc5602_host.o(.data)
    .data                                    0x20000064   Section        6  bc5602_host2.o(.data)
    ttt_pipe                                 0x20000064   Data           1  bc5602_host2.o(.data)
    total_len                                0x20000065   Data           1  bc5602_host2.o(.data)
    ini_deta                                 0x20000066   Data           1  bc5602_host2.o(.data)
    rrr_pipe                                 0x20000067   Data           1  bc5602_host2.o(.data)
    total_len                                0x20000068   Data           1  bc5602_host2.o(.data)
    ini_deta                                 0x20000069   Data           1  bc5602_host2.o(.data)
    .data                                    0x2000006c   Section        4  system_ht32f1xxxx_02.o(.data)
    .bss                                     0x20000070   Section     1024  usart.o(.bss)
    .bss                                     0x20000470   Section     1024  usart.o(.bss)
    .bss                                     0x20000870   Section       88  bc5602_host.o(.bss)
    hfsm1                                    0x20000870   Data          12  bc5602_host.o(.bss)
    .bss                                     0x200008c8   Section       12  bc5602_host2.o(.bss)
    hfsm2                                    0x200008c8   Data          12  bc5602_host2.o(.bss)
    STACK                                    0x200008d8   Section      512  startup_ht32f1xxxx_01.o(STACK)

    Global Symbols

    Symbol Name                              Value     Ov Type        Size  Object(Section)

    BuildAttributes$$THM_ISAv4$P$D$K$B$S$PE$A:L22UL41UL21$X:L11$S22US41US21$IEEE1$IW$USESV6$~STKCKD$USESV7$~SHL$OSPACE$EBA8$MICROLIB$REQ8$PRES8$EABIv2 0x00000000   Number         0  anon$$obj.o ABSOLUTE
    __ARM_use_no_argv                        0x00000000   Number         0  main.o ABSOLUTE
    __Vectors                                0x00000000   Data           0  startup_ht32f1xxxx_01.o(RESET)
    __use_no_errno                           0x00000000   Number         0  useno.o ABSOLUTE
    __use_no_exception_handling              0x00000000   Number         0  useno.o ABSOLUTE
    __use_no_fp                              0x00000000   Number         0  useno.o ABSOLUTE
    __use_no_heap                            0x00000000   Number         0  useno.o ABSOLUTE
    __use_no_heap_region                     0x00000000   Number         0  useno.o ABSOLUTE
    __use_no_semihosting                     0x00000000   Number         0  useno.o ABSOLUTE
    __use_no_semihosting_swi                 0x00000000   Number         0  useno.o ABSOLUTE
    __use_no_signal_handling                 0x00000000   Number         0  useno.o ABSOLUTE
    __cpp_initialize__aeabi_                  - Undefined Weak Reference
    __cxa_finalize                            - Undefined Weak Reference
    __decompress                              - Undefined Weak Reference
    _clock_init                               - Undefined Weak Reference
    _microlib_exit                            - Undefined Weak Reference
    Reset_Handler                            0x00000159   Thumb Code    12  startup_ht32f1xxxx_01.o(RESET)
    ADC_IRQHandler                           0x000001df   Thumb Code     0  startup_ht32f1xxxx_01.o(RESET)
    AES_IRQHandler                           0x000001df   Thumb Code     0  startup_ht32f1xxxx_01.o(RESET)
    BFTM1_IRQHandler                         0x000001df   Thumb Code     0  startup_ht32f1xxxx_01.o(RESET)
    BOD_IRQHandler                           0x000001df   Thumb Code     0  startup_ht32f1xxxx_01.o(RESET)
    CKRDY_IRQHandler                         0x000001df   Thumb Code     0  startup_ht32f1xxxx_01.o(RESET)
    COMP_IRQHandler                          0x000001df   Thumb Code     0  startup_ht32f1xxxx_01.o(RESET)
    CSIF_IRQHandler                          0x000001df   Thumb Code     0  startup_ht32f1xxxx_01.o(RESET)
    EBI_IRQHandler                           0x000001df   Thumb Code     0  startup_ht32f1xxxx_01.o(RESET)
    EVWUP_IRQHandler                         0x000001df   Thumb Code     0  startup_ht32f1xxxx_01.o(RESET)
    EXTI0_IRQHandler                         0x000001df   Thumb Code     0  startup_ht32f1xxxx_01.o(RESET)
    EXTI10_IRQHandler                        0x000001df   Thumb Code     0  startup_ht32f1xxxx_01.o(RESET)
    EXTI11_IRQHandler                        0x000001df   Thumb Code     0  startup_ht32f1xxxx_01.o(RESET)
    EXTI12_IRQHandler                        0x000001df   Thumb Code     0  startup_ht32f1xxxx_01.o(RESET)
    EXTI13_IRQHandler                        0x000001df   Thumb Code     0  startup_ht32f1xxxx_01.o(RESET)
    EXTI14_IRQHandler                        0x000001df   Thumb Code     0  startup_ht32f1xxxx_01.o(RESET)
    EXTI15_IRQHandler                        0x000001df   Thumb Code     0  startup_ht32f1xxxx_01.o(RESET)
    EXTI1_IRQHandler                         0x000001df   Thumb Code     0  startup_ht32f1xxxx_01.o(RESET)
    EXTI2_IRQHandler                         0x000001df   Thumb Code     0  startup_ht32f1xxxx_01.o(RESET)
    EXTI3_IRQHandler                         0x000001df   Thumb Code     0  startup_ht32f1xxxx_01.o(RESET)
    EXTI4_IRQHandler                         0x000001df   Thumb Code     0  startup_ht32f1xxxx_01.o(RESET)
    EXTI5_IRQHandler                         0x000001df   Thumb Code     0  startup_ht32f1xxxx_01.o(RESET)
    EXTI6_IRQHandler                         0x000001df   Thumb Code     0  startup_ht32f1xxxx_01.o(RESET)
    EXTI7_IRQHandler                         0x000001df   Thumb Code     0  startup_ht32f1xxxx_01.o(RESET)
    EXTI8_IRQHandler                         0x000001df   Thumb Code     0  startup_ht32f1xxxx_01.o(RESET)
    EXTI9_IRQHandler                         0x000001df   Thumb Code     0  startup_ht32f1xxxx_01.o(RESET)
    FLASH_IRQHandler                         0x000001df   Thumb Code     0  startup_ht32f1xxxx_01.o(RESET)
    GPTM0_IRQHandler                         0x000001df   Thumb Code     0  startup_ht32f1xxxx_01.o(RESET)
    GPTM1_IRQHandler                         0x000001df   Thumb Code     0  startup_ht32f1xxxx_01.o(RESET)
    I2C0_IRQHandler                          0x000001df   Thumb Code     0  startup_ht32f1xxxx_01.o(RESET)
    I2C1_IRQHandler                          0x000001df   Thumb Code     0  startup_ht32f1xxxx_01.o(RESET)
    I2S_IRQHandler                           0x000001df   Thumb Code     0  startup_ht32f1xxxx_01.o(RESET)
    LPWUP_IRQHandler                         0x000001df   Thumb Code     0  startup_ht32f1xxxx_01.o(RESET)
    LVD_IRQHandler                           0x000001df   Thumb Code     0  startup_ht32f1xxxx_01.o(RESET)
    MCTM0BRK_IRQHandler                      0x000001df   Thumb Code     0  startup_ht32f1xxxx_01.o(RESET)
    MCTM0CC_IRQHandler                       0x000001df   Thumb Code     0  startup_ht32f1xxxx_01.o(RESET)
    MCTM0TR_IRQHandler                       0x000001df   Thumb Code     0  startup_ht32f1xxxx_01.o(RESET)
    MCTM0UP_IRQHandler                       0x000001df   Thumb Code     0  startup_ht32f1xxxx_01.o(RESET)
    MCTM1BRK_IRQHandler                      0x000001df   Thumb Code     0  startup_ht32f1xxxx_01.o(RESET)
    MCTM1CC_IRQHandler                       0x000001df   Thumb Code     0  startup_ht32f1xxxx_01.o(RESET)
    MCTM1TR_IRQHandler                       0x000001df   Thumb Code     0  startup_ht32f1xxxx_01.o(RESET)
    MCTM1UP_IRQHandler                       0x000001df   Thumb Code     0  startup_ht32f1xxxx_01.o(RESET)
    PDMA_CH0_IRQHandler                      0x000001df   Thumb Code     0  startup_ht32f1xxxx_01.o(RESET)
    PDMA_CH10_IRQHandler                     0x000001df   Thumb Code     0  startup_ht32f1xxxx_01.o(RESET)
    PDMA_CH11_IRQHandler                     0x000001df   Thumb Code     0  startup_ht32f1xxxx_01.o(RESET)
    PDMA_CH1_IRQHandler                      0x000001df   Thumb Code     0  startup_ht32f1xxxx_01.o(RESET)
    PDMA_CH2_IRQHandler                      0x000001df   Thumb Code     0  startup_ht32f1xxxx_01.o(RESET)
    PDMA_CH3_IRQHandler                      0x000001df   Thumb Code     0  startup_ht32f1xxxx_01.o(RESET)
    PDMA_CH4_IRQHandler                      0x000001df   Thumb Code     0  startup_ht32f1xxxx_01.o(RESET)
    PDMA_CH5_IRQHandler                      0x000001df   Thumb Code     0  startup_ht32f1xxxx_01.o(RESET)
    PDMA_CH6_IRQHandler                      0x000001df   Thumb Code     0  startup_ht32f1xxxx_01.o(RESET)
    PDMA_CH7_IRQHandler                      0x000001df   Thumb Code     0  startup_ht32f1xxxx_01.o(RESET)
    PDMA_CH8_IRQHandler                      0x000001df   Thumb Code     0  startup_ht32f1xxxx_01.o(RESET)
    PDMA_CH9_IRQHandler                      0x000001df   Thumb Code     0  startup_ht32f1xxxx_01.o(RESET)
    RTC_IRQHandler                           0x000001df   Thumb Code     0  startup_ht32f1xxxx_01.o(RESET)
    SCI_IRQHandler                           0x000001df   Thumb Code     0  startup_ht32f1xxxx_01.o(RESET)
    SDIO_IRQHandler                          0x000001df   Thumb Code     0  startup_ht32f1xxxx_01.o(RESET)
    SPI0_IRQHandler                          0x000001df   Thumb Code     0  startup_ht32f1xxxx_01.o(RESET)
    SPI1_IRQHandler                          0x000001df   Thumb Code     0  startup_ht32f1xxxx_01.o(RESET)
    UART0_IRQHandler                         0x000001df   Thumb Code     0  startup_ht32f1xxxx_01.o(RESET)
    UART1_IRQHandler                         0x000001df   Thumb Code     0  startup_ht32f1xxxx_01.o(RESET)
    USB_IRQHandler                           0x000001df   Thumb Code     0  startup_ht32f1xxxx_01.o(RESET)
    WDT_IRQHandler                           0x000001df   Thumb Code     0  startup_ht32f1xxxx_01.o(RESET)
    __main                                   0x00000201   Thumb Code     0  entry.o(.ARM.Collect$$$$00000000)
    _main_stk                                0x00000201   Thumb Code     0  entry2.o(.ARM.Collect$$$$00000001)
    _main_scatterload                        0x00000205   Thumb Code     0  entry5.o(.ARM.Collect$$$$00000004)
    __main_after_scatterload                 0x00000209   Thumb Code     0  entry5.o(.ARM.Collect$$$$00000004)
    _main_clock                              0x00000209   Thumb Code     0  entry7b.o(.ARM.Collect$$$$00000008)
    _main_cpp_init                           0x00000209   Thumb Code     0  entry8b.o(.ARM.Collect$$$$0000000A)
    _main_init                               0x00000209   Thumb Code     0  entry9a.o(.ARM.Collect$$$$0000000B)
    __rt_final_cpp                           0x00000211   Thumb Code     0  entry10a.o(.ARM.Collect$$$$0000000D)
    __rt_final_exit                          0x00000211   Thumb Code     0  entry11a.o(.ARM.Collect$$$$0000000F)
    __scatterload                            0x00000215   Thumb Code    28  init.o(.text)
    __scatterload_rt2                        0x00000215   Thumb Code     0  init.o(.text)
    AFIO_GPxConfig                           0x00000239   Thumb Code    94  ht32f1xxxx_gpio.o(i.AFIO_GPxConfig)
    BFTM0_IRQHandler                         0x0000029d   Thumb Code    14  ht32f1xxxx_01_it.o(i.BFTM0_IRQHandler)
    BFTM_ClearFlag                           0x000002b5   Thumb Code    14  ht32f1xxxx_bftm.o(i.BFTM_ClearFlag)
    BFTM_EnaCmd                              0x000002c3   Thumb Code    20  ht32f1xxxx_bftm.o(i.BFTM_EnaCmd)
    BFTM_IntConfig                           0x000002d7   Thumb Code    20  ht32f1xxxx_bftm.o(i.BFTM_IntConfig)
    BFTM_SetCompare                          0x000002eb   Thumb Code     4  ht32f1xxxx_bftm.o(i.BFTM_SetCompare)
    BFTM_SetCounter                          0x000002ef   Thumb Code     4  ht32f1xxxx_bftm.o(i.BFTM_SetCounter)
    BusFault_Handler                         0x000002f3   Thumb Code     2  ht32f1xxxx_01_it.o(i.BusFault_Handler)
    CKCU_GetClocksFrequency                  0x000002f5   Thumb Code    90  ht32f1xxxx_ckcu.o(i.CKCU_GetClocksFrequency)
    CKCU_GetPLLFrequency                     0x00000359   Thumb Code    52  ht32f1xxxx_ckcu.o(i.CKCU_GetPLLFrequency)
    CKCU_GetPeripFrequency                   0x00000399   Thumb Code    48  ht32f1xxxx_ckcu.o(i.CKCU_GetPeripFrequency)
    CKCU_PeripClockConfig                    0x000003cd   Thumb Code    32  ht32f1xxxx_ckcu.o(i.CKCU_PeripClockConfig)
    DebugMon_Handler                         0x000003f1   Thumb Code     2  ht32f1xxxx_01_it.o(i.DebugMon_Handler)
    GPIO_DirectionConfig                     0x000003f3   Thumb Code    16  ht32f1xxxx_gpio.o(i.GPIO_DirectionConfig)
    GPIO_InputConfig                         0x0000041d   Thumb Code    16  ht32f1xxxx_gpio.o(i.GPIO_InputConfig)
    GPIO_PullResistorConfig                  0x0000042d   Thumb Code    40  ht32f1xxxx_gpio.o(i.GPIO_PullResistorConfig)
    GPIO_ReadInBit                           0x00000455   Thumb Code    10  ht32f1xxxx_gpio.o(i.GPIO_ReadInBit)
    GPIO_WriteOutBits                        0x0000045f   Thumb Code    10  ht32f1xxxx_gpio.o(i.GPIO_WriteOutBits)
    HardFault_Handler                        0x00000469   Thumb Code    10  ht32f1xxxx_01_it.o(i.HardFault_Handler)
    MemManage_Handler                        0x00000479   Thumb Code     2  ht32f1xxxx_01_it.o(i.MemManage_Handler)
    NMI_Handler                              0x0000047b   Thumb Code     2  ht32f1xxxx_01_it.o(i.NMI_Handler)
    PWRCU_CheckReadyAccessed                 0x00000495   Thumb Code    60  ht32f1xxxx_pwrcu.o(i.PWRCU_CheckReadyAccessed)
    PendSV_Handler                           0x000004dd   Thumb Code     2  ht32f1xxxx_01_it.o(i.PendSV_Handler)
    SPI_Cmd                                  0x000004df   Thumb Code    20  ht32f1xxxx_spi.o(i.SPI_Cmd)
    SPI_Init                                 0x000004f3   Thumb Code    74  ht32f1xxxx_spi.o(i.SPI_Init)
    SPI_SDIO_INPUT_MDOE                      0x0000053d   Thumb Code    58  softspi.o(i.SPI_SDIO_INPUT_MDOE)
    SPI_SDIO_OUTPUT_MDOE                     0x0000057d   Thumb Code    38  softspi.o(i.SPI_SDIO_OUTPUT_MDOE)
    SPI_SELOutputCmd                         0x000005a9   Thumb Code    20  ht32f1xxxx_spi.o(i.SPI_SELOutputCmd)
    SVC_Handler                              0x000005bd   Thumb Code     2  ht32f1xxxx_01_it.o(i.SVC_Handler)
    SysTick_Handler                          0x000005bf   Thumb Code     2  ht32f1xxxx_01_it.o(i.SysTick_Handler)
    SystemInit                               0x000005c1   Thumb Code   204  system_ht32f1xxxx_02.o(i.SystemInit)
    USART0_IRQHandler                        0x000006a5   Thumb Code   136  ht32f1xxxx_01_it.o(i.USART0_IRQHandler)
    USART1_IRQHandler                        0x00000745   Thumb Code     2  ht32f1xxxx_01_it.o(i.USART1_IRQHandler)
    USART_FIFOReset                          0x00000747   Thumb Code     8  ht32f1xxxx_usart.o(i.USART_FIFOReset)
    USART_GetFlagStatus                      0x0000074f   Thumb Code    10  ht32f1xxxx_usart.o(i.USART_GetFlagStatus)
    USART_Init                               0x00000759   Thumb Code    84  ht32f1xxxx_usart.o(i.USART_Init)
    USART_IntConfig                          0x000007b9   Thumb Code    16  ht32f1xxxx_usart.o(i.USART_IntConfig)
    USART_ReceiveData                        0x000007c9   Thumb Code     6  ht32f1xxxx_usart.o(i.USART_ReceiveData)
    USART_SendData                           0x000007cf   Thumb Code     4  ht32f1xxxx_usart.o(i.USART_SendData)
    USART_TxRxCmd                            0x000007d3   Thumb Code    18  ht32f1xxxx_usart.o(i.USART_TxRxCmd)
    UsageFault_Handler                       0x000007e5   Thumb Code     2  ht32f1xxxx_01_it.o(i.UsageFault_Handler)
    __scatterload_copy                       0x000007e7   Thumb Code    14  handlers.o(i.__scatterload_copy)
    __scatterload_null                       0x000007f5   Thumb Code     2  handlers.o(i.__scatterload_null)
    __scatterload_zeroinit                   0x000007f7   Thumb Code    14  handlers.o(i.__scatterload_zeroinit)
    callback_spiRxQ_process_at_hfsm2         0x00000805   Thumb Code    56  bc5602_host2.o(i.callback_spiRxQ_process_at_hfsm2)
    delay_unit_50us                          0x000009e5   Thumb Code    24  tmr50us.o(i.delay_unit_50us)
    entry_hfsm1_prx                          0x00000a01   Thumb Code    12  bc5602_host.o(i.entry_hfsm1_prx)
    host5602_fsm2                            0x00000e45   Thumb Code    30  bc5602_host2.o(i.host5602_fsm2)
    host5602_process                         0x00000e6d   Thumb Code   104  bc5602_host.o(i.host5602_process)
    init_softspi                             0x000012b9   Thumb Code     4  softspi.o(i.init_softspi)
    main                                     0x00001391   Thumb Code   322  main.o(i.main)
    movedata_spiTxQ_to_ptx_txfifo            0x00001501   Thumb Code    38  bc5602_host.o(i.movedata_spiTxQ_to_ptx_txfifo)
    movedata_to_spiTxQ                       0x0000152d   Thumb Code    34  bc5602_host.o(i.movedata_to_spiTxQ)
    movedata_to_spiTxQ___prx                 0x00001555   Thumb Code    78  bc5602_host2.o(i.movedata_to_spiTxQ___prx)
    movedata_to_spiTxQ___ptx                 0x000015a9   Thumb Code    66  bc5602_host2.o(i.movedata_to_spiTxQ___ptx)
    set_PE_OUTPUT_MDOE                       0x00001719   Thumb Code   308  bc5602_host.o(i.set_PE_OUTPUT_MDOE)
    spi_cmd0                                 0x00001859   Thumb Code   404  softspi.o(i.spi_cmd0)
    spi_cmd0_08_software_reset               0x000019f5   Thumb Code     6  spi_cmd.o(i.spi_cmd0_08_software_reset)
    spi_cmd0_09_txfifo_flush                 0x000019fb   Thumb Code     6  spi_cmd.o(i.spi_cmd0_09_txfifo_flush)
    spi_cmd0_0A_deepsleep                    0x00001a01   Thumb Code     6  spi_cmd.o(i.spi_cmd0_0A_deepsleep)
    spi_cmd0_0C_lightsleep                   0x00001a07   Thumb Code     6  spi_cmd.o(i.spi_cmd0_0C_lightsleep)
    spi_cmd0_0E_TX                           0x00001a0d   Thumb Code     6  spi_cmd.o(i.spi_cmd0_0E_TX)
    spi_cmd0_0F_middlesleep                  0x00001a13   Thumb Code     6  spi_cmd.o(i.spi_cmd0_0F_middlesleep)
    spi_cmd0_20_set_register_bank            0x00001a19   Thumb Code     8  spi_cmd.o(i.spi_cmd0_20_set_register_bank)
    spi_cmd0_89_rxfifo_flush                 0x00001a21   Thumb Code     6  spi_cmd.o(i.spi_cmd0_89_rxfifo_flush)
    spi_cmdd_10_write_pipe_0_ID              0x00001a27   Thumb Code    10  softspi.o(i.spi_cmdd_10_write_pipe_0_ID)
    spi_cmdd_11_txfifo_write                 0x00001a31   Thumb Code   106  softspi.o(i.spi_cmdd_11_txfifo_write)
    spi_cmdd_12_write_pipe_1_ID              0x00001aa5   Thumb Code    10  softspi.o(i.spi_cmdd_12_write_pipe_1_ID)
    spi_cmdd_13_txfifo_write_no_ack          0x00001ab1   Thumb Code   106  softspi.o(i.spi_cmdd_13_txfifo_write_no_ack)
    spi_cmdd_18_txfifo_prx_w_ack_payload     0x00001b25   Thumb Code   120  softspi.o(i.spi_cmdd_18_txfifo_prx_w_ack_payload)
    spi_cmdd_90_read_pipe_0_ID               0x00001ba5   Thumb Code     8  softspi.o(i.spi_cmdd_90_read_pipe_0_ID)
    spi_cmdd_92_read_pipe_1_ID               0x00001bad   Thumb Code     8  softspi.o(i.spi_cmdd_92_read_pipe_1_ID)
    spi_cmdd_BF_rxfifo_read                  0x00001bb5   Thumb Code   416  softspi.o(i.spi_cmdd_BF_rxfifo_read)
    spi_r                                    0x00001e9d   Thumb Code   424  softspi.o(i.spi_r)
    spi_read_sta1_omst                       0x0000215d   Thumb Code    18  bc5602_host.o(i.spi_read_sta1_omst)
    spi_w                                    0x00002171   Thumb Code   122  softspi.o(i.spi_w)
    tmr50usGetCurrentTicks                   0x00002265   Thumb Code     6  tmr50us.o(i.tmr50usGetCurrentTicks)
    tmr50usIsExpired                         0x00002271   Thumb Code    20  tmr50us.o(i.tmr50usIsExpired)
    uart_putchar                             0x00002289   Thumb Code    66  usart.o(i.uart_putchar)
    uart_putchar_n                           0x000022d5   Thumb Code    22  usart.o(i.uart_putchar_n)
    uart_puts                                0x000022eb   Thumb Code    20  usart.o(i.uart_puts)
    uart_putu16                              0x000022ff   Thumb Code    38  usart.o(i.uart_putu16)
    uart_putu8                               0x00002325   Thumb Code    20  usart.o(i.uart_putu8)
    Region$$Table$$Base                      0x00002338   Number         0  anon$$obj.o(Region$$Table)
    Region$$Table$$Limit                     0x00002358   Number         0  anon$$obj.o(Region$$Table)
    UR0TxReadIndex                           0x20000004   Data           4  usart.o(.data)
    UR0TxWriteIndex                          0x20000008   Data           4  usart.o(.data)
    UR0RxReadIndex                           0x2000000c   Data           4  usart.o(.data)
    UR0RxWriteIndex                          0x20000010   Data           4  usart.o(.data)
    tmr50us_current_ticks                    0x20000014   Data           4  tmr50us.o(.data)
    CSNSelect                                0x20000018   Data           1  softspi.o(.data)
    debug_i                                  0x20000024   Data           4  bc5602_host.o(.data)
    debug_MAX_RT                             0x20000028   Data           4  bc5602_host.o(.data)
    debug_TX_DS                              0x2000002c   Data           4  bc5602_host.o(.data)
    SystemCoreClock                          0x2000006c   Data           4  system_ht32f1xxxx_02.o(.data)
    UR0TxBuf                                 0x20000070   Data        1024  usart.o(.bss)
    UR0RxBuf                                 0x20000470   Data        1024  usart.o(.bss)
    spiTxQ                                   0x2000087c   Data          40  bc5602_host.o(.bss)
    spiRxQ                                   0x200008a4   Data          36  bc5602_host.o(.bss)
    __HT_check_sp                            0x200008d8   Data           0  startup_ht32f1xxxx_01.o(STACK)
    __initial_sp                             0x20000ad8   Data           0  startup_ht32f1xxxx_01.o(STACK)



==============================================================================

Memory Map of the image

  Image Entry point : 0x00000159

  Load Region LR_1 (Base: 0x00000000, Size: 0x000023c8, Max: 0xffffffff, ABSOLUTE)

    Execution Region ER_RO (Exec base: 0x00000000, Load base: 0x00000000, Size: 0x00002358, Max: 0xffffffff, ABSOLUTE)

    Exec Addr    Load Addr    Size         Type   Attr      Idx    E Section Name        Object

    0x00000000   0x00000000   0x00000200   Code   RO          977  * RESET               startup_ht32f1xxxx_01.o
    0x00000200   0x00000200   0x00000000   Code   RO         4975  * .ARM.Collect$$$$00000000  mc_w.l(entry.o)
    0x00000200   0x00000200   0x00000004   Code   RO         4978    .ARM.Collect$$$$00000001  mc_w.l(entry2.o)
    0x00000204   0x00000204   0x00000004   Code   RO         4981    .ARM.Collect$$$$00000004  mc_w.l(entry5.o)
    0x00000208   0x00000208   0x00000000   Code   RO         4983    .ARM.Collect$$$$00000008  mc_w.l(entry7b.o)
    0x00000208   0x00000208   0x00000000   Code   RO         4985    .ARM.Collect$$$$0000000A  mc_w.l(entry8b.o)
    0x00000208   0x00000208   0x00000008   Code   RO         4986    .ARM.Collect$$$$0000000B  mc_w.l(entry9a.o)
    0x00000210   0x00000210   0x00000000   Code   RO         4988    .ARM.Collect$$$$0000000D  mc_w.l(entry10a.o)
    0x00000210   0x00000210   0x00000000   Code   RO         4990    .ARM.Collect$$$$0000000F  mc_w.l(entry11a.o)
    0x00000210   0x00000210   0x00000004   Code   RO         4979    .ARM.Collect$$$$00002712  mc_w.l(entry2.o)
    0x00000214   0x00000214   0x00000024   Code   RO         4992    .text               mc_w.l(init.o)
    0x00000238   0x00000238   0x00000064   Code   RO         2194    i.AFIO_GPxConfig    ht32f1xxxx_gpio.o
    0x0000029c   0x0000029c   0x00000018   Code   RO          199    i.BFTM0_IRQHandler  ht32f1xxxx_01_it.o
    0x000002b4   0x000002b4   0x0000000e   Code   RO         1455    i.BFTM_ClearFlag    ht32f1xxxx_bftm.o
    0x000002c2   0x000002c2   0x00000014   Code   RO         1457    i.BFTM_EnaCmd       ht32f1xxxx_bftm.o
    0x000002d6   0x000002d6   0x00000014   Code   RO         1461    i.BFTM_IntConfig    ht32f1xxxx_bftm.o
    0x000002ea   0x000002ea   0x00000004   Code   RO         1463    i.BFTM_SetCompare   ht32f1xxxx_bftm.o
    0x000002ee   0x000002ee   0x00000004   Code   RO         1464    i.BFTM_SetCounter   ht32f1xxxx_bftm.o
    0x000002f2   0x000002f2   0x00000002   Code   RO          200    i.BusFault_Handler  ht32f1xxxx_01_it.o
    0x000002f4   0x000002f4   0x00000064   Code   RO         1542    i.CKCU_GetClocksFrequency  ht32f1xxxx_ckcu.o
    0x00000358   0x00000358   0x00000040   Code   RO         1544    i.CKCU_GetPLLFrequency  ht32f1xxxx_ckcu.o
    0x00000398   0x00000398   0x00000034   Code   RO         1545    i.CKCU_GetPeripFrequency  ht32f1xxxx_ckcu.o
    0x000003cc   0x000003cc   0x00000024   Code   RO         1560    i.CKCU_PeripClockConfig  ht32f1xxxx_ckcu.o
    0x000003f0   0x000003f0   0x00000002   Code   RO          201    i.DebugMon_Handler  ht32f1xxxx_01_it.o
    0x000003f2   0x000003f2   0x00000010   Code   RO         2197    i.GPIO_DirectionConfig  ht32f1xxxx_gpio.o
    0x00000402   0x00000402   0x00000002   PAD
    0x00000404   0x00000404   0x00000018   Code   RO          629    i.GPIO_IRQ3_IS_RESET  bc5602_host.o
    0x0000041c   0x0000041c   0x00000010   Code   RO         2200    i.GPIO_InputConfig  ht32f1xxxx_gpio.o
    0x0000042c   0x0000042c   0x00000028   Code   RO         2205    i.GPIO_PullResistorConfig  ht32f1xxxx_gpio.o
    0x00000454   0x00000454   0x0000000a   Code   RO         2206    i.GPIO_ReadInBit    ht32f1xxxx_gpio.o
    0x0000045e   0x0000045e   0x0000000a   Code   RO         2211    i.GPIO_WriteOutBits  ht32f1xxxx_gpio.o
    0x00000468   0x00000468   0x00000010   Code   RO          202    i.HardFault_Handler  ht32f1xxxx_01_it.o
    0x00000478   0x00000478   0x00000002   Code   RO          203    i.MemManage_Handler  ht32f1xxxx_01_it.o
    0x0000047a   0x0000047a   0x00000002   Code   RO          204    i.NMI_Handler       ht32f1xxxx_01_it.o
    0x0000047c   0x0000047c   0x00000016   Code   RO            4    i.NVIC_EnableIRQ    main.o
    0x00000492   0x00000492   0x00000002   PAD
    0x00000494   0x00000494   0x00000048   Code   RO         2752    i.PWRCU_CheckReadyAccessed  ht32f1xxxx_pwrcu.o
    0x000004dc   0x000004dc   0x00000002   Code   RO          205    i.PendSV_Handler    ht32f1xxxx_01_it.o
    0x000004de   0x000004de   0x00000014   Code   RO         3319    i.SPI_Cmd           ht32f1xxxx_spi.o
    0x000004f2   0x000004f2   0x0000004a   Code   RO         3328    i.SPI_Init          ht32f1xxxx_spi.o
    0x0000053c   0x0000053c   0x00000040   Code   RO          408    i.SPI_SDIO_INPUT_MDOE  softspi.o
    0x0000057c   0x0000057c   0x0000002c   Code   RO          409    i.SPI_SDIO_OUTPUT_MDOE  softspi.o
    0x000005a8   0x000005a8   0x00000014   Code   RO         3334    i.SPI_SELOutputCmd  ht32f1xxxx_spi.o
    0x000005bc   0x000005bc   0x00000002   Code   RO          206    i.SVC_Handler       ht32f1xxxx_01_it.o
    0x000005be   0x000005be   0x00000002   Code   RO          207    i.SysTick_Handler   ht32f1xxxx_01_it.o
    0x000005c0   0x000005c0   0x000000e4   Code   RO          940    i.SystemInit        system_ht32f1xxxx_02.o
    0x000006a4   0x000006a4   0x000000a0   Code   RO          208    i.USART0_IRQHandler  ht32f1xxxx_01_it.o
    0x00000744   0x00000744   0x00000002   Code   RO          209    i.USART1_IRQHandler  ht32f1xxxx_01_it.o
    0x00000746   0x00000746   0x00000008   Code   RO         3794    i.USART_FIFOReset   ht32f1xxxx_usart.o
    0x0000074e   0x0000074e   0x0000000a   Code   RO         3797    i.USART_GetFlagStatus  ht32f1xxxx_usart.o
    0x00000758   0x00000758   0x00000060   Code   RO         3799    i.USART_Init        ht32f1xxxx_usart.o
    0x000007b8   0x000007b8   0x00000010   Code   RO         3800    i.USART_IntConfig   ht32f1xxxx_usart.o
    0x000007c8   0x000007c8   0x00000006   Code   RO         3809    i.USART_ReceiveData  ht32f1xxxx_usart.o
    0x000007ce   0x000007ce   0x00000004   Code   RO         3810    i.USART_SendData    ht32f1xxxx_usart.o
    0x000007d2   0x000007d2   0x00000012   Code   RO         3821    i.USART_TxRxCmd     ht32f1xxxx_usart.o
    0x000007e4   0x000007e4   0x00000002   Code   RO          210    i.UsageFault_Handler  ht32f1xxxx_01_it.o
    0x000007e6   0x000007e6   0x0000000e   Code   RO         4996    i.__scatterload_copy  mc_w.l(handlers.o)
    0x000007f4   0x000007f4   0x00000002   Code   RO         4997    i.__scatterload_null  mc_w.l(handlers.o)
    0x000007f6   0x000007f6   0x0000000e   Code   RO         4998    i.__scatterload_zeroinit  mc_w.l(handlers.o)
    0x00000804   0x00000804   0x0000005c   Code   RO          803    i.callback_spiRxQ_process_at_hfsm2  bc5602_host2.o
    0x00000860   0x00000860   0x00000044   Code   RO          631    i.change_syncword_ptxPipe0_to_prxPipeYouwant  bc5602_host.o
    0x000008a4   0x000008a4   0x000000a0   Code   RO          632    i.debug_rxpackets_from_prx_not_consecutive  bc5602_host.o
    0x00000944   0x00000944   0x000000a0   Code   RO          633    i.debug_rxpackets_from_ptx_not_consecutive  bc5602_host.o
    0x000009e4   0x000009e4   0x0000001c   Code   RO          367    i.delay_unit_50us   tmr50us.o
    0x00000a00   0x00000a00   0x00000010   Code   RO          634    i.entry_hfsm1_prx   bc5602_host.o
    0x00000a10   0x00000a10   0x0000008c   Code   RO          638    i.host5602_fsm1     bc5602_host.o
    0x00000a9c   0x00000a9c   0x00000130   Code   RO          639    i.host5602_fsm1_prx  bc5602_host.o
    0x00000bcc   0x00000bcc   0x00000278   Code   RO          640    i.host5602_fsm1_ptx  bc5602_host.o
    0x00000e44   0x00000e44   0x00000028   Code   RO          804    i.host5602_fsm2     bc5602_host2.o
    0x00000e6c   0x00000e6c   0x00000074   Code   RO          641    i.host5602_process  bc5602_host.o
    0x00000ee0   0x00000ee0   0x00000364   Code   RO          642    i.init_5603_v4_sz_ic_20230615  bc5602_host.o
    0x00001244   0x00001244   0x00000074   Code   RO          643    i.init_mcu          bc5602_host.o
    0x000012b8   0x000012b8   0x00000004   Code   RO          410    i.init_softspi      softspi.o
    0x000012bc   0x000012bc   0x000000c0   Code   RO          644    i.init_syncID       bc5602_host.o
    0x0000137c   0x0000137c   0x00000012   Code   RO          298    i.lownibble_to_ascii  usart.o
    0x0000138e   0x0000138e   0x00000002   PAD
    0x00001390   0x00001390   0x00000158   Code   RO            5    i.main              main.o
    0x000014e8   0x000014e8   0x00000018   Code   RO          645    i.movedata_spiTxQ_to_prx_txfifo  bc5602_host.o
    0x00001500   0x00001500   0x0000002c   Code   RO          646    i.movedata_spiTxQ_to_ptx_txfifo  bc5602_host.o
    0x0000152c   0x0000152c   0x00000028   Code   RO          647    i.movedata_to_spiTxQ  bc5602_host.o
    0x00001554   0x00001554   0x00000054   Code   RO          805    i.movedata_to_spiTxQ___prx  bc5602_host2.o
    0x000015a8   0x000015a8   0x00000048   Code   RO          806    i.movedata_to_spiTxQ___ptx  bc5602_host2.o
    0x000015f0   0x000015f0   0x000000c0   Code   RO          411    i.pd012346_as_outputmode  softspi.o
    0x000016b0   0x000016b0   0x00000068   Code   RO          648    i.prx_process_possible_rxdr_before_roleswitch_to_ptx  bc5602_host.o
    0x00001718   0x00001718   0x00000138   Code   RO          649    i.set_PE_OUTPUT_MDOE  bc5602_host.o
    0x00001850   0x00001850   0x00000008   Code   RO          650    i.spi_clear_irq1    bc5602_host.o
    0x00001858   0x00001858   0x0000019c   Code   RO          412    i.spi_cmd0          softspi.o
    0x000019f4   0x000019f4   0x00000006   Code   RO          547    i.spi_cmd0_08_software_reset  spi_cmd.o
    0x000019fa   0x000019fa   0x00000006   Code   RO          548    i.spi_cmd0_09_txfifo_flush  spi_cmd.o
    0x00001a00   0x00001a00   0x00000006   Code   RO          549    i.spi_cmd0_0A_deepsleep  spi_cmd.o
    0x00001a06   0x00001a06   0x00000006   Code   RO          550    i.spi_cmd0_0C_lightsleep  spi_cmd.o
    0x00001a0c   0x00001a0c   0x00000006   Code   RO          551    i.spi_cmd0_0E_TX    spi_cmd.o
    0x00001a12   0x00001a12   0x00000006   Code   RO          552    i.spi_cmd0_0F_middlesleep  spi_cmd.o
    0x00001a18   0x00001a18   0x00000008   Code   RO          553    i.spi_cmd0_20_set_register_bank  spi_cmd.o
    0x00001a20   0x00001a20   0x00000006   Code   RO          555    i.spi_cmd0_89_rxfifo_flush  spi_cmd.o
    0x00001a26   0x00001a26   0x0000000a   Code   RO          413    i.spi_cmdd_10_write_pipe_0_ID  softspi.o
    0x00001a30   0x00001a30   0x00000074   Code   RO          414    i.spi_cmdd_11_txfifo_write  softspi.o
    0x00001aa4   0x00001aa4   0x0000000a   Code   RO          415    i.spi_cmdd_12_write_pipe_1_ID  softspi.o
    0x00001aae   0x00001aae   0x00000002   PAD
    0x00001ab0   0x00001ab0   0x00000074   Code   RO          416    i.spi_cmdd_13_txfifo_write_no_ack  softspi.o
    0x00001b24   0x00001b24   0x00000080   Code   RO          417    i.spi_cmdd_18_txfifo_prx_w_ack_payload  softspi.o
    0x00001ba4   0x00001ba4   0x00000008   Code   RO          418    i.spi_cmdd_90_read_pipe_0_ID  softspi.o
    0x00001bac   0x00001bac   0x00000008   Code   RO          419    i.spi_cmdd_92_read_pipe_1_ID  softspi.o
    0x00001bb4   0x00001bb4   0x000001a8   Code   RO          421    i.spi_cmdd_BF_rxfifo_read  softspi.o
    0x00001d5c   0x00001d5c   0x00000140   Code   RO          422    i.spi_octet         softspi.o
    0x00001e9c   0x00001e9c   0x000001b0   Code   RO          423    i.spi_r             softspi.o
    0x0000204c   0x0000204c   0x00000090   Code   RO          424    i.spi_read_ID       softspi.o
    0x000020dc   0x000020dc   0x00000044   Code   RO          425    i.spi_read_ID_foo   softspi.o
    0x00002120   0x00002120   0x00000006   Code   RO          651    i.spi_read_fifostatus  bc5602_host.o
    0x00002126   0x00002126   0x00000018   Code   RO          652    i.spi_read_n_clear_irq1  bc5602_host.o
    0x0000213e   0x0000213e   0x00000002   PAD
    0x00002140   0x00002140   0x0000001c   Code   RO          653    i.spi_read_rxfifo_to_spiRxQ  bc5602_host.o
    0x0000215c   0x0000215c   0x00000012   Code   RO          654    i.spi_read_sta1_omst  bc5602_host.o
    0x0000216e   0x0000216e   0x00000002   PAD
    0x00002170   0x00002170   0x00000084   Code   RO          426    i.spi_w             softspi.o
    0x000021f4   0x000021f4   0x00000070   Code   RO          427    i.spi_write_ID      softspi.o
    0x00002264   0x00002264   0x0000000c   Code   RO          368    i.tmr50usGetCurrentTicks  tmr50us.o
    0x00002270   0x00002270   0x00000018   Code   RO          369    i.tmr50usIsExpired  tmr50us.o
    0x00002288   0x00002288   0x0000004c   Code   RO          299    i.uart_putchar      usart.o
    0x000022d4   0x000022d4   0x00000016   Code   RO          300    i.uart_putchar_n    usart.o
    0x000022ea   0x000022ea   0x00000014   Code   RO          301    i.uart_puts         usart.o
    0x000022fe   0x000022fe   0x00000026   Code   RO          302    i.uart_putu16       usart.o
    0x00002324   0x00002324   0x00000014   Code   RO          304    i.uart_putu8        usart.o
    0x00002338   0x00002338   0x00000020   Data   RO         4994    Region$$Table       anon$$obj.o


    Execution Region ER_RW (Exec base: 0x20000000, Load base: 0x00002358, Size: 0x00000070, Max: 0xffffffff, ABSOLUTE)

    Exec Addr    Load Addr    Size         Type   Attr      Idx    E Section Name        Object

    0x20000000   0x00002358   0x00000004   Data   RW          211    .data               ht32f1xxxx_01_it.o
    0x20000004   0x0000235c   0x00000008   Data   RW          307    .data               usart.o
    0x2000000c   0x00002364   0x00000004   Data   RW          308    .data               usart.o
    0x20000010   0x00002368   0x00000004   Data   RW          309    .data               usart.o
    0x20000014   0x0000236c   0x00000004   Data   RW          370    .data               tmr50us.o
    0x20000018   0x00002370   0x00000001   Data   RW          428    .data               softspi.o
    0x20000019   0x00002371   0x00000003   PAD
    0x2000001c   0x00002374   0x00000048   Data   RW          656    .data               bc5602_host.o
    0x20000064   0x000023bc   0x00000006   Data   RW          808    .data               bc5602_host2.o
    0x2000006a   0x000023c2   0x00000002   PAD
    0x2000006c   0x000023c4   0x00000004   Data   RW          941    .data               system_ht32f1xxxx_02.o


    Execution Region ER_ZI (Exec base: 0x20000070, Load base: 0x000023c8, Size: 0x00000a68, Max: 0xffffffff, ABSOLUTE)

    Exec Addr    Load Addr    Size         Type   Attr      Idx    E Section Name        Object

    0x20000070        -       0x00000400   Zero   RW          305    .bss                usart.o
    0x20000470        -       0x00000400   Zero   RW          306    .bss                usart.o
    0x20000870        -       0x00000058   Zero   RW          655    .bss                bc5602_host.o
    0x200008c8        -       0x0000000c   Zero   RW          807    .bss                bc5602_host2.o
    0x200008d4   0x000023c8   0x00000004   PAD
    0x200008d8        -       0x00000200   Zero   RW          975    STACK               startup_ht32f1xxxx_01.o


==============================================================================

Image component sizes


      Code (inc. data)   RO Data    RW Data    ZI Data      Debug   Object Name

      3404        464          0         72         88      19925   bc5602_host.o
       288         58          0          6         12       3869   bc5602_host2.o
       218         40          0          4          0       6021   ht32f1xxxx_01_it.o
        62          0          0          0          0       3684   ht32f1xxxx_bftm.o
       252         38          0          0          0      12856   ht32f1xxxx_ckcu.o
       192          6          0          0          0       9490   ht32f1xxxx_gpio.o
        72         12          0          0          0       3511   ht32f1xxxx_pwrcu.o
       114          0          0          0          0       8504   ht32f1xxxx_spi.o
       158         12          0          0          0      13164   ht32f1xxxx_usart.o
       366         22          0          0          0      62426   main.o
      2744        100          0          1          0      14971   softspi.o
        50          0          0          0          0       4531   spi_cmd.o
       512        376          0          0        512        924   startup_ht32f1xxxx_01.o
       228         24          0          4          0       2111   system_ht32f1xxxx_02.o
        64         14          0          4          0       2492   tmr50us.o
       194         10          0         16       2048       4329   usart.o

    ----------------------------------------------------------------------
      8930       1176         32        112       2664     172808   Object Totals
         0          0         32          0          0          0   (incl. Generated)
        12          0          0          5          4          0   (incl. Padding)

    ----------------------------------------------------------------------

      Code (inc. data)   RO Data    RW Data    ZI Data      Debug   Library Member Name

         0          0          0          0          0          0   entry.o
         0          0          0          0          0          0   entry10a.o
         0          0          0          0          0          0   entry11a.o
         8          4          0          0          0          0   entry2.o
         4          0          0          0          0          0   entry5.o
         0          0          0          0          0          0   entry7b.o
         0          0          0          0          0          0   entry8b.o
         8          4          0          0          0          0   entry9a.o
        30          0          0          0          0          0   handlers.o
        36          8          0          0          0         68   init.o

    ----------------------------------------------------------------------
        86         16          0          0          0         68   Library Totals
         0          0          0          0          0          0   (incl. Padding)

    ----------------------------------------------------------------------

      Code (inc. data)   RO Data    RW Data    ZI Data      Debug   Library Name

        86         16          0          0          0         68   mc_w.l

    ----------------------------------------------------------------------
        86         16          0          0          0         68   Library Totals

    ----------------------------------------------------------------------

==============================================================================


      Code (inc. data)   RO Data    RW Data    ZI Data      Debug   

      9016       1192         32        112       2664     167984   Grand Totals
      9016       1192         32        112       2664     167984   ELF Image Totals
      9016       1192         32        112          0          0   ROM Totals

==============================================================================

    Total RO  Size (Code + RO Data)                 9048 (   8.84kB)
    Total RW  Size (RW Data + ZI Data)              2776 (   2.71kB)
    Total ROM Size (Code + RO Data + RW Data)       9160 (   8.95kB)

==============================================================================

